Debugger listening on ws://127.0.0.1:50945/dafdcf85-31a1-4c6c-ba2c-46fcffeb25ab
For help, see: https://nodejs.org/en/docs/inspector
Debugger attached.
V09_INSPECTOR_RESUMED
V09_LOCK true /var/folders/lx/2l4_myln77j11v_rskxlc7kr0000gn/T/desmon-v09-perf-3CpwiV
V09_FRAME_READY
V09_WINDOW 2 close 1789472991948
V09_WINDOW 2 closed 1789472992067
V09_WINDOW 3 close 1789473594329
V09_WINDOW 3 closed 1789473594438
V09_WINDOW 4 close 1789474191761
V09_WINDOW 4 closed 1789474191866
V09_WINDOW 5 close 1789474794247
V09_WINDOW 5 closed 1789474794355
V09_WINDOW 6 close 1789475391739
V09_WINDOW 6 closed 1789475391846
V09_WINDOW 7 close 1789475994327
V09_WINDOW 7 closed 1789475994436
V09_WINDOW 8 close 1789476591836
V09_WINDOW 8 closed 1789476591940
V09_WINDOW 9 close 1789477194290
V09_WINDOW 9 closed 1789477194395
V09_WINDOW 10 close 1789477791813
V09_WINDOW 10 closed 1789477791921
V09_WINDOW 11 close 1789478394306
V09_WINDOW 11 closed 1789478394413
V09_WINDOW 12 close 1789478991910
V09_WINDOW 12 closed 1789478992019
V09_WINDOW 13 close 1789479594435
V09_WINDOW 13 closed 1789479594542
V09_WINDOW 14 close 1789480191905
V09_WINDOW 14 closed 1789480192014
V09_WINDOW 15 close 1789480794338
V09_WINDOW 15 closed 1789480794445
V09_WINDOW 16 close 1789481391960
V09_WINDOW 16 closed 1789481392067
V09_WINDOW 17 close 1789481994488
V09_WINDOW 17 closed 1789481994596
V09_WINDOW 18 close 1789482591975
V09_WINDOW 18 closed 1789482592083
V09_WINDOW 19 close 1789483191166
V09_WINDOW 19 closed 1789483191273
Debugger ending on ws://127.0.0.1:50945/dafdcf85-31a1-4c6c-ba2c-46fcffeb25ab
For help, see: https://nodejs.org/en/docs/inspector
V09_LIFECYCLE before-quit 1789483191562
V09_WINDOW 1 close 1789483191562
V09_WINDOW 1 closed 1789483191566
V09_LIFECYCLE will-quit 1789483191566
V09_PROCESS_EXIT 0 1789483191566
V09_LIFECYCLE quit 1789483191566
{"event":"child-exit","code":0,"signal":null,"at":"2026-09-15T14:39:51.725Z"}
