
> desmon@0.6.0 test
> vitest run

[33mThe CJS build of Vite's Node API is deprecated. See https://vite.dev/guide/troubleshooting.html#vite-cjs-node-api-deprecated for more details.[39m

 RUN  v3.2.7 /Users/jeongyounglee/work/repo/desktop-monster

 ✓ tests/heroJobStudies.test.ts (3 tests) 121ms
 ✓ tests/hero.test.ts (13 tests) 118ms
 ✓ tests/engine.test.ts (37 tests) 349ms
 ✓ tests/loot.test.ts (11 tests) 410ms
 ✓ tests/sprites.test.ts (34 tests) 223ms
 ✓ tests/renderer.test.ts (104 tests) 195ms
 ✓ tests/menu.test.ts (55 tests) 218ms
 ✓ tests/collection.test.ts (21 tests) 228ms
 ✓ tests/pvpDirectoryV7.test.ts (20 tests) 95ms
 ✓ tests/heroRendering.test.ts (5 tests) 353ms
 ✓ tests/heroForms.test.ts (8 tests) 734ms
   ✓ v0.5 reincarnated hero art > supplies 70 complete registered 14×14 forms with animated idle and attack poses  652ms
 ✓ tests/progressionV5.test.ts (12 tests) 102ms
 ✓ tests/progressV5.test.ts (12 tests) 42ms
 ✓ tests/heroArtCompatibility.test.ts (2 tests) 67ms
 ✓ tests/codexV7.test.ts (10 tests) 136ms
 ✓ tests/formulas.test.ts (21 tests) 96ms
 ✓ tests/net.test.ts (44 tests) 100ms
 ✓ tests/progressionV7.test.ts (33 tests) 63ms
 ✓ tests/heroEvolutionStudies.test.ts (2 tests) 32ms
 ✓ tests/server/companionLevelsV7.test.ts (9 tests) 60ms
 ✓ tests/server/app.test.ts (18 tests) 24ms
 ✓ tests/discoveryV5.test.ts (8 tests) 21ms
 ✓ tests/progressV6.test.ts (15 tests) 14ms
 ✓ tests/server/opponents.test.ts (10 tests) 28ms
 ✓ tests/save.test.ts (15 tests) 22ms
 ✓ tests/server/pvp.test.ts (14 tests) 17ms
 ✓ tests/tray.test.ts (38 tests) 14ms
 ✓ tests/companionLevelsV7.test.ts (20 tests) 11ms
 ✓ tests/audio.test.ts (15 tests) 16ms
 ✓ tests/persistence.test.ts (10 tests) 11ms
 ✓ tests/globalInput.test.ts (20 tests) 16ms
 ✓ tests/ipc.test.ts (61 tests) 10ms
 ✓ tests/settings.test.ts (4 tests) 12ms
 ✓ tests/thefts.test.ts (5 tests) 3ms
 ✓ tests/packaging.test.ts (16 tests) 9ms
 ✓ tests/trainingPreview.test.ts (4 tests) 10ms
 ✓ tests/progressV7.test.ts (5 tests) 9ms
 ✓ tests/identity.test.ts (8 tests) 10ms
 ✓ tests/ipcV5.test.ts (7 tests) 17ms
 ✓ tests/fever.test.ts (4 tests) 9ms
 ✓ tests/server/http.test.ts (9 tests) 6ms
 ✓ tests/server/pgTransaction.test.ts (6 tests) 5ms
 ✓ tests/heroMenuReadiness.test.ts (3 tests) 3ms
 ✓ tests/battle.test.ts (5 tests) 5ms
 ✓ tests/anim.test.ts (14 tests) 8ms
 ✓ tests/effects.test.ts (7 tests) 11ms
 ✓ tests/server/pgStore.test.ts (22 tests) 5ms
 ✓ tests/window.test.ts (29 tests) 5ms
 ✓ tests/typeChart.test.ts (4 tests) 8ms
 ✓ tests/deploy.test.ts (7 tests) 4ms
 ✓ tests/fsm.test.ts (12 tests) 5ms
 ✓ tests/rendererInput.test.ts (8 tests) 4ms
 ✓ tests/drag.test.ts (7 tests) 3ms
 ✓ tests/input.test.ts (9 tests) 3ms
 ✓ tests/bignum.test.ts (7 tests) 2ms
 ✓ tests/scaffold.test.ts (1 test) 1ms
 ✓ tests/expedition.test.ts (16 tests) 3030ms
   ✓ A3 — a full roster releases the boss instead of voiding it (H1/H2) > never swallows a capture draw: every full-roster boss draw emits an event  647ms
   ✓ A1 — the expedition gauge is display-only and stays out of the way (H2b/H7) > never leaves its declared pixel budget, whatever the depth (H7)  2257ms
 ✓ tests/balance.test.ts (3 tests) 4018ms
   ✓ v0.7 deterministic accounting and gold policy regression > checks 20 exploration seeds across active, warm-idle and intermittent play at 5/15/30 minutes  3994ms

 Test Files  58 passed (58)
      Tests  922 passed (922)
   Start at  15:47:44
   Duration  4.46s (transform 1.94s, setup 0ms, collect 6.90s, tests 11.15s, environment 7ms, prepare 3.67s)


> desmon@0.6.0 lint
> eslint . --max-warnings 0


> desmon@0.6.0 typecheck
> tsc -p tsconfig.main.json --noEmit && tsc -p tsconfig.renderer.json --noEmit && tsc -p tsconfig.test.json

