
> desmon@0.6.0 test
> vitest run

[33mThe CJS build of Vite's Node API is deprecated. See https://vite.dev/guide/troubleshooting.html#vite-cjs-node-api-deprecated for more details.[39m

 RUN  v3.2.7 /Users/jeongyounglee/work/repo/desktop-monster

 ✓ tests/progressionV5.test.ts (12 tests) 93ms
 ✓ tests/loot.test.ts (11 tests) 263ms
 ✓ tests/engine.test.ts (45 tests) 361ms
 ✓ tests/progressionV7.test.ts (45 tests) 429ms
 ✓ tests/codexV7.test.ts (10 tests) 160ms
 ✓ tests/sprites.test.ts (34 tests) 254ms
 ✓ tests/heroJobStudies.test.ts (3 tests) 158ms
 ✓ tests/renderer.test.ts (104 tests) 331ms
 ✓ tests/heroRendering.test.ts (5 tests) 373ms
 ✓ tests/hero.test.ts (13 tests) 158ms
 ✓ tests/heroForms.test.ts (8 tests) 714ms
   ✓ v0.5 reincarnated hero art > supplies 70 complete registered 14×14 forms with animated idle and attack poses  601ms
 ✓ tests/collection.test.ts (21 tests) 251ms
 ✓ tests/formulas.test.ts (21 tests) 110ms
 ✓ tests/progressV5.test.ts (12 tests) 66ms
 ✓ tests/heroArtCompatibility.test.ts (2 tests) 87ms
 ✓ tests/menu.test.ts (55 tests) 199ms
 ✓ tests/pvpDirectoryV7.test.ts (20 tests) 129ms
 ✓ tests/net.test.ts (44 tests) 158ms
 ✓ tests/server/app.test.ts (18 tests) 47ms
 ✓ tests/discoveryV5.test.ts (8 tests) 30ms
 ✓ tests/heroEvolutionStudies.test.ts (2 tests) 33ms
 ✓ tests/server/companionLevelsV7.test.ts (9 tests) 108ms
 ✓ tests/progressV6.test.ts (15 tests) 15ms
 ✓ tests/server/opponents.test.ts (10 tests) 42ms
 ✓ tests/fever.test.ts (4 tests) 8ms
 ✓ tests/tray.test.ts (38 tests) 18ms
 ✓ tests/save.test.ts (15 tests) 16ms
 ✓ tests/audio.test.ts (15 tests) 34ms
 ✓ tests/globalInput.test.ts (20 tests) 15ms
 ✓ tests/server/pvp.test.ts (14 tests) 15ms
 ✓ tests/identity.test.ts (8 tests) 11ms
 ✓ tests/progressV7.test.ts (5 tests) 8ms
 ✓ tests/companionLevelsV7.test.ts (33 tests) 38ms
 ✓ tests/persistence.test.ts (10 tests) 13ms
 ✓ tests/trainingPreview.test.ts (4 tests) 7ms
 ✓ tests/anim.test.ts (14 tests) 14ms
 ✓ tests/heroMenuReadiness.test.ts (3 tests) 5ms
 ✓ tests/effects.test.ts (7 tests) 7ms
 ✓ tests/ipcV5.test.ts (7 tests) 10ms
 ✓ tests/ipc.test.ts (61 tests) 9ms
 ✓ tests/server/pgTransaction.test.ts (6 tests) 6ms
 ✓ tests/settings.test.ts (4 tests) 11ms
 ✓ tests/packaging.test.ts (16 tests) 8ms
 ✓ tests/battle.test.ts (5 tests) 4ms
 ✓ tests/server/http.test.ts (9 tests) 6ms
 ✓ tests/server/pgStore.test.ts (22 tests) 5ms
 ✓ tests/typeChart.test.ts (4 tests) 5ms
 ✓ tests/window.test.ts (29 tests) 30ms
 ✓ tests/input.test.ts (9 tests) 3ms
 ✓ tests/thefts.test.ts (5 tests) 4ms
 ✓ tests/deploy.test.ts (7 tests) 4ms
 ✓ tests/bignum.test.ts (7 tests) 6ms
 ✓ tests/fsm.test.ts (12 tests) 5ms
 ✓ tests/drag.test.ts (7 tests) 4ms
 ✓ tests/scaffold.test.ts (1 test) 1ms
 ✓ tests/rendererInput.test.ts (8 tests) 5ms
 ✓ tests/expedition.test.ts (16 tests) 3223ms
   ✓ A3 — a full roster releases the boss instead of voiding it (H1/H2) > never swallows a capture draw: every full-roster boss draw emits an event  702ms
   ✓ A1 — the expedition gauge is display-only and stays out of the way (H2b/H7) > never leaves its declared pixel budget, whatever the depth (H7)  2389ms
 ✓ tests/balance.test.ts (3 tests) 4334ms
   ✓ v0.7 deterministic accounting and gold policy regression > checks 20 exploration seeds across active, warm-idle and intermittent play at 5/15/30 minutes  4310ms

 Test Files  58 passed (58)
      Tests  955 passed (955)
   Start at  02:17:24
   Duration  4.82s (transform 2.25s, setup 0ms, collect 7.30s, tests 12.46s, environment 8ms, prepare 4.29s)


> desmon@0.6.0 lint
> eslint . --max-warnings 0


> desmon@0.6.0 typecheck
> tsc -p tsconfig.main.json --noEmit && tsc -p tsconfig.renderer.json --noEmit && tsc -p tsconfig.test.json

