
> desmon@0.6.0 test
> vitest run

[33mThe CJS build of Vite's Node API is deprecated. See https://vite.dev/guide/troubleshooting.html#vite-cjs-node-api-deprecated for more details.[39m

 RUN  v3.2.7 /Users/jeongyounglee/work/repo/desktop-monster

 ✓ tests/heroJobStudies.test.ts (3 tests) 112ms
 ✓ tests/collection.test.ts (21 tests) 246ms
 ✓ tests/hero.test.ts (13 tests) 253ms
 ✓ tests/codexV7.test.ts (10 tests) 81ms
 ✓ tests/engine.test.ts (37 tests) 476ms
 ✓ tests/sprites.test.ts (34 tests) 208ms
 ✓ tests/loot.test.ts (11 tests) 511ms
   ✓ mulberry32 deterministic RNG (SPEC F06, Assumption 15) > outputs stay in [0, 1) and are roughly uniform over 10000 draws  332ms
 ✓ tests/progressionV5.test.ts (12 tests) 161ms
 ✓ tests/heroRendering.test.ts (5 tests) 299ms
 ✓ tests/net.test.ts (44 tests) 129ms
 ✓ tests/progressV5.test.ts (12 tests) 77ms
 ✓ tests/heroArtCompatibility.test.ts (2 tests) 87ms
 ✓ tests/server/companionLevelsV7.test.ts (9 tests) 47ms
 ✓ tests/menu.test.ts (55 tests) 166ms
 ✓ tests/formulas.test.ts (15 tests) 44ms
 ✓ tests/pvpDirectoryV7.test.ts (20 tests) 119ms
 ✓ tests/progressionV7.test.ts (33 tests) 60ms
 ✓ tests/heroForms.test.ts (8 tests) 987ms
   ✓ v0.5 reincarnated hero art > supplies 70 complete registered 14×14 forms with animated idle and attack poses  785ms
 ✓ tests/renderer.test.ts (104 tests) 218ms
 ✓ tests/heroEvolutionStudies.test.ts (2 tests) 31ms
 ✓ tests/server/opponents.test.ts (10 tests) 21ms
 ✓ tests/discoveryV5.test.ts (8 tests) 26ms
 ✓ tests/server/pvp.test.ts (14 tests) 12ms
 ✓ tests/server/app.test.ts (18 tests) 27ms
 ✓ tests/progressV6.test.ts (15 tests) 18ms
 ✓ tests/ipc.test.ts (61 tests) 11ms
 ✓ tests/fever.test.ts (4 tests) 9ms
 ✓ tests/tray.test.ts (38 tests) 21ms
 ✓ tests/audio.test.ts (15 tests) 16ms
 ✓ tests/save.test.ts (15 tests) 18ms
 ✓ tests/globalInput.test.ts (20 tests) 12ms
 ✓ tests/companionLevelsV7.test.ts (20 tests) 11ms
 ✓ tests/identity.test.ts (8 tests) 10ms
 ✓ tests/progressV7.test.ts (5 tests) 9ms
 ✓ tests/persistence.test.ts (10 tests) 13ms
 ✓ tests/settings.test.ts (4 tests) 8ms
 ✓ tests/anim.test.ts (14 tests) 7ms
 ✓ tests/ipcV5.test.ts (7 tests) 8ms
 ✓ tests/server/http.test.ts (9 tests) 7ms
 ✓ tests/trainingPreview.test.ts (4 tests) 7ms
 ✓ tests/packaging.test.ts (16 tests) 9ms
 ✓ tests/window.test.ts (29 tests) 7ms
 ✓ tests/effects.test.ts (7 tests) 23ms
 ✓ tests/server/pgStore.test.ts (22 tests) 4ms
 ✓ tests/battle.test.ts (5 tests) 5ms
 ✓ tests/server/pgTransaction.test.ts (6 tests) 10ms
 ✓ tests/fsm.test.ts (12 tests) 4ms
 ✓ tests/thefts.test.ts (5 tests) 7ms
 ✓ tests/drag.test.ts (7 tests) 3ms
 ✓ tests/deploy.test.ts (7 tests) 3ms
 ✓ tests/typeChart.test.ts (4 tests) 6ms
 ✓ tests/heroMenuReadiness.test.ts (3 tests) 5ms
 ✓ tests/input.test.ts (9 tests) 3ms
 ✓ tests/bignum.test.ts (7 tests) 3ms
 ✓ tests/rendererInput.test.ts (8 tests) 3ms
 ✓ tests/scaffold.test.ts (1 test) 2ms
 ✓ tests/expedition.test.ts (16 tests) 2815ms
   ✓ A3 — a full roster releases the boss instead of voiding it (H1/H2) > never swallows a capture draw: every full-roster boss draw emits an event  687ms
   ✓ A1 — the expedition gauge is display-only and stays out of the way (H2b/H7) > never leaves its declared pixel budget, whatever the depth (H7)  2045ms
 ✓ tests/balance.test.ts (3 tests) 3591ms
   ✓ v0.7 deterministic accounting and gold policy regression > checks 20 exploration seeds across active, warm-idle and intermittent play at 5/15/30 minutes  3568ms

 Test Files  58 passed (58)
      Tests  916 passed (916)
   Start at  12:19:22
   Duration  4.06s (transform 1.87s, setup 0ms, collect 6.37s, tests 11.08s, environment 6ms, prepare 3.65s)


> desmon@0.6.0 lint
> eslint . --max-warnings 0


> desmon@0.6.0 typecheck
> tsc -p tsconfig.main.json --noEmit && tsc -p tsconfig.renderer.json --noEmit && tsc -p tsconfig.test.json

