
> desmon@0.7.0 test
> vitest run

[33mThe CJS build of Vite's Node API is deprecated. See https://vite.dev/guide/troubleshooting.html#vite-cjs-node-api-deprecated for more details.[39m

 RUN  v3.2.7 /Users/jeongyounglee/work/repo/desktop-monster

 ✓ tests/heroJobStudies.test.ts (3 tests) 148ms
 ✓ tests/collection.test.ts (21 tests) 148ms
 ✓ tests/hero.test.ts (13 tests) 211ms
 ✓ tests/loot.test.ts (11 tests) 284ms
 ✓ tests/engine.test.ts (45 tests) 308ms
 ✓ tests/codexV7.test.ts (10 tests) 89ms
 ✓ tests/heroForms.test.ts (8 tests) 501ms
   ✓ v0.5 reincarnated hero art > supplies 70 complete registered 14×14 forms with animated idle and attack poses  413ms
 ✓ tests/progressionV7.test.ts (45 tests) 594ms
 ✓ tests/heroRendering.test.ts (5 tests) 224ms
 ✓ tests/pvpDirectoryV7.test.ts (20 tests) 78ms
 ✓ tests/renderer.test.ts (104 tests) 178ms
 ✓ tests/progressionV5.test.ts (12 tests) 112ms
 ✓ tests/sprites.test.ts (34 tests) 203ms
 ✓ tests/server/companionLevelsV7.test.ts (9 tests) 39ms
 ✓ tests/net.test.ts (44 tests) 115ms
 ✓ tests/menu.test.ts (55 tests) 145ms
 ✓ tests/heroEvolutionStudies.test.ts (2 tests) 27ms
 ✓ tests/formulas.test.ts (21 tests) 78ms
 ✓ tests/progressV5.test.ts (12 tests) 42ms
 ✓ tests/heroArtCompatibility.test.ts (2 tests) 66ms
 ✓ tests/discoveryV5.test.ts (8 tests) 48ms
 ✓ tests/server/app.test.ts (18 tests) 37ms
 ✓ tests/persistence.test.ts (10 tests) 9ms
 ✓ tests/server/opponents.test.ts (10 tests) 92ms
 ✓ tests/settings.test.ts (4 tests) 14ms
 ✓ tests/save.test.ts (15 tests) 13ms
 ✓ tests/tray.test.ts (38 tests) 17ms
 ✓ tests/server/pvp.test.ts (14 tests) 23ms
 ✓ tests/globalInput.test.ts (20 tests) 13ms
 ✓ tests/companionLevelsV7.test.ts (33 tests) 60ms
 ✓ tests/audio.test.ts (15 tests) 16ms
 ✓ tests/progressV6.test.ts (15 tests) 67ms
 ✓ tests/identity.test.ts (8 tests) 11ms
 ✓ tests/progressV7.test.ts (5 tests) 8ms
 ✓ tests/trainingPreview.test.ts (4 tests) 7ms
 ✓ tests/window.test.ts (29 tests) 4ms
 ✓ tests/fever.test.ts (4 tests) 13ms
 ✓ tests/ipc.test.ts (61 tests) 35ms
 ✓ tests/packaging.test.ts (16 tests) 16ms
 ✓ tests/server/pgStore.test.ts (22 tests) 4ms
 ✓ tests/server/http.test.ts (9 tests) 8ms
 ✓ tests/ipcV5.test.ts (7 tests) 9ms
 ✓ tests/effects.test.ts (7 tests) 7ms
 ✓ tests/typeChart.test.ts (4 tests) 9ms
 ✓ tests/anim.test.ts (14 tests) 8ms
 ✓ tests/server/pgTransaction.test.ts (6 tests) 8ms
 ✓ tests/thefts.test.ts (5 tests) 4ms
 ✓ tests/heroMenuReadiness.test.ts (3 tests) 7ms
 ✓ tests/battle.test.ts (5 tests) 4ms
 ✓ tests/deploy.test.ts (7 tests) 8ms
 ✓ tests/fsm.test.ts (12 tests) 4ms
 ✓ tests/input.test.ts (9 tests) 6ms
 ✓ tests/bignum.test.ts (7 tests) 3ms
 ✓ tests/rendererInput.test.ts (8 tests) 4ms
 ✓ tests/drag.test.ts (7 tests) 3ms
 ✓ tests/scaffold.test.ts (1 test) 1ms
 ✓ tests/balance.test.ts (3 tests) 3752ms
   ✓ v0.7 deterministic accounting and gold policy regression > checks 20 exploration seeds across active, warm-idle and intermittent play at 5/15/30 minutes  3729ms
 ✓ tests/expedition.test.ts (16 tests) 4733ms
   ✓ A3 — a full roster releases the boss instead of voiding it (H1/H2) > never swallows a capture draw: every full-roster boss draw emits an event  486ms
   ✓ A1 — the expedition gauge is display-only and stays out of the way (H2b/H7) > never leaves its declared pixel budget, whatever the depth (H7)  4186ms

 Test Files  58 passed (58)
      Tests  955 passed (955)
   Start at  03:44:55
   Duration  5.52s (transform 2.05s, setup 0ms, collect 7.21s, tests 12.68s, environment 7ms, prepare 3.67s)


> desmon@0.7.0 lint
> eslint . --max-warnings 0


> desmon@0.7.0 typecheck
> tsc -p tsconfig.main.json --noEmit && tsc -p tsconfig.renderer.json --noEmit && tsc -p tsconfig.test.json

