
> desmon@0.7.0 test
> vitest run

[33mThe CJS build of Vite's Node API is deprecated. See https://vite.dev/guide/troubleshooting.html#vite-cjs-node-api-deprecated for more details.[39m

 RUN  v3.2.7 /Users/jeongyounglee/work/repo/desktop-monster

 ✓ tests/collection.test.ts (21 tests) 185ms
 ✓ tests/hero.test.ts (13 tests) 213ms
 ✓ tests/engine.test.ts (45 tests) 342ms
 ✓ tests/loot.test.ts (11 tests) 455ms
 ✓ tests/renderer.test.ts (104 tests) 186ms
 ✓ tests/sprites.test.ts (34 tests) 235ms
 ✓ tests/menu.test.ts (55 tests) 166ms
 ✓ tests/heroJobStudies.test.ts (3 tests) 175ms
 ✓ tests/heroRendering.test.ts (5 tests) 304ms
 ✓ tests/codexV7.test.ts (10 tests) 91ms
 ✓ tests/formulas.test.ts (21 tests) 85ms
 ✓ tests/heroForms.test.ts (8 tests) 784ms
   ✓ v0.5 reincarnated hero art > supplies 70 complete registered 14×14 forms with animated idle and attack poses  618ms
 ✓ tests/progressV5.test.ts (12 tests) 78ms
 ✓ tests/progressionV5.test.ts (12 tests) 137ms
 ✓ tests/heroArtCompatibility.test.ts (2 tests) 110ms
 ✓ tests/net.test.ts (44 tests) 137ms
 ✓ tests/heroEvolutionStudies.test.ts (2 tests) 44ms
 ✓ tests/server/companionLevelsV7.test.ts (9 tests) 44ms
 ✓ tests/pvpDirectoryV7.test.ts (20 tests) 127ms
 ✓ tests/server/opponents.test.ts (10 tests) 49ms
 ✓ tests/discoveryV5.test.ts (8 tests) 27ms
 ✓ tests/progressionV7.test.ts (45 tests) 388ms
 ✓ tests/server/app.test.ts (18 tests) 24ms
 ✓ tests/globalInput.test.ts (20 tests) 13ms
 ✓ tests/tray.test.ts (38 tests) 23ms
 ✓ tests/companionLevelsV7.test.ts (33 tests) 47ms
 ✓ tests/server/pvp.test.ts (14 tests) 17ms
 ✓ tests/progressV6.test.ts (15 tests) 23ms
 ✓ tests/audio.test.ts (15 tests) 14ms
 ✓ tests/progressV7.test.ts (5 tests) 9ms
 ✓ tests/identity.test.ts (8 tests) 8ms
 ✓ tests/settings.test.ts (4 tests) 12ms
 ✓ tests/save.test.ts (15 tests) 22ms
 ✓ tests/window.test.ts (29 tests) 4ms
 ✓ tests/persistence.test.ts (10 tests) 10ms
 ✓ tests/ipc.test.ts (61 tests) 8ms
 ✓ tests/fever.test.ts (4 tests) 16ms
 ✓ tests/ipcV5.test.ts (7 tests) 7ms
 ✓ tests/packaging.test.ts (16 tests) 7ms
 ✓ tests/trainingPreview.test.ts (4 tests) 7ms
 ✓ tests/typeChart.test.ts (4 tests) 4ms
 ✓ tests/effects.test.ts (7 tests) 10ms
 ✓ tests/anim.test.ts (14 tests) 13ms
 ✓ tests/battle.test.ts (5 tests) 5ms
 ✓ tests/deploy.test.ts (7 tests) 5ms
 ✓ tests/server/http.test.ts (9 tests) 7ms
 ✓ tests/rendererInput.test.ts (8 tests) 4ms
 ✓ tests/server/pgTransaction.test.ts (6 tests) 6ms
 ✓ tests/server/pgStore.test.ts (22 tests) 5ms
 ✓ tests/bignum.test.ts (7 tests) 3ms
 ✓ tests/thefts.test.ts (5 tests) 5ms
 ✓ tests/input.test.ts (9 tests) 3ms
 ✓ tests/heroMenuReadiness.test.ts (3 tests) 3ms
 ✓ tests/fsm.test.ts (12 tests) 3ms
 ✓ tests/drag.test.ts (7 tests) 3ms
 ✓ tests/scaffold.test.ts (1 test) 1ms
 ✓ tests/balance.test.ts (3 tests) 3718ms
   ✓ v0.7 deterministic accounting and gold policy regression > checks 20 exploration seeds across active, warm-idle and intermittent play at 5/15/30 minutes  3696ms
 ✓ tests/expedition.test.ts (16 tests) 4767ms
   ✓ A3 — a full roster releases the boss instead of voiding it (H1/H2) > never swallows a capture draw: every full-roster boss draw emits an event  678ms
   ✓ A1 — the expedition gauge is display-only and stays out of the way (H2b/H7) > never leaves its declared pixel budget, whatever the depth (H7)  3980ms

 Test Files  58 passed (58)
      Tests  955 passed (955)
   Start at  03:45:44
   Duration  5.44s (transform 1.84s, setup 0ms, collect 6.83s, tests 13.20s, environment 6ms, prepare 3.53s)


> desmon@0.7.0 lint
> eslint . --max-warnings 0


> desmon@0.7.0 typecheck
> tsc -p tsconfig.main.json --noEmit && tsc -p tsconfig.renderer.json --noEmit && tsc -p tsconfig.test.json

