
 RUN  v3.2.7 /Users/jeongyounglee/work/repo/desktop-monster

 ✓ .harness/v7/loop/config.test.ts (5 tests) 6ms
 ✓ .harness/v7/loop/package-check.test.ts (3 tests) 5ms
 ✓ .harness/v7/loop/server-check.test.ts (2 tests) 3ms
 ✓ .harness/v7/loop/e2e-matrix.test.ts (32 tests) 28ms
 ✓ .harness/v7/loop/evidence.test.ts (3 tests) 37ms
 ✓ .harness/v7/loop/e2e.test.ts (11 tests) 20ms
 ✓ .harness/v7/loop/develop.test.ts (11 tests) 547ms
   ✓ v7 phased development journal > CLI records an actual failed registered check, rejects changed logs and resumes the same journal  400ms
 ✓ .harness/v7/loop/fun.test.ts (11 tests) 810ms
   ✓ v7 executable CLI > archives the issued prompt, preserves rejected state, and resumes accepted reports from disk  469ms
 ✓ .harness/v7/loop/audit.test.ts (10 tests) 1349ms
   ✓ evidence-first game audit > resumes the CLI from disk and preserves an audit after a rejected submission  649ms
 ✓ .harness/v7/loop/measure.test.ts (22 tests) 4662ms
   ✓ v7 measurement contract > recomputes complete raw seed evidence and rejects duplicate/missing/forged results  316ms
   ✓ v7 measurement contract > requires phase-specific acceptance instead of accepting any structurally valid report  608ms
   ✓ v7 measurement contract > accepts a passing release only with every registered policy and validation seed  2052ms
   ✓ v7 preregistered experiment execution > preserves baseline execution while refusing new experiments under the historical schema  387ms

 Test Files  10 passed (10)
      Tests  110 passed (110)
   Start at  10:50:08
   Duration  5.16s (transform 645ms, setup 0ms, collect 1.31s, tests 7.47s, environment 1ms, prepare 707ms)

