
 RUN  v3.2.7 /Users/jeongyounglee/work/repo/desktop-monster

 ✓ .harness/v7/loop/package-check.test.ts (3 tests) 5ms
 ✓ .harness/v7/loop/config.test.ts (12 tests) 13ms
 ✓ .harness/v7/loop/server-check.test.ts (2 tests) 3ms
 ✓ .harness/v7/loop/evidence.test.ts (3 tests) 37ms
 ✓ .harness/v7/loop/e2e-matrix.test.ts (44 tests) 35ms
 ✓ .harness/v7/loop/e2e.test.ts (15 tests) 78ms
 ✓ .harness/v7/loop/develop.test.ts (11 tests) 530ms
   ✓ v7 phased development journal > CLI records an actual failed registered check, rejects changed logs and resumes the same journal  418ms
 ✓ .harness/v7/loop/fun.test.ts (11 tests) 808ms
   ✓ v7 executable CLI > archives the issued prompt, preserves rejected state, and resumes accepted reports from disk  473ms
 ✓ .harness/v7/loop/audit.test.ts (10 tests) 1563ms
   ✓ evidence-first game audit > accepts evidence larger than the old 30MB limit but rejects files above the configured bound before parsing  396ms
   ✓ evidence-first game audit > resumes the CLI from disk and preserves an audit after a rejected submission  665ms
 ✓ .harness/v7/loop/measure.test.ts (27 tests) 5390ms
   ✓ v7 measurement contract > recomputes complete raw seed evidence and rejects duplicate/missing/forged results  308ms
   ✓ v7 measurement contract > requires phase-specific acceptance instead of accepting any structurally valid report  588ms
   ✓ v7 measurement contract > accepts a passing release only with every registered policy and validation seed  2065ms
   ✓ v7 preregistered experiment execution > preserves baseline execution while refusing new experiments under the historical schema  383ms
   ✓ official protocol execution boundary > enforces the official snapshot at CLI verify while preserving historical structural comparisons  514ms

 Test Files  10 passed (10)
      Tests  138 passed (138)
   Start at  15:12:31
   Duration  5.87s (transform 689ms, setup 0ms, collect 1.49s, tests 8.46s, environment 1ms, prepare 694ms)

