
 RUN  v3.2.7 /Users/jeongyounglee/work/repo/desktop-monster

 ✓ .harness/v7/loop/config.test.ts (16 tests) 15ms
 ✓ .harness/v7/loop/package-check.test.ts (3 tests) 5ms
 ✓ .harness/v7/loop/server-check.test.ts (2 tests) 3ms
 ✓ .harness/v7/loop/evidence.test.ts (3 tests) 38ms
 ✓ .harness/v7/loop/e2e-matrix.test.ts (44 tests) 41ms
 ✓ .harness/v7/loop/e2e.test.ts (15 tests) 66ms
 ✓ .harness/v7/loop/develop.test.ts (11 tests) 524ms
   ✓ v7 phased development journal > CLI records an actual failed registered check, rejects changed logs and resumes the same journal  411ms
 ✓ .harness/v7/loop/fun.test.ts (11 tests) 819ms
   ✓ v7 executable CLI > archives the issued prompt, preserves rejected state, and resumes accepted reports from disk  465ms
 ✓ .harness/v7/loop/audit.test.ts (10 tests) 1251ms
   ✓ evidence-first game audit > resumes the CLI from disk and preserves an audit after a rejected submission  659ms
 ✓ .harness/v7/loop/measure.test.ts (27 tests) 5397ms
   ✓ v7 measurement contract > requires phase-specific acceptance instead of accepting any structurally valid report  588ms
   ✓ v7 measurement contract > accepts a passing release only with every registered policy and validation seed  2068ms
   ✓ v7 preregistered experiment execution > preserves baseline execution while refusing new experiments under the historical schema  394ms
   ✓ official protocol execution boundary > enforces the official snapshot at CLI verify while preserving historical structural comparisons  524ms

 Test Files  10 passed (10)
      Tests  142 passed (142)
   Start at  02:00:54
   Duration  5.89s (transform 694ms, setup 0ms, collect 1.45s, tests 8.16s, environment 1ms, prepare 666ms)

