
> desmon@0.6.0 test
> vitest run

[33mThe CJS build of Vite's Node API is deprecated. See https://vite.dev/guide/troubleshooting.html#vite-cjs-node-api-deprecated for more details.[39m

 RUN  v3.2.7 /Users/jeongyounglee/work/repo/desktop-monster

 ✓ tests/progressionV5.test.ts (12 tests) 100ms
 ✓ tests/hero.test.ts (13 tests) 117ms
 ✓ tests/collection.test.ts (21 tests) 167ms
 ✓ tests/engine.test.ts (37 tests) 290ms
 ✓ tests/loot.test.ts (11 tests) 343ms
 ✓ tests/codexV7.test.ts (10 tests) 119ms
 ✓ tests/renderer.test.ts (104 tests) 248ms
 ✓ tests/formulas.test.ts (21 tests) 94ms
 ✓ tests/heroJobStudies.test.ts (3 tests) 134ms
 ✓ tests/pvpDirectoryV7.test.ts (20 tests) 78ms
 ✓ tests/sprites.test.ts (34 tests) 138ms
 ✓ tests/heroRendering.test.ts (5 tests) 420ms
 ✓ tests/heroForms.test.ts (8 tests) 619ms
   ✓ v0.5 reincarnated hero art > supplies 70 complete registered 14×14 forms with animated idle and attack poses  529ms
 ✓ tests/net.test.ts (44 tests) 148ms
 ✓ tests/heroArtCompatibility.test.ts (2 tests) 59ms
 ✓ tests/heroEvolutionStudies.test.ts (2 tests) 36ms
 ✓ tests/discoveryV5.test.ts (8 tests) 20ms
 ✓ tests/progressV5.test.ts (12 tests) 63ms
 ✓ tests/progressionV7.test.ts (33 tests) 67ms
 ✓ tests/server/opponents.test.ts (10 tests) 55ms
 ✓ tests/server/companionLevelsV7.test.ts (9 tests) 43ms
 ✓ tests/menu.test.ts (55 tests) 216ms
 ✓ tests/server/app.test.ts (18 tests) 24ms
 ✓ tests/identity.test.ts (8 tests) 9ms
 ✓ tests/tray.test.ts (38 tests) 15ms
 ✓ tests/save.test.ts (15 tests) 14ms
 ✓ tests/globalInput.test.ts (20 tests) 15ms
 ✓ tests/progressV6.test.ts (15 tests) 12ms
 ✓ tests/ipcV5.test.ts (7 tests) 7ms
 ✓ tests/server/pvp.test.ts (14 tests) 24ms
 ✓ tests/audio.test.ts (15 tests) 14ms
 ✓ tests/trainingPreview.test.ts (4 tests) 8ms
 ✓ tests/settings.test.ts (4 tests) 13ms
 ✓ tests/companionLevelsV7.test.ts (20 tests) 12ms
 ✓ tests/persistence.test.ts (10 tests) 12ms
 ✓ tests/progressV7.test.ts (5 tests) 9ms
 ✓ tests/ipc.test.ts (61 tests) 10ms
 ✓ tests/fever.test.ts (4 tests) 10ms
 ✓ tests/anim.test.ts (14 tests) 8ms
 ✓ tests/effects.test.ts (7 tests) 8ms
 ✓ tests/server/pgTransaction.test.ts (6 tests) 5ms
 ✓ tests/packaging.test.ts (16 tests) 13ms
 ✓ tests/input.test.ts (9 tests) 3ms
 ✓ tests/server/http.test.ts (9 tests) 7ms
 ✓ tests/typeChart.test.ts (4 tests) 4ms
 ✓ tests/fsm.test.ts (12 tests) 3ms
 ✓ tests/battle.test.ts (5 tests) 4ms
 ✓ tests/deploy.test.ts (7 tests) 3ms
 ✓ tests/drag.test.ts (7 tests) 2ms
 ✓ tests/server/pgStore.test.ts (22 tests) 6ms
 ✓ tests/window.test.ts (29 tests) 4ms
 ✓ tests/scaffold.test.ts (1 test) 1ms
 ✓ tests/thefts.test.ts (5 tests) 6ms
 ✓ tests/rendererInput.test.ts (8 tests) 6ms
 ✓ tests/bignum.test.ts (7 tests) 5ms
 ✓ tests/heroMenuReadiness.test.ts (3 tests) 4ms
 ✓ tests/expedition.test.ts (16 tests) 2777ms
   ✓ A3 — a full roster releases the boss instead of voiding it (H1/H2) > never swallows a capture draw: every full-roster boss draw emits an event  536ms
   ✓ A1 — the expedition gauge is display-only and stays out of the way (H2b/H7) > never leaves its declared pixel budget, whatever the depth (H7)  2150ms
 ✓ tests/balance.test.ts (3 tests) 3868ms
   ✓ v0.7 deterministic accounting and gold policy regression > checks 20 exploration seeds across active, warm-idle and intermittent play at 5/15/30 minutes  3846ms

 Test Files  58 passed (58)
      Tests  922 passed (922)
   Start at  14:22:06
   Duration  4.29s (transform 1.98s, setup 0ms, collect 6.93s, tests 10.52s, environment 7ms, prepare 3.97s)


> desmon@0.6.0 lint
> eslint . --max-warnings 0


> desmon@0.6.0 typecheck
> tsc -p tsconfig.main.json --noEmit && tsc -p tsconfig.renderer.json --noEmit && tsc -p tsconfig.test.json

