
> desmon@0.6.0 test
> vitest run

[33mThe CJS build of Vite's Node API is deprecated. See https://vite.dev/guide/troubleshooting.html#vite-cjs-node-api-deprecated for more details.[39m

 RUN  v3.2.7 /Users/jeongyounglee/work/repo/desktop-monster

 ✓ tests/heroJobStudies.test.ts (3 tests) 137ms
 ✓ tests/hero.test.ts (13 tests) 149ms
 ✓ tests/collection.test.ts (21 tests) 157ms
 ✓ tests/engine.test.ts (35 tests) 376ms
 ✓ tests/loot.test.ts (11 tests) 454ms
 ✓ tests/sprites.test.ts (34 tests) 255ms
 ✓ tests/renderer.test.ts (104 tests) 222ms
 ✓ tests/progressionV5.test.ts (12 tests) 132ms
 ✓ tests/net.test.ts (44 tests) 114ms
 ✓ tests/heroRendering.test.ts (5 tests) 301ms
 ✓ tests/heroForms.test.ts (8 tests) 719ms
   ✓ v0.5 reincarnated hero art > supplies 70 complete registered 14×14 forms with animated idle and attack poses  637ms
 ✓ tests/server/companionLevelsV7.test.ts (9 tests) 40ms
 ✓ tests/menu.test.ts (55 tests) 193ms
 ✓ tests/heroEvolutionStudies.test.ts (2 tests) 27ms
 ✓ tests/heroArtCompatibility.test.ts (2 tests) 53ms
 ✓ tests/progressV5.test.ts (12 tests) 42ms
 ✓ tests/formulas.test.ts (15 tests) 27ms
 ✓ tests/server/app.test.ts (18 tests) 30ms
 ✓ tests/server/opponents.test.ts (10 tests) 25ms
 ✓ tests/codexV7.test.ts (10 tests) 154ms
 ✓ tests/discoveryV5.test.ts (8 tests) 22ms
 ✓ tests/tray.test.ts (38 tests) 13ms
 ✓ tests/identity.test.ts (8 tests) 9ms
 ✓ tests/save.test.ts (15 tests) 13ms
 ✓ tests/fever.test.ts (4 tests) 13ms
 ✓ tests/audio.test.ts (15 tests) 14ms
 ✓ tests/companionLevelsV7.test.ts (20 tests) 11ms
 ✓ tests/globalInput.test.ts (20 tests) 11ms
 ✓ tests/server/pvp.test.ts (14 tests) 19ms
 ✓ tests/packaging.test.ts (16 tests) 6ms
 ✓ tests/progressV7.test.ts (5 tests) 10ms
 ✓ tests/settings.test.ts (4 tests) 9ms
 ✓ tests/persistence.test.ts (10 tests) 9ms
 ✓ tests/progressV6.test.ts (15 tests) 19ms
 ✓ tests/fsm.test.ts (12 tests) 4ms
 ✓ tests/trainingPreview.test.ts (4 tests) 7ms
 ✓ tests/ipc.test.ts (61 tests) 15ms
 ✓ tests/heroMenuReadiness.test.ts (3 tests) 4ms
 ✓ tests/server/http.test.ts (9 tests) 7ms
 ✓ tests/thefts.test.ts (5 tests) 4ms
 ✓ tests/input.test.ts (9 tests) 3ms
 ✓ tests/ipcV5.test.ts (7 tests) 8ms
 ✓ tests/deploy.test.ts (7 tests) 4ms
 ✓ tests/drag.test.ts (7 tests) 4ms
 ✓ tests/effects.test.ts (7 tests) 7ms
 ✓ tests/anim.test.ts (14 tests) 10ms
 ✓ tests/typeChart.test.ts (4 tests) 4ms
 ✓ tests/window.test.ts (29 tests) 5ms
 ✓ tests/server/pgTransaction.test.ts (6 tests) 4ms
 ✓ tests/server/pgStore.test.ts (22 tests) 5ms
 ✓ tests/battle.test.ts (5 tests) 4ms
 ✓ tests/rendererInput.test.ts (8 tests) 3ms
 ✓ tests/bignum.test.ts (7 tests) 3ms
 ✓ tests/scaffold.test.ts (1 test) 1ms
 ✓ tests/expedition.test.ts (16 tests) 2810ms
   ✓ A3 — a full roster releases the boss instead of voiding it (H1/H2) > never swallows a capture draw: every full-roster boss draw emits an event  560ms
   ✓ A1 — the expedition gauge is display-only and stays out of the way (H2b/H7) > never leaves its declared pixel budget, whatever the depth (H7)  2143ms
 ✓ tests/balance.test.ts (2 tests) 73605ms
   ✓ v0.5 deterministic pacing and gold policy playtest > checks 100 seeds across active, warm-idle and intermittent play at 5/15/30 minutes  73602ms

 Test Files  56 passed (56)
      Tests  860 passed (860)
   Start at  11:51:59
   Duration  74.05s (transform 1.96s, setup 0ms, collect 7.00s, tests 80.31s, environment 8ms, prepare 3.45s)


> desmon@0.6.0 lint
> eslint . --max-warnings 0


> desmon@0.6.0 typecheck
> tsc -p tsconfig.main.json --noEmit && tsc -p tsconfig.renderer.json --noEmit && tsc -p tsconfig.test.json

