
> desmon@0.7.0 test
> vitest run

[33mThe CJS build of Vite's Node API is deprecated. See https://vite.dev/guide/troubleshooting.html#vite-cjs-node-api-deprecated for more details.[39m

 RUN  v3.2.7 /Users/jeongyounglee/work/repo/desktop-monster

 ✓ tests/collection.test.ts (21 tests) 225ms
 ✓ tests/hero.test.ts (13 tests) 286ms
 ✓ tests/loot.test.ts (11 tests) 449ms
 ✓ tests/engine.test.ts (45 tests) 450ms
 ✓ tests/sprites.test.ts (34 tests) 169ms
 ✓ tests/progressionV7.test.ts (45 tests) 465ms
 ✓ tests/renderer.test.ts (104 tests) 182ms
 ✓ tests/heroRendering.test.ts (5 tests) 305ms
 ✓ tests/heroJobStudies.test.ts (3 tests) 171ms
 ✓ tests/heroArtCompatibility.test.ts (2 tests) 60ms
 ✓ tests/progressionV5.test.ts (12 tests) 134ms
 ✓ tests/pvpDirectoryV7.test.ts (20 tests) 76ms
 ✓ tests/heroForms.test.ts (8 tests) 818ms
   ✓ v0.5 reincarnated hero art > supplies 70 complete registered 14×14 forms with animated idle and attack poses  649ms
 ✓ tests/net.test.ts (44 tests) 121ms
 ✓ tests/codexV7.test.ts (10 tests) 141ms
 ✓ tests/menu.test.ts (55 tests) 214ms
 ✓ tests/progressV5.test.ts (12 tests) 74ms
 ✓ tests/formulas.test.ts (21 tests) 122ms
 ✓ tests/companionLevelsV7.test.ts (33 tests) 20ms
 ✓ tests/discoveryV5.test.ts (8 tests) 24ms
 ✓ tests/server/opponents.test.ts (10 tests) 24ms
 ✓ tests/heroEvolutionStudies.test.ts (2 tests) 40ms
 ✓ tests/server/companionLevelsV7.test.ts (9 tests) 41ms
 ✓ tests/tray.test.ts (38 tests) 15ms
 ✓ tests/progressV6.test.ts (15 tests) 19ms
 ✓ tests/server/app.test.ts (18 tests) 27ms
 ✓ tests/save.test.ts (15 tests) 21ms
 ✓ tests/server/pvp.test.ts (14 tests) 15ms
 ✓ tests/globalInput.test.ts (20 tests) 15ms
 ✓ tests/fever.test.ts (4 tests) 8ms
 ✓ tests/settings.test.ts (4 tests) 12ms
 ✓ tests/audio.test.ts (15 tests) 16ms
 ✓ tests/persistence.test.ts (10 tests) 14ms
 ✓ tests/identity.test.ts (8 tests) 19ms
 ✓ tests/anim.test.ts (14 tests) 10ms
 ✓ tests/progressV7.test.ts (5 tests) 12ms
 ✓ tests/effects.test.ts (7 tests) 6ms
 ✓ tests/ipcV5.test.ts (7 tests) 13ms
 ✓ tests/ipc.test.ts (61 tests) 14ms
 ✓ tests/packaging.test.ts (16 tests) 7ms
 ✓ tests/server/http.test.ts (9 tests) 7ms
 ✓ tests/server/pgTransaction.test.ts (6 tests) 5ms
 ✓ tests/server/pgStore.test.ts (22 tests) 10ms
 ✓ tests/trainingPreview.test.ts (4 tests) 7ms
 ✓ tests/battle.test.ts (5 tests) 4ms
 ✓ tests/deploy.test.ts (7 tests) 4ms
 ✓ tests/thefts.test.ts (5 tests) 3ms
 ✓ tests/window.test.ts (29 tests) 6ms
 ✓ tests/typeChart.test.ts (4 tests) 4ms
 ✓ tests/bignum.test.ts (7 tests) 3ms
 ✓ tests/rendererInput.test.ts (8 tests) 4ms
 ✓ tests/fsm.test.ts (12 tests) 4ms
 ✓ tests/heroMenuReadiness.test.ts (3 tests) 7ms
 ✓ tests/drag.test.ts (7 tests) 3ms
 ✓ tests/input.test.ts (9 tests) 3ms
 ✓ tests/scaffold.test.ts (1 test) 2ms
 ✓ tests/balance.test.ts (3 tests) 3782ms
   ✓ v0.7 deterministic accounting and gold policy regression > checks 20 exploration seeds across active, warm-idle and intermittent play at 5/15/30 minutes  3757ms
 ✓ tests/expedition.test.ts (16 tests) 4657ms
   ✓ A3 — a full roster releases the boss instead of voiding it (H1/H2) > never swallows a capture draw: every full-roster boss draw emits an event  589ms
   ✓ A1 — the expedition gauge is display-only and stays out of the way (H2b/H7) > never leaves its declared pixel budget, whatever the depth (H7)  4006ms

 Test Files  58 passed (58)
      Tests  955 passed (955)
   Start at  03:59:21
   Duration  5.44s (transform 2.12s, setup 0ms, collect 7.07s, tests 13.37s, environment 6ms, prepare 3.45s)


> desmon@0.7.0 lint
> eslint . --max-warnings 0


> desmon@0.7.0 typecheck
> tsc -p tsconfig.main.json --noEmit && tsc -p tsconfig.renderer.json --noEmit && tsc -p tsconfig.test.json

