
 RUN  v3.2.7 /Users/jeongyounglee/work/repo/desktop-monster

 ✓ .harness/v7/loop/config.test.ts (5 tests) 5ms
 ✓ .harness/v7/loop/package-check.test.ts (3 tests) 6ms
 ✓ .harness/v7/loop/server-check.test.ts (2 tests) 3ms
 ✓ .harness/v7/loop/evidence.test.ts (3 tests) 35ms
 ✓ .harness/v7/loop/e2e-matrix.test.ts (39 tests) 29ms
 ✓ .harness/v7/loop/e2e.test.ts (14 tests) 67ms
 ✓ .harness/v7/loop/develop.test.ts (11 tests) 532ms
   ✓ v7 phased development journal > CLI records an actual failed registered check, rejects changed logs and resumes the same journal  411ms
 ✓ .harness/v7/loop/fun.test.ts (11 tests) 840ms
   ✓ v7 executable CLI > archives the issued prompt, preserves rejected state, and resumes accepted reports from disk  491ms
 ✓ .harness/v7/loop/audit.test.ts (10 tests) 1416ms
   ✓ evidence-first game audit > resumes the CLI from disk and preserves an audit after a rejected submission  653ms
 ✓ .harness/v7/loop/measure.test.ts (27 tests) 5305ms
   ✓ v7 measurement contract > recomputes complete raw seed evidence and rejects duplicate/missing/forged results  302ms
   ✓ v7 measurement contract > requires phase-specific acceptance instead of accepting any structurally valid report  580ms
   ✓ v7 measurement contract > accepts a passing release only with every registered policy and validation seed  2038ms
   ✓ v7 preregistered experiment execution > preserves baseline execution while refusing new experiments under the historical schema  382ms
   ✓ official protocol execution boundary > enforces the official snapshot at CLI verify while preserving historical structural comparisons  512ms

 Test Files  10 passed (10)
      Tests  125 passed (125)
   Start at  12:50:12
   Duration  5.83s (transform 830ms, setup 0ms, collect 1.52s, tests 8.24s, environment 1ms, prepare 728ms)

