
> desmon@0.6.0 test
> vitest run

[33mThe CJS build of Vite's Node API is deprecated. See https://vite.dev/guide/troubleshooting.html#vite-cjs-node-api-deprecated for more details.[39m

 RUN  v3.2.7 /Users/jeongyounglee/work/repo/desktop-monster

 ✓ tests/hero.test.ts (13 tests) 129ms
 ✓ tests/collection.test.ts (21 tests) 169ms
 ✓ tests/loot.test.ts (11 tests) 274ms
 ✓ tests/engine.test.ts (37 tests) 295ms
 ✓ tests/sprites.test.ts (34 tests) 231ms
 ✓ tests/progressionV5.test.ts (12 tests) 165ms
 ✓ tests/renderer.test.ts (104 tests) 225ms
 ✓ tests/heroJobStudies.test.ts (3 tests) 232ms
 ✓ tests/menu.test.ts (55 tests) 199ms
 ✓ tests/heroForms.test.ts (8 tests) 689ms
   ✓ v0.5 reincarnated hero art > supplies 70 complete registered 14×14 forms with animated idle and attack poses  576ms
 ✓ tests/heroRendering.test.ts (5 tests) 317ms
 ✓ tests/net.test.ts (44 tests) 156ms
 ✓ tests/pvpDirectoryV7.test.ts (20 tests) 168ms
 ✓ tests/heroArtCompatibility.test.ts (2 tests) 59ms
 ✓ tests/progressionV7.test.ts (33 tests) 53ms
 ✓ tests/discoveryV5.test.ts (8 tests) 26ms
 ✓ tests/heroEvolutionStudies.test.ts (2 tests) 28ms
 ✓ tests/progressV5.test.ts (12 tests) 76ms
 ✓ tests/formulas.test.ts (15 tests) 29ms
 ✓ tests/server/companionLevelsV7.test.ts (9 tests) 60ms
 ✓ tests/codexV7.test.ts (10 tests) 121ms
 ✓ tests/progressV6.test.ts (15 tests) 17ms
 ✓ tests/server/app.test.ts (18 tests) 25ms
 ✓ tests/server/opponents.test.ts (10 tests) 23ms
 ✓ tests/identity.test.ts (8 tests) 8ms
 ✓ tests/save.test.ts (15 tests) 15ms
 ✓ tests/tray.test.ts (38 tests) 15ms
 ✓ tests/audio.test.ts (15 tests) 14ms
 ✓ tests/companionLevelsV7.test.ts (20 tests) 11ms
 ✓ tests/globalInput.test.ts (20 tests) 16ms
 ✓ tests/persistence.test.ts (10 tests) 9ms
 ✓ tests/server/pvp.test.ts (14 tests) 17ms
 ✓ tests/trainingPreview.test.ts (4 tests) 9ms
 ✓ tests/settings.test.ts (4 tests) 8ms
 ✓ tests/heroMenuReadiness.test.ts (3 tests) 9ms
 ✓ tests/fever.test.ts (4 tests) 10ms
 ✓ tests/packaging.test.ts (16 tests) 8ms
 ✓ tests/progressV7.test.ts (5 tests) 11ms
 ✓ tests/ipcV5.test.ts (7 tests) 11ms
 ✓ tests/ipc.test.ts (61 tests) 27ms
 ✓ tests/server/pgTransaction.test.ts (6 tests) 7ms
 ✓ tests/server/http.test.ts (9 tests) 8ms
 ✓ tests/window.test.ts (29 tests) 4ms
 ✓ tests/anim.test.ts (14 tests) 8ms
 ✓ tests/effects.test.ts (7 tests) 7ms
 ✓ tests/server/pgStore.test.ts (22 tests) 9ms
 ✓ tests/rendererInput.test.ts (8 tests) 4ms
 ✓ tests/deploy.test.ts (7 tests) 6ms
 ✓ tests/battle.test.ts (5 tests) 4ms
 ✓ tests/drag.test.ts (7 tests) 3ms
 ✓ tests/typeChart.test.ts (4 tests) 4ms
 ✓ tests/fsm.test.ts (12 tests) 4ms
 ✓ tests/bignum.test.ts (7 tests) 3ms
 ✓ tests/thefts.test.ts (5 tests) 4ms
 ✓ tests/scaffold.test.ts (1 test) 2ms
 ✓ tests/input.test.ts (9 tests) 3ms
 ✓ tests/expedition.test.ts (16 tests) 2801ms
   ✓ A3 — a full roster releases the boss instead of voiding it (H1/H2) > never swallows a capture draw: every full-roster boss draw emits an event  626ms
   ✓ A1 — the expedition gauge is display-only and stays out of the way (H2b/H7) > never leaves its declared pixel budget, whatever the depth (H7)  2129ms
 ✓ tests/balance.test.ts (3 tests) 3891ms
   ✓ v0.7 deterministic accounting and gold policy regression > checks 20 exploration seeds across active, warm-idle and intermittent play at 5/15/30 minutes  3870ms

 Test Files  58 passed (58)
      Tests  916 passed (916)
   Start at  13:52:12
   Duration  4.31s (transform 1.89s, setup 0ms, collect 7.21s, tests 10.73s, environment 6ms, prepare 3.48s)


> desmon@0.6.0 lint
> eslint . --max-warnings 0


> desmon@0.6.0 typecheck
> tsc -p tsconfig.main.json --noEmit && tsc -p tsconfig.renderer.json --noEmit && tsc -p tsconfig.test.json

