
 RUN  v3.2.7 /Users/jeongyounglee/work/repo/desktop-monster

 ✓ .harness/v7/loop/package-check.test.ts (3 tests) 5ms
 ✓ .harness/v7/loop/server-check.test.ts (2 tests) 3ms
 ✓ .harness/v7/loop/config.test.ts (16 tests) 22ms
 ✓ .harness/v7/loop/evidence.test.ts (3 tests) 32ms
 ✓ .harness/v7/loop/e2e-matrix.test.ts (44 tests) 34ms
 ✓ .harness/v7/loop/e2e.test.ts (15 tests) 56ms
 ✓ .harness/v7/loop/develop.test.ts (11 tests) 512ms
   ✓ v7 phased development journal > CLI records an actual failed registered check, rejects changed logs and resumes the same journal  396ms
 ✓ .harness/v7/loop/fun.test.ts (11 tests) 805ms
   ✓ v7 executable CLI > archives the issued prompt, preserves rejected state, and resumes accepted reports from disk  466ms
 ✓ .harness/v7/loop/audit.test.ts (10 tests) 1230ms
   ✓ evidence-first game audit > resumes the CLI from disk and preserves an audit after a rejected submission  652ms
 ✓ .harness/v7/loop/measure.test.ts (27 tests) 5380ms
   ✓ v7 measurement contract > requires phase-specific acceptance instead of accepting any structurally valid report  589ms
   ✓ v7 measurement contract > accepts a passing release only with every registered policy and validation seed  2081ms
   ✓ v7 preregistered experiment execution > preserves baseline execution while refusing new experiments under the historical schema  394ms
   ✓ official protocol execution boundary > enforces the official snapshot at CLI verify while preserving historical structural comparisons  518ms

 Test Files  10 passed (10)
      Tests  142 passed (142)
   Start at  17:01:04
   Duration  5.86s (transform 682ms, setup 0ms, collect 1.53s, tests 8.08s, environment 1ms, prepare 632ms)

