
> desmon@0.6.0 test
> vitest run

[33mThe CJS build of Vite's Node API is deprecated. See https://vite.dev/guide/troubleshooting.html#vite-cjs-node-api-deprecated for more details.[39m

 RUN  v3.2.7 /Users/jeongyounglee/work/repo/desktop-monster

 ✓ tests/collection.test.ts (21 tests) 145ms
 ✓ tests/engine.test.ts (37 tests) 226ms
 ✓ tests/codexV7.test.ts (10 tests) 127ms
 ✓ tests/loot.test.ts (11 tests) 350ms
 ✓ tests/renderer.test.ts (104 tests) 154ms
 ✓ tests/sprites.test.ts (34 tests) 231ms
 ✓ tests/menu.test.ts (55 tests) 193ms
 ✓ tests/heroRendering.test.ts (5 tests) 254ms
 ✓ tests/progressionV5.test.ts (12 tests) 158ms
 ✓ tests/heroForms.test.ts (8 tests) 751ms
   ✓ v0.5 reincarnated hero art > supplies 70 complete registered 14×14 forms with animated idle and attack poses  627ms
 ✓ tests/heroJobStudies.test.ts (3 tests) 181ms
 ✓ tests/hero.test.ts (13 tests) 131ms
 ✓ tests/net.test.ts (44 tests) 146ms
 ✓ tests/heroArtCompatibility.test.ts (2 tests) 78ms
 ✓ tests/progressV5.test.ts (12 tests) 89ms
 ✓ tests/heroEvolutionStudies.test.ts (2 tests) 32ms
 ✓ tests/server/companionLevelsV7.test.ts (9 tests) 41ms
 ✓ tests/progressionV7.test.ts (33 tests) 100ms
 ✓ tests/formulas.test.ts (15 tests) 35ms
 ✓ tests/server/app.test.ts (18 tests) 47ms
 ✓ tests/pvpDirectoryV7.test.ts (20 tests) 111ms
 ✓ tests/server/opponents.test.ts (10 tests) 35ms
 ✓ tests/discoveryV5.test.ts (8 tests) 21ms
 ✓ tests/progressV6.test.ts (15 tests) 16ms
 ✓ tests/server/pvp.test.ts (14 tests) 13ms
 ✓ tests/tray.test.ts (38 tests) 17ms
 ✓ tests/globalInput.test.ts (20 tests) 13ms
 ✓ tests/persistence.test.ts (10 tests) 10ms
 ✓ tests/companionLevelsV7.test.ts (20 tests) 14ms
 ✓ tests/audio.test.ts (15 tests) 12ms
 ✓ tests/save.test.ts (15 tests) 16ms
 ✓ tests/ipc.test.ts (61 tests) 11ms
 ✓ tests/settings.test.ts (4 tests) 10ms
 ✓ tests/identity.test.ts (8 tests) 18ms
 ✓ tests/fever.test.ts (4 tests) 7ms
 ✓ tests/ipcV5.test.ts (7 tests) 7ms
 ✓ tests/packaging.test.ts (16 tests) 6ms
 ✓ tests/progressV7.test.ts (5 tests) 11ms
 ✓ tests/server/http.test.ts (9 tests) 6ms
 ✓ tests/effects.test.ts (7 tests) 12ms
 ✓ tests/anim.test.ts (14 tests) 53ms
 ✓ tests/server/pgTransaction.test.ts (6 tests) 5ms
 ✓ tests/server/pgStore.test.ts (22 tests) 8ms
 ✓ tests/trainingPreview.test.ts (4 tests) 9ms
 ✓ tests/window.test.ts (29 tests) 5ms
 ✓ tests/fsm.test.ts (12 tests) 3ms
 ✓ tests/battle.test.ts (5 tests) 4ms
 ✓ tests/typeChart.test.ts (4 tests) 6ms
 ✓ tests/thefts.test.ts (5 tests) 8ms
 ✓ tests/drag.test.ts (7 tests) 3ms
 ✓ tests/deploy.test.ts (7 tests) 4ms
 ✓ tests/input.test.ts (9 tests) 3ms
 ✓ tests/bignum.test.ts (7 tests) 2ms
 ✓ tests/scaffold.test.ts (1 test) 2ms
 ✓ tests/heroMenuReadiness.test.ts (3 tests) 4ms
 ✓ tests/rendererInput.test.ts (8 tests) 3ms
 ✓ tests/expedition.test.ts (16 tests) 2987ms
   ✓ A3 — a full roster releases the boss instead of voiding it (H1/H2) > never swallows a capture draw: every full-roster boss draw emits an event  628ms
   ✓ A1 — the expedition gauge is display-only and stays out of the way (H2b/H7) > never leaves its declared pixel budget, whatever the depth (H7)  2244ms
 ✓ tests/balance.test.ts (3 tests) 4053ms
   ✓ v0.7 deterministic accounting and gold policy regression > checks 20 exploration seeds across active, warm-idle and intermittent play at 5/15/30 minutes  4031ms

 Test Files  58 passed (58)
      Tests  916 passed (916)
   Start at  13:30:25
   Duration  4.47s (transform 1.77s, setup 0ms, collect 6.70s, tests 11.00s, environment 6ms, prepare 3.56s)


> desmon@0.6.0 lint
> eslint . --max-warnings 0


> desmon@0.6.0 typecheck
> tsc -p tsconfig.main.json --noEmit && tsc -p tsconfig.renderer.json --noEmit && tsc -p tsconfig.test.json

