
> desmon@0.6.0 test
> vitest run

[33mThe CJS build of Vite's Node API is deprecated. See https://vite.dev/guide/troubleshooting.html#vite-cjs-node-api-deprecated for more details.[39m

 RUN  v3.2.7 /Users/jeongyounglee/work/repo/desktop-monster

 ✓ tests/collection.test.ts (21 tests) 249ms
 ✓ tests/progressionV7.test.ts (45 tests) 636ms
 ✓ tests/engine.test.ts (45 tests) 627ms
   ✓ attack engine (SPEC F06/F07/F08, Assumption 8) > a boss kill rolls capture after loot and emits bossCaptured with a c-prefixed id at 35 percent  401ms
 ✓ tests/loot.test.ts (11 tests) 690ms
   ✓ loot tables (SPEC F09, Assumptions 3/6/15) > trinket drop rate over 10000 seeded kills is within 23 to 27 percent  384ms
 ✓ tests/sprites.test.ts (34 tests) 425ms
 ✓ tests/renderer.test.ts (104 tests) 392ms
 ✓ tests/menu.test.ts (55 tests) 377ms
 ✓ tests/heroRendering.test.ts (5 tests) 641ms
 ✓ tests/progressionV5.test.ts (12 tests) 168ms
 ✓ tests/codexV7.test.ts (10 tests) 279ms
 ✓ tests/hero.test.ts (13 tests) 193ms
 ✓ tests/formulas.test.ts (21 tests) 151ms
 ✓ tests/net.test.ts (44 tests) 191ms
 ✓ tests/heroArtCompatibility.test.ts (2 tests) 119ms
 ✓ tests/heroJobStudies.test.ts (3 tests) 345ms
 ✓ tests/heroForms.test.ts (8 tests) 1423ms
   ✓ v0.5 reincarnated hero art > supplies 70 complete registered 14×14 forms with animated idle and attack poses  1113ms
 ✓ tests/heroEvolutionStudies.test.ts (2 tests) 75ms
 ✓ tests/companionLevelsV7.test.ts (33 tests) 24ms
 ✓ tests/server/app.test.ts (18 tests) 42ms
 ✓ tests/discoveryV5.test.ts (8 tests) 84ms
 ✓ tests/progressV5.test.ts (12 tests) 93ms
 ✓ tests/server/companionLevelsV7.test.ts (9 tests) 103ms
 ✓ tests/server/opponents.test.ts (10 tests) 113ms
 ✓ tests/pvpDirectoryV7.test.ts (20 tests) 351ms
 ✓ tests/tray.test.ts (38 tests) 14ms
 ✓ tests/save.test.ts (15 tests) 57ms
 ✓ tests/audio.test.ts (15 tests) 19ms
 ✓ tests/ipc.test.ts (61 tests) 14ms
 ✓ tests/server/pvp.test.ts (14 tests) 71ms
 ✓ tests/progressV6.test.ts (15 tests) 42ms
 ✓ tests/fever.test.ts (4 tests) 59ms
 ✓ tests/globalInput.test.ts (20 tests) 22ms
 ✓ tests/anim.test.ts (14 tests) 11ms
 ✓ tests/persistence.test.ts (10 tests) 17ms
 ✓ tests/packaging.test.ts (16 tests) 8ms
 ✓ tests/settings.test.ts (4 tests) 17ms
 ✓ tests/ipcV5.test.ts (7 tests) 13ms
 ✓ tests/identity.test.ts (8 tests) 12ms
 ✓ tests/window.test.ts (29 tests) 6ms
 ✓ tests/progressV7.test.ts (5 tests) 50ms
 ✓ tests/typeChart.test.ts (4 tests) 4ms
 ✓ tests/effects.test.ts (7 tests) 41ms
 ✓ tests/server/http.test.ts (9 tests) 9ms
 ✓ tests/server/pgTransaction.test.ts (6 tests) 5ms
 ✓ tests/trainingPreview.test.ts (4 tests) 19ms
 ✓ tests/server/pgStore.test.ts (22 tests) 5ms
 ✓ tests/fsm.test.ts (12 tests) 4ms
 ✓ tests/battle.test.ts (5 tests) 6ms
 ✓ tests/rendererInput.test.ts (8 tests) 5ms
 ✓ tests/heroMenuReadiness.test.ts (3 tests) 12ms
 ✓ tests/drag.test.ts (7 tests) 4ms
 ✓ tests/thefts.test.ts (5 tests) 7ms
 ✓ tests/bignum.test.ts (7 tests) 4ms
 ✓ tests/input.test.ts (9 tests) 14ms
 ✓ tests/deploy.test.ts (7 tests) 5ms
 ✓ tests/scaffold.test.ts (1 test) 2ms
 ✓ tests/expedition.test.ts (16 tests) 4257ms
   ✓ A3 — a full roster releases the boss instead of voiding it (H1/H2) > never swallows a capture draw: every full-roster boss draw emits an event  1086ms
   ✓ A1 — the expedition gauge is display-only and stays out of the way (H2b/H7) > never leaves its declared pixel budget, whatever the depth (H7)  3021ms
 ✓ tests/balance.test.ts (3 tests) 5468ms
   ✓ v0.7 deterministic accounting and gold policy regression > checks 20 exploration seeds across active, warm-idle and intermittent play at 5/15/30 minutes  5441ms

 Test Files  58 passed (58)
      Tests  955 passed (955)
   Start at  02:17:51
   Duration  6.11s (transform 2.09s, setup 0ms, collect 8.55s, tests 18.10s, environment 8ms, prepare 5.16s)


> desmon@0.6.0 lint
> eslint . --max-warnings 0


> desmon@0.6.0 typecheck
> tsc -p tsconfig.main.json --noEmit && tsc -p tsconfig.renderer.json --noEmit && tsc -p tsconfig.test.json

