
> desmon@0.6.0 test
> vitest run

[33mThe CJS build of Vite's Node API is deprecated. See https://vite.dev/guide/troubleshooting.html#vite-cjs-node-api-deprecated for more details.[39m

 RUN  v3.2.7 /Users/jeongyounglee/work/repo/desktop-monster

 ✓ tests/progressionV5.test.ts (12 tests) 100ms
 ✓ tests/collection.test.ts (21 tests) 192ms
 ✓ tests/loot.test.ts (11 tests) 284ms
 ✓ tests/engine.test.ts (37 tests) 307ms
 ✓ tests/sprites.test.ts (34 tests) 216ms
 ✓ tests/renderer.test.ts (104 tests) 264ms
 ✓ tests/menu.test.ts (55 tests) 241ms
 ✓ tests/pvpDirectoryV7.test.ts (20 tests) 128ms
 ✓ tests/codexV7.test.ts (10 tests) 115ms
 ✓ tests/net.test.ts (44 tests) 144ms
 ✓ tests/heroRendering.test.ts (5 tests) 394ms
 ✓ tests/hero.test.ts (13 tests) 215ms
 ✓ tests/heroJobStudies.test.ts (3 tests) 124ms
 ✓ tests/heroForms.test.ts (8 tests) 819ms
   ✓ v0.5 reincarnated hero art > supplies 70 complete registered 14×14 forms with animated idle and attack poses  670ms
 ✓ tests/heroArtCompatibility.test.ts (2 tests) 66ms
 ✓ tests/progressV5.test.ts (12 tests) 41ms
 ✓ tests/heroEvolutionStudies.test.ts (2 tests) 28ms
 ✓ tests/server/app.test.ts (18 tests) 45ms
 ✓ tests/server/companionLevelsV7.test.ts (9 tests) 54ms
 ✓ tests/progressionV7.test.ts (33 tests) 61ms
 ✓ tests/discoveryV5.test.ts (8 tests) 25ms
 ✓ tests/formulas.test.ts (15 tests) 34ms
 ✓ tests/server/opponents.test.ts (10 tests) 29ms
 ✓ tests/anim.test.ts (14 tests) 10ms
 ✓ tests/audio.test.ts (15 tests) 24ms
 ✓ tests/companionLevelsV7.test.ts (20 tests) 10ms
 ✓ tests/save.test.ts (15 tests) 14ms
 ✓ tests/progressV6.test.ts (15 tests) 20ms
 ✓ tests/fever.test.ts (4 tests) 30ms
 ✓ tests/server/pvp.test.ts (14 tests) 14ms
 ✓ tests/ipc.test.ts (61 tests) 8ms
 ✓ tests/globalInput.test.ts (20 tests) 16ms
 ✓ tests/persistence.test.ts (10 tests) 10ms
 ✓ tests/tray.test.ts (38 tests) 15ms
 ✓ tests/server/pgStore.test.ts (22 tests) 5ms
 ✓ tests/identity.test.ts (8 tests) 11ms
 ✓ tests/server/http.test.ts (9 tests) 5ms
 ✓ tests/settings.test.ts (4 tests) 9ms
 ✓ tests/progressV7.test.ts (5 tests) 11ms
 ✓ tests/trainingPreview.test.ts (4 tests) 12ms
 ✓ tests/effects.test.ts (7 tests) 8ms
 ✓ tests/server/pgTransaction.test.ts (6 tests) 5ms
 ✓ tests/heroMenuReadiness.test.ts (3 tests) 7ms
 ✓ tests/ipcV5.test.ts (7 tests) 14ms
 ✓ tests/deploy.test.ts (7 tests) 10ms
 ✓ tests/packaging.test.ts (16 tests) 6ms
 ✓ tests/thefts.test.ts (5 tests) 4ms
 ✓ tests/battle.test.ts (5 tests) 6ms
 ✓ tests/fsm.test.ts (12 tests) 4ms
 ✓ tests/typeChart.test.ts (4 tests) 5ms
 ✓ tests/window.test.ts (29 tests) 6ms
 ✓ tests/rendererInput.test.ts (8 tests) 5ms
 ✓ tests/drag.test.ts (7 tests) 2ms
 ✓ tests/bignum.test.ts (7 tests) 3ms
 ✓ tests/input.test.ts (9 tests) 3ms
 ✓ tests/scaffold.test.ts (1 test) 2ms
 ✓ tests/expedition.test.ts (16 tests) 2852ms
   ✓ A3 — a full roster releases the boss instead of voiding it (H1/H2) > never swallows a capture draw: every full-roster boss draw emits an event  674ms
   ✓ A1 — the expedition gauge is display-only and stays out of the way (H2b/H7) > never leaves its declared pixel budget, whatever the depth (H7)  2128ms
 ✓ tests/balance.test.ts (3 tests) 3953ms
   ✓ v0.7 deterministic accounting and gold policy regression > checks 20 exploration seeds across active, warm-idle and intermittent play at 5/15/30 minutes  3928ms

 Test Files  58 passed (58)
      Tests  916 passed (916)
   Start at  12:50:56
   Duration  4.44s (transform 2.27s, setup 0ms, collect 7.10s, tests 11.04s, environment 7ms, prepare 3.58s)


> desmon@0.6.0 lint
> eslint . --max-warnings 0


> desmon@0.6.0 typecheck
> tsc -p tsconfig.main.json --noEmit && tsc -p tsconfig.renderer.json --noEmit && tsc -p tsconfig.test.json

