
 RUN  v3.2.7 /Users/jeongyounglee/work/repo/desktop-monster

 ✓ .harness/v7/loop/config.test.ts (16 tests) 16ms
 ✓ .harness/v7/loop/server-check.test.ts (2 tests) 4ms
 ✓ .harness/v7/loop/package-check.test.ts (3 tests) 5ms
 ✓ .harness/v7/loop/evidence.test.ts (3 tests) 32ms
 ✓ .harness/v7/loop/e2e-matrix.test.ts (45 tests) 35ms
 ✓ .harness/v7/loop/e2e.test.ts (15 tests) 57ms
 ✓ .harness/v7/loop/develop.test.ts (11 tests) 525ms
   ✓ v7 phased development journal > CLI records an actual failed registered check, rejects changed logs and resumes the same journal  409ms
 ✓ .harness/v7/loop/fun.test.ts (11 tests) 819ms
   ✓ v7 executable CLI > archives the issued prompt, preserves rejected state, and resumes accepted reports from disk  476ms
 ✓ .harness/v7/loop/audit.test.ts (10 tests) 1360ms
   ✓ evidence-first game audit > resumes the CLI from disk and preserves an audit after a rejected submission  662ms
 ✓ .harness/v7/loop/measure.test.ts (27 tests) 5364ms
   ✓ v7 measurement contract > recomputes complete raw seed evidence and rejects duplicate/missing/forged results  302ms
   ✓ v7 measurement contract > requires phase-specific acceptance instead of accepting any structurally valid report  600ms
   ✓ v7 measurement contract > accepts a passing release only with every registered policy and validation seed  2040ms
   ✓ v7 preregistered experiment execution > preserves baseline execution while refusing new experiments under the historical schema  385ms
   ✓ official protocol execution boundary > enforces the official snapshot at CLI verify while preserving historical structural comparisons  511ms

 Test Files  10 passed (10)
      Tests  143 passed (143)
   Start at  03:10:10
   Duration  5.90s (transform 787ms, setup 0ms, collect 1.52s, tests 8.22s, environment 1ms, prepare 843ms)

