
> desmon@0.6.0 test
> vitest run

[33mThe CJS build of Vite's Node API is deprecated. See https://vite.dev/guide/troubleshooting.html#vite-cjs-node-api-deprecated for more details.[39m

 RUN  v3.2.7 /Users/jeongyounglee/work/repo/desktop-monster

 ✓ tests/heroJobStudies.test.ts (3 tests) 125ms
 ✓ tests/collection.test.ts (21 tests) 166ms
 ✓ tests/engine.test.ts (35 tests) 255ms
 ✓ tests/loot.test.ts (11 tests) 326ms
 ✓ tests/sprites.test.ts (34 tests) 279ms
 ✓ tests/net.test.ts (24 tests) 101ms
 ✓ tests/menu.test.ts (41 tests) 206ms
 ✓ tests/renderer.test.ts (104 tests) 221ms
 ✓ tests/hero.test.ts (13 tests) 134ms
 ✓ tests/heroRendering.test.ts (5 tests) 328ms
 ✓ tests/progressionV5.test.ts (12 tests) 77ms
 ✓ tests/heroArtCompatibility.test.ts (2 tests) 52ms
 ✓ tests/heroForms.test.ts (8 tests) 716ms
   ✓ v0.5 reincarnated hero art > supplies 70 complete registered 14×14 forms with animated idle and attack poses  633ms
 ✓ tests/heroEvolutionStudies.test.ts (2 tests) 27ms
 ✓ tests/progressV5.test.ts (12 tests) 67ms
 ✓ tests/formulas.test.ts (15 tests) 25ms
 ✓ tests/discoveryV5.test.ts (8 tests) 29ms
 ✓ tests/server/opponents.test.ts (10 tests) 20ms
 ✓ tests/server/app.test.ts (18 tests) 36ms
 ✓ tests/progressV6.test.ts (15 tests) 14ms
 ✓ tests/server/pvp.test.ts (14 tests) 14ms
 ✓ tests/tray.test.ts (38 tests) 29ms
 ✓ tests/save.test.ts (15 tests) 14ms
 ✓ tests/identity.test.ts (8 tests) 16ms
 ✓ tests/settings.test.ts (4 tests) 8ms
 ✓ tests/globalInput.test.ts (20 tests) 18ms
 ✓ tests/persistence.test.ts (10 tests) 12ms
 ✓ tests/ipcV5.test.ts (6 tests) 7ms
 ✓ tests/audio.test.ts (15 tests) 16ms
 ✓ tests/ipc.test.ts (59 tests) 8ms
 ✓ tests/anim.test.ts (14 tests) 7ms
 ✓ tests/packaging.test.ts (16 tests) 6ms
 ✓ tests/server/http.test.ts (9 tests) 6ms
 ✓ tests/battle.test.ts (5 tests) 6ms
 ✓ tests/fever.test.ts (4 tests) 8ms
 ✓ tests/trainingPreview.test.ts (4 tests) 6ms
 ✓ tests/thefts.test.ts (5 tests) 3ms
 ✓ tests/input.test.ts (9 tests) 6ms
 ✓ tests/effects.test.ts (7 tests) 7ms
 ✓ tests/server/pgStore.test.ts (22 tests) 4ms
 ✓ tests/window.test.ts (29 tests) 5ms
 ✓ tests/typeChart.test.ts (4 tests) 5ms
 ✓ tests/server/pgTransaction.test.ts (3 tests) 4ms
 ✓ tests/fsm.test.ts (12 tests) 3ms
 ✓ tests/deploy.test.ts (7 tests) 5ms
 ✓ tests/heroMenuReadiness.test.ts (3 tests) 4ms
 ✓ tests/bignum.test.ts (7 tests) 2ms
 ✓ tests/rendererInput.test.ts (8 tests) 4ms
 ✓ tests/drag.test.ts (7 tests) 3ms
 ✓ tests/scaffold.test.ts (1 test) 1ms
 ✓ tests/expedition.test.ts (16 tests) 2812ms
   ✓ A3 — a full roster releases the boss instead of voiding it (H1/H2) > never swallows a capture draw: every full-roster boss draw emits an event  719ms
   ✓ A1 — the expedition gauge is display-only and stays out of the way (H2b/H7) > never leaves its declared pixel budget, whatever the depth (H7)  2025ms
 ✓ tests/balance.test.ts (2 tests) 73673ms
   ✓ v0.5 deterministic pacing and gold policy playtest > checks 100 seeds across active, warm-idle and intermittent play at 5/15/30 minutes  73670ms

 Test Files  52 passed (52)
      Tests  776 passed (776)
   Start at  10:50:14
   Duration  74.08s (transform 1.71s, setup 0ms, collect 5.91s, tests 79.93s, environment 6ms, prepare 3.04s)


> desmon@0.6.0 lint
> eslint . --max-warnings 0


> desmon@0.6.0 typecheck
> tsc -p tsconfig.main.json --noEmit && tsc -p tsconfig.renderer.json --noEmit && tsc -p tsconfig.test.json

