
> desmon@0.7.0 test
> vitest run

[33mThe CJS build of Vite's Node API is deprecated. See https://vite.dev/guide/troubleshooting.html#vite-cjs-node-api-deprecated for more details.[39m

 RUN  v3.2.7 /Users/jeongyounglee/work/repo/desktop-monster

 ✓ tests/hero.test.ts (13 tests) 192ms
 ✓ tests/loot.test.ts (11 tests) 258ms
 ✓ tests/engine.test.ts (45 tests) 335ms
 ✓ tests/progressionV7.test.ts (45 tests) 451ms
 ✓ tests/sprites.test.ts (34 tests) 199ms
 ✓ tests/renderer.test.ts (104 tests) 230ms
 ✓ tests/menu.test.ts (55 tests) 228ms
 ✓ tests/heroRendering.test.ts (5 tests) 382ms
 ✓ tests/collection.test.ts (21 tests) 233ms
 ✓ tests/heroJobStudies.test.ts (3 tests) 165ms
 ✓ tests/heroForms.test.ts (8 tests) 746ms
   ✓ v0.5 reincarnated hero art > supplies 70 complete registered 14×14 forms with animated idle and attack poses  660ms
 ✓ tests/net.test.ts (44 tests) 113ms
 ✓ tests/formulas.test.ts (21 tests) 124ms
 ✓ tests/progressV5.test.ts (12 tests) 66ms
 ✓ tests/progressionV5.test.ts (12 tests) 118ms
 ✓ tests/heroArtCompatibility.test.ts (2 tests) 62ms
 ✓ tests/codexV7.test.ts (10 tests) 174ms
 ✓ tests/companionLevelsV7.test.ts (33 tests) 20ms
 ✓ tests/server/companionLevelsV7.test.ts (9 tests) 35ms
 ✓ tests/heroEvolutionStudies.test.ts (2 tests) 54ms
 ✓ tests/pvpDirectoryV7.test.ts (20 tests) 73ms
 ✓ tests/save.test.ts (15 tests) 13ms
 ✓ tests/discoveryV5.test.ts (8 tests) 26ms
 ✓ tests/progressV6.test.ts (15 tests) 14ms
 ✓ tests/globalInput.test.ts (20 tests) 20ms
 ✓ tests/server/app.test.ts (18 tests) 27ms
 ✓ tests/server/opponents.test.ts (10 tests) 28ms
 ✓ tests/progressV7.test.ts (5 tests) 14ms
 ✓ tests/tray.test.ts (38 tests) 21ms
 ✓ tests/server/pvp.test.ts (14 tests) 16ms
 ✓ tests/settings.test.ts (4 tests) 11ms
 ✓ tests/audio.test.ts (15 tests) 18ms
 ✓ tests/identity.test.ts (8 tests) 11ms
 ✓ tests/trainingPreview.test.ts (4 tests) 7ms
 ✓ tests/persistence.test.ts (10 tests) 10ms
 ✓ tests/server/http.test.ts (9 tests) 5ms
 ✓ tests/ipc.test.ts (61 tests) 13ms
 ✓ tests/deploy.test.ts (7 tests) 5ms
 ✓ tests/packaging.test.ts (16 tests) 7ms
 ✓ tests/fever.test.ts (4 tests) 8ms
 ✓ tests/typeChart.test.ts (4 tests) 7ms
 ✓ tests/ipcV5.test.ts (7 tests) 9ms
 ✓ tests/anim.test.ts (14 tests) 8ms
 ✓ tests/heroMenuReadiness.test.ts (3 tests) 4ms
 ✓ tests/effects.test.ts (7 tests) 8ms
 ✓ tests/window.test.ts (29 tests) 10ms
 ✓ tests/battle.test.ts (5 tests) 5ms
 ✓ tests/server/pgTransaction.test.ts (6 tests) 5ms
 ✓ tests/thefts.test.ts (5 tests) 3ms
 ✓ tests/rendererInput.test.ts (8 tests) 5ms
 ✓ tests/server/pgStore.test.ts (22 tests) 4ms
 ✓ tests/bignum.test.ts (7 tests) 4ms
 ✓ tests/drag.test.ts (7 tests) 2ms
 ✓ tests/fsm.test.ts (12 tests) 3ms
 ✓ tests/scaffold.test.ts (1 test) 2ms
 ✓ tests/input.test.ts (9 tests) 3ms
 ✓ tests/balance.test.ts (3 tests) 3652ms
   ✓ v0.7 deterministic accounting and gold policy regression > checks 20 exploration seeds across active, warm-idle and intermittent play at 5/15/30 minutes  3627ms
 ✓ tests/expedition.test.ts (16 tests) 4636ms
   ✓ A3 — a full roster releases the boss instead of voiding it (H1/H2) > never swallows a capture draw: every full-roster boss draw emits an event  690ms
   ✓ A1 — the expedition gauge is display-only and stays out of the way (H2b/H7) > never leaves its declared pixel budget, whatever the depth (H7)  3860ms

 Test Files  58 passed (58)
      Tests  955 passed (955)
   Start at  03:45:22
   Duration  5.34s (transform 1.89s, setup 0ms, collect 7.00s, tests 12.90s, environment 6ms, prepare 3.78s)


> desmon@0.7.0 lint
> eslint . --max-warnings 0


> desmon@0.7.0 typecheck
> tsc -p tsconfig.main.json --noEmit && tsc -p tsconfig.renderer.json --noEmit && tsc -p tsconfig.test.json

