
> desmon@0.7.0 test
> vitest run

[33mThe CJS build of Vite's Node API is deprecated. See https://vite.dev/guide/troubleshooting.html#vite-cjs-node-api-deprecated for more details.[39m

 RUN  v3.2.7 /Users/jeongyounglee/work/repo/desktop-monster

 ✓ tests/collection.test.ts (21 tests) 197ms
 ✓ tests/hero.test.ts (13 tests) 263ms
 ✓ tests/engine.test.ts (45 tests) 337ms
 ✓ tests/sprites.test.ts (34 tests) 151ms
 ✓ tests/loot.test.ts (11 tests) 470ms
   ✓ mulberry32 deterministic RNG (SPEC F06, Assumption 15) > outputs stay in [0, 1) and are roughly uniform over 10000 draws  344ms
 ✓ tests/progressionV7.test.ts (45 tests) 577ms
 ✓ tests/heroRendering.test.ts (5 tests) 361ms
 ✓ tests/menu.test.ts (55 tests) 210ms
 ✓ tests/codexV7.test.ts (10 tests) 116ms
 ✓ tests/heroForms.test.ts (8 tests) 740ms
   ✓ v0.5 reincarnated hero art > supplies 70 complete registered 14×14 forms with animated idle and attack poses  559ms
 ✓ tests/pvpDirectoryV7.test.ts (20 tests) 131ms
 ✓ tests/heroJobStudies.test.ts (3 tests) 182ms
 ✓ tests/net.test.ts (44 tests) 105ms
 ✓ tests/progressionV5.test.ts (12 tests) 102ms
 ✓ tests/heroEvolutionStudies.test.ts (2 tests) 36ms
 ✓ tests/progressV5.test.ts (12 tests) 54ms
 ✓ tests/formulas.test.ts (21 tests) 95ms
 ✓ tests/heroArtCompatibility.test.ts (2 tests) 85ms
 ✓ tests/renderer.test.ts (104 tests) 290ms
 ✓ tests/discoveryV5.test.ts (8 tests) 39ms
 ✓ tests/server/companionLevelsV7.test.ts (9 tests) 96ms
 ✓ tests/save.test.ts (15 tests) 15ms
 ✓ tests/companionLevelsV7.test.ts (33 tests) 34ms
 ✓ tests/server/opponents.test.ts (10 tests) 23ms
 ✓ tests/server/app.test.ts (18 tests) 39ms
 ✓ tests/fever.test.ts (4 tests) 16ms
 ✓ tests/globalInput.test.ts (20 tests) 21ms
 ✓ tests/tray.test.ts (38 tests) 16ms
 ✓ tests/audio.test.ts (15 tests) 34ms
 ✓ tests/server/pvp.test.ts (14 tests) 16ms
 ✓ tests/progressV6.test.ts (15 tests) 12ms
 ✓ tests/persistence.test.ts (10 tests) 12ms
 ✓ tests/progressV7.test.ts (5 tests) 9ms
 ✓ tests/ipc.test.ts (61 tests) 9ms
 ✓ tests/settings.test.ts (4 tests) 7ms
 ✓ tests/effects.test.ts (7 tests) 20ms
 ✓ tests/identity.test.ts (8 tests) 9ms
 ✓ tests/typeChart.test.ts (4 tests) 4ms
 ✓ tests/packaging.test.ts (16 tests) 6ms
 ✓ tests/fsm.test.ts (12 tests) 4ms
 ✓ tests/window.test.ts (29 tests) 4ms
 ✓ tests/battle.test.ts (5 tests) 4ms
 ✓ tests/trainingPreview.test.ts (4 tests) 7ms
 ✓ tests/anim.test.ts (14 tests) 7ms
 ✓ tests/server/pgTransaction.test.ts (6 tests) 6ms
 ✓ tests/ipcV5.test.ts (7 tests) 8ms
 ✓ tests/deploy.test.ts (7 tests) 4ms
 ✓ tests/server/pgStore.test.ts (22 tests) 5ms
 ✓ tests/server/http.test.ts (9 tests) 8ms
 ✓ tests/input.test.ts (9 tests) 3ms
 ✓ tests/thefts.test.ts (5 tests) 4ms
 ✓ tests/heroMenuReadiness.test.ts (3 tests) 5ms
 ✓ tests/drag.test.ts (7 tests) 8ms
 ✓ tests/rendererInput.test.ts (8 tests) 5ms
 ✓ tests/bignum.test.ts (7 tests) 2ms
 ✓ tests/scaffold.test.ts (1 test) 1ms
 ✓ tests/balance.test.ts (3 tests) 3943ms
   ✓ v0.7 deterministic accounting and gold policy regression > checks 20 exploration seeds across active, warm-idle and intermittent play at 5/15/30 minutes  3920ms
 ✓ tests/expedition.test.ts (16 tests) 4892ms
   ✓ A3 — a full roster releases the boss instead of voiding it (H1/H2) > never swallows a capture draw: every full-roster boss draw emits an event  702ms
   ✓ A1 — the expedition gauge is display-only and stays out of the way (H2b/H7) > never leaves its declared pixel budget, whatever the depth (H7)  4078ms

 Test Files  58 passed (58)
      Tests  955 passed (955)
   Start at  13:13:35
   Duration  5.66s (transform 1.97s, setup 0ms, collect 6.90s, tests 13.86s, environment 7ms, prepare 3.50s)


> desmon@0.7.0 lint
> eslint . --max-warnings 0


/Users/jeongyounglee/work/repo/desktop-monster/.agentdoc/v07-setup-20260911T122653Z/sessions/contract-reconciliation-inspect.mjs
   81:21  error  'structuredClone' is not defined  no-undef
  103:1   error  'console' is not defined          no-undef

✖ 2 problems (2 errors, 0 warnings)

