
> desmon@0.6.0 test
> vitest run

[33mThe CJS build of Vite's Node API is deprecated. See https://vite.dev/guide/troubleshooting.html#vite-cjs-node-api-deprecated for more details.[39m

 RUN  v3.2.7 /Users/jeongyounglee/work/repo/desktop-monster

 ✓ tests/heroJobStudies.test.ts (3 tests) 124ms
 ✓ tests/hero.test.ts (13 tests) 129ms
 ✓ tests/engine.test.ts (37 tests) 274ms
 ✓ tests/loot.test.ts (11 tests) 281ms
 ✓ tests/sprites.test.ts (34 tests) 149ms
 ✓ tests/renderer.test.ts (104 tests) 172ms
 ✓ tests/heroRendering.test.ts (5 tests) 211ms
 ✓ tests/net.test.ts (44 tests) 198ms
 ✓ tests/menu.test.ts (55 tests) 187ms
 ✓ tests/codexV7.test.ts (10 tests) 116ms
 ✓ tests/progressionV5.test.ts (12 tests) 133ms
 ✓ tests/collection.test.ts (21 tests) 174ms
 ✓ tests/heroForms.test.ts (8 tests) 850ms
   ✓ v0.5 reincarnated hero art > supplies 70 complete registered 14×14 forms with animated idle and attack poses  676ms
 ✓ tests/heroArtCompatibility.test.ts (2 tests) 62ms
 ✓ tests/progressV5.test.ts (12 tests) 81ms
 ✓ tests/formulas.test.ts (21 tests) 108ms
 ✓ tests/heroEvolutionStudies.test.ts (2 tests) 32ms
 ✓ tests/progressionV7.test.ts (33 tests) 52ms
 ✓ tests/server/companionLevelsV7.test.ts (9 tests) 40ms
 ✓ tests/server/app.test.ts (18 tests) 36ms
 ✓ tests/server/opponents.test.ts (10 tests) 30ms
 ✓ tests/discoveryV5.test.ts (8 tests) 24ms
 ✓ tests/pvpDirectoryV7.test.ts (20 tests) 95ms
 ✓ tests/globalInput.test.ts (20 tests) 13ms
 ✓ tests/tray.test.ts (38 tests) 16ms
 ✓ tests/ipcV5.test.ts (7 tests) 10ms
 ✓ tests/progressV6.test.ts (15 tests) 15ms
 ✓ tests/server/pvp.test.ts (14 tests) 17ms
 ✓ tests/audio.test.ts (15 tests) 20ms
 ✓ tests/companionLevelsV7.test.ts (20 tests) 10ms
 ✓ tests/save.test.ts (15 tests) 15ms
 ✓ tests/identity.test.ts (8 tests) 10ms
 ✓ tests/settings.test.ts (4 tests) 11ms
 ✓ tests/fever.test.ts (4 tests) 10ms
 ✓ tests/ipc.test.ts (61 tests) 9ms
 ✓ tests/trainingPreview.test.ts (4 tests) 10ms
 ✓ tests/server/http.test.ts (9 tests) 9ms
 ✓ tests/packaging.test.ts (16 tests) 9ms
 ✓ tests/persistence.test.ts (10 tests) 22ms
 ✓ tests/progressV7.test.ts (5 tests) 20ms
 ✓ tests/thefts.test.ts (5 tests) 7ms
 ✓ tests/anim.test.ts (14 tests) 9ms
 ✓ tests/effects.test.ts (7 tests) 21ms
 ✓ tests/server/pgStore.test.ts (22 tests) 6ms
 ✓ tests/window.test.ts (29 tests) 4ms
 ✓ tests/server/pgTransaction.test.ts (6 tests) 8ms
 ✓ tests/typeChart.test.ts (4 tests) 5ms
 ✓ tests/deploy.test.ts (7 tests) 12ms
 ✓ tests/battle.test.ts (5 tests) 5ms
 ✓ tests/heroMenuReadiness.test.ts (3 tests) 3ms
 ✓ tests/fsm.test.ts (12 tests) 7ms
 ✓ tests/drag.test.ts (7 tests) 3ms
 ✓ tests/bignum.test.ts (7 tests) 5ms
 ✓ tests/rendererInput.test.ts (8 tests) 6ms
 ✓ tests/input.test.ts (9 tests) 3ms
 ✓ tests/scaffold.test.ts (1 test) 1ms
 ✓ tests/expedition.test.ts (16 tests) 3101ms
   ✓ A3 — a full roster releases the boss instead of voiding it (H1/H2) > never swallows a capture draw: every full-roster boss draw emits an event  625ms
   ✓ A1 — the expedition gauge is display-only and stays out of the way (H2b/H7) > never leaves its declared pixel budget, whatever the depth (H7)  2416ms
 ✓ tests/balance.test.ts (3 tests) 4119ms
   ✓ v0.7 deterministic accounting and gold policy regression > checks 20 exploration seeds across active, warm-idle and intermittent play at 5/15/30 minutes  4096ms

 Test Files  58 passed (58)
      Tests  922 passed (922)
   Start at  14:59:32
   Duration  4.52s (transform 2.09s, setup 0ms, collect 7.17s, tests 11.11s, environment 7ms, prepare 3.99s)


> desmon@0.6.0 lint
> eslint . --max-warnings 0


> desmon@0.6.0 typecheck
> tsc -p tsconfig.main.json --noEmit && tsc -p tsconfig.renderer.json --noEmit && tsc -p tsconfig.test.json

