
> desmon@0.6.0 test
> vitest run

[33mThe CJS build of Vite's Node API is deprecated. See https://vite.dev/guide/troubleshooting.html#vite-cjs-node-api-deprecated for more details.[39m

 RUN  v3.2.7 /Users/jeongyounglee/work/repo/desktop-monster

 ✓ tests/hero.test.ts (13 tests) 155ms
 ✓ tests/collection.test.ts (21 tests) 161ms
 ✓ tests/engine.test.ts (37 tests) 368ms
 ✓ tests/loot.test.ts (11 tests) 445ms
 ✓ tests/renderer.test.ts (104 tests) 228ms
 ✓ tests/sprites.test.ts (34 tests) 287ms
 ✓ tests/menu.test.ts (55 tests) 203ms
 ✓ tests/progressionV5.test.ts (12 tests) 137ms
 ✓ tests/heroRendering.test.ts (5 tests) 367ms
 ✓ tests/net.test.ts (44 tests) 190ms
 ✓ tests/heroArtCompatibility.test.ts (2 tests) 53ms
 ✓ tests/heroJobStudies.test.ts (3 tests) 172ms
 ✓ tests/heroForms.test.ts (8 tests) 812ms
   ✓ v0.5 reincarnated hero art > supplies 70 complete registered 14×14 forms with animated idle and attack poses  728ms
 ✓ tests/progressV5.test.ts (12 tests) 63ms
 ✓ tests/formulas.test.ts (15 tests) 26ms
 ✓ tests/server/companionLevelsV7.test.ts (9 tests) 39ms
 ✓ tests/progressionV7.test.ts (33 tests) 50ms
 ✓ tests/heroEvolutionStudies.test.ts (2 tests) 59ms
 ✓ tests/codexV7.test.ts (10 tests) 144ms
 ✓ tests/discoveryV5.test.ts (8 tests) 24ms
 ✓ tests/pvpDirectoryV7.test.ts (20 tests) 146ms
 ✓ tests/server/app.test.ts (18 tests) 33ms
 ✓ tests/tray.test.ts (38 tests) 20ms
 ✓ tests/server/opponents.test.ts (10 tests) 45ms
 ✓ tests/progressV6.test.ts (15 tests) 24ms
 ✓ tests/effects.test.ts (7 tests) 12ms
 ✓ tests/persistence.test.ts (10 tests) 12ms
 ✓ tests/save.test.ts (15 tests) 16ms
 ✓ tests/globalInput.test.ts (20 tests) 24ms
 ✓ tests/server/pvp.test.ts (14 tests) 15ms
 ✓ tests/audio.test.ts (15 tests) 18ms
 ✓ tests/identity.test.ts (8 tests) 8ms
 ✓ tests/server/pgTransaction.test.ts (6 tests) 7ms
 ✓ tests/companionLevelsV7.test.ts (20 tests) 10ms
 ✓ tests/packaging.test.ts (16 tests) 7ms
 ✓ tests/progressV7.test.ts (5 tests) 9ms
 ✓ tests/ipc.test.ts (61 tests) 17ms
 ✓ tests/fever.test.ts (4 tests) 8ms
 ✓ tests/thefts.test.ts (5 tests) 3ms
 ✓ tests/settings.test.ts (4 tests) 8ms
 ✓ tests/ipcV5.test.ts (7 tests) 8ms
 ✓ tests/server/http.test.ts (9 tests) 10ms
 ✓ tests/window.test.ts (29 tests) 8ms
 ✓ tests/anim.test.ts (14 tests) 8ms
 ✓ tests/trainingPreview.test.ts (4 tests) 7ms
 ✓ tests/typeChart.test.ts (4 tests) 4ms
 ✓ tests/heroMenuReadiness.test.ts (3 tests) 4ms
 ✓ tests/fsm.test.ts (12 tests) 7ms
 ✓ tests/battle.test.ts (5 tests) 4ms
 ✓ tests/server/pgStore.test.ts (22 tests) 6ms
 ✓ tests/bignum.test.ts (7 tests) 3ms
 ✓ tests/deploy.test.ts (7 tests) 3ms
 ✓ tests/input.test.ts (9 tests) 3ms
 ✓ tests/drag.test.ts (7 tests) 3ms
 ✓ tests/rendererInput.test.ts (8 tests) 6ms
 ✓ tests/scaffold.test.ts (1 test) 1ms
 ✓ tests/expedition.test.ts (16 tests) 2946ms
   ✓ A3 — a full roster releases the boss instead of voiding it (H1/H2) > never swallows a capture draw: every full-roster boss draw emits an event  636ms
   ✓ A1 — the expedition gauge is display-only and stays out of the way (H2b/H7) > never leaves its declared pixel budget, whatever the depth (H7)  2215ms
 ✓ tests/balance.test.ts (3 tests) 3656ms
   ✓ v0.7 deterministic accounting and gold policy regression > checks 20 exploration seeds across active, warm-idle and intermittent play at 5/15/30 minutes  3633ms

 Test Files  58 passed (58)
      Tests  916 passed (916)
   Start at  12:33:15
   Duration  4.11s (transform 1.96s, setup 0ms, collect 6.87s, tests 11.11s, environment 8ms, prepare 3.40s)


> desmon@0.6.0 lint
> eslint . --max-warnings 0


/Users/jeongyounglee/work/repo/desktop-monster/.agentdoc/v07-setup-20260911T122653Z/evidence/preflight/repair01/originals/e2e.mjs
  41:56  error  'process' is not defined                                               no-undef
  49:17  error  'setTimeout' is not defined                                            no-undef
  50:34  error  'clearTimeout' is not defined                                          no-undef
  52:5   error  'clearTimeout' is not defined                                          no-undef
  53:5   error  Expected an assignment or function call and instead saw an expression  @typescript-eslint/no-unused-expressions
  57:38  error  'process' is not defined                                               no-undef
  59:20  error  'process' is not defined                                               no-undef
  61:13  error  'process' is not defined                                               no-undef
  68:3   error  'console' is not defined                                               no-undef
  69:3   error  'process' is not defined                                               no-undef
  72:5   error  'process' is not defined                                               no-undef
  72:66  error  'process' is not defined                                               no-undef
  73:41  error  'console' is not defined                                               no-undef
  73:71  error  'process' is not defined                                               no-undef

/Users/jeongyounglee/work/repo/desktop-monster/.agentdoc/v07-setup-20260911T122653Z/evidence/preflight/repair01/originals/journey.cjs
    2:21  error  A `require()` style import is forbidden  @typescript-eslint/no-require-imports
    2:21  error  'require' is not defined                 no-undef
    9:22  error  'URL' is not defined                     no-undef
   20:16  error  'Response' is not defined                no-undef
   25:1   error  'module' is not defined                  no-undef
  162:21  error  A `require()` style import is forbidden  @typescript-eslint/no-require-imports
  162:21  error  'require' is not defined                 no-undef
  163:23  error  A `require()` style import is forbidden  @typescript-eslint/no-require-imports
  163:23  error  'require' is not defined                 no-undef
  164:27  error  A `require()` style import is forbidden  @typescript-eslint/no-require-imports
  164:27  error  'require' is not defined                 no-undef
  165:15  error  A `require()` style import is forbidden  @typescript-eslint/no-require-imports
  165:15  error  'require' is not defined                 no-undef
  299:1   error  'module' is not defined                  no-undef

✖ 28 problems (28 errors, 0 warnings)

