
> desmon@0.6.0 test
> vitest run

[33mThe CJS build of Vite's Node API is deprecated. See https://vite.dev/guide/troubleshooting.html#vite-cjs-node-api-deprecated for more details.[39m

 RUN  v3.2.7 /Users/jeongyounglee/work/repo/desktop-monster

 ✓ tests/progressionV5.test.ts (12 tests) 97ms
 ✓ tests/hero.test.ts (13 tests) 123ms
 ✓ tests/engine.test.ts (37 tests) 360ms
 ✓ tests/loot.test.ts (11 tests) 362ms
 ✓ tests/sprites.test.ts (34 tests) 213ms
 ✓ tests/renderer.test.ts (104 tests) 200ms
 ✓ tests/menu.test.ts (55 tests) 220ms
 ✓ tests/heroJobStudies.test.ts (3 tests) 218ms
 ✓ tests/heroRendering.test.ts (5 tests) 339ms
 ✓ tests/collection.test.ts (21 tests) 243ms
 ✓ tests/progressV5.test.ts (12 tests) 72ms
 ✓ tests/net.test.ts (44 tests) 109ms
 ✓ tests/codexV7.test.ts (10 tests) 104ms
 ✓ tests/heroEvolutionStudies.test.ts (2 tests) 28ms
 ✓ tests/pvpDirectoryV7.test.ts (20 tests) 74ms
 ✓ tests/heroArtCompatibility.test.ts (2 tests) 59ms
 ✓ tests/heroForms.test.ts (8 tests) 806ms
   ✓ v0.5 reincarnated hero art > supplies 70 complete registered 14×14 forms with animated idle and attack poses  719ms
 ✓ tests/formulas.test.ts (21 tests) 103ms
 ✓ tests/server/companionLevelsV7.test.ts (9 tests) 70ms
 ✓ tests/settings.test.ts (4 tests) 9ms
 ✓ tests/identity.test.ts (8 tests) 9ms
 ✓ tests/discoveryV5.test.ts (8 tests) 26ms
 ✓ tests/progressV6.test.ts (15 tests) 13ms
 ✓ tests/progressionV7.test.ts (33 tests) 45ms
 ✓ tests/server/app.test.ts (18 tests) 34ms
 ✓ tests/server/opponents.test.ts (10 tests) 30ms
 ✓ tests/fsm.test.ts (12 tests) 3ms
 ✓ tests/globalInput.test.ts (20 tests) 12ms
 ✓ tests/persistence.test.ts (10 tests) 10ms
 ✓ tests/save.test.ts (15 tests) 13ms
 ✓ tests/server/pvp.test.ts (14 tests) 14ms
 ✓ tests/tray.test.ts (38 tests) 15ms
 ✓ tests/ipcV5.test.ts (7 tests) 12ms
 ✓ tests/audio.test.ts (15 tests) 15ms
 ✓ tests/ipc.test.ts (61 tests) 16ms
 ✓ tests/server/pgTransaction.test.ts (6 tests) 9ms
 ✓ tests/fever.test.ts (4 tests) 9ms
 ✓ tests/companionLevelsV7.test.ts (20 tests) 16ms
 ✓ tests/progressV7.test.ts (5 tests) 9ms
 ✓ tests/trainingPreview.test.ts (4 tests) 8ms
 ✓ tests/heroMenuReadiness.test.ts (3 tests) 3ms
 ✓ tests/anim.test.ts (14 tests) 10ms
 ✓ tests/packaging.test.ts (16 tests) 6ms
 ✓ tests/rendererInput.test.ts (8 tests) 3ms
 ✓ tests/server/http.test.ts (9 tests) 7ms
 ✓ tests/server/pgStore.test.ts (22 tests) 6ms
 ✓ tests/effects.test.ts (7 tests) 7ms
 ✓ tests/thefts.test.ts (5 tests) 6ms
 ✓ tests/deploy.test.ts (7 tests) 5ms
 ✓ tests/typeChart.test.ts (4 tests) 4ms
 ✓ tests/window.test.ts (29 tests) 5ms
 ✓ tests/battle.test.ts (5 tests) 4ms
 ✓ tests/input.test.ts (9 tests) 3ms
 ✓ tests/scaffold.test.ts (1 test) 1ms
 ✓ tests/drag.test.ts (7 tests) 3ms
 ✓ tests/bignum.test.ts (7 tests) 2ms
 ✓ tests/expedition.test.ts (16 tests) 2813ms
   ✓ A3 — a full roster releases the boss instead of voiding it (H1/H2) > never swallows a capture draw: every full-roster boss draw emits an event  653ms
   ✓ A1 — the expedition gauge is display-only and stays out of the way (H2b/H7) > never leaves its declared pixel budget, whatever the depth (H7)  2107ms
 ✓ tests/balance.test.ts (3 tests) 3925ms
   ✓ v0.7 deterministic accounting and gold policy regression > checks 20 exploration seeds across active, warm-idle and intermittent play at 5/15/30 minutes  3902ms

 Test Files  58 passed (58)
      Tests  922 passed (922)
   Start at  13:57:26
   Duration  4.34s (transform 1.85s, setup 0ms, collect 6.56s, tests 10.94s, environment 9ms, prepare 3.39s)


> desmon@0.6.0 lint
> eslint . --max-warnings 0


> desmon@0.6.0 typecheck
> tsc -p tsconfig.main.json --noEmit && tsc -p tsconfig.renderer.json --noEmit && tsc -p tsconfig.test.json

