
> desmon@0.6.0 test
> vitest run

[33mThe CJS build of Vite's Node API is deprecated. See https://vite.dev/guide/troubleshooting.html#vite-cjs-node-api-deprecated for more details.[39m

 RUN  v3.2.7 /Users/jeongyounglee/work/repo/desktop-monster

 ✓ tests/progressionV5.test.ts (12 tests) 88ms
 ✓ tests/heroJobStudies.test.ts (3 tests) 127ms
 ✓ tests/hero.test.ts (13 tests) 116ms
 ✓ tests/engine.test.ts (35 tests) 239ms
 ✓ tests/loot.test.ts (11 tests) 275ms
 ✓ tests/sprites.test.ts (34 tests) 165ms
 ✓ tests/renderer.test.ts (104 tests) 170ms
 ✓ tests/heroRendering.test.ts (5 tests) 223ms
 ✓ tests/progressV5.test.ts (12 tests) 47ms
 ✓ tests/net.test.ts (37 tests) 86ms
 ✓ tests/heroArtCompatibility.test.ts (2 tests) 81ms
 ✓ tests/collection.test.ts (21 tests) 182ms
 ✓ tests/heroForms.test.ts (8 tests) 668ms
   ✓ v0.5 reincarnated hero art > supplies 70 complete registered 14×14 forms with animated idle and attack poses  504ms
 ✓ tests/heroEvolutionStudies.test.ts (2 tests) 33ms
 ✓ tests/menu.test.ts (55 tests) 139ms
 ✓ tests/formulas.test.ts (15 tests) 35ms
 ✓ tests/server/app.test.ts (18 tests) 28ms
 ✓ tests/discoveryV5.test.ts (8 tests) 26ms
 ✓ tests/server/opponents.test.ts (10 tests) 25ms
 ✓ tests/server/companionLevelsV7.test.ts (9 tests) 37ms
 ✓ tests/tray.test.ts (38 tests) 16ms
 ✓ tests/progressV6.test.ts (15 tests) 11ms
 ✓ tests/server/pvp.test.ts (14 tests) 14ms
 ✓ tests/globalInput.test.ts (20 tests) 18ms
 ✓ tests/fever.test.ts (4 tests) 9ms
 ✓ tests/identity.test.ts (8 tests) 10ms
 ✓ tests/save.test.ts (15 tests) 13ms
 ✓ tests/persistence.test.ts (10 tests) 10ms
 ✓ tests/companionLevelsV7.test.ts (19 tests) 12ms
 ✓ tests/typeChart.test.ts (4 tests) 4ms
 ✓ tests/audio.test.ts (15 tests) 22ms
 ✓ tests/ipc.test.ts (61 tests) 9ms
 ✓ tests/settings.test.ts (4 tests) 9ms
 ✓ tests/packaging.test.ts (16 tests) 8ms
 ✓ tests/anim.test.ts (14 tests) 8ms
 ✓ tests/ipcV5.test.ts (6 tests) 17ms
 ✓ tests/trainingPreview.test.ts (4 tests) 6ms
 ✓ tests/server/http.test.ts (9 tests) 6ms
 ✓ tests/server/pgTransaction.test.ts (6 tests) 10ms
 ✓ tests/effects.test.ts (7 tests) 6ms
 ✓ tests/server/pgStore.test.ts (22 tests) 4ms
 ✓ tests/battle.test.ts (5 tests) 4ms
 ✓ tests/drag.test.ts (7 tests) 2ms
 ✓ tests/window.test.ts (29 tests) 4ms
 ✓ tests/bignum.test.ts (7 tests) 3ms
 ✓ tests/heroMenuReadiness.test.ts (3 tests) 5ms
 ✓ tests/fsm.test.ts (12 tests) 4ms
 ✓ tests/input.test.ts (9 tests) 3ms
 ✓ tests/thefts.test.ts (5 tests) 3ms
 ✓ tests/deploy.test.ts (7 tests) 7ms
 ✓ tests/rendererInput.test.ts (8 tests) 3ms
 ✓ tests/scaffold.test.ts (1 test) 1ms
 ✓ tests/expedition.test.ts (16 tests) 2688ms
   ✓ A3 — a full roster releases the boss instead of voiding it (H1/H2) > never swallows a capture draw: every full-roster boss draw emits an event  525ms
   ✓ A1 — the expedition gauge is display-only and stays out of the way (H2b/H7) > never leaves its declared pixel budget, whatever the depth (H7)  2108ms
 ✓ tests/balance.test.ts (2 tests) 75892ms
   ✓ v0.5 deterministic pacing and gold policy playtest > checks 100 seeds across active, warm-idle and intermittent play at 5/15/30 minutes  75890ms

 Test Files  54 passed (54)
      Tests  836 passed (836)
   Start at  11:32:47
   Duration  76.33s (transform 2.12s, setup 0ms, collect 6.34s, tests 81.63s, environment 11ms, prepare 3.43s)


> desmon@0.6.0 lint
> eslint . --max-warnings 0


> desmon@0.6.0 typecheck
> tsc -p tsconfig.main.json --noEmit && tsc -p tsconfig.renderer.json --noEmit && tsc -p tsconfig.test.json

