
 RUN  v3.2.7 /Users/jeongyounglee/work/repo/desktop-monster

 ✓ .harness/v7/loop/config.test.ts (5 tests) 5ms
 ✓ .harness/v7/loop/package-check.test.ts (3 tests) 5ms
 ✓ .harness/v7/loop/server-check.test.ts (2 tests) 4ms
 ✓ .harness/v7/loop/evidence.test.ts (3 tests) 30ms
 ✓ .harness/v7/loop/e2e-matrix.test.ts (32 tests) 26ms
 ✓ .harness/v7/loop/e2e.test.ts (11 tests) 30ms
 ✓ .harness/v7/loop/develop.test.ts (11 tests) 532ms
   ✓ v7 phased development journal > CLI records an actual failed registered check, rejects changed logs and resumes the same journal  420ms
 ✓ .harness/v7/loop/fun.test.ts (11 tests) 831ms
   ✓ v7 executable CLI > archives the issued prompt, preserves rejected state, and resumes accepted reports from disk  491ms
 ✓ .harness/v7/loop/audit.test.ts (10 tests) 1472ms
   ✓ evidence-first game audit > accepts evidence larger than the old 30MB limit but rejects files above the configured bound before parsing  327ms
   ✓ evidence-first game audit > resumes the CLI from disk and preserves an audit after a rejected submission  663ms
 ✓ .harness/v7/loop/measure.test.ts (27 tests) 5331ms
   ✓ v7 measurement contract > recomputes complete raw seed evidence and rejects duplicate/missing/forged results  310ms
   ✓ v7 measurement contract > requires phase-specific acceptance instead of accepting any structurally valid report  585ms
   ✓ v7 measurement contract > accepts a passing release only with every registered policy and validation seed  1999ms
   ✓ v7 preregistered experiment execution > preserves baseline execution while refusing new experiments under the historical schema  379ms
   ✓ official protocol execution boundary > enforces the official snapshot at CLI verify while preserving historical structural comparisons  515ms

 Test Files  10 passed (10)
      Tests  115 passed (115)
   Start at  11:10:50
   Duration  5.87s (transform 689ms, setup 0ms, collect 1.47s, tests 8.27s, environment 1ms, prepare 707ms)

