
> desmon@0.6.0 test
> vitest run

[33mThe CJS build of Vite's Node API is deprecated. See https://vite.dev/guide/troubleshooting.html#vite-cjs-node-api-deprecated for more details.[39m

 RUN  v3.2.7 /Users/jeongyounglee/work/repo/desktop-monster

 ✓ tests/heroJobStudies.test.ts (3 tests) 302ms
 ✓ tests/pvpDirectoryV7.test.ts (20 tests) 149ms
 ✓ tests/loot.test.ts (11 tests) 711ms
   ✓ mulberry32 deterministic RNG (SPEC F06, Assumption 15) > outputs stay in [0, 1) and are roughly uniform over 10000 draws  318ms
   ✓ loot tables (SPEC F09, Assumptions 3/6/15) > trinket drop rate over 10000 seeded kills is within 23 to 27 percent  309ms
 ✓ tests/sprites.test.ts (34 tests) 436ms
 ✓ tests/engine.test.ts (45 tests) 839ms
   ✓ attack engine (SPEC F06/F07/F08, Assumption 8) > a boss kill rolls capture after loot and emits bossCaptured with a c-prefixed id at 35 percent  573ms
 ✓ tests/renderer.test.ts (104 tests) 366ms
 ✓ tests/menu.test.ts (55 tests) 439ms
 ✓ tests/heroRendering.test.ts (5 tests) 708ms
 ✓ tests/progressionV7.test.ts (45 tests) 715ms
 ✓ tests/net.test.ts (44 tests) 263ms
 ✓ tests/collection.test.ts (21 tests) 490ms
   ✓ resolvePvp (SPEC F37/F62, Assumption 34) > resolvePvp steal rate over 10000 seeded wins is within 13 to 17 percent  474ms
 ✓ tests/progressionV5.test.ts (12 tests) 344ms
 ✓ tests/codexV7.test.ts (10 tests) 359ms
 ✓ tests/heroArtCompatibility.test.ts (2 tests) 247ms
 ✓ tests/hero.test.ts (13 tests) 505ms
 ✓ tests/formulas.test.ts (21 tests) 244ms
 ✓ tests/heroForms.test.ts (8 tests) 1797ms
   ✓ v0.5 reincarnated hero art > supplies 70 complete registered 14×14 forms with animated idle and attack poses  1324ms
 ✓ tests/discoveryV5.test.ts (8 tests) 23ms
 ✓ tests/server/opponents.test.ts (10 tests) 85ms
 ✓ tests/fever.test.ts (4 tests) 9ms
 ✓ tests/heroEvolutionStudies.test.ts (2 tests) 50ms
 ✓ tests/progressV7.test.ts (5 tests) 12ms
 ✓ tests/server/companionLevelsV7.test.ts (9 tests) 135ms
 ✓ tests/progressV5.test.ts (12 tests) 191ms
 ✓ tests/server/pvp.test.ts (14 tests) 35ms
 ✓ tests/save.test.ts (15 tests) 42ms
 ✓ tests/globalInput.test.ts (20 tests) 13ms
 ✓ tests/trainingPreview.test.ts (4 tests) 9ms
 ✓ tests/persistence.test.ts (10 tests) 36ms
 ✓ tests/progressV6.test.ts (15 tests) 87ms
 ✓ tests/server/app.test.ts (18 tests) 181ms
 ✓ tests/companionLevelsV7.test.ts (33 tests) 45ms
 ✓ tests/settings.test.ts (4 tests) 9ms
 ✓ tests/effects.test.ts (7 tests) 27ms
 ✓ tests/audio.test.ts (15 tests) 19ms
 ✓ tests/tray.test.ts (38 tests) 14ms
 ✓ tests/input.test.ts (9 tests) 4ms
 ✓ tests/identity.test.ts (8 tests) 10ms
 ✓ tests/ipcV5.test.ts (7 tests) 8ms
 ✓ tests/packaging.test.ts (16 tests) 6ms
 ✓ tests/heroMenuReadiness.test.ts (3 tests) 5ms
 ✓ tests/server/http.test.ts (9 tests) 6ms
 ✓ tests/ipc.test.ts (61 tests) 19ms
 ✓ tests/anim.test.ts (14 tests) 7ms
 ✓ tests/thefts.test.ts (5 tests) 3ms
 ✓ tests/battle.test.ts (5 tests) 4ms
 ✓ tests/window.test.ts (29 tests) 23ms
 ✓ tests/drag.test.ts (7 tests) 3ms
 ✓ tests/server/pgTransaction.test.ts (6 tests) 9ms
 ✓ tests/deploy.test.ts (7 tests) 5ms
 ✓ tests/rendererInput.test.ts (8 tests) 3ms
 ✓ tests/server/pgStore.test.ts (22 tests) 7ms
 ✓ tests/fsm.test.ts (12 tests) 5ms
 ✓ tests/typeChart.test.ts (4 tests) 6ms
 ✓ tests/scaffold.test.ts (1 test) 1ms
 ✓ tests/bignum.test.ts (7 tests) 4ms
 ✓ tests/expedition.test.ts (16 tests) 5209ms
   ✓ A3 — a full roster releases the boss instead of voiding it (H1/H2) > never swallows a capture draw: every full-roster boss draw emits an event  1322ms
   ✓ A1 — the expedition gauge is display-only and stays out of the way (H2b/H7) > never leaves its declared pixel budget, whatever the depth (H7)  3601ms
 ✓ tests/balance.test.ts (3 tests) 6849ms
   ✓ v0.7 deterministic accounting and gold policy regression > checks 20 exploration seeds across active, warm-idle and intermittent play at 5/15/30 minutes  6805ms

 Test Files  58 passed (58)
      Tests  955 passed (955)
   Start at  02:18:28
   Duration  8.07s (transform 4.64s, setup 0ms, collect 15.07s, tests 22.13s, environment 10ms, prepare 8.13s)


> desmon@0.6.0 lint
> eslint . --max-warnings 0


> desmon@0.6.0 typecheck
> tsc -p tsconfig.main.json --noEmit && tsc -p tsconfig.renderer.json --noEmit && tsc -p tsconfig.test.json

