
> desmon@0.6.0 test
> vitest run

[33mThe CJS build of Vite's Node API is deprecated. See https://vite.dev/guide/troubleshooting.html#vite-cjs-node-api-deprecated for more details.[39m

 RUN  v3.2.7 /Users/jeongyounglee/work/repo/desktop-monster

 ✓ tests/net.test.ts (44 tests) 147ms
 ✓ tests/hero.test.ts (13 tests) 127ms
 ✓ tests/engine.test.ts (45 tests) 243ms
 ✓ tests/loot.test.ts (11 tests) 281ms
 ✓ tests/pvpDirectoryV7.test.ts (20 tests) 99ms
 ✓ tests/sprites.test.ts (34 tests) 240ms
 ✓ tests/renderer.test.ts (104 tests) 209ms
 ✓ tests/codexV7.test.ts (10 tests) 90ms
 ✓ tests/heroJobStudies.test.ts (3 tests) 261ms
 ✓ tests/heroRendering.test.ts (5 tests) 378ms
 ✓ tests/heroForms.test.ts (8 tests) 704ms
   ✓ v0.5 reincarnated hero art > supplies 70 complete registered 14×14 forms with animated idle and attack poses  545ms
 ✓ tests/collection.test.ts (21 tests) 172ms
 ✓ tests/progressionV5.test.ts (12 tests) 99ms
 ✓ tests/heroArtCompatibility.test.ts (2 tests) 59ms
 ✓ tests/progressionV7.test.ts (33 tests) 46ms
 ✓ tests/formulas.test.ts (21 tests) 126ms
 ✓ tests/progressV5.test.ts (12 tests) 78ms
 ✓ tests/menu.test.ts (55 tests) 240ms
 ✓ tests/heroEvolutionStudies.test.ts (2 tests) 54ms
 ✓ tests/discoveryV5.test.ts (8 tests) 31ms
 ✓ tests/server/companionLevelsV7.test.ts (9 tests) 46ms
 ✓ tests/server/app.test.ts (18 tests) 31ms
 ✓ tests/server/opponents.test.ts (10 tests) 33ms
 ✓ tests/server/pvp.test.ts (14 tests) 15ms
 ✓ tests/identity.test.ts (8 tests) 13ms
 ✓ tests/tray.test.ts (38 tests) 16ms
 ✓ tests/audio.test.ts (15 tests) 20ms
 ✓ tests/globalInput.test.ts (20 tests) 21ms
 ✓ tests/progressV6.test.ts (15 tests) 12ms
 ✓ tests/companionLevelsV7.test.ts (33 tests) 13ms
 ✓ tests/save.test.ts (15 tests) 16ms
 ✓ tests/progressV7.test.ts (5 tests) 9ms
 ✓ tests/rendererInput.test.ts (8 tests) 5ms
 ✓ tests/fever.test.ts (4 tests) 12ms
 ✓ tests/settings.test.ts (4 tests) 7ms
 ✓ tests/persistence.test.ts (10 tests) 11ms
 ✓ tests/server/http.test.ts (9 tests) 5ms
 ✓ tests/server/pgTransaction.test.ts (6 tests) 5ms
 ✓ tests/ipc.test.ts (61 tests) 8ms
 ✓ tests/ipcV5.test.ts (7 tests) 7ms
 ✓ tests/effects.test.ts (7 tests) 14ms
 ✓ tests/anim.test.ts (14 tests) 12ms
 ✓ tests/trainingPreview.test.ts (4 tests) 9ms
 ✓ tests/input.test.ts (9 tests) 4ms
 ✓ tests/packaging.test.ts (16 tests) 7ms
 ✓ tests/deploy.test.ts (7 tests) 4ms
 ✓ tests/server/pgStore.test.ts (22 tests) 4ms
 ✓ tests/window.test.ts (29 tests) 4ms
 ✓ tests/fsm.test.ts (12 tests) 3ms
 ✓ tests/typeChart.test.ts (4 tests) 10ms
 ✓ tests/thefts.test.ts (5 tests) 4ms
 ✓ tests/heroMenuReadiness.test.ts (3 tests) 4ms
 ✓ tests/battle.test.ts (5 tests) 5ms
 ✓ tests/drag.test.ts (7 tests) 2ms
 ✓ tests/bignum.test.ts (7 tests) 3ms
 ✓ tests/scaffold.test.ts (1 test) 1ms
 ✓ tests/expedition.test.ts (16 tests) 2954ms
   ✓ A3 — a full roster releases the boss instead of voiding it (H1/H2) > never swallows a capture draw: every full-roster boss draw emits an event  691ms
   ✓ A1 — the expedition gauge is display-only and stays out of the way (H2b/H7) > never leaves its declared pixel budget, whatever the depth (H7)  2149ms
 ✓ tests/balance.test.ts (3 tests) 3988ms
   ✓ v0.7 deterministic accounting and gold policy regression > checks 20 exploration seeds across active, warm-idle and intermittent play at 5/15/30 minutes  3967ms

 Test Files  58 passed (58)
      Tests  943 passed (943)
   Start at  16:04:23
   Duration  4.40s (transform 1.83s, setup 0ms, collect 6.64s, tests 11.02s, environment 6ms, prepare 3.45s)


> desmon@0.6.0 lint
> eslint . --max-warnings 0


> desmon@0.6.0 typecheck
> tsc -p tsconfig.main.json --noEmit && tsc -p tsconfig.renderer.json --noEmit && tsc -p tsconfig.test.json

