
> desmon@0.6.0 test
> vitest run

[33mThe CJS build of Vite's Node API is deprecated. See https://vite.dev/guide/troubleshooting.html#vite-cjs-node-api-deprecated for more details.[39m

 RUN  v3.2.7 /Users/jeongyounglee/work/repo/desktop-monster

 ✓ tests/collection.test.ts (21 tests) 161ms
 ✓ tests/sprites.test.ts (34 tests) 172ms
 ✓ tests/engine.test.ts (45 tests) 386ms
 ✓ tests/loot.test.ts (11 tests) 425ms
 ✓ tests/renderer.test.ts (104 tests) 163ms
 ✓ tests/menu.test.ts (55 tests) 181ms
 ✓ tests/heroRendering.test.ts (5 tests) 277ms
 ✓ tests/heroForms.test.ts (8 tests) 527ms
   ✓ v0.5 reincarnated hero art > supplies 70 complete registered 14×14 forms with animated idle and attack poses  443ms
 ✓ tests/progressionV7.test.ts (45 tests) 566ms
 ✓ tests/codexV7.test.ts (10 tests) 150ms
 ✓ tests/heroJobStudies.test.ts (3 tests) 117ms
 ✓ tests/hero.test.ts (13 tests) 100ms
 ✓ tests/net.test.ts (44 tests) 97ms
 ✓ tests/progressionV5.test.ts (12 tests) 124ms
 ✓ tests/progressV5.test.ts (12 tests) 85ms
 ✓ tests/heroArtCompatibility.test.ts (2 tests) 68ms
 ✓ tests/formulas.test.ts (21 tests) 76ms
 ✓ tests/pvpDirectoryV7.test.ts (20 tests) 149ms
 ✓ tests/heroEvolutionStudies.test.ts (2 tests) 31ms
 ✓ tests/server/companionLevelsV7.test.ts (9 tests) 35ms
 ✓ tests/server/app.test.ts (18 tests) 29ms
 ✓ tests/server/pvp.test.ts (14 tests) 11ms
 ✓ tests/discoveryV5.test.ts (8 tests) 29ms
 ✓ tests/audio.test.ts (15 tests) 35ms
 ✓ tests/server/opponents.test.ts (10 tests) 30ms
 ✓ tests/companionLevelsV7.test.ts (33 tests) 37ms
 ✓ tests/save.test.ts (15 tests) 16ms
 ✓ tests/progressV6.test.ts (15 tests) 29ms
 ✓ tests/globalInput.test.ts (20 tests) 14ms
 ✓ tests/window.test.ts (29 tests) 5ms
 ✓ tests/server/pgTransaction.test.ts (6 tests) 5ms
 ✓ tests/identity.test.ts (8 tests) 9ms
 ✓ tests/fever.test.ts (4 tests) 9ms
 ✓ tests/packaging.test.ts (16 tests) 7ms
 ✓ tests/tray.test.ts (38 tests) 17ms
 ✓ tests/ipc.test.ts (61 tests) 14ms
 ✓ tests/trainingPreview.test.ts (4 tests) 10ms
 ✓ tests/progressV7.test.ts (5 tests) 11ms
 ✓ tests/ipcV5.test.ts (7 tests) 7ms
 ✓ tests/battle.test.ts (5 tests) 4ms
 ✓ tests/persistence.test.ts (10 tests) 8ms
 ✓ tests/settings.test.ts (4 tests) 8ms
 ✓ tests/effects.test.ts (7 tests) 9ms
 ✓ tests/server/http.test.ts (9 tests) 7ms
 ✓ tests/anim.test.ts (14 tests) 8ms
 ✓ tests/server/pgStore.test.ts (22 tests) 6ms
 ✓ tests/typeChart.test.ts (4 tests) 6ms
 ✓ tests/deploy.test.ts (7 tests) 4ms
 ✓ tests/fsm.test.ts (12 tests) 3ms
 ✓ tests/thefts.test.ts (5 tests) 3ms
 ✓ tests/heroMenuReadiness.test.ts (3 tests) 4ms
 ✓ tests/rendererInput.test.ts (8 tests) 3ms
 ✓ tests/input.test.ts (9 tests) 3ms
 ✓ tests/bignum.test.ts (7 tests) 3ms
 ✓ tests/drag.test.ts (7 tests) 3ms
 ✓ tests/scaffold.test.ts (1 test) 1ms
 ✓ tests/expedition.test.ts (16 tests) 2885ms
   ✓ A3 — a full roster releases the boss instead of voiding it (H1/H2) > never swallows a capture draw: every full-roster boss draw emits an event  652ms
   ✓ A1 — the expedition gauge is display-only and stays out of the way (H2b/H7) > never leaves its declared pixel budget, whatever the depth (H7)  2098ms
 ✓ tests/balance.test.ts (3 tests) 3933ms
   ✓ v0.7 deterministic accounting and gold policy regression > checks 20 exploration seeds across active, warm-idle and intermittent play at 5/15/30 minutes  3910ms

 Test Files  58 passed (58)
      Tests  955 passed (955)
   Start at  16:28:41
   Duration  4.38s (transform 1.79s, setup 0ms, collect 6.54s, tests 11.11s, environment 7ms, prepare 3.32s)


> desmon@0.6.0 lint
> eslint . --max-warnings 0


> desmon@0.6.0 typecheck
> tsc -p tsconfig.main.json --noEmit && tsc -p tsconfig.renderer.json --noEmit && tsc -p tsconfig.test.json

