
 RUN  v3.2.7 /Users/jeongyounglee/work/repo/desktop-monster

 ✓ .harness/v7/loop/config.test.ts (12 tests) 11ms
 ✓ .harness/v7/loop/package-check.test.ts (3 tests) 5ms
 ✓ .harness/v7/loop/server-check.test.ts (2 tests) 3ms
 ✓ .harness/v7/loop/evidence.test.ts (3 tests) 29ms
 ✓ .harness/v7/loop/e2e-matrix.test.ts (39 tests) 35ms
 ✓ .harness/v7/loop/e2e.test.ts (14 tests) 57ms
 ✓ .harness/v7/loop/develop.test.ts (11 tests) 527ms
   ✓ v7 phased development journal > CLI records an actual failed registered check, rejects changed logs and resumes the same journal  399ms
 ✓ .harness/v7/loop/fun.test.ts (11 tests) 807ms
   ✓ v7 executable CLI > archives the issued prompt, preserves rejected state, and resumes accepted reports from disk  464ms
 ✓ .harness/v7/loop/audit.test.ts (10 tests) 1330ms
   ✓ evidence-first game audit > resumes the CLI from disk and preserves an audit after a rejected submission  648ms
 ✓ .harness/v7/loop/measure.test.ts (27 tests) 5472ms
   ✓ v7 measurement contract > recomputes complete raw seed evidence and rejects duplicate/missing/forged results  313ms
   ✓ v7 measurement contract > requires phase-specific acceptance instead of accepting any structurally valid report  609ms
   ✓ v7 measurement contract > accepts a passing release only with every registered policy and validation seed  2079ms
   ✓ v7 preregistered experiment execution > preserves baseline execution while refusing new experiments under the historical schema  390ms
   ✓ official protocol execution boundary > enforces the official snapshot at CLI verify while preserving historical structural comparisons  521ms

 Test Files  10 passed (10)
      Tests  132 passed (132)
   Start at  13:57:19
   Duration  5.96s (transform 656ms, setup 0ms, collect 1.54s, tests 8.28s, environment 1ms, prepare 635ms)

