
> desmon@0.6.0 test
> vitest run

[33mThe CJS build of Vite's Node API is deprecated. See https://vite.dev/guide/troubleshooting.html#vite-cjs-node-api-deprecated for more details.[39m

 RUN  v3.2.7 /Users/jeongyounglee/work/repo/desktop-monster

 ✓ tests/progressionV5.test.ts (12 tests) 129ms
 ✓ tests/collection.test.ts (21 tests) 140ms
 ✓ tests/engine.test.ts (37 tests) 300ms
 ✓ tests/loot.test.ts (11 tests) 389ms
 ✓ tests/sprites.test.ts (34 tests) 310ms
 ✓ tests/net.test.ts (44 tests) 151ms
 ✓ tests/renderer.test.ts (104 tests) 278ms
 ✓ tests/heroJobStudies.test.ts (3 tests) 238ms
 ✓ tests/heroRendering.test.ts (5 tests) 470ms
 ✓ tests/menu.test.ts (55 tests) 208ms
 ✓ tests/formulas.test.ts (21 tests) 69ms
 ✓ tests/heroForms.test.ts (8 tests) 774ms
   ✓ v0.5 reincarnated hero art > supplies 70 complete registered 14×14 forms with animated idle and attack poses  683ms
 ✓ tests/server/companionLevelsV7.test.ts (9 tests) 49ms
 ✓ tests/heroArtCompatibility.test.ts (2 tests) 64ms
 ✓ tests/hero.test.ts (13 tests) 185ms
 ✓ tests/pvpDirectoryV7.test.ts (20 tests) 86ms
 ✓ tests/progressionV7.test.ts (33 tests) 51ms
 ✓ tests/save.test.ts (15 tests) 13ms
 ✓ tests/heroEvolutionStudies.test.ts (2 tests) 50ms
 ✓ tests/progressV5.test.ts (12 tests) 85ms
 ✓ tests/codexV7.test.ts (10 tests) 149ms
 ✓ tests/discoveryV5.test.ts (8 tests) 26ms
 ✓ tests/server/opponents.test.ts (10 tests) 29ms
 ✓ tests/server/app.test.ts (18 tests) 34ms
 ✓ tests/tray.test.ts (38 tests) 17ms
 ✓ tests/progressV6.test.ts (15 tests) 14ms
 ✓ tests/anim.test.ts (14 tests) 7ms
 ✓ tests/audio.test.ts (15 tests) 15ms
 ✓ tests/persistence.test.ts (10 tests) 8ms
 ✓ tests/server/pvp.test.ts (14 tests) 13ms
 ✓ tests/companionLevelsV7.test.ts (20 tests) 11ms
 ✓ tests/globalInput.test.ts (20 tests) 16ms
 ✓ tests/identity.test.ts (8 tests) 9ms
 ✓ tests/ipc.test.ts (61 tests) 9ms
 ✓ tests/fever.test.ts (4 tests) 9ms
 ✓ tests/packaging.test.ts (16 tests) 7ms
 ✓ tests/effects.test.ts (7 tests) 8ms
 ✓ tests/progressV7.test.ts (5 tests) 8ms
 ✓ tests/settings.test.ts (4 tests) 9ms
 ✓ tests/trainingPreview.test.ts (4 tests) 8ms
 ✓ tests/thefts.test.ts (5 tests) 6ms
 ✓ tests/ipcV5.test.ts (7 tests) 15ms
 ✓ tests/server/http.test.ts (9 tests) 8ms
 ✓ tests/server/pgTransaction.test.ts (6 tests) 5ms
 ✓ tests/heroMenuReadiness.test.ts (3 tests) 4ms
 ✓ tests/typeChart.test.ts (4 tests) 4ms
 ✓ tests/input.test.ts (9 tests) 3ms
 ✓ tests/server/pgStore.test.ts (22 tests) 6ms
 ✓ tests/window.test.ts (29 tests) 4ms
 ✓ tests/drag.test.ts (7 tests) 3ms
 ✓ tests/deploy.test.ts (7 tests) 5ms
 ✓ tests/battle.test.ts (5 tests) 4ms
 ✓ tests/fsm.test.ts (12 tests) 3ms
 ✓ tests/rendererInput.test.ts (8 tests) 3ms
 ✓ tests/scaffold.test.ts (1 test) 1ms
 ✓ tests/bignum.test.ts (7 tests) 2ms
 ✓ tests/expedition.test.ts (16 tests) 3085ms
   ✓ A3 — a full roster releases the boss instead of voiding it (H1/H2) > never swallows a capture draw: every full-roster boss draw emits an event  722ms
   ✓ A1 — the expedition gauge is display-only and stays out of the way (H2b/H7) > never leaves its declared pixel budget, whatever the depth (H7)  2226ms
 ✓ tests/balance.test.ts (3 tests) 4097ms
   ✓ v0.7 deterministic accounting and gold policy regression > checks 20 exploration seeds across active, warm-idle and intermittent play at 5/15/30 minutes  4074ms

 Test Files  58 passed (58)
      Tests  922 passed (922)
   Start at  14:59:19
   Duration  4.50s (transform 2.11s, setup 0ms, collect 7.25s, tests 11.70s, environment 6ms, prepare 3.66s)


> desmon@0.6.0 lint
> eslint . --max-warnings 0


> desmon@0.6.0 typecheck
> tsc -p tsconfig.main.json --noEmit && tsc -p tsconfig.renderer.json --noEmit && tsc -p tsconfig.test.json

