
> desmon@0.6.0 test
> vitest run

[33mThe CJS build of Vite's Node API is deprecated. See https://vite.dev/guide/troubleshooting.html#vite-cjs-node-api-deprecated for more details.[39m

 RUN  v3.2.7 /Users/jeongyounglee/work/repo/desktop-monster

 ✓ tests/collection.test.ts (21 tests) 245ms
 ✓ tests/hero.test.ts (13 tests) 346ms
 ✓ tests/codexV7.test.ts (10 tests) 108ms
 ✓ tests/sprites.test.ts (34 tests) 192ms
 ✓ tests/renderer.test.ts (104 tests) 324ms
 ✓ tests/loot.test.ts (11 tests) 653ms
   ✓ mulberry32 deterministic RNG (SPEC F06, Assumption 15) > outputs stay in [0, 1) and are roughly uniform over 10000 draws  398ms
 ✓ tests/menu.test.ts (55 tests) 360ms
 ✓ tests/heroRendering.test.ts (5 tests) 514ms
 ✓ tests/progressionV5.test.ts (12 tests) 156ms
 ✓ tests/heroArtCompatibility.test.ts (2 tests) 94ms
 ✓ tests/heroJobStudies.test.ts (3 tests) 250ms
 ✓ tests/heroForms.test.ts (8 tests) 918ms
   ✓ v0.5 reincarnated hero art > supplies 70 complete registered 14×14 forms with animated idle and attack poses  823ms
 ✓ tests/net.test.ts (44 tests) 179ms
 ✓ tests/progressV5.test.ts (12 tests) 60ms
 ✓ tests/progressV6.test.ts (15 tests) 16ms
 ✓ tests/server/app.test.ts (18 tests) 30ms
 ✓ tests/server/companionLevelsV7.test.ts (9 tests) 80ms
 ✓ tests/server/opponents.test.ts (10 tests) 30ms
 ✓ tests/heroEvolutionStudies.test.ts (2 tests) 42ms
 ✓ tests/pvpDirectoryV7.test.ts (20 tests) 263ms
 ✓ tests/formulas.test.ts (21 tests) 183ms
 ✓ tests/save.test.ts (15 tests) 17ms
 ✓ tests/persistence.test.ts (10 tests) 13ms
 ✓ tests/companionLevelsV7.test.ts (33 tests) 50ms
 ✓ tests/progressionV7.test.ts (45 tests) 517ms
 ✓ tests/engine.test.ts (45 tests) 612ms
   ✓ attack engine (SPEC F06/F07/F08, Assumption 8) > a boss kill rolls capture after loot and emits bossCaptured with a c-prefixed id at 35 percent  326ms
 ✓ tests/server/pvp.test.ts (14 tests) 46ms
 ✓ tests/window.test.ts (29 tests) 6ms
 ✓ tests/discoveryV5.test.ts (8 tests) 40ms
 ✓ tests/effects.test.ts (7 tests) 11ms
 ✓ tests/tray.test.ts (38 tests) 26ms
 ✓ tests/globalInput.test.ts (20 tests) 15ms
 ✓ tests/ipc.test.ts (61 tests) 12ms
 ✓ tests/audio.test.ts (15 tests) 22ms
 ✓ tests/progressV7.test.ts (5 tests) 17ms
 ✓ tests/settings.test.ts (4 tests) 12ms
 ✓ tests/fever.test.ts (4 tests) 14ms
 ✓ tests/server/pgTransaction.test.ts (6 tests) 5ms
 ✓ tests/identity.test.ts (8 tests) 11ms
 ✓ tests/trainingPreview.test.ts (4 tests) 7ms
 ✓ tests/server/pgStore.test.ts (22 tests) 4ms
 ✓ tests/ipcV5.test.ts (7 tests) 12ms
 ✓ tests/packaging.test.ts (16 tests) 9ms
 ✓ tests/anim.test.ts (14 tests) 10ms
 ✓ tests/typeChart.test.ts (4 tests) 8ms
 ✓ tests/server/http.test.ts (9 tests) 9ms
 ✓ tests/deploy.test.ts (7 tests) 5ms
 ✓ tests/fsm.test.ts (12 tests) 7ms
 ✓ tests/battle.test.ts (5 tests) 5ms
 ✓ tests/heroMenuReadiness.test.ts (3 tests) 5ms
 ✓ tests/input.test.ts (9 tests) 3ms
 ✓ tests/bignum.test.ts (7 tests) 3ms
 ✓ tests/drag.test.ts (7 tests) 4ms
 ✓ tests/rendererInput.test.ts (8 tests) 4ms
 ✓ tests/thefts.test.ts (5 tests) 5ms
 ✓ tests/scaffold.test.ts (1 test) 2ms
 ✓ tests/balance.test.ts (3 tests) 4362ms
   ✓ v0.7 deterministic accounting and gold policy regression > checks 20 exploration seeds across active, warm-idle and intermittent play at 5/15/30 minutes  4335ms
 ✓ tests/expedition.test.ts (16 tests) 5424ms
   ✓ A3 — a full roster releases the boss instead of voiding it (H1/H2) > never swallows a capture draw: every full-roster boss draw emits an event  811ms
   ✓ A1 — the expedition gauge is display-only and stays out of the way (H2b/H7) > never leaves its declared pixel budget, whatever the depth (H7)  4506ms

 Test Files  58 passed (58)
      Tests  955 passed (955)
   Start at  02:39:25
   Duration  6.15s (transform 2.33s, setup 0ms, collect 7.91s, tests 16.38s, environment 9ms, prepare 4.79s)


> desmon@0.6.0 lint
> eslint . --max-warnings 0


> desmon@0.6.0 typecheck
> tsc -p tsconfig.main.json --noEmit && tsc -p tsconfig.renderer.json --noEmit && tsc -p tsconfig.test.json

