
> desmon@0.6.0 test
> vitest run

[33mThe CJS build of Vite's Node API is deprecated. See https://vite.dev/guide/troubleshooting.html#vite-cjs-node-api-deprecated for more details.[39m

 RUN  v3.2.7 /Users/jeongyounglee/work/repo/desktop-monster

 ✓ tests/collection.test.ts (21 tests) 210ms
 ✓ tests/engine.test.ts (45 tests) 426ms
 ✓ tests/loot.test.ts (11 tests) 461ms
 ✓ tests/progressionV7.test.ts (45 tests) 517ms
 ✓ tests/renderer.test.ts (104 tests) 272ms
 ✓ tests/sprites.test.ts (34 tests) 337ms
 ✓ tests/menu.test.ts (55 tests) 188ms
 ✓ tests/hero.test.ts (13 tests) 149ms
 ✓ tests/heroRendering.test.ts (5 tests) 416ms
 ✓ tests/net.test.ts (44 tests) 140ms
 ✓ tests/heroJobStudies.test.ts (3 tests) 148ms
 ✓ tests/heroForms.test.ts (8 tests) 882ms
   ✓ v0.5 reincarnated hero art > supplies 70 complete registered 14×14 forms with animated idle and attack poses  748ms
 ✓ tests/server/companionLevelsV7.test.ts (9 tests) 45ms
 ✓ tests/formulas.test.ts (21 tests) 114ms
 ✓ tests/progressionV5.test.ts (12 tests) 173ms
 ✓ tests/progressV5.test.ts (12 tests) 45ms
 ✓ tests/pvpDirectoryV7.test.ts (20 tests) 220ms
 ✓ tests/heroArtCompatibility.test.ts (2 tests) 103ms
 ✓ tests/server/opponents.test.ts (10 tests) 25ms
 ✓ tests/server/app.test.ts (18 tests) 53ms
 ✓ tests/window.test.ts (29 tests) 9ms
 ✓ tests/companionLevelsV7.test.ts (33 tests) 44ms
 ✓ tests/heroEvolutionStudies.test.ts (2 tests) 60ms
 ✓ tests/discoveryV5.test.ts (8 tests) 34ms
 ✓ tests/tray.test.ts (38 tests) 14ms
 ✓ tests/codexV7.test.ts (10 tests) 182ms
 ✓ tests/audio.test.ts (15 tests) 17ms
 ✓ tests/save.test.ts (15 tests) 15ms
 ✓ tests/globalInput.test.ts (20 tests) 12ms
 ✓ tests/identity.test.ts (8 tests) 10ms
 ✓ tests/persistence.test.ts (10 tests) 11ms
 ✓ tests/progressV6.test.ts (15 tests) 14ms
 ✓ tests/settings.test.ts (4 tests) 10ms
 ✓ tests/server/pvp.test.ts (14 tests) 14ms
 ✓ tests/anim.test.ts (14 tests) 17ms
 ✓ tests/ipcV5.test.ts (7 tests) 11ms
 ✓ tests/ipc.test.ts (61 tests) 14ms
 ✓ tests/packaging.test.ts (16 tests) 10ms
 ✓ tests/fever.test.ts (4 tests) 13ms
 ✓ tests/trainingPreview.test.ts (4 tests) 9ms
 ✓ tests/progressV7.test.ts (5 tests) 11ms
 ✓ tests/bignum.test.ts (7 tests) 4ms
 ✓ tests/server/pgTransaction.test.ts (6 tests) 6ms
 ✓ tests/server/http.test.ts (9 tests) 9ms
 ✓ tests/effects.test.ts (7 tests) 11ms
 ✓ tests/server/pgStore.test.ts (22 tests) 6ms
 ✓ tests/typeChart.test.ts (4 tests) 10ms
 ✓ tests/fsm.test.ts (12 tests) 5ms
 ✓ tests/drag.test.ts (7 tests) 4ms
 ✓ tests/heroMenuReadiness.test.ts (3 tests) 6ms
 ✓ tests/rendererInput.test.ts (8 tests) 7ms
 ✓ tests/thefts.test.ts (5 tests) 4ms
 ✓ tests/battle.test.ts (5 tests) 4ms
 ✓ tests/deploy.test.ts (7 tests) 4ms
 ✓ tests/input.test.ts (9 tests) 4ms
 ✓ tests/scaffold.test.ts (1 test) 1ms
 ✓ tests/expedition.test.ts (16 tests) 3175ms
   ✓ A3 — a full roster releases the boss instead of voiding it (H1/H2) > never swallows a capture draw: every full-roster boss draw emits an event  717ms
   ✓ A1 — the expedition gauge is display-only and stays out of the way (H2b/H7) > never leaves its declared pixel budget, whatever the depth (H7)  2276ms
 ✓ tests/balance.test.ts (3 tests) 4371ms
   ✓ v0.7 deterministic accounting and gold policy regression > checks 20 exploration seeds across active, warm-idle and intermittent play at 5/15/30 minutes  4347ms

 Test Files  58 passed (58)
      Tests  955 passed (955)
   Start at  02:17:37
   Duration  4.87s (transform 1.96s, setup 0ms, collect 7.20s, tests 13.09s, environment 8ms, prepare 3.96s)


> desmon@0.6.0 lint
> eslint . --max-warnings 0


> desmon@0.6.0 typecheck
> tsc -p tsconfig.main.json --noEmit && tsc -p tsconfig.renderer.json --noEmit && tsc -p tsconfig.test.json

