
> desmon@0.6.0 test
> vitest run

[33mThe CJS build of Vite's Node API is deprecated. See https://vite.dev/guide/troubleshooting.html#vite-cjs-node-api-deprecated for more details.[39m

 RUN  v3.2.7 /Users/jeongyounglee/work/repo/desktop-monster

 ✓ tests/heroJobStudies.test.ts (3 tests) 131ms
 ✓ tests/hero.test.ts (13 tests) 138ms
 ✓ tests/loot.test.ts (11 tests) 274ms
 ✓ tests/engine.test.ts (45 tests) 269ms
 ✓ tests/progressionV7.test.ts (45 tests) 543ms
 ✓ tests/renderer.test.ts (104 tests) 217ms
 ✓ tests/progressionV5.test.ts (12 tests) 115ms
 ✓ tests/menu.test.ts (55 tests) 222ms
 ✓ tests/net.test.ts (44 tests) 142ms
 ✓ tests/heroForms.test.ts (8 tests) 728ms
   ✓ v0.5 reincarnated hero art > supplies 70 complete registered 14×14 forms with animated idle and attack poses  557ms
 ✓ tests/heroRendering.test.ts (5 tests) 388ms
 ✓ tests/collection.test.ts (21 tests) 253ms
 ✓ tests/sprites.test.ts (34 tests) 289ms
 ✓ tests/formulas.test.ts (21 tests) 108ms
 ✓ tests/progressV5.test.ts (12 tests) 65ms
 ✓ tests/heroArtCompatibility.test.ts (2 tests) 63ms
 ✓ tests/heroEvolutionStudies.test.ts (2 tests) 45ms
 ✓ tests/pvpDirectoryV7.test.ts (20 tests) 96ms
 ✓ tests/codexV7.test.ts (10 tests) 113ms
 ✓ tests/server/opponents.test.ts (10 tests) 54ms
 ✓ tests/server/companionLevelsV7.test.ts (9 tests) 73ms
 ✓ tests/discoveryV5.test.ts (8 tests) 75ms
 ✓ tests/server/app.test.ts (18 tests) 32ms
 ✓ tests/progressV6.test.ts (15 tests) 15ms
 ✓ tests/server/pvp.test.ts (14 tests) 36ms
 ✓ tests/tray.test.ts (38 tests) 26ms
 ✓ tests/audio.test.ts (15 tests) 26ms
 ✓ tests/server/pgStore.test.ts (22 tests) 6ms
 ✓ tests/save.test.ts (15 tests) 16ms
 ✓ tests/globalInput.test.ts (20 tests) 13ms
 ✓ tests/companionLevelsV7.test.ts (33 tests) 36ms
 ✓ tests/identity.test.ts (8 tests) 11ms
 ✓ tests/packaging.test.ts (16 tests) 14ms
 ✓ tests/persistence.test.ts (10 tests) 21ms
 ✓ tests/ipcV5.test.ts (7 tests) 7ms
 ✓ tests/window.test.ts (29 tests) 20ms
 ✓ tests/settings.test.ts (4 tests) 12ms
 ✓ tests/anim.test.ts (14 tests) 8ms
 ✓ tests/ipc.test.ts (61 tests) 16ms
 ✓ tests/fever.test.ts (4 tests) 11ms
 ✓ tests/effects.test.ts (7 tests) 9ms
 ✓ tests/heroMenuReadiness.test.ts (3 tests) 4ms
 ✓ tests/server/http.test.ts (9 tests) 5ms
 ✓ tests/progressV7.test.ts (5 tests) 14ms
 ✓ tests/trainingPreview.test.ts (4 tests) 7ms
 ✓ tests/scaffold.test.ts (1 test) 1ms
 ✓ tests/typeChart.test.ts (4 tests) 5ms
 ✓ tests/server/pgTransaction.test.ts (6 tests) 8ms
 ✓ tests/fsm.test.ts (12 tests) 4ms
 ✓ tests/battle.test.ts (5 tests) 14ms
 ✓ tests/bignum.test.ts (7 tests) 3ms
 ✓ tests/drag.test.ts (7 tests) 3ms
 ✓ tests/deploy.test.ts (7 tests) 3ms
 ✓ tests/thefts.test.ts (5 tests) 4ms
 ✓ tests/rendererInput.test.ts (8 tests) 4ms
 ✓ tests/input.test.ts (9 tests) 3ms
 ✓ tests/expedition.test.ts (16 tests) 3132ms
   ✓ A3 — a full roster releases the boss instead of voiding it (H1/H2) > never swallows a capture draw: every full-roster boss draw emits an event  761ms
   ✓ A1 — the expedition gauge is display-only and stays out of the way (H2b/H7) > never leaves its declared pixel budget, whatever the depth (H7)  2289ms
 ✓ tests/balance.test.ts (3 tests) 4128ms
   ✓ v0.7 deterministic accounting and gold policy regression > checks 20 exploration seeds across active, warm-idle and intermittent play at 5/15/30 minutes  4105ms

 Test Files  58 passed (58)
      Tests  955 passed (955)
   Start at  17:00:19
   Duration  4.57s (transform 1.98s, setup 0ms, collect 7.06s, tests 12.08s, environment 6ms, prepare 3.75s)


> desmon@0.6.0 lint
> eslint . --max-warnings 0


> desmon@0.6.0 typecheck
> tsc -p tsconfig.main.json --noEmit && tsc -p tsconfig.renderer.json --noEmit && tsc -p tsconfig.test.json

