
 RUN  v3.2.7 /Users/jeongyounglee/work/repo/desktop-monster

 ✓ .harness/v7/loop/config.test.ts (5 tests) 6ms
 ✓ .harness/v7/loop/server-check.test.ts (2 tests) 3ms
 ✓ .harness/v7/loop/package-check.test.ts (3 tests) 7ms
 ✓ .harness/v7/loop/evidence.test.ts (3 tests) 30ms
 ✓ .harness/v7/loop/e2e-matrix.test.ts (39 tests) 31ms
 ✓ .harness/v7/loop/e2e.test.ts (13 tests) 60ms
 ✓ .harness/v7/loop/develop.test.ts (11 tests) 525ms
   ✓ v7 phased development journal > CLI records an actual failed registered check, rejects changed logs and resumes the same journal  415ms
 ✓ .harness/v7/loop/fun.test.ts (11 tests) 844ms
   ✓ v7 executable CLI > archives the issued prompt, preserves rejected state, and resumes accepted reports from disk  496ms
 ✓ .harness/v7/loop/audit.test.ts (10 tests) 1436ms
   ✓ evidence-first game audit > resumes the CLI from disk and preserves an audit after a rejected submission  692ms
 ✓ .harness/v7/loop/measure.test.ts (27 tests) 5404ms
   ✓ v7 measurement contract > recomputes complete raw seed evidence and rejects duplicate/missing/forged results  308ms
   ✓ v7 measurement contract > requires phase-specific acceptance instead of accepting any structurally valid report  601ms
   ✓ v7 measurement contract > accepts a passing release only with every registered policy and validation seed  2060ms
   ✓ v7 preregistered experiment execution > preserves baseline execution while refusing new experiments under the historical schema  387ms
   ✓ official protocol execution boundary > enforces the official snapshot at CLI verify while preserving historical structural comparisons  514ms

 Test Files  10 passed (10)
      Tests  124 passed (124)
   Start at  12:20:21
   Duration  5.93s (transform 656ms, setup 0ms, collect 1.44s, tests 8.34s, environment 1ms, prepare 670ms)

