
> desmon@0.7.0 test
> vitest run

[33mThe CJS build of Vite's Node API is deprecated. See https://vite.dev/guide/troubleshooting.html#vite-cjs-node-api-deprecated for more details.[39m

 RUN  v3.2.7 /Users/jeongyounglee/work/repo/desktop-monster

 ✓ tests/tray.test.ts (38 tests) 16ms
 ✓ tests/hero.test.ts (13 tests) 210ms
 ✓ tests/loot.test.ts (11 tests) 299ms
 ✓ tests/engine.test.ts (45 tests) 316ms
 ✓ tests/sprites.test.ts (34 tests) 138ms
 ✓ tests/progressionV7.test.ts (45 tests) 525ms
 ✓ tests/renderer.test.ts (104 tests) 156ms
 ✓ tests/heroRendering.test.ts (5 tests) 249ms
 ✓ tests/heroForms.test.ts (8 tests) 551ms
   ✓ v0.5 reincarnated hero art > supplies 70 complete registered 14×14 forms with animated idle and attack poses  458ms
 ✓ tests/collection.test.ts (21 tests) 158ms
 ✓ tests/menu.test.ts (55 tests) 192ms
 ✓ tests/net.test.ts (44 tests) 116ms
 ✓ tests/progressionV5.test.ts (12 tests) 122ms
 ✓ tests/codexV7.test.ts (10 tests) 168ms
 ✓ tests/heroJobStudies.test.ts (3 tests) 157ms
 ✓ tests/formulas.test.ts (21 tests) 78ms
 ✓ tests/heroArtCompatibility.test.ts (2 tests) 58ms
 ✓ tests/progressV5.test.ts (12 tests) 74ms
 ✓ tests/pvpDirectoryV7.test.ts (20 tests) 154ms
 ✓ tests/server/companionLevelsV7.test.ts (9 tests) 79ms
 ✓ tests/discoveryV5.test.ts (8 tests) 22ms
 ✓ tests/server/app.test.ts (18 tests) 30ms
 ✓ tests/heroEvolutionStudies.test.ts (2 tests) 35ms
 ✓ tests/server/opponents.test.ts (10 tests) 22ms
 ✓ tests/companionLevelsV7.test.ts (33 tests) 30ms
 ✓ tests/persistence.test.ts (10 tests) 22ms
 ✓ tests/trainingPreview.test.ts (4 tests) 9ms
 ✓ tests/globalInput.test.ts (20 tests) 15ms
 ✓ tests/effects.test.ts (7 tests) 8ms
 ✓ tests/audio.test.ts (15 tests) 15ms
 ✓ tests/anim.test.ts (14 tests) 7ms
 ✓ tests/progressV6.test.ts (15 tests) 12ms
 ✓ tests/ipc.test.ts (61 tests) 12ms
 ✓ tests/save.test.ts (15 tests) 20ms
 ✓ tests/fever.test.ts (4 tests) 8ms
 ✓ tests/server/pvp.test.ts (14 tests) 17ms
 ✓ tests/deploy.test.ts (7 tests) 4ms
 ✓ tests/settings.test.ts (4 tests) 16ms
 ✓ tests/identity.test.ts (8 tests) 10ms
 ✓ tests/progressV7.test.ts (5 tests) 10ms
 ✓ tests/server/http.test.ts (9 tests) 6ms
 ✓ tests/ipcV5.test.ts (7 tests) 7ms
 ✓ tests/packaging.test.ts (16 tests) 8ms
 ✓ tests/battle.test.ts (5 tests) 4ms
 ✓ tests/server/pgStore.test.ts (22 tests) 6ms
 ✓ tests/window.test.ts (29 tests) 9ms
 ✓ tests/typeChart.test.ts (4 tests) 6ms
 ✓ tests/server/pgTransaction.test.ts (6 tests) 5ms
 ✓ tests/bignum.test.ts (7 tests) 3ms
 ✓ tests/thefts.test.ts (5 tests) 5ms
 ✓ tests/drag.test.ts (7 tests) 2ms
 ✓ tests/fsm.test.ts (12 tests) 3ms
 ✓ tests/heroMenuReadiness.test.ts (3 tests) 4ms
 ✓ tests/rendererInput.test.ts (8 tests) 3ms
 ✓ tests/input.test.ts (9 tests) 3ms
 ✓ tests/scaffold.test.ts (1 test) 1ms
 ✓ tests/balance.test.ts (3 tests) 3528ms
   ✓ v0.7 deterministic accounting and gold policy regression > checks 20 exploration seeds across active, warm-idle and intermittent play at 5/15/30 minutes  3506ms
 ✓ tests/expedition.test.ts (16 tests) 4553ms
   ✓ A3 — a full roster releases the boss instead of voiding it (H1/H2) > never swallows a capture draw: every full-roster boss draw emits an event  508ms
   ✓ A1 — the expedition gauge is display-only and stays out of the way (H2b/H7) > never leaves its declared pixel budget, whatever the depth (H7)  3925ms

 Test Files  58 passed (58)
      Tests  955 passed (955)
   Start at  03:10:17
   Duration  5.30s (transform 1.96s, setup 0ms, collect 7.09s, tests 12.30s, environment 6ms, prepare 3.49s)


> desmon@0.7.0 lint
> eslint . --max-warnings 0


> desmon@0.7.0 typecheck
> tsc -p tsconfig.main.json --noEmit && tsc -p tsconfig.renderer.json --noEmit && tsc -p tsconfig.test.json

