
> desmon@0.7.0 test
> vitest run

[33mThe CJS build of Vite's Node API is deprecated. See https://vite.dev/guide/troubleshooting.html#vite-cjs-node-api-deprecated for more details.[39m

 RUN  v3.2.7 /Users/jeongyounglee/work/repo/desktop-monster

 ✓ tests/collection.test.ts (21 tests) 216ms
 ✓ tests/hero.test.ts (13 tests) 280ms
 ✓ tests/loot.test.ts (11 tests) 506ms
 ✓ tests/engine.test.ts (45 tests) 529ms
 ✓ tests/progressionV7.test.ts (45 tests) 589ms
 ✓ tests/renderer.test.ts (104 tests) 156ms
 ✓ tests/heroJobStudies.test.ts (3 tests) 155ms
 ✓ tests/menu.test.ts (55 tests) 144ms
 ✓ tests/heroRendering.test.ts (5 tests) 339ms
 ✓ tests/sprites.test.ts (34 tests) 215ms
 ✓ tests/heroForms.test.ts (8 tests) 758ms
   ✓ v0.5 reincarnated hero art > supplies 70 complete registered 14×14 forms with animated idle and attack poses  566ms
 ✓ tests/codexV7.test.ts (10 tests) 78ms
 ✓ tests/progressionV5.test.ts (12 tests) 121ms
 ✓ tests/pvpDirectoryV7.test.ts (20 tests) 152ms
 ✓ tests/net.test.ts (44 tests) 156ms
 ✓ tests/server/companionLevelsV7.test.ts (9 tests) 41ms
 ✓ tests/formulas.test.ts (21 tests) 89ms
 ✓ tests/heroArtCompatibility.test.ts (2 tests) 90ms
 ✓ tests/discoveryV5.test.ts (8 tests) 19ms
 ✓ tests/heroEvolutionStudies.test.ts (2 tests) 30ms
 ✓ tests/progressV5.test.ts (12 tests) 47ms
 ✓ tests/server/app.test.ts (18 tests) 21ms
 ✓ tests/companionLevelsV7.test.ts (33 tests) 20ms
 ✓ tests/audio.test.ts (15 tests) 16ms
 ✓ tests/globalInput.test.ts (20 tests) 15ms
 ✓ tests/server/opponents.test.ts (10 tests) 30ms
 ✓ tests/fever.test.ts (4 tests) 9ms
 ✓ tests/server/pvp.test.ts (14 tests) 19ms
 ✓ tests/tray.test.ts (38 tests) 20ms
 ✓ tests/save.test.ts (15 tests) 14ms
 ✓ tests/identity.test.ts (8 tests) 13ms
 ✓ tests/persistence.test.ts (10 tests) 19ms
 ✓ tests/progressV6.test.ts (15 tests) 13ms
 ✓ tests/progressV7.test.ts (5 tests) 9ms
 ✓ tests/effects.test.ts (7 tests) 7ms
 ✓ tests/drag.test.ts (7 tests) 2ms
 ✓ tests/server/http.test.ts (9 tests) 5ms
 ✓ tests/packaging.test.ts (16 tests) 6ms
 ✓ tests/settings.test.ts (4 tests) 9ms
 ✓ tests/server/pgTransaction.test.ts (6 tests) 5ms
 ✓ tests/trainingPreview.test.ts (4 tests) 11ms
 ✓ tests/ipcV5.test.ts (7 tests) 7ms
 ✓ tests/ipc.test.ts (61 tests) 10ms
 ✓ tests/anim.test.ts (14 tests) 13ms
 ✓ tests/server/pgStore.test.ts (22 tests) 5ms
 ✓ tests/deploy.test.ts (7 tests) 4ms
 ✓ tests/rendererInput.test.ts (8 tests) 4ms
 ✓ tests/thefts.test.ts (5 tests) 3ms
 ✓ tests/heroMenuReadiness.test.ts (3 tests) 5ms
 ✓ tests/window.test.ts (29 tests) 4ms
 ✓ tests/typeChart.test.ts (4 tests) 4ms
 ✓ tests/battle.test.ts (5 tests) 15ms
 ✓ tests/fsm.test.ts (12 tests) 7ms
 ✓ tests/input.test.ts (9 tests) 4ms
 ✓ tests/bignum.test.ts (7 tests) 2ms
 ✓ tests/scaffold.test.ts (1 test) 1ms
 ✓ tests/balance.test.ts (3 tests) 3880ms
   ✓ v0.7 deterministic accounting and gold policy regression > checks 20 exploration seeds across active, warm-idle and intermittent play at 5/15/30 minutes  3855ms
 ✓ tests/expedition.test.ts (16 tests) 4834ms
   ✓ A3 — a full roster releases the boss instead of voiding it (H1/H2) > never swallows a capture draw: every full-roster boss draw emits an event  608ms
   ✓ A1 — the expedition gauge is display-only and stays out of the way (H2b/H7) > never leaves its declared pixel budget, whatever the depth (H7)  4156ms

 Test Files  58 passed (58)
      Tests  955 passed (955)
   Start at  13:15:34
   Duration  5.67s (transform 2.17s, setup 0ms, collect 7.53s, tests 13.78s, environment 10ms, prepare 3.69s)


> desmon@0.7.0 lint
> eslint . --max-warnings 0


> desmon@0.7.0 typecheck
> tsc -p tsconfig.main.json --noEmit && tsc -p tsconfig.renderer.json --noEmit && tsc -p tsconfig.test.json

