
> desmon@0.6.0 test
> vitest run

[33mThe CJS build of Vite's Node API is deprecated. See https://vite.dev/guide/troubleshooting.html#vite-cjs-node-api-deprecated for more details.[39m

 RUN  v3.2.7 /Users/jeongyounglee/work/repo/desktop-monster

 ✓ tests/heroJobStudies.test.ts (3 tests) 126ms
 ✓ tests/hero.test.ts (13 tests) 129ms
 ✓ tests/collection.test.ts (21 tests) 156ms
 ✓ tests/engine.test.ts (35 tests) 409ms
 ✓ tests/loot.test.ts (11 tests) 421ms
 ✓ tests/sprites.test.ts (34 tests) 121ms
 ✓ tests/renderer.test.ts (104 tests) 128ms
 ✓ tests/progressionV5.test.ts (12 tests) 95ms
 ✓ tests/net.test.ts (44 tests) 117ms
 ✓ tests/heroRendering.test.ts (5 tests) 258ms
 ✓ tests/heroForms.test.ts (8 tests) 713ms
   ✓ v0.5 reincarnated hero art > supplies 70 complete registered 14×14 forms with animated idle and attack poses  591ms
 ✓ tests/progressV5.test.ts (12 tests) 37ms
 ✓ tests/heroArtCompatibility.test.ts (2 tests) 57ms
 ✓ tests/heroEvolutionStudies.test.ts (2 tests) 32ms
 ✓ tests/server/companionLevelsV7.test.ts (9 tests) 64ms
 ✓ tests/formulas.test.ts (15 tests) 44ms
 ✓ tests/menu.test.ts (55 tests) 182ms
 ✓ tests/discoveryV5.test.ts (8 tests) 20ms
 ✓ tests/globalInput.test.ts (20 tests) 14ms
 ✓ tests/server/app.test.ts (18 tests) 52ms
 ✓ tests/server/opponents.test.ts (10 tests) 30ms
 ✓ tests/ipcV5.test.ts (6 tests) 8ms
 ✓ tests/server/pvp.test.ts (14 tests) 14ms
 ✓ tests/tray.test.ts (38 tests) 16ms
 ✓ tests/audio.test.ts (15 tests) 27ms
 ✓ tests/save.test.ts (15 tests) 14ms
 ✓ tests/progressV6.test.ts (15 tests) 13ms
 ✓ tests/persistence.test.ts (10 tests) 10ms
 ✓ tests/settings.test.ts (4 tests) 10ms
 ✓ tests/identity.test.ts (8 tests) 14ms
 ✓ tests/fever.test.ts (4 tests) 15ms
 ✓ tests/packaging.test.ts (16 tests) 10ms
 ✓ tests/companionLevelsV7.test.ts (20 tests) 14ms
 ✓ tests/deploy.test.ts (7 tests) 5ms
 ✓ tests/anim.test.ts (14 tests) 6ms
 ✓ tests/ipc.test.ts (61 tests) 13ms
 ✓ tests/trainingPreview.test.ts (4 tests) 10ms
 ✓ tests/server/http.test.ts (9 tests) 5ms
 ✓ tests/effects.test.ts (7 tests) 6ms
 ✓ tests/server/pgStore.test.ts (22 tests) 4ms
 ✓ tests/server/pgTransaction.test.ts (6 tests) 5ms
 ✓ tests/heroMenuReadiness.test.ts (3 tests) 7ms
 ✓ tests/window.test.ts (29 tests) 4ms
 ✓ tests/typeChart.test.ts (4 tests) 5ms
 ✓ tests/battle.test.ts (5 tests) 4ms
 ✓ tests/fsm.test.ts (12 tests) 9ms
 ✓ tests/bignum.test.ts (7 tests) 3ms
 ✓ tests/rendererInput.test.ts (8 tests) 4ms
 ✓ tests/drag.test.ts (7 tests) 5ms
 ✓ tests/input.test.ts (9 tests) 6ms
 ✓ tests/thefts.test.ts (5 tests) 7ms
 ✓ tests/scaffold.test.ts (1 test) 2ms
 ✓ tests/expedition.test.ts (16 tests) 2703ms
   ✓ A3 — a full roster releases the boss instead of voiding it (H1/H2) > never swallows a capture draw: every full-roster boss draw emits an event  619ms
   ✓ A1 — the expedition gauge is display-only and stays out of the way (H2b/H7) > never leaves its declared pixel budget, whatever the depth (H7)  2021ms
 ✓ tests/balance.test.ts (2 tests) 73802ms
   ✓ v0.5 deterministic pacing and gold policy playtest > checks 100 seeds across active, warm-idle and intermittent play at 5/15/30 minutes  73799ms

 Test Files  54 passed (54)
      Tests  844 passed (844)
   Start at  11:39:39
   Duration  74.26s (transform 2.05s, setup 0ms, collect 6.49s, tests 79.99s, environment 7ms, prepare 3.25s)


> desmon@0.6.0 lint
> eslint . --max-warnings 0


> desmon@0.6.0 typecheck
> tsc -p tsconfig.main.json --noEmit && tsc -p tsconfig.renderer.json --noEmit && tsc -p tsconfig.test.json

