Debugger listening on ws://127.0.0.1:63893/13ab5dda-8c44-4a13-8d68-e9dde67cda1d
For help, see: https://nodejs.org/en/docs/inspector
Debugger attached.
V09_INSPECTOR_RESUMED
V09_LOCK true /var/folders/lx/2l4_myln77j11v_rskxlc7kr0000gn/T/desmon-v10-perf-wzFq6S
V09_FRAME_READY
V09_WINDOW 2 close 1789680955772
V09_WINDOW 2 closed 1789680955884
V09_WINDOW 3 close 1789681558183
V09_WINDOW 3 closed 1789681558288
V09_WINDOW 4 close 1789682155468
V09_WINDOW 4 closed 1789682155573
V09_WINDOW 5 close 1789682757918
V09_WINDOW 5 closed 1789682758025
V09_WINDOW 6 close 1789683355290
V09_WINDOW 6 closed 1789683355397
V09_WINDOW 7 close 1789683957601
V09_WINDOW 7 closed 1789683957708
V09_WINDOW 8 close 1789684555034
V09_WINDOW 8 closed 1789684555141
V09_WINDOW 9 close 1789685157489
V09_WINDOW 9 closed 1789685157595
V09_WINDOW 10 close 1789685759787
V09_WINDOW 10 closed 1789685759894
V09_WINDOW 11 close 1789686357086
V09_WINDOW 11 closed 1789686357192
V09_WINDOW 12 close 1789686959540
V09_WINDOW 12 closed 1789686959645
V09_WINDOW 13 close 1789687556858
V09_WINDOW 13 closed 1789687556964
V09_WINDOW 14 close 1789688159280
V09_WINDOW 14 closed 1789688159385
V09_WINDOW 15 close 1789688756688
V09_WINDOW 15 closed 1789688756795
V09_WINDOW 16 close 1789689358931
V09_WINDOW 16 closed 1789689359035
V09_WINDOW 17 close 1789689956271
V09_WINDOW 17 closed 1789689956375
V09_WINDOW 18 close 1789690558256
V09_WINDOW 18 closed 1789690558361
V09_WINDOW 19 close 1789691155026
V09_WINDOW 19 closed 1789691155135
Debugger ending on ws://127.0.0.1:63893/13ab5dda-8c44-4a13-8d68-e9dde67cda1d
For help, see: https://nodejs.org/en/docs/inspector
V09_LIFECYCLE before-quit 1789691155578
V09_APP_CALL quit [] Error
    at e.app.<computed> [as quit] (eval at <anonymous> (/Users/jeongyounglee/work/repo/desktop-monster/release/mac-arm64/DesMon.app/Contents/Resources/app.asar/dist/electron/main/index.js:5:1), <anonymous>:19:160)
    at /Users/jeongyounglee/work/repo/desktop-monster/release/mac-arm64/DesMon.app/Contents/Resources/app.asar/dist/electron/main/index.js:233:36
V09_LIFECYCLE before-quit 1789691155581
V09_WINDOW 1 close 1789691155581
V09_WINDOW 1 closed 1789691155581
V09_LIFECYCLE will-quit 1789691155582
V09_PROCESS_EXIT 0 1789691155582
V09_LIFECYCLE quit 1789691155582
{"event":"child-exit","code":0,"signal":null,"at":"2026-09-18T00:25:55.672Z"}
