{
  "commandId": "server",
  "command": "node .harness/v7/loop/server-check.mjs '/Users/jeongyounglee/work/repo/desktop-monster/.agentdoc/v07-setup-20260911T122653Z'/evidence/server/compatibility.json",
  "exitCode": 1,
  "sourceDigest": "84e911f949feb04569668a77869ad43913dce1bf45c9afd34c9ff6cd239cc131",
  "endedDigest": "84e911f949feb04569668a77869ad43913dce1bf45c9afd34c9ff6cd239cc131",
  "evaluationDigest": "c27f89371f34647649fd442fffd3b13849b7c20060409210fbe0ca62b90d6d2d",
  "endedEvaluationDigest": "c27f89371f34647649fd442fffd3b13849b7c20060409210fbe0ca62b90d6d2d",
  "filesHash": {
    "README.md": "f046d5ad2866b7b55905564af664b8009dc8d2fc12976843e3c02f11fd3486ef",
    "docs/v0.7/ACCEPTANCE.md": "757b57456f3b4f26a42e96589e892cb52cdc9f34de4d782f18ae6faa34a54932",
    "docs/v0.7/HANDOFF.md": "a8bba17e9da85b6bf264b4df25a60fbd66550a948c9fff9c7c946c45f6f8eec2"
  },
  "endedFilesHash": {
    "README.md": "f046d5ad2866b7b55905564af664b8009dc8d2fc12976843e3c02f11fd3486ef",
    "docs/v0.7/ACCEPTANCE.md": "757b57456f3b4f26a42e96589e892cb52cdc9f34de4d782f18ae6faa34a54932",
    "docs/v0.7/HANDOFF.md": "a8bba17e9da85b6bf264b4df25a60fbd66550a948c9fff9c7c946c45f6f8eec2"
  },
  "artifacts": {
    "/Users/jeongyounglee/work/repo/desktop-monster/.agentdoc/v07-setup-20260911T122653Z/evidence/server": {
      "/Users/jeongyounglee/work/repo/desktop-monster/.agentdoc/v07-setup-20260911T122653Z/evidence/server/compatibility-static-mapping.json": "b003e618dc1c60a3df8cbbc1d925316e5ffaaa5bd95f5e45eb7bc4c65a55d62d",
      "/Users/jeongyounglee/work/repo/desktop-monster/.agentdoc/v07-setup-20260911T122653Z/evidence/server/compatibility-static-mapping.md": "801028797cab49e8b729e541451ca727652291b6cb7504d7b18c00c2c8f22488",
      "/Users/jeongyounglee/work/repo/desktop-monster/.agentdoc/v07-setup-20260911T122653Z/evidence/server/compatibility.json": "9eeb9ad2554c1aea54100a354557ced0d91d9b2596476bedbdfa4ab3433241c4",
      "/Users/jeongyounglee/work/repo/desktop-monster/.agentdoc/v07-setup-20260911T122653Z/evidence/server/compatibility.json.build.log": "87731f1ee3241d7f77391cdf25e13ccd011f4c062408dab0ed83b4eb0954ac3e",
      "/Users/jeongyounglee/work/repo/desktop-monster/.agentdoc/v07-setup-20260911T122653Z/evidence/server/compatibility.json.tests.log": "c29c1fc30d7f56d4a967f396c4fa131bc5737cc64062e79e295f4118fd70b6af"
    }
  },
  "log": "/Users/jeongyounglee/work/repo/desktop-monster/.agentdoc/v07-setup-20260911T122653Z/evidence/V07-07-1789264877168.log",
  "sha256": "1ad4f75c8c59161f3e72ae93eb1fb04b7cb7ee17d54467d5b0c8278cc1f86838",
  "ac": true,
  "at": "2026-09-13T02:01:17.234Z"
}

