{
  "commandId": "smoke",
  "command": "npm run smoke",
  "exitCode": 0,
  "sourceDigest": "84e911f949feb04569668a77869ad43913dce1bf45c9afd34c9ff6cd239cc131",
  "endedDigest": "84e911f949feb04569668a77869ad43913dce1bf45c9afd34c9ff6cd239cc131",
  "evaluationDigest": "c27f89371f34647649fd442fffd3b13849b7c20060409210fbe0ca62b90d6d2d",
  "endedEvaluationDigest": "c27f89371f34647649fd442fffd3b13849b7c20060409210fbe0ca62b90d6d2d",
  "filesHash": {
    "README.md": "f046d5ad2866b7b55905564af664b8009dc8d2fc12976843e3c02f11fd3486ef",
    "docs/v0.7/ACCEPTANCE.md": "757b57456f3b4f26a42e96589e892cb52cdc9f34de4d782f18ae6faa34a54932",
    "docs/v0.7/HANDOFF.md": "a8bba17e9da85b6bf264b4df25a60fbd66550a948c9fff9c7c946c45f6f8eec2"
  },
  "endedFilesHash": {
    "README.md": "f046d5ad2866b7b55905564af664b8009dc8d2fc12976843e3c02f11fd3486ef",
    "docs/v0.7/ACCEPTANCE.md": "757b57456f3b4f26a42e96589e892cb52cdc9f34de4d782f18ae6faa34a54932",
    "docs/v0.7/HANDOFF.md": "a8bba17e9da85b6bf264b4df25a60fbd66550a948c9fff9c7c946c45f6f8eec2"
  },
  "artifacts": {},
  "log": "/Users/jeongyounglee/work/repo/desktop-monster/.agentdoc/v07-setup-20260911T122653Z/evidence/V07-07-1789264482303.log",
  "sha256": "69ee673e78b5acd289505f975fab0bcfff9c3ac389c029ebc19fb65b3791d9c9",
  "ac": true,
  "at": "2026-09-13T01:54:46.718Z"
}

