
> desmon@0.1.0 test
> vitest run

[33mThe CJS build of Vite's Node API is deprecated. See https://vite.dev/guide/troubleshooting.html#vite-cjs-node-api-deprecated for more details.[39m

 RUN  v3.2.7 /Users/jeongyounglee/work/repo/desktop-monster

 ✓ tests/window.test.ts (22 tests) 3ms
 ✓ tests/persistence.test.ts (10 tests) 9ms
 ✓ tests/ipc.test.ts (23 tests) 3ms
 ✓ tests/globalInput.test.ts (19 tests) 7ms
 ✓ tests/scaffold.test.ts (1 test) 2ms
 ✓ tests/formulas.test.ts (10 tests) 9ms
 ✓ tests/engine.test.ts (15 tests) 17ms
 ✓ tests/loot.test.ts (11 tests) 199ms

 Test Files  8 passed (8)
      Tests  111 passed (111)
   Start at  10:28:22
   Duration  477ms (transform 243ms, setup 0ms, collect 466ms, tests 250ms, environment 1ms, prepare 475ms)


> desmon@0.1.0 lint
> eslint . --max-warnings 0


> desmon@0.1.0 typecheck
> tsc -p tsconfig.main.json --noEmit && tsc -p tsconfig.renderer.json --noEmit && tsc -p tsconfig.test.json

