
> desmon@0.1.0 test
> vitest run

[33mThe CJS build of Vite's Node API is deprecated. See https://vite.dev/guide/troubleshooting.html#vite-cjs-node-api-deprecated for more details.[39m

 RUN  v3.2.7 /Users/jeongyounglee/work/repo/desktop-monster

 ✓ tests/ipc.test.ts (23 tests) 3ms
 ✓ tests/persistence.test.ts (10 tests) 9ms
 ✓ tests/globalInput.test.ts (19 tests) 12ms
 ✓ tests/save.test.ts (9 tests) 5ms
 ✓ tests/input.test.ts (9 tests) 5ms
 ✓ tests/formulas.test.ts (10 tests) 8ms
 ✓ tests/engine.test.ts (16 tests) 16ms
 ✓ tests/anim.test.ts (14 tests) 8ms
 ✓ tests/sprites.test.ts (24 tests) 12ms
 ✓ tests/renderer.test.ts (60 tests) 64ms
 ✓ tests/window.test.ts (22 tests) 3ms
 ✓ tests/fsm.test.ts (12 tests) 4ms
 ✓ tests/rendererInput.test.ts (7 tests) 3ms
 ✓ tests/scaffold.test.ts (1 test) 1ms
 ✓ tests/loot.test.ts (11 tests) 211ms

 Test Files  15 passed (15)
      Tests  247 passed (247)
   Start at  12:17:55
   Duration  524ms (transform 593ms, setup 0ms, collect 1.22s, tests 363ms, environment 1ms, prepare 816ms)


> desmon@0.1.0 lint
> eslint . --max-warnings 0


> desmon@0.1.0 typecheck
> tsc -p tsconfig.main.json --noEmit && tsc -p tsconfig.renderer.json --noEmit && tsc -p tsconfig.test.json

