
> desmon@0.1.0 test
> vitest run

[33mThe CJS build of Vite's Node API is deprecated. See https://vite.dev/guide/troubleshooting.html#vite-cjs-node-api-deprecated for more details.[39m

 RUN  v3.2.7 /Users/jeongyounglee/work/repo/desktop-monster

 ✓ tests/window.test.ts (22 tests) 3ms
 ✓ tests/ipc.test.ts (23 tests) 4ms
 ✓ tests/persistence.test.ts (10 tests) 11ms
 ✓ tests/globalInput.test.ts (19 tests) 12ms
 ✓ tests/input.test.ts (9 tests) 3ms
 ✓ tests/fsm.test.ts (12 tests) 4ms
 ✓ tests/save.test.ts (9 tests) 6ms
 ✓ tests/formulas.test.ts (10 tests) 9ms
 ✓ tests/engine.test.ts (16 tests) 17ms
 ✓ tests/sprites.test.ts (24 tests) 18ms
 ✓ tests/scaffold.test.ts (1 test) 1ms
 ✓ tests/loot.test.ts (11 tests) 219ms

 Test Files  12 passed (12)
      Tests  166 passed (166)
   Start at  11:16:14
   Duration  525ms (transform 374ms, setup 0ms, collect 896ms, tests 306ms, environment 1ms, prepare 726ms)


> desmon@0.1.0 lint
> eslint . --max-warnings 0


> desmon@0.1.0 typecheck
> tsc -p tsconfig.main.json --noEmit && tsc -p tsconfig.renderer.json --noEmit && tsc -p tsconfig.test.json

