
> desmon@0.1.0 test
> vitest run

[33mThe CJS build of Vite's Node API is deprecated. See https://vite.dev/guide/troubleshooting.html#vite-cjs-node-api-deprecated for more details.[39m

 RUN  v3.2.7 /Users/jeongyounglee/work/repo/desktop-monster

 ✓ tests/window.test.ts (22 tests) 3ms
 ✓ tests/ipc.test.ts (23 tests) 3ms
 ✓ tests/globalInput.test.ts (19 tests) 11ms
 ✓ tests/persistence.test.ts (10 tests) 10ms
 ✓ tests/fsm.test.ts (12 tests) 4ms
 ✓ tests/save.test.ts (9 tests) 5ms
 ✓ tests/formulas.test.ts (10 tests) 10ms
 ✓ tests/engine.test.ts (16 tests) 19ms
 ✓ tests/sprites.test.ts (24 tests) 14ms
 ✓ tests/renderer.test.ts (31 tests) 23ms
 ✓ tests/scaffold.test.ts (1 test) 2ms
 ✓ tests/input.test.ts (9 tests) 3ms
 ✓ tests/loot.test.ts (11 tests) 210ms

 Test Files  13 passed (13)
      Tests  197 passed (197)
   Start at  11:30:15
   Duration  517ms (transform 508ms, setup 0ms, collect 1.05s, tests 317ms, environment 1ms, prepare 736ms)


> desmon@0.1.0 lint
> eslint . --max-warnings 0


> desmon@0.1.0 typecheck
> tsc -p tsconfig.main.json --noEmit && tsc -p tsconfig.renderer.json --noEmit && tsc -p tsconfig.test.json

