
> desmon@0.1.0 test
> vitest run

[33mThe CJS build of Vite's Node API is deprecated. See https://vite.dev/guide/troubleshooting.html#vite-cjs-node-api-deprecated for more details.[39m

 RUN  v3.2.7 /Users/jeongyounglee/work/repo/desktop-monster

 ✓ tests/window.test.ts (22 tests) 3ms
 ✓ tests/ipc.test.ts (23 tests) 3ms
 ✓ tests/globalInput.test.ts (19 tests) 8ms
 ✓ tests/persistence.test.ts (10 tests) 7ms
 ✓ tests/scaffold.test.ts (1 test) 1ms
 ✓ tests/input.test.ts (9 tests) 4ms
 ✓ tests/formulas.test.ts (10 tests) 9ms
 ✓ tests/save.test.ts (9 tests) 7ms
 ✓ tests/engine.test.ts (16 tests) 19ms
 ✓ tests/loot.test.ts (11 tests) 197ms

 Test Files  10 passed (10)
      Tests  130 passed (130)
   Start at  10:41:51
   Duration  486ms (transform 306ms, setup 0ms, collect 673ms, tests 258ms, environment 1ms, prepare 579ms)


> desmon@0.1.0 lint
> eslint . --max-warnings 0


> desmon@0.1.0 typecheck
> tsc -p tsconfig.main.json --noEmit && tsc -p tsconfig.renderer.json --noEmit && tsc -p tsconfig.test.json

