
> desmon@0.1.0 test
> vitest run

[33mThe CJS build of Vite's Node API is deprecated. See https://vite.dev/guide/troubleshooting.html#vite-cjs-node-api-deprecated for more details.[39m

 RUN  v3.2.7 /Users/jeongyounglee/work/repo/desktop-monster

 ✓ tests/persistence.test.ts (10 tests) 7ms
 ✓ tests/globalInput.test.ts (19 tests) 14ms
 ✓ tests/tray.test.ts (17 tests) 12ms
 ✓ tests/save.test.ts (9 tests) 5ms
 ✓ tests/formulas.test.ts (10 tests) 8ms
 ✓ tests/engine.test.ts (16 tests) 12ms
 ✓ tests/anim.test.ts (14 tests) 9ms
 ✓ tests/sprites.test.ts (24 tests) 12ms
 ✓ tests/audio.test.ts (13 tests) 7ms
 ✓ tests/renderer.test.ts (60 tests) 36ms
 ✓ tests/fsm.test.ts (12 tests) 3ms
 ✓ tests/ipc.test.ts (23 tests) 3ms
 ✓ tests/window.test.ts (22 tests) 3ms
 ✓ tests/input.test.ts (9 tests) 3ms
 ✓ tests/rendererInput.test.ts (7 tests) 3ms
 ✓ tests/scaffold.test.ts (1 test) 1ms
 ✓ tests/loot.test.ts (11 tests) 239ms

 Test Files  17 passed (17)
      Tests  277 passed (277)
   Start at  12:37:44
   Duration  565ms (transform 651ms, setup 0ms, collect 1.38s, tests 379ms, environment 2ms, prepare 959ms)


> desmon@0.1.0 lint
> eslint . --max-warnings 0


> desmon@0.1.0 typecheck
> tsc -p tsconfig.main.json --noEmit && tsc -p tsconfig.renderer.json --noEmit && tsc -p tsconfig.test.json

