
> desmon@0.1.0 test
> vitest run

[33mThe CJS build of Vite's Node API is deprecated. See https://vite.dev/guide/troubleshooting.html#vite-cjs-node-api-deprecated for more details.[39m

 RUN  v3.2.7 /Users/jeongyounglee/work/repo/desktop-monster

 ✓ tests/persistence.test.ts (10 tests) 15ms
 ✓ tests/tray.test.ts (17 tests) 10ms
 ✓ tests/globalInput.test.ts (19 tests) 15ms
 ✓ tests/save.test.ts (9 tests) 5ms
 ✓ tests/formulas.test.ts (10 tests) 10ms
 ✓ tests/engine.test.ts (16 tests) 16ms
 ✓ tests/anim.test.ts (14 tests) 10ms
 ✓ tests/sprites.test.ts (24 tests) 13ms
 ✓ tests/audio.test.ts (13 tests) 8ms
 ✓ tests/renderer.test.ts (60 tests) 37ms
 ✓ tests/input.test.ts (9 tests) 5ms
 ✓ tests/ipc.test.ts (23 tests) 3ms
 ✓ tests/packaging.test.ts (11 tests) 4ms
 ✓ tests/fsm.test.ts (12 tests) 4ms
 ✓ tests/rendererInput.test.ts (7 tests) 3ms
 ✓ tests/scaffold.test.ts (1 test) 1ms
 ✓ tests/loot.test.ts (11 tests) 227ms
 ✓ tests/window.test.ts (22 tests) 3ms

 Test Files  18 passed (18)
      Tests  288 passed (288)
   Start at  12:55:09
   Duration  579ms (transform 670ms, setup 0ms, collect 1.49s, tests 389ms, environment 2ms, prepare 1.15s)


> desmon@0.1.0 lint
> eslint . --max-warnings 0


> desmon@0.1.0 typecheck
> tsc -p tsconfig.main.json --noEmit && tsc -p tsconfig.renderer.json --noEmit && tsc -p tsconfig.test.json

