
> desmon@0.2.0 test
> vitest run

[33mThe CJS build of Vite's Node API is deprecated. See https://vite.dev/guide/troubleshooting.html#vite-cjs-node-api-deprecated for more details.[39m

 RUN  v3.2.7 /Users/jeongyounglee/work/repo/desktop-monster

 ✓ tests/globalInput.test.ts (19 tests) 13ms
 ✓ tests/tray.test.ts (37 tests) 14ms
 ✓ tests/net.test.ts (16 tests) 37ms
 ✓ tests/fever.test.ts (4 tests) 12ms
 ✓ tests/formulas.test.ts (13 tests) 26ms
 ✓ tests/sprites.test.ts (31 tests) 21ms
 ✓ tests/engine.test.ts (30 tests) 146ms
 ✓ tests/menu.test.ts (18 tests) 15ms
 ✓ tests/identity.test.ts (8 tests) 15ms
 ✓ tests/collection.test.ts (21 tests) 200ms
 ✓ tests/persistence.test.ts (10 tests) 16ms
 ✓ tests/renderer.test.ts (81 tests) 81ms
 ✓ tests/server/http.test.ts (9 tests) 5ms
 ✓ tests/audio.test.ts (15 tests) 15ms
 ✓ tests/server/app.test.ts (13 tests) 27ms
 ✓ tests/server/pvp.test.ts (14 tests) 17ms
 ✓ tests/effects.test.ts (6 tests) 5ms
 ✓ tests/save.test.ts (13 tests) 12ms
 ✓ tests/loot.test.ts (11 tests) 544ms
 ✓ tests/ipc.test.ts (47 tests) 33ms
 ✓ tests/window.test.ts (26 tests) 5ms
 ✓ tests/anim.test.ts (14 tests) 33ms
 ✓ tests/deploy.test.ts (7 tests) 6ms
 ✓ tests/battle.test.ts (4 tests) 6ms
 ✓ tests/packaging.test.ts (14 tests) 11ms
 ✓ tests/rendererInput.test.ts (7 tests) 3ms
 ✓ tests/fsm.test.ts (12 tests) 5ms
 ✓ tests/server/pgStore.test.ts (22 tests) 5ms
 ✓ tests/typeChart.test.ts (4 tests) 9ms
 ✓ tests/input.test.ts (9 tests) 3ms
 ✓ tests/scaffold.test.ts (1 test) 1ms
 ✓ tests/drag.test.ts (7 tests) 4ms
 ✓ tests/bignum.test.ts (7 tests) 4ms

 Test Files  33 passed (33)
      Tests  550 passed (550)
   Start at  21:27:35
   Duration  1.53s (transform 1.43s, setup 0ms, collect 4.25s, tests 1.35s, environment 4ms, prepare 2.75s)


> desmon@0.2.0 lint
> eslint . --max-warnings 0


> desmon@0.2.0 typecheck
> tsc -p tsconfig.main.json --noEmit && tsc -p tsconfig.renderer.json --noEmit && tsc -p tsconfig.test.json

