
> desmon@0.2.0 test
> vitest run

[33mThe CJS build of Vite's Node API is deprecated. See https://vite.dev/guide/troubleshooting.html#vite-cjs-node-api-deprecated for more details.[39m

 RUN  v3.2.7 /Users/jeongyounglee/work/repo/desktop-monster

 ✓ tests/globalInput.test.ts (19 tests) 119ms
 ✓ tests/identity.test.ts (7 tests) 97ms
 ✓ tests/tray.test.ts (37 tests) 221ms
 ✓ tests/net.test.ts (10 tests) 501ms
   ✓ createNetClient > sends Authorization Bearer and a JSON body  367ms
 ✓ tests/scaffold.test.ts (1 test) 34ms
 ✓ tests/formulas.test.ts (13 tests) 186ms
 ✓ tests/engine.test.ts (26 tests) 510ms
 ✓ tests/save.test.ts (11 tests) 110ms
 ✓ tests/typeChart.test.ts (4 tests) 49ms
 ✓ tests/ipc.test.ts (47 tests) 153ms
 ✓ tests/loot.test.ts (11 tests) 1792ms
   ✓ mulberry32 deterministic RNG (SPEC F06, Assumption 15) > outputs stay in [0, 1) and are roughly uniform over 10000 draws  967ms
   ✓ loot tables (SPEC F09, Assumptions 3/6/15) > trinket drop rate over 10000 seeded kills is within 23 to 27 percent  458ms
 ✓ tests/server/pgStore.test.ts (19 tests) 61ms
 ✓ tests/persistence.test.ts (10 tests) 66ms
 ✓ tests/bignum.test.ts (7 tests) 31ms
 ✓ tests/server/http.test.ts (9 tests) 89ms
 ✓ tests/collection.test.ts (14 tests) 4235ms
   ✓ resolvePvp (SPEC F37, Assumption 34) > resolvePvp wins with probability myPower over total and moves one random companion from the loser to the winner  4055ms
 ✓ tests/sprites.test.ts (29 tests) 137ms
 ✓ tests/input.test.ts (9 tests) 36ms
 ✓ tests/server/app.test.ts (10 tests) 83ms
 ✓ tests/effects.test.ts (5 tests) 34ms
 ✓ tests/menu.test.ts (13 tests) 344ms
 ✓ tests/audio.test.ts (15 tests) 232ms
 ✓ tests/server/pvp.test.ts (9 tests) 102ms
 ✓ tests/renderer.test.ts (80 tests) 748ms
 ✓ tests/packaging.test.ts (14 tests) 91ms
 ✓ tests/fsm.test.ts (12 tests) 25ms
 ✓ tests/drag.test.ts (7 tests) 41ms
 ✓ tests/rendererInput.test.ts (7 tests) 46ms
 ✓ tests/window.test.ts (26 tests) 87ms
 ✓ tests/deploy.test.ts (7 tests) 93ms
 ✓ tests/fever.test.ts (4 tests) 184ms
 ✓ tests/anim.test.ts (14 tests) 366ms

 Test Files  32 passed (32)
      Tests  506 passed (506)
   Start at  20:59:13
   Duration  12.60s (transform 19.30s, setup 0ms, collect 63.26s, tests 10.90s, environment 34ms, prepare 13.07s)


> desmon@0.2.0 lint
> eslint . --max-warnings 0


> desmon@0.2.0 typecheck
> tsc -p tsconfig.main.json --noEmit && tsc -p tsconfig.renderer.json --noEmit && tsc -p tsconfig.test.json

