
> desmon@0.2.0 test
> vitest run

[33mThe CJS build of Vite's Node API is deprecated. See https://vite.dev/guide/troubleshooting.html#vite-cjs-node-api-deprecated for more details.[39m

 RUN  v3.2.7 /Users/jeongyounglee/work/repo/desktop-monster

 ✓ tests/identity.test.ts (8 tests) 98ms
 ✓ tests/persistence.test.ts (10 tests) 82ms
 ✓ tests/deploy.test.ts (7 tests) 23ms
 ✓ tests/net.test.ts (16 tests) 194ms
 ✓ tests/server/pvp.test.ts (9 tests) 32ms
 ✓ tests/collection.test.ts (21 tests) 609ms
   ✓ resolvePvp (SPEC F37/F62, Assumption 34) > resolvePvp steal rate over 10000 seeded wins is within 13 to 17 percent  568ms
 ✓ tests/engine.test.ts (30 tests) 572ms
 ✓ tests/sprites.test.ts (31 tests) 123ms
 ✓ tests/globalInput.test.ts (19 tests) 66ms
 ✓ tests/tray.test.ts (37 tests) 154ms
 ✓ tests/server/app.test.ts (13 tests) 140ms
 ✓ tests/menu.test.ts (18 tests) 129ms
 ✓ tests/loot.test.ts (11 tests) 1065ms
   ✓ mulberry32 deterministic RNG (SPEC F06, Assumption 15) > outputs stay in [0, 1) and are roughly uniform over 10000 draws  536ms
 ✓ tests/audio.test.ts (15 tests) 66ms
 ✓ tests/renderer.test.ts (81 tests) 664ms
 ✓ tests/formulas.test.ts (13 tests) 106ms
 ✓ tests/server/http.test.ts (9 tests) 58ms
 ✓ tests/ipc.test.ts (47 tests) 66ms
 ✓ tests/server/pgStore.test.ts (22 tests) 22ms
 ✓ tests/packaging.test.ts (14 tests) 79ms
 ✓ tests/rendererInput.test.ts (7 tests) 16ms
 ✓ tests/fever.test.ts (4 tests) 91ms
 ✓ tests/anim.test.ts (14 tests) 88ms
 ✓ tests/save.test.ts (13 tests) 43ms
 ✓ tests/effects.test.ts (6 tests) 43ms
 ✓ tests/typeChart.test.ts (4 tests) 16ms
 ✓ tests/battle.test.ts (4 tests) 54ms
 ✓ tests/window.test.ts (26 tests) 12ms
 ✓ tests/bignum.test.ts (7 tests) 9ms
 ✓ tests/drag.test.ts (7 tests) 6ms
 ✓ tests/fsm.test.ts (12 tests) 11ms
 ✓ tests/input.test.ts (9 tests) 6ms
 ✓ tests/scaffold.test.ts (1 test) 3ms

 Test Files  33 passed (33)
      Tests  545 passed (545)
   Start at  21:25:06
   Duration  7.58s (transform 15.58s, setup 0ms, collect 33.28s, tests 4.75s, environment 11ms, prepare 11.71s)


> desmon@0.2.0 lint
> eslint . --max-warnings 0


> desmon@0.2.0 typecheck
> tsc -p tsconfig.main.json --noEmit && tsc -p tsconfig.renderer.json --noEmit && tsc -p tsconfig.test.json

