
> desmon@0.2.0 test
> vitest run

[33mThe CJS build of Vite's Node API is deprecated. See https://vite.dev/guide/troubleshooting.html#vite-cjs-node-api-deprecated for more details.[39m

 RUN  v3.2.7 /Users/jeongyounglee/work/repo/desktop-monster

 ✓ tests/identity.test.ts (8 tests) 12ms
 ✓ tests/net.test.ts (16 tests) 36ms
 ✓ tests/save.test.ts (13 tests) 10ms
 ✓ tests/formulas.test.ts (13 tests) 11ms
 ✓ tests/server/pvp.test.ts (14 tests) 18ms
 ✓ tests/engine.test.ts (30 tests) 125ms
 ✓ tests/collection.test.ts (21 tests) 231ms
 ✓ tests/menu.test.ts (18 tests) 24ms
 ✓ tests/audio.test.ts (15 tests) 18ms
 ✓ tests/loot.test.ts (11 tests) 286ms
 ✓ tests/sprites.test.ts (31 tests) 28ms
 ✓ tests/renderer.test.ts (81 tests) 67ms
 ✓ tests/server/app.test.ts (18 tests) 19ms
 ✓ tests/globalInput.test.ts (19 tests) 15ms
 ✓ tests/persistence.test.ts (10 tests) 21ms
 ✓ tests/tray.test.ts (37 tests) 17ms
 ✓ tests/typeChart.test.ts (4 tests) 8ms
 ✓ tests/server/pgStore.test.ts (22 tests) 7ms
 ✓ tests/bignum.test.ts (7 tests) 3ms
 ✓ tests/anim.test.ts (14 tests) 17ms
 ✓ tests/fever.test.ts (4 tests) 10ms
 ✓ tests/packaging.test.ts (14 tests) 6ms
 ✓ tests/ipc.test.ts (56 tests) 8ms
 ✓ tests/input.test.ts (9 tests) 3ms
 ✓ tests/server/http.test.ts (9 tests) 7ms
 ✓ tests/effects.test.ts (6 tests) 7ms
 ✓ tests/fsm.test.ts (12 tests) 4ms
 ✓ tests/rendererInput.test.ts (7 tests) 3ms
 ✓ tests/deploy.test.ts (7 tests) 4ms
 ✓ tests/drag.test.ts (7 tests) 3ms
 ✓ tests/window.test.ts (26 tests) 4ms
 ✓ tests/scaffold.test.ts (1 test) 6ms
 ✓ tests/battle.test.ts (4 tests) 3ms

 Test Files  33 passed (33)
      Tests  564 passed (564)
   Start at  21:32:01
   Duration  1.36s (transform 1.24s, setup 0ms, collect 3.83s, tests 1.04s, environment 4ms, prepare 2.36s)


> desmon@0.2.0 lint
> eslint . --max-warnings 0


> desmon@0.2.0 typecheck
> tsc -p tsconfig.main.json --noEmit && tsc -p tsconfig.renderer.json --noEmit && tsc -p tsconfig.test.json

