
> desmon@0.2.0 test
> vitest run

[33mThe CJS build of Vite's Node API is deprecated. See https://vite.dev/guide/troubleshooting.html#vite-cjs-node-api-deprecated for more details.[39m

 RUN  v3.2.7 /Users/jeongyounglee/work/repo/desktop-monster

 ✓ tests/packaging.test.ts (14 tests) 10ms
 ✓ tests/globalInput.test.ts (19 tests) 15ms
 ✓ tests/net.test.ts (10 tests) 28ms
 ✓ tests/save.test.ts (13 tests) 9ms
 ✓ tests/engine.test.ts (27 tests) 93ms
 ✓ tests/server/app.test.ts (13 tests) 20ms
 ✓ tests/sprites.test.ts (31 tests) 23ms
 ✓ tests/menu.test.ts (13 tests) 17ms
 ✓ tests/audio.test.ts (15 tests) 15ms
 ✓ tests/tray.test.ts (37 tests) 21ms
 ✓ tests/formulas.test.ts (13 tests) 19ms
 ✓ tests/renderer.test.ts (81 tests) 91ms
 ✓ tests/loot.test.ts (11 tests) 334ms
 ✓ tests/anim.test.ts (14 tests) 10ms
 ✓ tests/fever.test.ts (4 tests) 11ms
 ✓ tests/ipc.test.ts (47 tests) 5ms
 ✓ tests/collection.test.ts (14 tests) 477ms
   ✓ resolvePvp (SPEC F37, Assumption 34) > resolvePvp wins with probability myPower over total and moves one random companion from the loser to the winner  470ms
 ✓ tests/window.test.ts (26 tests) 5ms
 ✓ tests/identity.test.ts (7 tests) 19ms
 ✓ tests/persistence.test.ts (10 tests) 24ms
 ✓ tests/typeChart.test.ts (4 tests) 9ms
 ✓ tests/server/http.test.ts (9 tests) 13ms
 ✓ tests/rendererInput.test.ts (7 tests) 3ms
 ✓ tests/server/pgStore.test.ts (22 tests) 8ms
 ✓ tests/server/pvp.test.ts (9 tests) 12ms
 ✓ tests/effects.test.ts (6 tests) 9ms
 ✓ tests/fsm.test.ts (12 tests) 5ms
 ✓ tests/input.test.ts (9 tests) 6ms
 ✓ tests/bignum.test.ts (7 tests) 3ms
 ✓ tests/drag.test.ts (7 tests) 2ms
 ✓ tests/deploy.test.ts (7 tests) 3ms
 ✓ tests/scaffold.test.ts (1 test) 2ms

 Test Files  32 passed (32)
      Tests  519 passed (519)
   Start at  21:08:50
   Duration  1.39s (transform 1.45s, setup 0ms, collect 3.59s, tests 1.32s, environment 5ms, prepare 2.59s)


> desmon@0.2.0 lint
> eslint . --max-warnings 0


> desmon@0.2.0 typecheck
> tsc -p tsconfig.main.json --noEmit && tsc -p tsconfig.renderer.json --noEmit && tsc -p tsconfig.test.json

