
> desmon@0.2.0 test
> vitest run

[33mThe CJS build of Vite's Node API is deprecated. See https://vite.dev/guide/troubleshooting.html#vite-cjs-node-api-deprecated for more details.[39m

 RUN  v3.2.7 /Users/jeongyounglee/work/repo/desktop-monster

 ✓ tests/tray.test.ts (37 tests) 106ms
 ✓ tests/globalInput.test.ts (19 tests) 165ms
 ✓ tests/net.test.ts (10 tests) 57ms
 ✓ tests/server/pvp.test.ts (9 tests) 17ms
 ✓ tests/engine.test.ts (26 tests) 224ms
 ✓ tests/anim.test.ts (14 tests) 16ms
 ✓ tests/sprites.test.ts (29 tests) 32ms
 ✓ tests/menu.test.ts (13 tests) 48ms
 ✓ tests/formulas.test.ts (12 tests) 51ms
 ✓ tests/renderer.test.ts (80 tests) 253ms
 ✓ tests/audio.test.ts (15 tests) 180ms
 ✓ tests/identity.test.ts (7 tests) 82ms
 ✓ tests/loot.test.ts (11 tests) 1185ms
   ✓ mulberry32 deterministic RNG (SPEC F06, Assumption 15) > outputs stay in [0, 1) and are roughly uniform over 10000 draws  672ms
   ✓ loot tables (SPEC F09, Assumptions 3/6/15) > trinket drop rate over 10000 seeded kills is within 23 to 27 percent  316ms
 ✓ tests/packaging.test.ts (14 tests) 15ms
 ✓ tests/deploy.test.ts (7 tests) 12ms
 ✓ tests/server/http.test.ts (9 tests) 20ms
 ✓ tests/fever.test.ts (4 tests) 8ms
 ✓ tests/server/app.test.ts (10 tests) 29ms
 ✓ tests/save.test.ts (11 tests) 53ms
 ✓ tests/window.test.ts (26 tests) 4ms
 ✓ tests/fsm.test.ts (12 tests) 15ms
 ✓ tests/persistence.test.ts (10 tests) 24ms
 ✓ tests/collection.test.ts (14 tests) 2172ms
   ✓ resolvePvp (SPEC F37, Assumption 34) > resolvePvp wins with probability myPower over total and moves one random companion from the loser to the winner  2135ms
 ✓ tests/server/pgStore.test.ts (19 tests) 29ms
 ✓ tests/drag.test.ts (7 tests) 8ms
 ✓ tests/bignum.test.ts (7 tests) 22ms
 ✓ tests/ipc.test.ts (47 tests) 41ms
 ✓ tests/rendererInput.test.ts (7 tests) 12ms
 ✓ tests/effects.test.ts (5 tests) 20ms
 ✓ tests/scaffold.test.ts (1 test) 91ms
 ✓ tests/input.test.ts (9 tests) 18ms

 Test Files  31 passed (31)
      Tests  501 passed (501)
   Start at  20:57:32
   Duration  6.95s (transform 12.84s, setup 0ms, collect 29.85s, tests 5.01s, environment 11ms, prepare 11.58s)


> desmon@0.2.0 lint
> eslint . --max-warnings 0


> desmon@0.2.0 typecheck
> tsc -p tsconfig.main.json --noEmit && tsc -p tsconfig.renderer.json --noEmit && tsc -p tsconfig.test.json

