
> desmon@0.2.0 test
> vitest run

[33mThe CJS build of Vite's Node API is deprecated. See https://vite.dev/guide/troubleshooting.html#vite-cjs-node-api-deprecated for more details.[39m

 RUN  v3.2.7 /Users/jeongyounglee/work/repo/desktop-monster

 ✓ tests/persistence.test.ts (10 tests) 10ms
 ✓ tests/identity.test.ts (7 tests) 10ms
 ✓ tests/globalInput.test.ts (19 tests) 17ms
 ✓ tests/tray.test.ts (37 tests) 15ms
 ✓ tests/net.test.ts (10 tests) 30ms
 ✓ tests/engine.test.ts (27 tests) 153ms
 ✓ tests/formulas.test.ts (13 tests) 14ms
 ✓ tests/sprites.test.ts (31 tests) 17ms
 ✓ tests/fever.test.ts (4 tests) 12ms
 ✓ tests/server/app.test.ts (13 tests) 20ms
 ✓ tests/server/pvp.test.ts (9 tests) 7ms
 ✓ tests/menu.test.ts (13 tests) 16ms
 ✓ tests/audio.test.ts (15 tests) 15ms
 ✓ tests/renderer.test.ts (80 tests) 74ms
 ✓ tests/save.test.ts (13 tests) 16ms
 ✓ tests/typeChart.test.ts (4 tests) 8ms
 ✓ tests/window.test.ts (26 tests) 8ms
 ✓ tests/bignum.test.ts (7 tests) 4ms
 ✓ tests/packaging.test.ts (14 tests) 18ms
 ✓ tests/loot.test.ts (11 tests) 579ms
   ✓ loot tables (SPEC F09, Assumptions 3/6/15) > trinket drop rate over 10000 seeded kills is within 23 to 27 percent  306ms
 ✓ tests/server/http.test.ts (9 tests) 7ms
 ✓ tests/input.test.ts (9 tests) 5ms
 ✓ tests/anim.test.ts (14 tests) 14ms
 ✓ tests/ipc.test.ts (47 tests) 12ms
 ✓ tests/collection.test.ts (14 tests) 748ms
   ✓ resolvePvp (SPEC F37, Assumption 34) > resolvePvp wins with probability myPower over total and moves one random companion from the loser to the winner  732ms
 ✓ tests/server/pgStore.test.ts (22 tests) 5ms
 ✓ tests/drag.test.ts (7 tests) 4ms
 ✓ tests/fsm.test.ts (12 tests) 5ms
 ✓ tests/scaffold.test.ts (1 test) 2ms
 ✓ tests/deploy.test.ts (7 tests) 4ms
 ✓ tests/rendererInput.test.ts (7 tests) 7ms
 ✓ tests/effects.test.ts (5 tests) 6ms

 Test Files  32 passed (32)
      Tests  517 passed (517)
   Start at  21:06:18
   Duration  1.46s (transform 1.18s, setup 0ms, collect 3.62s, tests 1.86s, environment 4ms, prepare 2.65s)


> desmon@0.2.0 lint
> eslint . --max-warnings 0


> desmon@0.2.0 typecheck
> tsc -p tsconfig.main.json --noEmit && tsc -p tsconfig.renderer.json --noEmit && tsc -p tsconfig.test.json

