
> desmon@0.2.0 test
> vitest run

[33mThe CJS build of Vite's Node API is deprecated. See https://vite.dev/guide/troubleshooting.html#vite-cjs-node-api-deprecated for more details.[39m

 RUN  v3.2.7 /Users/jeongyounglee/work/repo/desktop-monster

 ✓ tests/persistence.test.ts (10 tests) 9ms
 ✓ tests/globalInput.test.ts (19 tests) 11ms
 ✓ tests/net.test.ts (16 tests) 31ms
 ✓ tests/engine.test.ts (27 tests) 99ms
 ✓ tests/server/app.test.ts (13 tests) 32ms
 ✓ tests/anim.test.ts (14 tests) 26ms
 ✓ tests/sprites.test.ts (31 tests) 35ms
 ✓ tests/menu.test.ts (18 tests) 23ms
 ✓ tests/collection.test.ts (21 tests) 244ms
 ✓ tests/formulas.test.ts (13 tests) 24ms
 ✓ tests/server/pvp.test.ts (9 tests) 9ms
 ✓ tests/renderer.test.ts (81 tests) 91ms
 ✓ tests/save.test.ts (13 tests) 14ms
 ✓ tests/loot.test.ts (11 tests) 393ms
 ✓ tests/packaging.test.ts (14 tests) 7ms
 ✓ tests/ipc.test.ts (47 tests) 13ms
 ✓ tests/fever.test.ts (4 tests) 10ms
 ✓ tests/tray.test.ts (37 tests) 21ms
 ✓ tests/audio.test.ts (15 tests) 15ms
 ✓ tests/identity.test.ts (8 tests) 16ms
 ✓ tests/effects.test.ts (6 tests) 6ms
 ✓ tests/window.test.ts (26 tests) 6ms
 ✓ tests/server/http.test.ts (9 tests) 7ms
 ✓ tests/server/pgStore.test.ts (22 tests) 9ms
 ✓ tests/rendererInput.test.ts (7 tests) 7ms
 ✓ tests/bignum.test.ts (7 tests) 2ms
 ✓ tests/drag.test.ts (7 tests) 4ms
 ✓ tests/typeChart.test.ts (4 tests) 7ms
 ✓ tests/battle.test.ts (4 tests) 4ms
 ✓ tests/fsm.test.ts (12 tests) 10ms
 ✓ tests/scaffold.test.ts (1 test) 1ms
 ✓ tests/input.test.ts (9 tests) 5ms
 ✓ tests/deploy.test.ts (7 tests) 5ms

 Test Files  33 passed (33)
      Tests  542 passed (542)
   Start at  21:20:00
   Duration  1.45s (transform 1.89s, setup 0ms, collect 4.31s, tests 1.20s, environment 5ms, prepare 2.88s)


> desmon@0.2.0 lint
> eslint . --max-warnings 0


> desmon@0.2.0 typecheck
> tsc -p tsconfig.main.json --noEmit && tsc -p tsconfig.renderer.json --noEmit && tsc -p tsconfig.test.json

