
> desmon@0.2.0 test
> vitest run

[33mThe CJS build of Vite's Node API is deprecated. See https://vite.dev/guide/troubleshooting.html#vite-cjs-node-api-deprecated for more details.[39m

 RUN  v3.2.7 /Users/jeongyounglee/work/repo/desktop-monster

 ✓ tests/server/http.test.ts (9 tests) 12ms
 ✓ tests/identity.test.ts (8 tests) 21ms
 ✓ tests/globalInput.test.ts (19 tests) 27ms
 ✓ tests/net.test.ts (16 tests) 90ms
 ✓ tests/server/app.test.ts (18 tests) 57ms
 ✓ tests/engine.test.ts (30 tests) 293ms
 ✓ tests/formulas.test.ts (13 tests) 55ms
 ✓ tests/sprites.test.ts (31 tests) 52ms
 ✓ tests/server/pvp.test.ts (14 tests) 15ms
 ✓ tests/menu.test.ts (18 tests) 19ms
 ✓ tests/audio.test.ts (15 tests) 52ms
 ✓ tests/tray.test.ts (37 tests) 61ms
 ✓ tests/collection.test.ts (21 tests) 779ms
   ✓ resolvePvp (SPEC F37/F62, Assumption 34) > resolvePvp steal rate over 10000 seeded wins is within 13 to 17 percent  738ms
 ✓ tests/renderer.test.ts (81 tests) 275ms
 ✓ tests/loot.test.ts (11 tests) 914ms
   ✓ mulberry32 deterministic RNG (SPEC F06, Assumption 15) > outputs stay in [0, 1) and are roughly uniform over 10000 draws  402ms
   ✓ loot tables (SPEC F09, Assumptions 3/6/15) > trinket drop rate over 10000 seeded kills is within 23 to 27 percent  437ms
 ✓ tests/packaging.test.ts (14 tests) 15ms
 ✓ tests/ipc.test.ts (56 tests) 18ms
 ✓ tests/persistence.test.ts (10 tests) 30ms
 ✓ tests/effects.test.ts (6 tests) 20ms
 ✓ tests/fever.test.ts (4 tests) 13ms
 ✓ tests/save.test.ts (13 tests) 29ms
 ✓ tests/window.test.ts (26 tests) 5ms
 ✓ tests/anim.test.ts (14 tests) 21ms
 ✓ tests/server/pgStore.test.ts (22 tests) 7ms
 ✓ tests/typeChart.test.ts (4 tests) 9ms
 ✓ tests/fsm.test.ts (12 tests) 11ms
 ✓ tests/battle.test.ts (4 tests) 5ms
 ✓ tests/deploy.test.ts (7 tests) 11ms
 ✓ tests/drag.test.ts (7 tests) 4ms
 ✓ tests/scaffold.test.ts (1 test) 3ms
 ✓ tests/rendererInput.test.ts (7 tests) 7ms
 ✓ tests/input.test.ts (9 tests) 37ms
 ✓ tests/bignum.test.ts (7 tests) 5ms

 Test Files  33 passed (33)
      Tests  564 passed (564)
   Start at  21:39:49
   Duration  2.83s (transform 3.31s, setup 0ms, collect 8.81s, tests 2.97s, environment 5ms, prepare 5.30s)


> desmon@0.2.0 lint
> eslint . --max-warnings 0


> desmon@0.2.0 typecheck
> tsc -p tsconfig.main.json --noEmit && tsc -p tsconfig.renderer.json --noEmit && tsc -p tsconfig.test.json

