
> desmon@0.3.0 test
> vitest run

[33mThe CJS build of Vite's Node API is deprecated. See https://vite.dev/guide/troubleshooting.html#vite-cjs-node-api-deprecated for more details.[39m

 RUN  v3.2.7 /Users/jeongyounglee/work/repo/desktop-monster

 ✓ tests/net.test.ts (16 tests) 40ms
 ✓ tests/save.test.ts (13 tests) 11ms
 ✓ tests/server/pvp.test.ts (14 tests) 27ms
 ✓ tests/engine.test.ts (30 tests) 83ms
 ✓ tests/server/app.test.ts (18 tests) 23ms
 ✓ tests/anim.test.ts (14 tests) 16ms
 ✓ tests/sprites.test.ts (31 tests) 21ms
 ✓ tests/menu.test.ts (23 tests) 41ms
 ✓ tests/collection.test.ts (21 tests) 302ms
 ✓ tests/renderer.test.ts (91 tests) 138ms
 ✓ tests/packaging.test.ts (16 tests) 8ms
 ✓ tests/server/http.test.ts (9 tests) 50ms
 ✓ tests/formulas.test.ts (13 tests) 16ms
 ✓ tests/globalInput.test.ts (19 tests) 11ms
 ✓ tests/identity.test.ts (8 tests) 24ms
 ✓ tests/effects.test.ts (6 tests) 24ms
 ✓ tests/tray.test.ts (37 tests) 33ms
 ✓ tests/loot.test.ts (11 tests) 603ms
   ✓ mulberry32 deterministic RNG (SPEC F06, Assumption 15) > outputs stay in [0, 1) and are roughly uniform over 10000 draws  315ms
 ✓ tests/audio.test.ts (15 tests) 24ms
 ✓ tests/fever.test.ts (4 tests) 13ms
 ✓ tests/typeChart.test.ts (4 tests) 5ms
 ✓ tests/persistence.test.ts (10 tests) 21ms
 ✓ tests/window.test.ts (29 tests) 5ms
 ✓ tests/fsm.test.ts (12 tests) 4ms
 ✓ tests/ipc.test.ts (56 tests) 10ms
 ✓ tests/server/pgStore.test.ts (22 tests) 6ms
 ✓ tests/input.test.ts (9 tests) 5ms
 ✓ tests/thefts.test.ts (5 tests) 5ms
 ✓ tests/deploy.test.ts (7 tests) 8ms
 ✓ tests/battle.test.ts (4 tests) 8ms
 ✓ tests/bignum.test.ts (7 tests) 3ms
 ✓ tests/drag.test.ts (7 tests) 4ms
 ✓ tests/scaffold.test.ts (1 test) 6ms
 ✓ tests/rendererInput.test.ts (7 tests) 3ms

 Test Files  34 passed (34)
      Tests  589 passed (589)
   Start at  22:16:12
   Duration  1.81s (transform 1.80s, setup 0ms, collect 4.89s, tests 1.60s, environment 4ms, prepare 3.51s)


> desmon@0.3.0 lint
> eslint . --max-warnings 0


> desmon@0.3.0 typecheck
> tsc -p tsconfig.main.json --noEmit && tsc -p tsconfig.renderer.json --noEmit && tsc -p tsconfig.test.json

