
> desmon@0.2.0 test
> vitest run

[33mThe CJS build of Vite's Node API is deprecated. See https://vite.dev/guide/troubleshooting.html#vite-cjs-node-api-deprecated for more details.[39m

 RUN  v3.2.7 /Users/jeongyounglee/work/repo/desktop-monster

 ✓ tests/server/pgStore.test.ts (22 tests) 45ms
 ✓ tests/net.test.ts (16 tests) 172ms
 ✓ tests/formulas.test.ts (13 tests) 160ms
 ✓ tests/server/app.test.ts (13 tests) 68ms
 ✓ tests/engine.test.ts (30 tests) 400ms
   ✓ attack engine (SPEC F06/F07/F08, Assumption 8) > a boss kill rolls capture after loot and emits bossCaptured with a c-prefixed id at 35 percent  328ms
 ✓ tests/server/pvp.test.ts (14 tests) 83ms
 ✓ tests/sprites.test.ts (31 tests) 69ms
 ✓ tests/audio.test.ts (15 tests) 168ms
 ✓ tests/collection.test.ts (21 tests) 1173ms
   ✓ resolvePvp (SPEC F37/F62, Assumption 34) > resolvePvp steal rate over 10000 seeded wins is within 13 to 17 percent  1100ms
 ✓ tests/persistence.test.ts (10 tests) 55ms
 ✓ tests/renderer.test.ts (81 tests) 638ms
 ✓ tests/tray.test.ts (37 tests) 50ms
 ✓ tests/identity.test.ts (8 tests) 89ms
 ✓ tests/menu.test.ts (18 tests) 92ms
 ✓ tests/drag.test.ts (7 tests) 13ms
 ✓ tests/loot.test.ts (11 tests) 1917ms
   ✓ mulberry32 deterministic RNG (SPEC F06, Assumption 15) > outputs stay in [0, 1) and are roughly uniform over 10000 draws  1426ms
   ✓ loot tables (SPEC F09, Assumptions 3/6/15) > trinket drop rate over 10000 seeded kills is within 23 to 27 percent  355ms
 ✓ tests/anim.test.ts (14 tests) 46ms
 ✓ tests/save.test.ts (13 tests) 94ms
 ✓ tests/ipc.test.ts (56 tests) 32ms
 ✓ tests/effects.test.ts (6 tests) 22ms
 ✓ tests/server/http.test.ts (9 tests) 20ms
 ✓ tests/globalInput.test.ts (19 tests) 57ms
 ✓ tests/battle.test.ts (4 tests) 3ms
 ✓ tests/typeChart.test.ts (4 tests) 49ms
 ✓ tests/rendererInput.test.ts (7 tests) 15ms
 ✓ tests/packaging.test.ts (14 tests) 24ms
 ✓ tests/fever.test.ts (4 tests) 37ms
 ✓ tests/fsm.test.ts (12 tests) 19ms
 ✓ tests/input.test.ts (9 tests) 27ms
 ✓ tests/bignum.test.ts (7 tests) 41ms
 ✓ tests/window.test.ts (26 tests) 6ms
 ✓ tests/scaffold.test.ts (1 test) 3ms
 ✓ tests/deploy.test.ts (7 tests) 14ms

 Test Files  33 passed (33)
      Tests  559 passed (559)
   Start at  21:31:24
   Duration  7.23s (transform 13.44s, setup 0ms, collect 30.90s, tests 5.70s, environment 6ms, prepare 11.03s)


> desmon@0.2.0 lint
> eslint . --max-warnings 0


> desmon@0.2.0 typecheck
> tsc -p tsconfig.main.json --noEmit && tsc -p tsconfig.renderer.json --noEmit && tsc -p tsconfig.test.json

