
> desmon@0.3.0 test
> vitest run

[33mThe CJS build of Vite's Node API is deprecated. See https://vite.dev/guide/troubleshooting.html#vite-cjs-node-api-deprecated for more details.[39m

 RUN  v3.2.7 /Users/jeongyounglee/work/repo/desktop-monster

 ✓ tests/server/http.test.ts (9 tests) 16ms
 ✓ tests/globalInput.test.ts (19 tests) 49ms
 ✓ tests/net.test.ts (16 tests) 150ms
 ✓ tests/server/pvp.test.ts (14 tests) 150ms
 ✓ tests/server/app.test.ts (18 tests) 142ms
 ✓ tests/engine.test.ts (30 tests) 528ms
   ✓ attack engine (SPEC F06/F07/F08, Assumption 8) > a boss kill rolls capture after loot and emits bossCaptured with a c-prefixed id at 35 percent  407ms
 ✓ tests/persistence.test.ts (10 tests) 44ms
 ✓ tests/tray.test.ts (37 tests) 117ms
 ✓ tests/collection.test.ts (21 tests) 1133ms
   ✓ resolvePvp (SPEC F37/F62, Assumption 34) > resolvePvp steal rate over 10000 seeded wins is within 13 to 17 percent  1061ms
 ✓ tests/audio.test.ts (15 tests) 89ms
 ✓ tests/menu.test.ts (23 tests) 246ms
 ✓ tests/sprites.test.ts (31 tests) 86ms
 ✓ tests/identity.test.ts (8 tests) 50ms
 ✓ tests/loot.test.ts (11 tests) 2106ms
   ✓ mulberry32 deterministic RNG (SPEC F06, Assumption 15) > outputs stay in [0, 1) and are roughly uniform over 10000 draws  1379ms
   ✓ loot tables (SPEC F09, Assumptions 3/6/15) > trinket drop rate over 10000 seeded kills is within 23 to 27 percent  319ms
 ✓ tests/renderer.test.ts (91 tests) 520ms
 ✓ tests/window.test.ts (29 tests) 16ms
 ✓ tests/ipc.test.ts (56 tests) 47ms
 ✓ tests/formulas.test.ts (13 tests) 83ms
 ✓ tests/thefts.test.ts (5 tests) 13ms
 ✓ tests/anim.test.ts (14 tests) 123ms
 ✓ tests/packaging.test.ts (16 tests) 128ms
 ✓ tests/effects.test.ts (6 tests) 121ms
 ✓ tests/save.test.ts (13 tests) 10ms
 ✓ tests/typeChart.test.ts (4 tests) 8ms
 ✓ tests/fever.test.ts (4 tests) 11ms
 ✓ tests/server/pgStore.test.ts (22 tests) 9ms
 ✓ tests/deploy.test.ts (7 tests) 8ms
 ✓ tests/battle.test.ts (4 tests) 14ms
 ✓ tests/rendererInput.test.ts (7 tests) 9ms
 ✓ tests/fsm.test.ts (12 tests) 17ms
 ✓ tests/input.test.ts (9 tests) 7ms
 ✓ tests/drag.test.ts (7 tests) 3ms
 ✓ tests/bignum.test.ts (7 tests) 3ms
 ✓ tests/scaffold.test.ts (1 test) 1ms

 Test Files  34 passed (34)
      Tests  589 passed (589)
   Start at  22:08:00
   Duration  6.36s (transform 7.03s, setup 0ms, collect 24.41s, tests 6.06s, environment 10ms, prepare 10.30s)


> desmon@0.3.0 lint
> eslint . --max-warnings 0


> desmon@0.3.0 typecheck
> tsc -p tsconfig.main.json --noEmit && tsc -p tsconfig.renderer.json --noEmit && tsc -p tsconfig.test.json

