
> desmon@0.2.0 test
> vitest run

[33mThe CJS build of Vite's Node API is deprecated. See https://vite.dev/guide/troubleshooting.html#vite-cjs-node-api-deprecated for more details.[39m

 RUN  v3.2.7 /Users/jeongyounglee/work/repo/desktop-monster

 ✓ tests/persistence.test.ts (10 tests) 23ms
 ✓ tests/globalInput.test.ts (19 tests) 27ms
 ✓ tests/tray.test.ts (37 tests) 18ms
 ✓ tests/net.test.ts (16 tests) 30ms
 ✓ tests/fever.test.ts (4 tests) 10ms
 ✓ tests/sprites.test.ts (31 tests) 25ms
 ✓ tests/engine.test.ts (27 tests) 159ms
 ✓ tests/menu.test.ts (13 tests) 24ms
 ✓ tests/collection.test.ts (21 tests) 307ms
 ✓ tests/formulas.test.ts (13 tests) 20ms
 ✓ tests/identity.test.ts (8 tests) 9ms
 ✓ tests/renderer.test.ts (81 tests) 88ms
 ✓ tests/audio.test.ts (15 tests) 15ms
 ✓ tests/effects.test.ts (6 tests) 10ms
 ✓ tests/loot.test.ts (11 tests) 430ms
 ✓ tests/server/app.test.ts (13 tests) 105ms
 ✓ tests/save.test.ts (13 tests) 20ms
 ✓ tests/ipc.test.ts (47 tests) 13ms
 ✓ tests/packaging.test.ts (14 tests) 10ms
 ✓ tests/server/http.test.ts (9 tests) 8ms
 ✓ tests/typeChart.test.ts (4 tests) 4ms
 ✓ tests/anim.test.ts (14 tests) 41ms
 ✓ tests/server/pvp.test.ts (9 tests) 21ms
 ✓ tests/fsm.test.ts (12 tests) 3ms
 ✓ tests/battle.test.ts (4 tests) 3ms
 ✓ tests/drag.test.ts (7 tests) 4ms
 ✓ tests/deploy.test.ts (7 tests) 4ms
 ✓ tests/rendererInput.test.ts (7 tests) 6ms
 ✓ tests/window.test.ts (26 tests) 8ms
 ✓ tests/server/pgStore.test.ts (22 tests) 6ms
 ✓ tests/bignum.test.ts (7 tests) 5ms
 ✓ tests/input.test.ts (9 tests) 3ms
 ✓ tests/scaffold.test.ts (1 test) 2ms

 Test Files  33 passed (33)
      Tests  537 passed (537)
   Start at  21:19:50
   Duration  1.67s (transform 1.61s, setup 0ms, collect 4.39s, tests 1.46s, environment 7ms, prepare 3.36s)


> desmon@0.2.0 lint
> eslint . --max-warnings 0


> desmon@0.2.0 typecheck
> tsc -p tsconfig.main.json --noEmit && tsc -p tsconfig.renderer.json --noEmit && tsc -p tsconfig.test.json

