
> desmon@0.2.0 test
> vitest run

[33mThe CJS build of Vite's Node API is deprecated. See https://vite.dev/guide/troubleshooting.html#vite-cjs-node-api-deprecated for more details.[39m

 RUN  v3.2.7 /Users/jeongyounglee/work/repo/desktop-monster

 ✓ tests/server/http.test.ts (9 tests) 5ms
 ✓ tests/net.test.ts (16 tests) 47ms
 ✓ tests/fever.test.ts (4 tests) 13ms
 ✓ tests/formulas.test.ts (13 tests) 24ms
 ✓ tests/engine.test.ts (30 tests) 108ms
 ✓ tests/server/app.test.ts (18 tests) 32ms
 ✓ tests/collection.test.ts (21 tests) 216ms
 ✓ tests/globalInput.test.ts (19 tests) 15ms
 ✓ tests/effects.test.ts (6 tests) 8ms
 ✓ tests/audio.test.ts (15 tests) 21ms
 ✓ tests/identity.test.ts (8 tests) 30ms
 ✓ tests/loot.test.ts (11 tests) 443ms
 ✓ tests/drag.test.ts (7 tests) 54ms
 ✓ tests/persistence.test.ts (10 tests) 22ms
 ✓ tests/renderer.test.ts (85 tests) 174ms
 ✓ tests/sprites.test.ts (31 tests) 20ms
 ✓ tests/bignum.test.ts (7 tests) 5ms
 ✓ tests/server/pvp.test.ts (14 tests) 127ms
 ✓ tests/save.test.ts (13 tests) 12ms
 ✓ tests/scaffold.test.ts (1 test) 1ms
 ✓ tests/anim.test.ts (14 tests) 16ms
 ✓ tests/tray.test.ts (37 tests) 25ms
 ✓ tests/deploy.test.ts (7 tests) 4ms
 ✓ tests/packaging.test.ts (14 tests) 10ms
 ✓ tests/server/pgStore.test.ts (22 tests) 9ms
 ✓ tests/battle.test.ts (4 tests) 7ms
 ✓ tests/fsm.test.ts (12 tests) 8ms
 ✓ tests/rendererInput.test.ts (7 tests) 10ms
 ✓ tests/menu.test.ts (18 tests) 41ms
 ✓ tests/input.test.ts (9 tests) 8ms
 ✓ tests/thefts.test.ts (5 tests) 9ms
 ✓ tests/typeChart.test.ts (4 tests) 12ms
 ✓ tests/window.test.ts (29 tests) 12ms
 ✓ tests/ipc.test.ts (56 tests) 18ms

 Test Files  34 passed (34)
      Tests  576 passed (576)
   Start at  21:46:39
   Duration  2.12s (transform 2.10s, setup 0ms, collect 5.67s, tests 1.57s, environment 6ms, prepare 4.12s)


> desmon@0.2.0 lint
> eslint . --max-warnings 0


> desmon@0.2.0 typecheck
> tsc -p tsconfig.main.json --noEmit && tsc -p tsconfig.renderer.json --noEmit && tsc -p tsconfig.test.json

