
> desmon@0.3.0 test
> vitest run

[33mThe CJS build of Vite's Node API is deprecated. See https://vite.dev/guide/troubleshooting.html#vite-cjs-node-api-deprecated for more details.[39m

 RUN  v3.2.7 /Users/jeongyounglee/work/repo/desktop-monster

 ✓ tests/ipc.test.ts (56 tests) 13ms
 ✓ tests/identity.test.ts (8 tests) 18ms
 ✓ tests/net.test.ts (16 tests) 52ms
 ✓ tests/engine.test.ts (30 tests) 127ms
 ✓ tests/server/app.test.ts (18 tests) 23ms
 ✓ tests/anim.test.ts (14 tests) 9ms
 ✓ tests/sprites.test.ts (31 tests) 23ms
 ✓ tests/server/http.test.ts (9 tests) 11ms
 ✓ tests/persistence.test.ts (10 tests) 23ms
 ✓ tests/menu.test.ts (23 tests) 42ms
 ✓ tests/collection.test.ts (21 tests) 265ms
 ✓ tests/renderer.test.ts (91 tests) 136ms
 ✓ tests/loot.test.ts (11 tests) 417ms
 ✓ tests/server/pvp.test.ts (14 tests) 52ms
 ✓ tests/globalInput.test.ts (19 tests) 17ms
 ✓ tests/tray.test.ts (37 tests) 22ms
 ✓ tests/formulas.test.ts (13 tests) 11ms
 ✓ tests/audio.test.ts (15 tests) 14ms
 ✓ tests/save.test.ts (13 tests) 11ms
 ✓ tests/packaging.test.ts (16 tests) 7ms
 ✓ tests/fever.test.ts (4 tests) 10ms
 ✓ tests/deploy.test.ts (7 tests) 16ms
 ✓ tests/thefts.test.ts (5 tests) 5ms
 ✓ tests/input.test.ts (9 tests) 3ms
 ✓ tests/window.test.ts (29 tests) 6ms
 ✓ tests/typeChart.test.ts (4 tests) 5ms
 ✓ tests/scaffold.test.ts (1 test) 1ms
 ✓ tests/rendererInput.test.ts (7 tests) 4ms
 ✓ tests/server/pgStore.test.ts (22 tests) 16ms
 ✓ tests/battle.test.ts (4 tests) 4ms
 ✓ tests/effects.test.ts (6 tests) 7ms
 ✓ tests/drag.test.ts (7 tests) 2ms
 ✓ tests/fsm.test.ts (12 tests) 8ms
 ✓ tests/bignum.test.ts (7 tests) 6ms

 Test Files  34 passed (34)
      Tests  589 passed (589)
   Start at  22:12:57
   Duration  1.70s (transform 2.34s, setup 0ms, collect 5.68s, tests 1.39s, environment 6ms, prepare 3.21s)


> desmon@0.3.0 lint
> eslint . --max-warnings 0


> desmon@0.3.0 typecheck
> tsc -p tsconfig.main.json --noEmit && tsc -p tsconfig.renderer.json --noEmit && tsc -p tsconfig.test.json

