
> desmon@0.2.0 test
> vitest run

[33mThe CJS build of Vite's Node API is deprecated. See https://vite.dev/guide/troubleshooting.html#vite-cjs-node-api-deprecated for more details.[39m

 RUN  v3.2.7 /Users/jeongyounglee/work/repo/desktop-monster

 ✓ tests/globalInput.test.ts (19 tests) 19ms
 ✓ tests/persistence.test.ts (10 tests) 15ms
 ✓ tests/net.test.ts (16 tests) 66ms
 ✓ tests/server/app.test.ts (18 tests) 68ms
 ✓ tests/engine.test.ts (30 tests) 311ms
 ✓ tests/sprites.test.ts (31 tests) 35ms
 ✓ tests/menu.test.ts (18 tests) 27ms
 ✓ tests/audio.test.ts (15 tests) 40ms
 ✓ tests/server/pvp.test.ts (14 tests) 36ms
 ✓ tests/formulas.test.ts (13 tests) 102ms
 ✓ tests/tray.test.ts (37 tests) 33ms
 ✓ tests/renderer.test.ts (91 tests) 236ms
 ✓ tests/collection.test.ts (21 tests) 734ms
   ✓ resolvePvp (SPEC F37/F62, Assumption 34) > resolvePvp steal rate over 10000 seeded wins is within 13 to 17 percent  703ms
 ✓ tests/save.test.ts (13 tests) 23ms
 ✓ tests/loot.test.ts (11 tests) 1129ms
   ✓ mulberry32 deterministic RNG (SPEC F06, Assumption 15) > outputs stay in [0, 1) and are roughly uniform over 10000 draws  411ms
   ✓ loot tables (SPEC F09, Assumptions 3/6/15) > trinket drop rate over 10000 seeded kills is within 23 to 27 percent  638ms
 ✓ tests/identity.test.ts (8 tests) 53ms
 ✓ tests/effects.test.ts (6 tests) 15ms
 ✓ tests/fever.test.ts (4 tests) 29ms
 ✓ tests/battle.test.ts (4 tests) 8ms
 ✓ tests/anim.test.ts (14 tests) 28ms
 ✓ tests/packaging.test.ts (14 tests) 11ms
 ✓ tests/server/http.test.ts (9 tests) 7ms
 ✓ tests/fsm.test.ts (12 tests) 8ms
 ✓ tests/deploy.test.ts (7 tests) 6ms
 ✓ tests/server/pgStore.test.ts (22 tests) 14ms
 ✓ tests/window.test.ts (29 tests) 8ms
 ✓ tests/bignum.test.ts (7 tests) 3ms
 ✓ tests/typeChart.test.ts (4 tests) 5ms
 ✓ tests/input.test.ts (9 tests) 5ms
 ✓ tests/thefts.test.ts (5 tests) 231ms
 ✓ tests/ipc.test.ts (56 tests) 24ms
 ✓ tests/scaffold.test.ts (1 test) 3ms
 ✓ tests/rendererInput.test.ts (7 tests) 5ms
 ✓ tests/drag.test.ts (7 tests) 9ms

 Test Files  34 passed (34)
      Tests  582 passed (582)
   Start at  21:53:45
   Duration  3.14s (transform 3.64s, setup 0ms, collect 8.81s, tests 3.35s, environment 7ms, prepare 6.11s)


> desmon@0.2.0 lint
> eslint . --max-warnings 0


> desmon@0.2.0 typecheck
> tsc -p tsconfig.main.json --noEmit && tsc -p tsconfig.renderer.json --noEmit && tsc -p tsconfig.test.json

