
> desmon@0.2.0 test
> vitest run

[33mThe CJS build of Vite's Node API is deprecated. See https://vite.dev/guide/troubleshooting.html#vite-cjs-node-api-deprecated for more details.[39m

 RUN  v3.2.7 /Users/jeongyounglee/work/repo/desktop-monster

 ✓ tests/globalInput.test.ts (19 tests) 15ms
 ✓ tests/identity.test.ts (8 tests) 11ms
 ✓ tests/tray.test.ts (37 tests) 14ms
 ✓ tests/net.test.ts (16 tests) 30ms
 ✓ tests/server/app.test.ts (18 tests) 23ms
 ✓ tests/engine.test.ts (30 tests) 94ms
 ✓ tests/collection.test.ts (21 tests) 179ms
 ✓ tests/effects.test.ts (6 tests) 8ms
 ✓ tests/formulas.test.ts (13 tests) 14ms
 ✓ tests/loot.test.ts (11 tests) 274ms
 ✓ tests/menu.test.ts (18 tests) 19ms
 ✓ tests/audio.test.ts (15 tests) 16ms
 ✓ tests/server/pvp.test.ts (14 tests) 22ms
 ✓ tests/renderer.test.ts (85 tests) 80ms
 ✓ tests/sprites.test.ts (31 tests) 17ms
 ✓ tests/save.test.ts (13 tests) 10ms
 ✓ tests/packaging.test.ts (14 tests) 10ms
 ✓ tests/ipc.test.ts (56 tests) 11ms
 ✓ tests/persistence.test.ts (10 tests) 16ms
 ✓ tests/fever.test.ts (4 tests) 6ms
 ✓ tests/input.test.ts (9 tests) 8ms
 ✓ tests/anim.test.ts (14 tests) 11ms
 ✓ tests/battle.test.ts (4 tests) 5ms
 ✓ tests/typeChart.test.ts (4 tests) 8ms
 ✓ tests/drag.test.ts (7 tests) 10ms
 ✓ tests/server/pgStore.test.ts (22 tests) 69ms
 ✓ tests/window.test.ts (27 tests) 4ms
 ✓ tests/server/http.test.ts (9 tests) 7ms
 ✓ tests/rendererInput.test.ts (7 tests) 3ms
 ✓ tests/deploy.test.ts (7 tests) 4ms
 ✓ tests/fsm.test.ts (12 tests) 6ms
 ✓ tests/scaffold.test.ts (1 test) 1ms
 ✓ tests/bignum.test.ts (7 tests) 3ms

 Test Files  33 passed (33)
      Tests  569 passed (569)
   Start at  21:40:34
   Duration  1.49s (transform 1.52s, setup 0ms, collect 4.30s, tests 1.01s, environment 5ms, prepare 3.07s)


> desmon@0.2.0 lint
> eslint . --max-warnings 0


> desmon@0.2.0 typecheck
> tsc -p tsconfig.main.json --noEmit && tsc -p tsconfig.renderer.json --noEmit && tsc -p tsconfig.test.json

