
> desmon@0.2.0 test
> vitest run

[33mThe CJS build of Vite's Node API is deprecated. See https://vite.dev/guide/troubleshooting.html#vite-cjs-node-api-deprecated for more details.[39m

 RUN  v3.2.7 /Users/jeongyounglee/work/repo/desktop-monster

 ✓ tests/persistence.test.ts (10 tests) 14ms
 ✓ tests/net.test.ts (10 tests) 27ms
 ✓ tests/fsm.test.ts (12 tests) 5ms
 ✓ tests/typeChart.test.ts (4 tests) 5ms
 ✓ tests/formulas.test.ts (13 tests) 16ms
 ✓ tests/engine.test.ts (26 tests) 81ms
 ✓ tests/sprites.test.ts (29 tests) 18ms
 ✓ tests/audio.test.ts (15 tests) 37ms
 ✓ tests/renderer.test.ts (80 tests) 134ms
 ✓ tests/anim.test.ts (14 tests) 12ms
 ✓ tests/fever.test.ts (4 tests) 14ms
 ✓ tests/identity.test.ts (7 tests) 28ms
 ✓ tests/globalInput.test.ts (19 tests) 27ms
 ✓ tests/loot.test.ts (11 tests) 402ms
 ✓ tests/tray.test.ts (37 tests) 14ms
 ✓ tests/effects.test.ts (5 tests) 5ms
 ✓ tests/deploy.test.ts (7 tests) 8ms
 ✓ tests/save.test.ts (11 tests) 10ms
 ✓ tests/collection.test.ts (14 tests) 666ms
   ✓ resolvePvp (SPEC F37, Assumption 34) > resolvePvp wins with probability myPower over total and moves one random companion from the loser to the winner  657ms
 ✓ tests/drag.test.ts (7 tests) 2ms
 ✓ tests/packaging.test.ts (14 tests) 7ms
 ✓ tests/server/http.test.ts (9 tests) 5ms
 ✓ tests/ipc.test.ts (47 tests) 7ms
 ✓ tests/rendererInput.test.ts (7 tests) 3ms
 ✓ tests/server/app.test.ts (13 tests) 16ms
 ✓ tests/menu.test.ts (13 tests) 25ms
 ✓ tests/server/pgStore.test.ts (22 tests) 8ms
 ✓ tests/server/pvp.test.ts (9 tests) 15ms
 ✓ tests/input.test.ts (9 tests) 3ms
 ✓ tests/window.test.ts (26 tests) 6ms
 ✓ tests/scaffold.test.ts (1 test) 1ms
 ✓ tests/bignum.test.ts (7 tests) 4ms

 Test Files  32 passed (32)
      Tests  512 passed (512)
   Start at  21:03:21
   Duration  1.38s (transform 1.36s, setup 0ms, collect 3.66s, tests 1.63s, environment 3ms, prepare 2.61s)


> desmon@0.2.0 lint
> eslint . --max-warnings 0


> desmon@0.2.0 typecheck
> tsc -p tsconfig.main.json --noEmit && tsc -p tsconfig.renderer.json --noEmit && tsc -p tsconfig.test.json

