$ rm -rf node_modules && npm ci && npm test && npm run lint && npm run typecheck
npm WARN EBADENGINE Unsupported engine {
npm WARN EBADENGINE   package: '@electron/rebuild@4.2.0',
npm WARN EBADENGINE   required: { node: '>=22.12.0' },
npm WARN EBADENGINE   current: { node: 'v20.12.2', npm: '10.5.0' }
npm WARN EBADENGINE }
npm WARN EBADENGINE Unsupported engine {
npm WARN EBADENGINE   package: 'eslint-visitor-keys@5.0.1',
npm WARN EBADENGINE   required: { node: '^20.19.0 || ^22.13.0 || >=24' },
npm WARN EBADENGINE   current: { node: 'v20.12.2', npm: '10.5.0' }
npm WARN EBADENGINE }
npm WARN EBADENGINE Unsupported engine {
npm WARN EBADENGINE   package: 'abbrev@4.0.0',
npm WARN EBADENGINE   required: { node: '^20.17.0 || >=22.9.0' },
npm WARN EBADENGINE   current: { node: 'v20.12.2', npm: '10.5.0' }
npm WARN EBADENGINE }
npm WARN EBADENGINE Unsupported engine {
npm WARN EBADENGINE   package: 'node-abi@4.33.0',
npm WARN EBADENGINE   required: { node: '>=22.12.0' },
npm WARN EBADENGINE   current: { node: 'v20.12.2', npm: '10.5.0' }
npm WARN EBADENGINE }
npm WARN EBADENGINE Unsupported engine {
npm WARN EBADENGINE   package: 'node-gyp@12.4.0',
npm WARN EBADENGINE   required: { node: '^20.17.0 || >=22.9.0' },
npm WARN EBADENGINE   current: { node: 'v20.12.2', npm: '10.5.0' }
npm WARN EBADENGINE }
npm WARN EBADENGINE Unsupported engine {
npm WARN EBADENGINE   package: 'which@6.0.1',
npm WARN EBADENGINE   required: { node: '^20.17.0 || >=22.9.0' },
npm WARN EBADENGINE   current: { node: 'v20.12.2', npm: '10.5.0' }
npm WARN EBADENGINE }
npm WARN EBADENGINE Unsupported engine {
npm WARN EBADENGINE   package: 'nopt@9.0.0',
npm WARN EBADENGINE   required: { node: '^20.17.0 || >=22.9.0' },
npm WARN EBADENGINE   current: { node: 'v20.12.2', npm: '10.5.0' }
npm WARN EBADENGINE }
npm WARN EBADENGINE Unsupported engine {
npm WARN EBADENGINE   package: 'proc-log@6.1.0',
npm WARN EBADENGINE   required: { node: '^20.17.0 || >=22.9.0' },
npm WARN EBADENGINE   current: { node: 'v20.12.2', npm: '10.5.0' }
npm WARN EBADENGINE }
npm WARN deprecated inflight@1.0.6: This module is not supported, and leaks memory. Do not use it. Check out lru-cache if you want a good and tested way to coalesce async requests by a key value, which is much more comprehensive and powerful.
npm WARN deprecated rimraf@2.6.3: Rimraf versions prior to v4 are no longer supported
npm WARN deprecated glob@7.2.3: Old versions of glob are not supported, and contain widely publicized security vulnerabilities, which have been fixed in the current version. Please update. Support for old versions may be purchased (at exorbitant rates) by contacting i@izs.me
npm WARN deprecated boolean@3.2.0: Package no longer supported. Contact Support at https://www.npmjs.com/support for more info.

added 467 packages, and audited 468 packages in 5s

88 packages are looking for funding
  run `npm fund` for details

10 vulnerabilities (2 moderate, 8 high)

To address issues that do not require attention, run:
  npm audit fix

To address all issues (including breaking changes), run:
  npm audit fix --force

Run `npm audit` for details.

> desmon@0.3.0 test
> vitest run

[33mThe CJS build of Vite's Node API is deprecated. See https://vite.dev/guide/troubleshooting.html#vite-cjs-node-api-deprecated for more details.[39m

 RUN  v3.2.7 /Users/jeongyounglee/work/repo/desktop-monster

 ✓ tests/ipc.test.ts (56 tests) 63ms
 ✓ tests/tray.test.ts (37 tests) 65ms
 ✓ tests/net.test.ts (16 tests) 188ms
 ✓ tests/server/pvp.test.ts (14 tests) 110ms
 ✓ tests/engine.test.ts (30 tests) 389ms
 ✓ tests/server/app.test.ts (18 tests) 187ms
 ✓ tests/sprites.test.ts (31 tests) 103ms
 ✓ tests/audio.test.ts (15 tests) 54ms
 ✓ tests/collection.test.ts (21 tests) 894ms
   ✓ resolvePvp (SPEC F37/F62, Assumption 34) > resolvePvp steal rate over 10000 seeded wins is within 13 to 17 percent  744ms
 ✓ tests/menu.test.ts (23 tests) 207ms
 ✓ tests/anim.test.ts (14 tests) 72ms
 ✓ tests/globalInput.test.ts (19 tests) 39ms
 ✓ tests/renderer.test.ts (91 tests) 470ms
 ✓ tests/save.test.ts (13 tests) 180ms
 ✓ tests/server/pgStore.test.ts (22 tests) 38ms
 ✓ tests/thefts.test.ts (5 tests) 16ms
 ✓ tests/rendererInput.test.ts (7 tests) 9ms
 ✓ tests/window.test.ts (29 tests) 10ms
 ✓ tests/packaging.test.ts (16 tests) 6ms
 ✓ tests/formulas.test.ts (13 tests) 27ms
 ✓ tests/fever.test.ts (4 tests) 17ms
 ✓ tests/fsm.test.ts (12 tests) 20ms
 ✓ tests/server/http.test.ts (9 tests) 14ms
 ✓ tests/input.test.ts (9 tests) 7ms
 ✓ tests/identity.test.ts (8 tests) 21ms
 ✓ tests/effects.test.ts (6 tests) 16ms
 ✓ tests/drag.test.ts (7 tests) 6ms
 ✓ tests/deploy.test.ts (7 tests) 6ms
 ✓ tests/battle.test.ts (4 tests) 10ms
 ✓ tests/typeChart.test.ts (4 tests) 13ms
 ✓ tests/bignum.test.ts (7 tests) 3ms
 ✓ tests/scaffold.test.ts (1 test) 2ms
 ✓ tests/persistence.test.ts (10 tests) 23ms
 ✓ tests/loot.test.ts (11 tests) 941ms
   ✓ mulberry32 deterministic RNG (SPEC F06, Assumption 15) > outputs stay in [0, 1) and are roughly uniform over 10000 draws  717ms

 Test Files  34 passed (34)
      Tests  589 passed (589)
   Start at  02:25:15
   Duration  4.35s (transform 5.95s, setup 0ms, collect 14.48s, tests 4.23s, environment 12ms, prepare 8.26s)


> desmon@0.3.0 lint
> eslint . --max-warnings 0


> desmon@0.3.0 typecheck
> tsc -p tsconfig.main.json --noEmit && tsc -p tsconfig.renderer.json --noEmit && tsc -p tsconfig.test.json

EXIT=0
