$ npm test && npm run lint && npm run typecheck   (2026-09-04T02:52:45+0900, orchestrator re-run, HEAD 7a92fa3)

> desmon@0.3.0 test
> vitest run

[33mThe CJS build of Vite's Node API is deprecated. See https://vite.dev/guide/troubleshooting.html#vite-cjs-node-api-deprecated for more details.[39m

 RUN  v3.2.7 /Users/jeongyounglee/work/repo/desktop-monster

 ✓ tests/persistence.test.ts (10 tests) 20ms
 ✓ tests/identity.test.ts (8 tests) 22ms
 ✓ tests/globalInput.test.ts (19 tests) 24ms
 ✓ tests/tray.test.ts (37 tests) 20ms
 ✓ tests/net.test.ts (16 tests) 48ms
 ✓ tests/engine.test.ts (30 tests) 122ms
 ✓ tests/collection.test.ts (21 tests) 224ms
 ✓ tests/sprites.test.ts (31 tests) 21ms
 ✓ tests/formulas.test.ts (13 tests) 14ms
 ✓ tests/fever.test.ts (4 tests) 9ms
 ✓ tests/anim.test.ts (14 tests) 20ms
 ✓ tests/save.test.ts (13 tests) 13ms
 ✓ tests/audio.test.ts (15 tests) 18ms
 ✓ tests/menu.test.ts (23 tests) 42ms
 ✓ tests/renderer.test.ts (91 tests) 122ms
 ✓ tests/packaging.test.ts (16 tests) 12ms
 ✓ tests/loot.test.ts (11 tests) 605ms
 ✓ tests/input.test.ts (9 tests) 3ms
 ✓ tests/deploy.test.ts (7 tests) 5ms
 ✓ tests/ipc.test.ts (56 tests) 13ms
 ✓ tests/server/pgStore.test.ts (22 tests) 7ms
 ✓ tests/typeChart.test.ts (4 tests) 5ms
 ✓ tests/window.test.ts (29 tests) 7ms
 ✓ tests/rendererInput.test.ts (7 tests) 5ms
 ✓ tests/effects.test.ts (6 tests) 11ms
 ✓ tests/thefts.test.ts (5 tests) 8ms
 ✓ tests/fsm.test.ts (12 tests) 4ms
 ✓ tests/drag.test.ts (7 tests) 4ms
 ✓ tests/server/pvp.test.ts (14 tests) 15ms
 ✓ tests/scaffold.test.ts (1 test) 3ms
 ✓ tests/battle.test.ts (4 tests) 5ms
 ✓ tests/server/http.test.ts (9 tests) 6ms
 ✓ tests/bignum.test.ts (7 tests) 2ms
 ✓ tests/server/app.test.ts (18 tests) 16ms

 Test Files  34 passed (34)
      Tests  589 passed (589)
   Start at  02:52:45
   Duration  1.58s (transform 1.69s, setup 0ms, collect 4.51s, tests 1.47s, environment 4ms, prepare 2.97s)


> desmon@0.3.0 lint
> eslint . --max-warnings 0


> desmon@0.3.0 typecheck
> tsc -p tsconfig.main.json --noEmit && tsc -p tsconfig.renderer.json --noEmit && tsc -p tsconfig.test.json

EXIT=0
