===== plan-T54 =====
[33mThe CJS build of Vite's Node API is deprecated. See https://vite.dev/guide/troubleshooting.html#vite-cjs-node-api-deprecated for more details.[39m

 RUN  v3.2.7 /Users/jeongyounglee/work/repo/desktop-monster

 ✓ tests/server/pgStore.test.ts (22 tests) 10ms
 ✓ tests/server/pvp.test.ts (14 tests) 19ms
 ✓ tests/server/app.test.ts (18 tests) 27ms

 Test Files  3 passed (3)
      Tests  54 passed (54)
   Start at  02:27:50
   Duration  799ms (transform 382ms, setup 0ms, collect 862ms, tests 57ms, environment 0ms, prepare 273ms)

===== plan-T55 =====
[33mThe CJS build of Vite's Node API is deprecated. See https://vite.dev/guide/troubleshooting.html#vite-cjs-node-api-deprecated for more details.[39m

 RUN  v3.2.7 /Users/jeongyounglee/work/repo/desktop-monster

 ✓ tests/formulas.test.ts (13 tests) 30ms
 ✓ tests/typeChart.test.ts (4 tests) 52ms

 Test Files  2 passed (2)
      Tests  17 passed (17)
   Start at  02:27:53
   Duration  841ms (transform 263ms, setup 0ms, collect 486ms, tests 82ms, environment 1ms, prepare 331ms)

===== plan-T56 =====
[33mThe CJS build of Vite's Node API is deprecated. See https://vite.dev/guide/troubleshooting.html#vite-cjs-node-api-deprecated for more details.[39m

 RUN  v3.2.7 /Users/jeongyounglee/work/repo/desktop-monster

 ✓ tests/persistence.test.ts (10 tests) 13ms
 ✓ tests/save.test.ts (13 tests) 10ms
 ✓ tests/engine.test.ts (30 tests) 63ms
 ✓ tests/renderer.test.ts (91 tests) 82ms

 Test Files  4 passed (4)
      Tests  144 passed (144)
   Start at  02:27:54
   Duration  590ms (transform 360ms, setup 0ms, collect 701ms, tests 168ms, environment 1ms, prepare 205ms)

===== plan-T57 =====
[33mThe CJS build of Vite's Node API is deprecated. See https://vite.dev/guide/troubleshooting.html#vite-cjs-node-api-deprecated for more details.[39m

 RUN  v3.2.7 /Users/jeongyounglee/work/repo/desktop-monster

 ✓ tests/engine.test.ts (30 tests) 62ms
 ✓ tests/collection.test.ts (21 tests) 133ms

 Test Files  2 passed (2)
      Tests  51 passed (51)
   Start at  02:27:55
   Duration  527ms (transform 177ms, setup 0ms, collect 262ms, tests 195ms, environment 0ms, prepare 104ms)

===== plan-T58 =====
[33mThe CJS build of Vite's Node API is deprecated. See https://vite.dev/guide/troubleshooting.html#vite-cjs-node-api-deprecated for more details.[39m

 RUN  v3.2.7 /Users/jeongyounglee/work/repo/desktop-monster

 ✓ tests/battle.test.ts (4 tests) 3ms
 ✓ tests/server/pvp.test.ts (14 tests) 15ms
 ✓ tests/collection.test.ts (21 tests) 151ms

 Test Files  3 passed (3)
      Tests  39 passed (39)
   Start at  02:27:57
   Duration  630ms (transform 182ms, setup 0ms, collect 395ms, tests 169ms, environment 0ms, prepare 190ms)

===== plan-T59 =====
[33mThe CJS build of Vite's Node API is deprecated. See https://vite.dev/guide/troubleshooting.html#vite-cjs-node-api-deprecated for more details.[39m

 RUN  v3.2.7 /Users/jeongyounglee/work/repo/desktop-monster

 ✓ tests/fever.test.ts (4 tests) 8ms
 ✓ tests/engine.test.ts (30 tests) 60ms
 ✓ tests/collection.test.ts (21 tests) 134ms

 Test Files  3 passed (3)
      Tests  55 passed (55)
   Start at  02:27:58
   Duration  623ms (transform 246ms, setup 0ms, collect 495ms, tests 202ms, environment 0ms, prepare 236ms)

===== plan-T60 =====
[33mThe CJS build of Vite's Node API is deprecated. See https://vite.dev/guide/troubleshooting.html#vite-cjs-node-api-deprecated for more details.[39m

 RUN  v3.2.7 /Users/jeongyounglee/work/repo/desktop-monster

 ✓ tests/server/pvp.test.ts (14 tests) 12ms
 ✓ tests/server/app.test.ts (18 tests) 15ms

 Test Files  2 passed (2)
      Tests  32 passed (32)
   Start at  02:27:59
   Duration  422ms (transform 158ms, setup 0ms, collect 280ms, tests 28ms, environment 0ms, prepare 123ms)

===== plan-T61 =====
[33mThe CJS build of Vite's Node API is deprecated. See https://vite.dev/guide/troubleshooting.html#vite-cjs-node-api-deprecated for more details.[39m

 RUN  v3.2.7 /Users/jeongyounglee/work/repo/desktop-monster

 ✓ tests/server/pvp.test.ts (14 tests) 15ms
 ✓ tests/server/app.test.ts (18 tests) 18ms

 Test Files  2 passed (2)
      Tests  32 passed (32)
   Start at  02:28:00
   Duration  469ms (transform 195ms, setup 0ms, collect 331ms, tests 34ms, environment 0ms, prepare 114ms)

===== plan-T62 =====
[33mThe CJS build of Vite's Node API is deprecated. See https://vite.dev/guide/troubleshooting.html#vite-cjs-node-api-deprecated for more details.[39m

 RUN  v3.2.7 /Users/jeongyounglee/work/repo/desktop-monster

 ✓ tests/sprites.test.ts (31 tests) 16ms
 ✓ tests/renderer.test.ts (91 tests) 62ms

 Test Files  2 passed (2)
      Tests  122 passed (122)
   Start at  02:28:02
   Duration  571ms (transform 239ms, setup 0ms, collect 409ms, tests 78ms, environment 0ms, prepare 142ms)

===== plan-T63 =====
===== plan-T64 =====
[33mThe CJS build of Vite's Node API is deprecated. See https://vite.dev/guide/troubleshooting.html#vite-cjs-node-api-deprecated for more details.[39m

 RUN  v3.2.7 /Users/jeongyounglee/work/repo/desktop-monster

 ✓ tests/effects.test.ts (6 tests) 5ms
 ✓ tests/renderer.test.ts (91 tests) 67ms

 Test Files  2 passed (2)
      Tests  97 passed (97)
   Start at  02:28:03
   Duration  573ms (transform 210ms, setup 0ms, collect 397ms, tests 72ms, environment 0ms, prepare 150ms)

===== plan-T65 =====
[33mThe CJS build of Vite's Node API is deprecated. See https://vite.dev/guide/troubleshooting.html#vite-cjs-node-api-deprecated for more details.[39m

 RUN  v3.2.7 /Users/jeongyounglee/work/repo/desktop-monster

 ✓ tests/window.test.ts (29 tests) 6ms
 ✓ tests/drag.test.ts (7 tests) 3ms
 ✓ tests/sprites.test.ts (31 tests) 18ms
 ✓ tests/renderer.test.ts (91 tests) 57ms

 Test Files  4 passed (4)
      Tests  158 passed (158)
   Start at  02:28:04
   Duration  575ms (transform 293ms, setup 0ms, collect 538ms, tests 84ms, environment 0ms, prepare 200ms)

===== plan-T66 =====
[33mThe CJS build of Vite's Node API is deprecated. See https://vite.dev/guide/troubleshooting.html#vite-cjs-node-api-deprecated for more details.[39m

 RUN  v3.2.7 /Users/jeongyounglee/work/repo/desktop-monster

 ✓ tests/renderer.test.ts (91 tests) 85ms

 Test Files  1 passed (1)
      Tests  91 passed (91)
   Start at  02:28:12
   Duration  1.52s (transform 602ms, setup 0ms, collect 813ms, tests 85ms, environment 0ms, prepare 202ms)

===== plan-T67 =====
[33mThe CJS build of Vite's Node API is deprecated. See https://vite.dev/guide/troubleshooting.html#vite-cjs-node-api-deprecated for more details.[39m

 RUN  v3.2.7 /Users/jeongyounglee/work/repo/desktop-monster

 ✓ tests/deploy.test.ts (7 tests) 6ms
 ✓ tests/identity.test.ts (8 tests) 26ms
 ✓ tests/net.test.ts (16 tests) 87ms

 Test Files  3 passed (3)
      Tests  31 passed (31)
   Start at  02:28:19
   Duration  706ms (transform 289ms, setup 0ms, collect 411ms, tests 119ms, environment 1ms, prepare 403ms)

===== plan-T68 =====
[33mThe CJS build of Vite's Node API is deprecated. See https://vite.dev/guide/troubleshooting.html#vite-cjs-node-api-deprecated for more details.[39m

 RUN  v3.2.7 /Users/jeongyounglee/work/repo/desktop-monster

 ✓ tests/ipc.test.ts (56 tests) 33ms
 ✓ tests/renderer.test.ts (91 tests) 87ms

 Test Files  2 passed (2)
      Tests  147 passed (147)
   Start at  02:28:20
   Duration  995ms (transform 354ms, setup 0ms, collect 556ms, tests 120ms, environment 0ms, prepare 277ms)

===== plan-T69 =====
[33mThe CJS build of Vite's Node API is deprecated. See https://vite.dev/guide/troubleshooting.html#vite-cjs-node-api-deprecated for more details.[39m

 RUN  v3.2.7 /Users/jeongyounglee/work/repo/desktop-monster

 ✓ tests/window.test.ts (29 tests) 9ms
 ✓ tests/thefts.test.ts (5 tests) 10ms
 ✓ tests/ipc.test.ts (56 tests) 12ms

 Test Files  3 passed (3)
      Tests  90 passed (90)
   Start at  02:28:26
   Duration  443ms (transform 200ms, setup 0ms, collect 268ms, tests 32ms, environment 0ms, prepare 286ms)

===== plan-T70 =====
[33mThe CJS build of Vite's Node API is deprecated. See https://vite.dev/guide/troubleshooting.html#vite-cjs-node-api-deprecated for more details.[39m

 RUN  v3.2.7 /Users/jeongyounglee/work/repo/desktop-monster

 ✓ tests/window.test.ts (29 tests) 21ms
 ✓ tests/ipc.test.ts (56 tests) 21ms
 ✓ tests/tray.test.ts (37 tests) 28ms
 ✓ tests/menu.test.ts (23 tests) 35ms

 Test Files  4 passed (4)
      Tests  145 passed (145)
   Start at  02:28:31
   Duration  1.08s (transform 803ms, setup 0ms, collect 1.13s, tests 105ms, environment 1ms, prepare 868ms)

===== plan-T71 =====
[33mThe CJS build of Vite's Node API is deprecated. See https://vite.dev/guide/troubleshooting.html#vite-cjs-node-api-deprecated for more details.[39m

 RUN  v3.2.7 /Users/jeongyounglee/work/repo/desktop-monster

 ✓ tests/window.test.ts (29 tests) 11ms
 ✓ tests/tray.test.ts (37 tests) 41ms
 ✓ tests/menu.test.ts (23 tests) 72ms

 Test Files  3 passed (3)
      Tests  89 passed (89)
   Start at  02:28:37
   Duration  992ms (transform 634ms, setup 0ms, collect 942ms, tests 124ms, environment 1ms, prepare 333ms)

===== plan-T72 =====
[33mThe CJS build of Vite's Node API is deprecated. See https://vite.dev/guide/troubleshooting.html#vite-cjs-node-api-deprecated for more details.[39m

 RUN  v3.2.7 /Users/jeongyounglee/work/repo/desktop-monster

 ✓ tests/packaging.test.ts (16 tests) 6ms
 ✓ tests/tray.test.ts (37 tests) 13ms

 Test Files  2 passed (2)
      Tests  53 passed (53)
   Start at  02:28:39
   Duration  349ms (transform 72ms, setup 0ms, collect 91ms, tests 19ms, environment 0ms, prepare 121ms)

===== plan-T73 =====
[33mThe CJS build of Vite's Node API is deprecated. See https://vite.dev/guide/troubleshooting.html#vite-cjs-node-api-deprecated for more details.[39m

 RUN  v3.2.7 /Users/jeongyounglee/work/repo/desktop-monster

 ✓ tests/deploy.test.ts (7 tests) 3ms

 Test Files  1 passed (1)
      Tests  7 passed (7)
   Start at  02:28:40
   Duration  268ms (transform 46ms, setup 0ms, collect 45ms, tests 3ms, environment 0ms, prepare 49ms)


> desmon@0.3.0 build
> tsc -p tsconfig.main.json && tsc -p tsconfig.renderer.json

===== plan-T74 =====
===== plan-T75 =====

> desmon@0.3.0 build
> tsc -p tsconfig.main.json && tsc -p tsconfig.renderer.json

  • electron-builder  version=26.15.3 os=25.2.0
  • loaded configuration  file=package.json ("build" field)
  • skipped dependencies rebuild  reason=npmRebuild is set to false
  • packaging       platform=darwin arch=arm64 electron=39.8.10 appOutDir=release/mac-arm64
  • downloaded      label=electron progress=100%
  • downloaded electron zip extracted successfully  output=/Users/jeongyounglee/work/repo/desktop-monster/release/mac-arm64
  • searching for node modules  pm=npm searchDir=/Users/jeongyounglee/work/repo/desktop-monster
  • default Electron icon is used  reason=application icon is not set
  • skipped macOS code signing  reason=identity explicitly is set to null
  • building        target=DMG arch=arm64 file=release/DesMon-0.3.0-arm64.dmg
  • building block map  blockMapFile=release/DesMon-0.3.0-arm64.dmg.blockmap
===== plan-T76 =====
   ✓ mulberry32 deterministic RNG (SPEC F06, Assumption 15) > outputs stay in [0, 1) and are roughly uniform over 10000 draws  344ms

 Test Files  34 passed (34)
      Tests  589 passed (589)
   Start at  02:29:10
   Duration  1.87s (transform 2.55s, setup 0ms, collect 5.78s, tests 1.42s, environment 8ms, prepare 3.53s)


> desmon@0.3.0 lint
> eslint . --max-warnings 0


> desmon@0.3.0 typecheck
> tsc -p tsconfig.main.json --noEmit && tsc -p tsconfig.renderer.json --noEmit && tsc -p tsconfig.test.json

