Debugger listening on ws://127.0.0.1:57840/c46116da-a0b1-4598-8a53-789a544a0035
For help, see: https://nodejs.org/en/docs/inspector
Debugger attached.
V09_INSPECTOR_RESUMED
V09_LOCK true /var/folders/lx/2l4_myln77j11v_rskxlc7kr0000gn/T/desmon-v10-perf-K7PM9L
V09_FRAME_READY
2026-09-18 13:42:36.072 DesMon[65196:45614077] representedObject is not a WeakPtrToElectronMenuModelAsNSObject
Debugger ending on ws://127.0.0.1:57840/c46116da-a0b1-4598-8a53-789a544a0035
For help, see: https://nodejs.org/en/docs/inspector
V09_LIFECYCLE before-quit 1789708243581
V09_APP_CALL quit [] Error
    at e.app.<computed> [as quit] (eval at <anonymous> (/Users/jeongyounglee/work/repo/desktop-monster/.agentdoc/v11-20260918/preservation/DesMon-0.10.0.app/Contents/Resources/app.asar/dist/electron/main/index.js:5:1), <anonymous>:19:160)
    at /Users/jeongyounglee/work/repo/desktop-monster/.agentdoc/v11-20260918/preservation/DesMon-0.10.0.app/Contents/Resources/app.asar/dist/electron/main/index.js:233:36
V09_LIFECYCLE before-quit 1789708243597
V09_WINDOW 1 close 1789708243599
V09_WINDOW 1 closed 1789708243631
V09_LIFECYCLE will-quit 1789708243631
V09_PROCESS_EXIT 0 1789708243631
V09_LIFECYCLE quit 1789708243632
{"event":"child-exit","code":0,"signal":null,"at":"2026-09-18T05:10:43.995Z"}
