Debugger listening on ws://127.0.0.1:56286/cf829e08-d92c-4672-802a-3eaa261c4517
For help, see: https://nodejs.org/en/docs/inspector
Debugger attached.
V09_INSPECTOR_RESUMED
V09_LOCK true /var/folders/lx/2l4_myln77j11v_rskxlc7kr0000gn/T/desmon-v10-perf-NvOLE1
V09_FRAME_READY
2026-09-18 13:10:40.481 DesMon[26121:45492542] representedObject is not a WeakPtrToElectronMenuModelAsNSObject
2026-09-18 13:10:40.585 DesMon[26121:45492542] representedObject is not a WeakPtrToElectronMenuModelAsNSObject
Debugger ending on ws://127.0.0.1:56286/cf829e08-d92c-4672-802a-3eaa261c4517
For help, see: https://nodejs.org/en/docs/inspector
V09_LIFECYCLE before-quit 1789706440983
V09_APP_CALL quit [] Error
    at e.app.<computed> [as quit] (eval at <anonymous> (/Users/jeongyounglee/work/repo/desktop-monster/.agentdoc/v11-20260918/preservation/DesMon-0.10.0.app/Contents/Resources/app.asar/dist/electron/main/index.js:5:1), <anonymous>:19:160)
    at /Users/jeongyounglee/work/repo/desktop-monster/.agentdoc/v11-20260918/preservation/DesMon-0.10.0.app/Contents/Resources/app.asar/dist/electron/main/index.js:233:36
V09_LIFECYCLE before-quit 1789706440991
V09_WINDOW 1 close 1789706440997
V09_WINDOW 1 closed 1789706441045
V09_LIFECYCLE will-quit 1789706441045
V09_PROCESS_EXIT 0 1789706441045
V09_LIFECYCLE quit 1789706441045
{"event":"child-exit","code":0,"signal":null,"at":"2026-09-18T04:40:41.347Z"}
