Debugger listening on ws://127.0.0.1:60397/f72f0787-889f-41a9-92dd-6d5eba0beb0d
For help, see: https://nodejs.org/en/docs/inspector
Debugger attached.
V09_INSPECTOR_RESUMED
V09_LOCK true /var/folders/lx/2l4_myln77j11v_rskxlc7kr0000gn/T/desmon-v10-perf-lQg0x5
V09_FRAME_READY
2026-09-18 14:14:07.033 DesMon[4050:45742436] representedObject is not a WeakPtrToElectronMenuModelAsNSObject
Debugger ending on ws://127.0.0.1:60397/f72f0787-889f-41a9-92dd-6d5eba0beb0d
For help, see: https://nodejs.org/en/docs/inspector
V09_LIFECYCLE before-quit 1789710247093
V09_APP_CALL quit [] Error
    at e.app.<computed> [as quit] (eval at <anonymous> (/Users/jeongyounglee/work/repo/desktop-monster/release/mac-arm64/DesMon.app/Contents/Resources/app.asar/dist/electron/main/index.js:5:1), <anonymous>:19:160)
    at /Users/jeongyounglee/work/repo/desktop-monster/release/mac-arm64/DesMon.app/Contents/Resources/app.asar/dist/electron/main/index.js:233:36
V09_LIFECYCLE before-quit 1789710247104
V09_WINDOW 1 close 1789710247106
V09_WINDOW 1 closed 1789710247139
V09_LIFECYCLE will-quit 1789710247139
V09_PROCESS_EXIT 0 1789710247140
V09_LIFECYCLE quit 1789710247140
{"event":"child-exit","code":0,"signal":null,"at":"2026-09-18T05:44:07.474Z"}
