capture fresh/stage1/none/current-release: 25/100
capture fresh/stage1/none/current-release: 50/100
capture fresh/stage1/none/current-release: 75/100
capture fresh/stage1/none/current-release: 100/100
capture fresh/stage1/none/existing-management-only: 25/100
capture fresh/stage1/none/existing-management-only: 50/100
capture fresh/stage1/none/existing-management-only: 75/100
capture fresh/stage1/none/existing-management-only: 100/100
capture fresh/stage1/none/one-pending-keep-first: 25/100
capture fresh/stage1/none/one-pending-keep-first: 50/100
capture fresh/stage1/none/one-pending-keep-first: 75/100
capture fresh/stage1/none/one-pending-keep-first: 100/100
capture fresh/stage1/120/current-release: 25/100
capture fresh/stage1/120/current-release: 50/100
capture fresh/stage1/120/current-release: 75/100
capture fresh/stage1/120/current-release: 100/100
capture fresh/stage1/120/existing-management-only: 25/100
capture fresh/stage1/120/existing-management-only: 50/100
capture fresh/stage1/120/existing-management-only: 75/100
capture fresh/stage1/120/existing-management-only: 100/100
capture fresh/stage1/120/one-pending-keep-first: 25/100
capture fresh/stage1/120/one-pending-keep-first: 50/100
capture fresh/stage1/120/one-pending-keep-first: 75/100
capture fresh/stage1/120/one-pending-keep-first: 100/100
capture fresh/stage1/600/current-release: 25/100
capture fresh/stage1/600/current-release: 50/100
capture fresh/stage1/600/current-release: 75/100
capture fresh/stage1/600/current-release: 100/100
capture fresh/stage1/600/existing-management-only: 25/100
capture fresh/stage1/600/existing-management-only: 50/100
capture fresh/stage1/600/existing-management-only: 75/100
capture fresh/stage1/600/existing-management-only: 100/100
capture fresh/stage1/600/one-pending-keep-first: 25/100
capture fresh/stage1/600/one-pending-keep-first: 50/100
capture fresh/stage1/600/one-pending-keep-first: 75/100
capture fresh/stage1/600/one-pending-keep-first: 100/100
capture fresh/stage2/none/current-release: 25/100
capture fresh/stage2/none/current-release: 50/100
capture fresh/stage2/none/current-release: 75/100
capture fresh/stage2/none/current-release: 100/100
capture fresh/stage2/none/existing-management-only: 25/100
capture fresh/stage2/none/existing-management-only: 50/100
capture fresh/stage2/none/existing-management-only: 75/100
capture fresh/stage2/none/existing-management-only: 100/100
capture fresh/stage2/none/one-pending-keep-first: 25/100
capture fresh/stage2/none/one-pending-keep-first: 50/100
capture fresh/stage2/none/one-pending-keep-first: 75/100
capture fresh/stage2/none/one-pending-keep-first: 100/100
capture fresh/stage2/120/current-release: 25/100
capture fresh/stage2/120/current-release: 50/100
capture fresh/stage2/120/current-release: 75/100
capture fresh/stage2/120/current-release: 100/100
capture fresh/stage2/120/existing-management-only: 25/100
capture fresh/stage2/120/existing-management-only: 50/100
capture fresh/stage2/120/existing-management-only: 75/100
capture fresh/stage2/120/existing-management-only: 100/100
capture fresh/stage2/120/one-pending-keep-first: 25/100
capture fresh/stage2/120/one-pending-keep-first: 50/100
capture fresh/stage2/120/one-pending-keep-first: 75/100
capture fresh/stage2/120/one-pending-keep-first: 100/100
capture fresh/stage2/600/current-release: 25/100
capture fresh/stage2/600/current-release: 50/100
capture fresh/stage2/600/current-release: 75/100
capture fresh/stage2/600/current-release: 100/100
capture fresh/stage2/600/existing-management-only: 25/100
capture fresh/stage2/600/existing-management-only: 50/100
capture fresh/stage2/600/existing-management-only: 75/100
capture fresh/stage2/600/existing-management-only: 100/100
capture fresh/stage2/600/one-pending-keep-first: 25/100
capture fresh/stage2/600/one-pending-keep-first: 50/100
capture fresh/stage2/600/one-pending-keep-first: 75/100
capture fresh/stage2/600/one-pending-keep-first: 100/100
capture full-roster-fixed/stage1/none/current-release: 25/100
capture full-roster-fixed/stage1/none/current-release: 50/100
capture full-roster-fixed/stage1/none/current-release: 75/100
capture full-roster-fixed/stage1/none/current-release: 100/100
capture full-roster-fixed/stage1/none/existing-management-only: 25/100
capture full-roster-fixed/stage1/none/existing-management-only: 50/100
capture full-roster-fixed/stage1/none/existing-management-only: 75/100
capture full-roster-fixed/stage1/none/existing-management-only: 100/100
capture full-roster-fixed/stage1/none/one-pending-keep-first: 25/100
capture full-roster-fixed/stage1/none/one-pending-keep-first: 50/100
capture full-roster-fixed/stage1/none/one-pending-keep-first: 75/100
capture full-roster-fixed/stage1/none/one-pending-keep-first: 100/100
capture full-roster-fixed/stage1/120/current-release: 25/100
capture full-roster-fixed/stage1/120/current-release: 50/100
capture full-roster-fixed/stage1/120/current-release: 75/100
capture full-roster-fixed/stage1/120/current-release: 100/100
capture full-roster-fixed/stage1/120/existing-management-only: 25/100
capture full-roster-fixed/stage1/120/existing-management-only: 50/100
capture full-roster-fixed/stage1/120/existing-management-only: 75/100
capture full-roster-fixed/stage1/120/existing-management-only: 100/100
capture full-roster-fixed/stage1/120/one-pending-keep-first: 25/100
capture full-roster-fixed/stage1/120/one-pending-keep-first: 50/100
capture full-roster-fixed/stage1/120/one-pending-keep-first: 75/100
capture full-roster-fixed/stage1/120/one-pending-keep-first: 100/100
