capture fresh/stage1/none/current-release: 25/100
capture fresh/stage1/none/current-release: 50/100
capture fresh/stage1/none/current-release: 75/100
capture fresh/stage1/none/current-release: 100/100
capture fresh/stage1/none/existing-management-only: 25/100
capture fresh/stage1/none/existing-management-only: 50/100
capture fresh/stage1/none/existing-management-only: 75/100
capture fresh/stage1/none/existing-management-only: 100/100
capture fresh/stage1/none/one-pending-keep-first: 25/100
capture fresh/stage1/none/one-pending-keep-first: 50/100
capture fresh/stage1/none/one-pending-keep-first: 75/100
capture fresh/stage1/none/one-pending-keep-first: 100/100
capture fresh/stage1/120/current-release: 25/100
capture fresh/stage1/120/current-release: 50/100
capture fresh/stage1/120/current-release: 75/100
capture fresh/stage1/120/current-release: 100/100
capture fresh/stage1/120/existing-management-only: 25/100
capture fresh/stage1/120/existing-management-only: 50/100
capture fresh/stage1/120/existing-management-only: 75/100
capture fresh/stage1/120/existing-management-only: 100/100
capture fresh/stage1/120/one-pending-keep-first: 25/100
capture fresh/stage1/120/one-pending-keep-first: 50/100
capture fresh/stage1/120/one-pending-keep-first: 75/100
capture fresh/stage1/120/one-pending-keep-first: 100/100
capture fresh/stage1/600/current-release: 25/100
capture fresh/stage1/600/current-release: 50/100
capture fresh/stage1/600/current-release: 75/100
capture fresh/stage1/600/current-release: 100/100
capture fresh/stage1/600/existing-management-only: 25/100
capture fresh/stage1/600/existing-management-only: 50/100
capture fresh/stage1/600/existing-management-only: 75/100
capture fresh/stage1/600/existing-management-only: 100/100
capture fresh/stage1/600/one-pending-keep-first: 25/100
capture fresh/stage1/600/one-pending-keep-first: 50/100
capture fresh/stage1/600/one-pending-keep-first: 75/100
capture fresh/stage1/600/one-pending-keep-first: 100/100
capture fresh/stage2/none/current-release: 25/100
capture fresh/stage2/none/current-release: 50/100
capture fresh/stage2/none/current-release: 75/100
capture fresh/stage2/none/current-release: 100/100
capture fresh/stage2/none/existing-management-only: 25/100
capture fresh/stage2/none/existing-management-only: 50/100
capture fresh/stage2/none/existing-management-only: 75/100
capture fresh/stage2/none/existing-management-only: 100/100
capture fresh/stage2/none/one-pending-keep-first: 25/100
capture fresh/stage2/none/one-pending-keep-first: 50/100
capture fresh/stage2/none/one-pending-keep-first: 75/100
capture fresh/stage2/none/one-pending-keep-first: 100/100
capture fresh/stage2/120/current-release: 25/100
capture fresh/stage2/120/current-release: 50/100
capture fresh/stage2/120/current-release: 75/100
capture fresh/stage2/120/current-release: 100/100
capture fresh/stage2/120/existing-management-only: 25/100
capture fresh/stage2/120/existing-management-only: 50/100
capture fresh/stage2/120/existing-management-only: 75/100
capture fresh/stage2/120/existing-management-only: 100/100
capture fresh/stage2/120/one-pending-keep-first: 25/100
capture fresh/stage2/120/one-pending-keep-first: 50/100
capture fresh/stage2/120/one-pending-keep-first: 75/100
capture fresh/stage2/120/one-pending-keep-first: 100/100
capture fresh/stage2/600/current-release: 25/100
capture fresh/stage2/600/current-release: 50/100
capture fresh/stage2/600/current-release: 75/100
capture fresh/stage2/600/current-release: 100/100
capture fresh/stage2/600/existing-management-only: 25/100
capture fresh/stage2/600/existing-management-only: 50/100
capture fresh/stage2/600/existing-management-only: 75/100
capture fresh/stage2/600/existing-management-only: 100/100
capture fresh/stage2/600/one-pending-keep-first: 25/100
capture fresh/stage2/600/one-pending-keep-first: 50/100
capture fresh/stage2/600/one-pending-keep-first: 75/100
capture fresh/stage2/600/one-pending-keep-first: 100/100
capture full-roster-fixed/stage1/none/current-release: 25/100
capture full-roster-fixed/stage1/none/current-release: 50/100
capture full-roster-fixed/stage1/none/current-release: 75/100
capture full-roster-fixed/stage1/none/current-release: 100/100
capture full-roster-fixed/stage1/none/existing-management-only: 25/100
capture full-roster-fixed/stage1/none/existing-management-only: 50/100
capture full-roster-fixed/stage1/none/existing-management-only: 75/100
capture full-roster-fixed/stage1/none/existing-management-only: 100/100
capture full-roster-fixed/stage1/none/one-pending-keep-first: 25/100
capture full-roster-fixed/stage1/none/one-pending-keep-first: 50/100
capture full-roster-fixed/stage1/none/one-pending-keep-first: 75/100
capture full-roster-fixed/stage1/none/one-pending-keep-first: 100/100
capture full-roster-fixed/stage1/120/current-release: 25/100
capture full-roster-fixed/stage1/120/current-release: 50/100
capture full-roster-fixed/stage1/120/current-release: 75/100
capture full-roster-fixed/stage1/120/current-release: 100/100
capture full-roster-fixed/stage1/120/existing-management-only: 25/100
capture full-roster-fixed/stage1/120/existing-management-only: 50/100
capture full-roster-fixed/stage1/120/existing-management-only: 75/100
capture full-roster-fixed/stage1/120/existing-management-only: 100/100
capture full-roster-fixed/stage1/120/one-pending-keep-first: 25/100
capture full-roster-fixed/stage1/120/one-pending-keep-first: 50/100
capture full-roster-fixed/stage1/120/one-pending-keep-first: 75/100
capture full-roster-fixed/stage1/120/one-pending-keep-first: 100/100
capture full-roster-fixed/stage1/600/current-release: 25/100
capture full-roster-fixed/stage1/600/current-release: 50/100
capture full-roster-fixed/stage1/600/current-release: 75/100
capture full-roster-fixed/stage1/600/current-release: 100/100
capture full-roster-fixed/stage1/600/existing-management-only: 25/100
capture full-roster-fixed/stage1/600/existing-management-only: 50/100
capture full-roster-fixed/stage1/600/existing-management-only: 75/100
capture full-roster-fixed/stage1/600/existing-management-only: 100/100
capture full-roster-fixed/stage1/600/one-pending-keep-first: 25/100
capture full-roster-fixed/stage1/600/one-pending-keep-first: 50/100
capture full-roster-fixed/stage1/600/one-pending-keep-first: 75/100
capture full-roster-fixed/stage1/600/one-pending-keep-first: 100/100
capture full-roster-fixed/stage2/none/current-release: 25/100
capture full-roster-fixed/stage2/none/current-release: 50/100
capture full-roster-fixed/stage2/none/current-release: 75/100
capture full-roster-fixed/stage2/none/current-release: 100/100
capture full-roster-fixed/stage2/none/existing-management-only: 25/100
capture full-roster-fixed/stage2/none/existing-management-only: 50/100
capture full-roster-fixed/stage2/none/existing-management-only: 75/100
capture full-roster-fixed/stage2/none/existing-management-only: 100/100
capture full-roster-fixed/stage2/none/one-pending-keep-first: 25/100
capture full-roster-fixed/stage2/none/one-pending-keep-first: 50/100
capture full-roster-fixed/stage2/none/one-pending-keep-first: 75/100
capture full-roster-fixed/stage2/none/one-pending-keep-first: 100/100
capture full-roster-fixed/stage2/120/current-release: 25/100
capture full-roster-fixed/stage2/120/current-release: 50/100
capture full-roster-fixed/stage2/120/current-release: 75/100
capture full-roster-fixed/stage2/120/current-release: 100/100
capture full-roster-fixed/stage2/120/existing-management-only: 25/100
capture full-roster-fixed/stage2/120/existing-management-only: 50/100
capture full-roster-fixed/stage2/120/existing-management-only: 75/100
capture full-roster-fixed/stage2/120/existing-management-only: 100/100
capture full-roster-fixed/stage2/120/one-pending-keep-first: 25/100
capture full-roster-fixed/stage2/120/one-pending-keep-first: 50/100
capture full-roster-fixed/stage2/120/one-pending-keep-first: 75/100
capture full-roster-fixed/stage2/120/one-pending-keep-first: 100/100
capture full-roster-fixed/stage2/600/current-release: 25/100
capture full-roster-fixed/stage2/600/current-release: 50/100
capture full-roster-fixed/stage2/600/current-release: 75/100
capture full-roster-fixed/stage2/600/current-release: 100/100
capture full-roster-fixed/stage2/600/existing-management-only: 25/100
capture full-roster-fixed/stage2/600/existing-management-only: 50/100
capture full-roster-fixed/stage2/600/existing-management-only: 75/100
capture full-roster-fixed/stage2/600/existing-management-only: 100/100
capture full-roster-fixed/stage2/600/one-pending-keep-first: 25/100
capture full-roster-fixed/stage2/600/one-pending-keep-first: 50/100
capture full-roster-fixed/stage2/600/one-pending-keep-first: 75/100
capture full-roster-fixed/stage2/600/one-pending-keep-first: 100/100
fever uniform: 25/100
fever uniform: 50/100
fever uniform: 75/100
fever uniform: 100/100
fever burst: 25/100
fever burst: 50/100
fever burst: 75/100
fever burst: 100/100
{"output":"/Users/jeongyounglee/work/repo/desktop-monster/.agentdoc/v06-20260910T063253Z/evidence/experiments-development.json","sha256":"1b1b6195c6d11f3a8897cf55b4b187da3f9f42360a3266cdbecbf20f2bed36d7","captureSamples":10800,"feverSamples":200,"adoption":{"numericCriteriaPass":false,"increasedSoulDelaySeeds":300,"decision":"excluded","reason":"Frozen 600-second per-seed power/loss/click conditions did not all pass."},"wallElapsedSeconds":574.807321792}
