[33mThe CJS build of Vite's Node API is deprecated. See https://vite.dev/guide/troubleshooting.html#vite-cjs-node-api-deprecated for more details.[39m

 RUN  v3.2.7 /Users/jeongyounglee/work/repo/desktop-monster

 ✓ tests/ipc.test.ts (59 tests) 10ms
 ✓ tests/trainingPreview.test.ts (4 tests) 10ms
 ✓ tests/save.test.ts (15 tests) 14ms
 ✓ tests/progressV6.test.ts (15 tests) 22ms
 ✓ tests/ipcV5.test.ts (6 tests) 13ms
 ✓ tests/progressionV5.test.ts (12 tests) 133ms
 ✓ tests/hero.test.ts (13 tests) 188ms
 ✓ tests/collection.test.ts (21 tests) 256ms
 ✓ tests/heroMenuReadiness.test.ts (3 tests) 6ms
 ✓ tests/renderer.test.ts (104 tests) 112ms
 ✓ tests/menu.test.ts (41 tests) 106ms
 ✓ tests/expedition.test.ts (16 tests) 2189ms
   ✓ A3 — a full roster releases the boss instead of voiding it (H1/H2) > never swallows a capture draw: every full-roster boss draw emits an event  383ms
   ✓ A1 — the expedition gauge is display-only and stays out of the way (H2b/H7) > never leaves its declared pixel budget, whatever the depth (H7)  1746ms

 Test Files  12 passed (12)
      Tests  309 passed (309)
   Start at  16:06:30
   Duration  3.10s (transform 1.59s, setup 0ms, collect 3.93s, tests 3.06s, environment 2ms, prepare 1.14s)

