free/active: 25/100 seeds
free/active: 50/100 seeds
free/active: 75/100 seeds
free/active: 100/100 seeds
free/idle: 25/100 seeds
free/idle: 50/100 seeds
free/idle: 75/100 seeds
free/idle: 100/100 seeds
free/intermittent: 25/100 seeds
free/intermittent: 50/100 seeds
free/intermittent: 75/100 seeds
free/intermittent: 100/100 seeds
training/active: 25/100 seeds
training/active: 50/100 seeds
training/active: 75/100 seeds
training/active: 100/100 seeds
lure/active: 25/100 seeds
lure/active: 50/100 seeds
lure/active: 75/100 seeds
lure/active: 100/100 seeds
reroll/active: 25/100 seeds
reroll/active: 50/100 seeds
reroll/active: 75/100 seeds
reroll/active: 100/100 seeds
{"output":"/Users/jeongyounglee/work/repo/desktop-monster/.agentdoc/v06-20260910T063253Z/evidence/measure.json","kind":"simulated-engine-measurement","scenarios":18,"samples":1800,"wallElapsedSeconds":93.35807216699999}
