[0910/155109.267978:ERROR:base/i18n/icu_util.cc:175] icudtl.dat not found in bundle
[0910/155109.268201:ERROR:base/i18n/icu_util.cc:223] Invalid file descriptor to ICU data received.
[0910/155109.283323:ERROR:base/i18n/icu_util.cc:175] icudtl.dat not found in bundle
[0910/155109.283517:ERROR:base/i18n/icu_util.cc:223] Invalid file descriptor to ICU data received.
[0910/155109.593815:ERROR:base/i18n/icu_util.cc:175] icudtl.dat not found in bundle
[0910/155109.594011:ERROR:base/i18n/icu_util.cc:223] Invalid file descriptor to ICU data received.
[2039:0910/155109.637979:ERROR:content/browser/gpu/gpu_process_host.cc:999] GPU process exited unexpectedly: exit_code=5
[2039:0910/155109.640411:ERROR:content/browser/network_service_instance_impl.cc:613] Network service crashed, restarting service.
[0910/155109.676300:ERROR:base/i18n/icu_util.cc:175] icudtl.dat not found in bundle
[0910/155109.676503:ERROR:base/i18n/icu_util.cc:223] Invalid file descriptor to ICU data received.
[0910/155109.676315:ERROR:base/i18n/icu_util.cc:175] icudtl.dat not found in bundle
[0910/155109.676565:ERROR:base/i18n/icu_util.cc:223] Invalid file descriptor to ICU data received.
[2039:0910/155109.676893:ERROR:content/browser/gpu/gpu_process_host.cc:999] GPU process exited unexpectedly: exit_code=5
[2039:0910/155109.677395:ERROR:content/browser/network_service_instance_impl.cc:613] Network service crashed, restarting service.
[0910/155109.714696:ERROR:base/i18n/icu_util.cc:175] icudtl.dat not found in bundle
[0910/155109.714888:ERROR:base/i18n/icu_util.cc:223] Invalid file descriptor to ICU data received.
[0910/155109.714703:ERROR:base/i18n/icu_util.cc:175] icudtl.dat not found in bundle
[0910/155109.714897:ERROR:base/i18n/icu_util.cc:223] Invalid file descriptor to ICU data received.
[2039:0910/155109.716349:ERROR:content/browser/gpu/gpu_process_host.cc:999] GPU process exited unexpectedly: exit_code=5
[2039:0910/155109.716796:ERROR:content/browser/network_service_instance_impl.cc:613] Network service crashed, restarting service.
[0910/155109.753570:ERROR:base/i18n/icu_util.cc:175] icudtl.dat not found in bundle
[0910/155109.753975:ERROR:base/i18n/icu_util.cc:223] Invalid file descriptor to ICU data received.
[0910/155109.753578:ERROR:base/i18n/icu_util.cc:175] icudtl.dat not found in bundle
[0910/155109.754052:ERROR:base/i18n/icu_util.cc:223] Invalid file descriptor to ICU data received.
[2039:0910/155109.755552:ERROR:content/browser/network_service_instance_impl.cc:613] Network service crashed, restarting service.
[2039:0910/155109.755770:ERROR:content/browser/gpu/gpu_process_host.cc:999] GPU process exited unexpectedly: exit_code=5
[0910/155109.794025:ERROR:base/i18n/icu_util.cc:175] icudtl.dat not found in bundle
[0910/155109.794218:ERROR:base/i18n/icu_util.cc:223] Invalid file descriptor to ICU data received.
[0910/155109.794038:ERROR:base/i18n/icu_util.cc:175] icudtl.dat not found in bundle
[0910/155109.794234:ERROR:base/i18n/icu_util.cc:223] Invalid file descriptor to ICU data received.
[2039:0910/155109.795673:ERROR:content/browser/gpu/gpu_process_host.cc:999] GPU process exited unexpectedly: exit_code=5
[2039:0910/155109.796061:ERROR:content/browser/network_service_instance_impl.cc:613] Network service crashed, restarting service.
[0910/155109.832723:ERROR:base/i18n/icu_util.cc:175] icudtl.dat not found in bundle
[0910/155109.832916:ERROR:base/i18n/icu_util.cc:223] Invalid file descriptor to ICU data received.
[0910/155109.832744:ERROR:base/i18n/icu_util.cc:175] icudtl.dat not found in bundle
[0910/155109.832929:ERROR:base/i18n/icu_util.cc:223] Invalid file descriptor to ICU data received.
[2039:0910/155109.834323:ERROR:content/browser/gpu/gpu_process_host.cc:999] GPU process exited unexpectedly: exit_code=5
[2039:0910/155109.834874:ERROR:content/browser/network_service_instance_impl.cc:613] Network service crashed, restarting service.
[0910/155109.872121:ERROR:base/i18n/icu_util.cc:175] icudtl.dat not found in bundle
[0910/155109.872313:ERROR:base/i18n/icu_util.cc:223] Invalid file descriptor to ICU data received.
[0910/155109.872158:ERROR:base/i18n/icu_util.cc:175] icudtl.dat not found in bundle
[0910/155109.872322:ERROR:base/i18n/icu_util.cc:223] Invalid file descriptor to ICU data received.
[2039:0910/155109.873812:ERROR:content/browser/gpu/gpu_process_host.cc:999] GPU process exited unexpectedly: exit_code=5
[2039:0910/155109.874234:ERROR:content/browser/network_service_instance_impl.cc:613] Network service crashed, restarting service.
[0910/155109.911632:ERROR:base/i18n/icu_util.cc:175] icudtl.dat not found in bundle
[0910/155109.911835:ERROR:base/i18n/icu_util.cc:223] Invalid file descriptor to ICU data received.
[0910/155109.911689:ERROR:base/i18n/icu_util.cc:175] icudtl.dat not found in bundle
[0910/155109.911852:ERROR:base/i18n/icu_util.cc:223] Invalid file descriptor to ICU data received.
[2039:0910/155109.913296:ERROR:content/browser/gpu/gpu_process_host.cc:999] GPU process exited unexpectedly: exit_code=5
[2039:0910/155109.913700:ERROR:content/browser/network_service_instance_impl.cc:613] Network service crashed, restarting service.
[0910/155109.950471:ERROR:base/i18n/icu_util.cc:175] icudtl.dat not found in bundle
[0910/155109.950659:ERROR:base/i18n/icu_util.cc:223] Invalid file descriptor to ICU data received.
[0910/155109.950487:ERROR:base/i18n/icu_util.cc:175] icudtl.dat not found in bundle
[0910/155109.950672:ERROR:base/i18n/icu_util.cc:223] Invalid file descriptor to ICU data received.
[2039:0910/155109.952555:ERROR:content/browser/network_service_instance_impl.cc:613] Network service crashed, restarting service.
[2039:0910/155109.952808:ERROR:content/browser/gpu/gpu_process_host.cc:999] GPU process exited unexpectedly: exit_code=5
[2039:0910/155109.952815:FATAL:content/browser/gpu/gpu_data_manager_impl_private.cc:415] GPU process isn't usable. Goodbye.
Failed to initialize sandbox.