Debugger listening on ws://127.0.0.1:51049/b82fce72-6916-4469-a8c4-770439f7d416
For help, see: https://nodejs.org/en/docs/inspector
Debugger attached.
[0910/155110.337579:ERROR:base/i18n/icu_util.cc:175] icudtl.dat not found in bundle
[0910/155110.337765:ERROR:base/i18n/icu_util.cc:223] Invalid file descriptor to ICU data received.
[0910/155110.337582:ERROR:base/i18n/icu_util.cc:175] icudtl.dat not found in bundle
[0910/155110.337775:ERROR:base/i18n/icu_util.cc:223] Invalid file descriptor to ICU data received.
[2166:0910/155110.433924:ERROR:content/browser/network_service_instance_impl.cc:613] Network service crashed, restarting service.
[2166:0910/155110.434141:ERROR:content/browser/gpu/gpu_process_host.cc:999] GPU process exited unexpectedly: exit_code=5
[0910/155110.440606:ERROR:base/i18n/icu_util.cc:175] icudtl.dat not found in bundle
[0910/155110.440793:ERROR:base/i18n/icu_util.cc:223] Invalid file descriptor to ICU data received.
[0910/155110.472847:ERROR:base/i18n/icu_util.cc:175] icudtl.dat not found in bundle
[0910/155110.473074:ERROR:base/i18n/icu_util.cc:223] Invalid file descriptor to ICU data received.
[0910/155110.473007:ERROR:base/i18n/icu_util.cc:175] icudtl.dat not found in bundle
[0910/155110.473236:ERROR:base/i18n/icu_util.cc:223] Invalid file descriptor to ICU data received.
[2166:0910/155110.475197:ERROR:content/browser/gpu/gpu_process_host.cc:999] GPU process exited unexpectedly: exit_code=5
[2166:0910/155110.475781:ERROR:content/browser/network_service_instance_impl.cc:613] Network service crashed, restarting service.
[0910/155110.512625:ERROR:base/i18n/icu_util.cc:175] icudtl.dat not found in bundle
[0910/155110.512797:ERROR:base/i18n/icu_util.cc:223] Invalid file descriptor to ICU data received.
[0910/155110.512649:ERROR:base/i18n/icu_util.cc:175] icudtl.dat not found in bundle
[0910/155110.512811:ERROR:base/i18n/icu_util.cc:223] Invalid file descriptor to ICU data received.
[2166:0910/155110.514601:ERROR:content/browser/gpu/gpu_process_host.cc:999] GPU process exited unexpectedly: exit_code=5
[2166:0910/155110.515039:ERROR:content/browser/network_service_instance_impl.cc:613] Network service crashed, restarting service.
[0910/155110.552997:ERROR:base/i18n/icu_util.cc:175] icudtl.dat not found in bundle
[0910/155110.553189:ERROR:base/i18n/icu_util.cc:223] Invalid file descriptor to ICU data received.
[0910/155110.553178:ERROR:base/i18n/icu_util.cc:175] icudtl.dat not found in bundle
[0910/155110.553542:ERROR:base/i18n/icu_util.cc:223] Invalid file descriptor to ICU data received.
[2166:0910/155110.554723:ERROR:content/browser/network_service_instance_impl.cc:613] Network service crashed, restarting service.
[2166:0910/155110.555032:ERROR:content/browser/gpu/gpu_process_host.cc:999] GPU process exited unexpectedly: exit_code=5
[0910/155110.592002:ERROR:base/i18n/icu_util.cc:175] icudtl.dat not found in bundle
[0910/155110.592192:ERROR:base/i18n/icu_util.cc:223] Invalid file descriptor to ICU data received.
[0910/155110.592014:ERROR:base/i18n/icu_util.cc:175] icudtl.dat not found in bundle
[0910/155110.592212:ERROR:base/i18n/icu_util.cc:223] Invalid file descriptor to ICU data received.
[2166:0910/155110.593864:ERROR:content/browser/network_service_instance_impl.cc:613] Network service crashed, restarting service.
[2166:0910/155110.594085:ERROR:content/browser/gpu/gpu_process_host.cc:999] GPU process exited unexpectedly: exit_code=5
[0910/155110.630832:ERROR:base/i18n/icu_util.cc:175] icudtl.dat not found in bundle
[0910/155110.631032:ERROR:base/i18n/icu_util.cc:223] Invalid file descriptor to ICU data received.
[0910/155110.630940:ERROR:base/i18n/icu_util.cc:175] icudtl.dat not found in bundle
[0910/155110.631122:ERROR:base/i18n/icu_util.cc:223] Invalid file descriptor to ICU data received.
[2166:0910/155110.632531:ERROR:content/browser/gpu/gpu_process_host.cc:999] GPU process exited unexpectedly: exit_code=5
[2166:0910/155110.632993:ERROR:content/browser/network_service_instance_impl.cc:613] Network service crashed, restarting service.
[0910/155110.669322:ERROR:base/i18n/icu_util.cc:175] icudtl.dat not found in bundle
[0910/155110.669530:ERROR:base/i18n/icu_util.cc:223] Invalid file descriptor to ICU data received.
[0910/155110.669424:ERROR:base/i18n/icu_util.cc:175] icudtl.dat not found in bundle
[0910/155110.669615:ERROR:base/i18n/icu_util.cc:223] Invalid file descriptor to ICU data received.
[2166:0910/155110.671027:ERROR:content/browser/gpu/gpu_process_host.cc:999] GPU process exited unexpectedly: exit_code=5
[2166:0910/155110.671521:ERROR:content/browser/network_service_instance_impl.cc:613] Network service crashed, restarting service.
[0910/155110.707972:ERROR:base/i18n/icu_util.cc:175] icudtl.dat not found in bundle
[0910/155110.708171:ERROR:base/i18n/icu_util.cc:223] Invalid file descriptor to ICU data received.
[0910/155110.708081:ERROR:base/i18n/icu_util.cc:175] icudtl.dat not found in bundle
[0910/155110.708253:ERROR:base/i18n/icu_util.cc:223] Invalid file descriptor to ICU data received.
[2166:0910/155110.709708:ERROR:content/browser/gpu/gpu_process_host.cc:999] GPU process exited unexpectedly: exit_code=5
[2166:0910/155110.710098:ERROR:content/browser/network_service_instance_impl.cc:613] Network service crashed, restarting service.
[0910/155110.747691:ERROR:base/i18n/icu_util.cc:175] icudtl.dat not found in bundle
[0910/155110.747900:ERROR:base/i18n/icu_util.cc:223] Invalid file descriptor to ICU data received.
[0910/155110.747718:ERROR:base/i18n/icu_util.cc:175] icudtl.dat not found in bundle
[0910/155110.747914:ERROR:base/i18n/icu_util.cc:223] Invalid file descriptor to ICU data received.
[2166:0910/155110.749512:ERROR:content/browser/network_service_instance_impl.cc:613] Network service crashed, restarting service.
[2166:0910/155110.749728:ERROR:content/browser/gpu/gpu_process_host.cc:999] GPU process exited unexpectedly: exit_code=5
[2166:0910/155110.749735:FATAL:content/browser/gpu/gpu_data_manager_impl_private.cc:415] GPU process isn't usable. Goodbye.
