
> desmon@0.6.0 test
> vitest run

[33mThe CJS build of Vite's Node API is deprecated. See https://vite.dev/guide/troubleshooting.html#vite-cjs-node-api-deprecated for more details.[39m

 RUN  v3.2.7 /Users/jeongyounglee/work/repo/desktop-monster

 ✓ tests/hero.test.ts (13 tests) 121ms
 ✓ tests/collection.test.ts (21 tests) 163ms
 ✓ tests/engine.test.ts (35 tests) 271ms
 ✓ tests/loot.test.ts (11 tests) 285ms
 ✓ tests/sprites.test.ts (34 tests) 248ms
 ✓ tests/net.test.ts (24 tests) 112ms
 ✓ tests/menu.test.ts (41 tests) 148ms
 ✓ tests/renderer.test.ts (104 tests) 231ms
 ✓ tests/heroArtCompatibility.test.ts (2 tests) 78ms
 ✓ tests/heroJobStudies.test.ts (3 tests) 253ms
 ✓ tests/progressionV5.test.ts (12 tests) 155ms
 ✓ tests/heroRendering.test.ts (5 tests) 454ms
 ✓ tests/progressV6.test.ts (15 tests) 26ms
 ✓ tests/heroForms.test.ts (8 tests) 898ms
   ✓ v0.5 reincarnated hero art > supplies 70 complete registered 14×14 forms with animated idle and attack poses  656ms
 ✓ tests/progressV5.test.ts (12 tests) 103ms
 ✓ tests/formulas.test.ts (15 tests) 52ms
 ✓ tests/heroEvolutionStudies.test.ts (2 tests) 28ms
 ✓ tests/server/opponents.test.ts (10 tests) 30ms
 ✓ tests/server/app.test.ts (18 tests) 34ms
 ✓ tests/discoveryV5.test.ts (8 tests) 30ms
 ✓ tests/save.test.ts (15 tests) 15ms
 ✓ tests/identity.test.ts (8 tests) 13ms
 ✓ tests/persistence.test.ts (10 tests) 18ms
 ❯ tests/packaging.test.ts (16 tests | 1 failed) 10ms
   ✓ packaging config safety (F26, package.json build) > never signs: identity null, hardenedRuntime and notarize false, auto-discovery off 1ms
   ✓ packaging config safety (F26, package.json build) > never rebuilds native modules and unpacks .node prebuilds from asar 0ms
   ✓ packaging config safety (F26, package.json build) > packages the built app and static shell into release/ 0ms
   ✓ packaging config safety (F26, package.json build) > mac target is a dmg for arm64 only and the package script builds mac only 0ms
   ✓ packaging config safety (F26, package.json build) > windows nsis target is present as config only 0ms
   ✓ README operator docs (F27) > documents how to run from source 0ms
   ✓ README operator docs (F27) > documents the Accessibility grant for BOTH the dev and packaged identities 0ms
   ✓ README operator docs (F27) > documents the Gatekeeper "Open Anyway" flow for the unsigned app 0ms
   ✓ README operator docs (F27) > documents the save-file location and Reset Progress 0ms
   ✓ README operator docs (F27) > documents that the Windows target is config-only 0ms
   ✓ README operator docs (F27) > names the exact packaged artifacts the AC checks for (kept in sync with version) 0ms
   ✓ README operator docs (F27) > documents the v2 gameplay: bosses, capture, companions, fever, rebirth, A-Z numbers 0ms
   ✓ README operator docs (F27) > documents the v3 gameplay: type chart, party of 5, replay, steal and reclaim 0ms
   ✓ README operator docs (F27) > names the v3 server service and keeps the URL override documented 0ms
   ✓ README operator docs (F27) > documents the server: leaderboard, PvP, the URL override, offline and Render caveats 0ms
   × version bump (F76; was F57) > keeps package-lock.json in lockstep with the package.json version 6ms
     → expected '0.6.0' to be '0.5.0' // Object.is equality
 ❯ tests/tray.test.ts (38 tests | 1 failed) 22ms
   ✓ tray icon pixel matrix (F23: sprites-as-code, no asset file) > is a 16×16 matrix whose every char is in the palette 6ms
   ✓ tray icon pixel matrix (F23: sprites-as-code, no asset file) > uses at least one transparent and one opaque pixel 0ms
   ✓ pure-code PNG encoder (trayIcon.ts) > starts with the PNG signature and frames IHDR, IDAT, IEND in order 0ms
   ✓ pure-code PNG encoder (trayIcon.ts) > declares a 16×16, 8-bit, RGBA, non-interlaced image in IHDR 0ms
   ✓ pure-code PNG encoder (trayIcon.ts) > writes a valid CRC-32 over type+data for every chunk 0ms
   ✓ pure-code PNG encoder (trayIcon.ts) > inflates IDAT to filter-0 scanlines that reproduce the matrix exactly 4ms
   ✓ pure-code PNG encoder (trayIcon.ts) > encodes unknown palette chars as transparent instead of throwing 0ms
   ✓ tray menu template (F23) > offers all five scales, marks the current one, and shows the running version 1ms
   ✓ tray menu template (F23) > tray menu lists title, status, separator, Collection & Battle, Reset Progress, Quit in that order 0ms
   × tray menu template (F23) > pins the title to package.json version and the disabled rows 7ms
     → expected 'DesMon v0.5.0' to be 'DesMon v0.6.0' // Object.is equality
   ✓ tray menu template (F23) > in fallback mode the status row opens the Accessibility settings 0ms
   ✓ tray menu template (F23) > Collection & Battle, Reset Progress and Quit invoke their actions 0ms
   ✓ tray menu template (F23) > spells the collection label with the ellipsis character (F23/F52) 0ms
   ✓ setupTray controller (F23: build once, rebuild on mode change) > sets the tooltip and builds the initial menu from getInputMode() 1ms
   ✓ setupTray controller (F23: build once, rebuild on mode change) > refresh(mode) rebuilds the menu and applies it to the tray 0ms
   ✓ setupTray controller (F23: build once, rebuild on mode change) > keeps a module-scope reference to the live tray (GC keep-alive) 0ms
   ✓ tray wiring (source contract, src/main/index.ts) > creates the Tray from the code-encoded PNG via nativeImage 0ms
   ✓ tray wiring (source contract, src/main/index.ts) > wires the menu actions to reset IPC, the settings deep link and quit 0ms
   ✓ tray wiring (source contract, src/main/index.ts) > rebuilds the menu from the global-input mode-change path 0ms
   ✓ menu window (F52, src/main/menuWindow.ts) > declares width: 420 0ms
   ✓ menu window (F52, src/main/menuWindow.ts) > declares height: 640 0ms
   ✓ menu window (F52, src/main/menuWindow.ts) > declares useContentSize: true 0ms
   ✓ menu window (F52, src/main/menuWindow.ts) > declares frame: true 0ms
   ✓ menu window (F52, src/main/menuWindow.ts) > declares resizable: false 0ms
   ✓ menu window (F52, src/main/menuWindow.ts) > declares minimizable: false 0ms
   ✓ menu window (F52, src/main/menuWindow.ts) > declares maximizable: false 0ms
   ✓ menu window (F52, src/main/menuWindow.ts) > declares fullscreenable: false 0ms
   ✓ menu window (F52, src/main/menuWindow.ts) > declares alwaysOnTop: true 0ms
   ✓ menu window (F52, src/main/menuWindow.ts) > declares show: false 0ms
   ✓ menu window (F52, src/main/menuWindow.ts) > declares title: 'DesMon — Collection & Battle' 0ms
   ✓ menu window (F52, src/main/menuWindow.ts) > declares contextIsolation: true 0ms
   ✓ menu window (F52, src/main/menuWindow.ts) > declares nodeIntegration: false 0ms
   ✓ menu window (F52, src/main/menuWindow.ts) > declares sandbox: true 0ms
   ✓ menu window (F52, src/main/menuWindow.ts) > declares loadFile('static/menu.html') 0ms
   ✓ menu window (F52, src/main/menuWindow.ts) > uses the same preload path as the overlay window 0ms
   ✓ menu window (F52, src/main/menuWindow.ts) > shows on ready-to-show and only then steals focus (accessory app) 0ms
   ✓ menu window (F52, src/main/menuWindow.ts) > keeps a single window: focuses the existing one and drops it on close 0ms
   ✓ menu window wiring (source contract, src/main/index.ts) > opens the menu window from the tray action only (never under SMOKE) 0ms
 ✓ tests/server/pvp.test.ts (14 tests) 14ms
 ✓ tests/audio.test.ts (15 tests) 12ms
 ✓ tests/globalInput.test.ts (20 tests) 31ms
 ✓ tests/settings.test.ts (4 tests) 12ms
 ✓ tests/anim.test.ts (14 tests) 7ms
 ✓ tests/ipc.test.ts (59 tests) 11ms
 ✓ tests/fever.test.ts (4 tests) 8ms
 ✓ tests/trainingPreview.test.ts (4 tests) 7ms
 ✓ tests/ipcV5.test.ts (6 tests) 8ms
 ✓ tests/server/http.test.ts (9 tests) 9ms
 ✓ tests/heroMenuReadiness.test.ts (3 tests) 25ms
 ✓ tests/effects.test.ts (7 tests) 67ms
 ✓ tests/server/pgStore.test.ts (22 tests) 4ms
 ✓ tests/thefts.test.ts (5 tests) 5ms
 ✓ tests/battle.test.ts (5 tests) 7ms
 ✓ tests/deploy.test.ts (7 tests) 5ms
 ✓ tests/window.test.ts (29 tests) 6ms
 ✓ tests/rendererInput.test.ts (8 tests) 5ms
 ✓ tests/server/pgTransaction.test.ts (3 tests) 4ms
 ✓ tests/typeChart.test.ts (4 tests) 6ms
 ✓ tests/input.test.ts (9 tests) 5ms
 ✓ tests/drag.test.ts (7 tests) 2ms
 ✓ tests/fsm.test.ts (12 tests) 4ms
 ✓ tests/bignum.test.ts (7 tests) 3ms
 ✓ tests/scaffold.test.ts (1 test) 1ms
 ✓ tests/expedition.test.ts (16 tests) 3404ms
   ✓ A3 — a full roster releases the boss instead of voiding it (H1/H2) > never swallows a capture draw: every full-roster boss draw emits an event  876ms
   ✓ A1 — the expedition gauge is display-only and stays out of the way (H2b/H7) > never leaves its declared pixel budget, whatever the depth (H7)  2376ms
 ✓ tests/balance.test.ts (2 tests) 77541ms
   ✓ v0.5 deterministic pacing and gold policy playtest > checks 100 seeds across active, warm-idle and intermittent play at 5/15/30 minutes  77538ms

⎯⎯⎯⎯⎯⎯⎯ Failed Tests 2 ⎯⎯⎯⎯⎯⎯⎯

 FAIL  tests/packaging.test.ts > version bump (F76; was F57) > keeps package-lock.json in lockstep with the package.json version
AssertionError: expected '0.6.0' to be '0.5.0' // Object.is equality

Expected: "0.5.0"
Received: "0.6.0"

 ❯ tests/packaging.test.ts:146:25
    144|       packages: Record<string, { version?: string }>;
    145|     };
    146|     expect(pkg.version).toBe('0.5.0');
       |                         ^
    147|     expect(lock.version).toBe(pkg.version);
    148|     expect(lock.packages['']?.version).toBe(pkg.version);

⎯⎯⎯⎯⎯⎯⎯⎯⎯⎯⎯⎯⎯⎯⎯⎯⎯⎯⎯⎯⎯⎯⎯⎯[1/2]⎯

 FAIL  tests/tray.test.ts > tray menu template (F23) > pins the title to package.json version and the disabled rows
AssertionError: expected 'DesMon v0.5.0' to be 'DesMon v0.6.0' // Object.is equality

Expected: "DesMon v0.6.0"
Received: "DesMon v0.5.0"

 ❯ tests/tray.test.ts:198:24
    196|       readFileSync(join(process.cwd(), 'package.json'), 'utf8'),
    197|     ) as { version: string };
    198|     expect(TRAY_TITLE).toBe(`DesMon v${pkg.version}`);
       |                        ^
    199|     const template = buildTrayMenuTemplate(GLOBAL_MODE, noopActions());
    200|     expect(template[0]?.enabled).toBe(false);

⎯⎯⎯⎯⎯⎯⎯⎯⎯⎯⎯⎯⎯⎯⎯⎯⎯⎯⎯⎯⎯⎯⎯⎯[2/2]⎯


 Test Files  2 failed | 50 passed (52)
      Tests  2 failed | 774 passed (776)
   Start at  16:05:39
   Duration  77.99s (transform 1.84s, setup 0ms, collect 6.69s, tests 85.01s, environment 6ms, prepare 3.78s)

