
> desmon@0.6.0 test
> vitest run

[33mThe CJS build of Vite's Node API is deprecated. See https://vite.dev/guide/troubleshooting.html#vite-cjs-node-api-deprecated for more details.[39m

 RUN  v3.2.7 /Users/jeongyounglee/work/repo/desktop-monster

 ✓ tests/collection.test.ts (21 tests) 155ms
 ✓ tests/hero.test.ts (13 tests) 161ms
 ✓ tests/engine.test.ts (35 tests) 260ms
 ✓ tests/loot.test.ts (11 tests) 266ms
 ✓ tests/sprites.test.ts (34 tests) 191ms
 ✓ tests/menu.test.ts (41 tests) 189ms
 ✓ tests/progressionV5.test.ts (12 tests) 176ms
 ✓ tests/renderer.test.ts (104 tests) 255ms
 ✓ tests/heroJobStudies.test.ts (3 tests) 262ms
 ✓ tests/anim.test.ts (14 tests) 19ms
 ✓ tests/globalInput.test.ts (20 tests) 15ms
 ✓ tests/net.test.ts (24 tests) 97ms
 ✓ tests/heroRendering.test.ts (5 tests) 508ms
 ✓ tests/heroForms.test.ts (8 tests) 882ms
   ✓ v0.5 reincarnated hero art > supplies 70 complete registered 14×14 forms with animated idle and attack poses  634ms
 ✓ tests/heroArtCompatibility.test.ts (2 tests) 79ms
 ✓ tests/discoveryV5.test.ts (8 tests) 26ms
 ✓ tests/progressV5.test.ts (12 tests) 53ms
 ✓ tests/formulas.test.ts (15 tests) 44ms
 ✓ tests/audio.test.ts (15 tests) 15ms
 ✓ tests/heroEvolutionStudies.test.ts (2 tests) 60ms
 ✓ tests/server/opponents.test.ts (10 tests) 21ms
 ✓ tests/persistence.test.ts (10 tests) 14ms
 ✓ tests/save.test.ts (15 tests) 14ms
 ✓ tests/fever.test.ts (4 tests) 13ms
 ✓ tests/packaging.test.ts (16 tests) 6ms
 ✓ tests/identity.test.ts (8 tests) 13ms
 ✓ tests/server/app.test.ts (18 tests) 32ms
 ✓ tests/progressV6.test.ts (15 tests) 12ms
 ✓ tests/tray.test.ts (38 tests) 21ms
 ✓ tests/server/pvp.test.ts (14 tests) 16ms
 ✓ tests/settings.test.ts (4 tests) 9ms
 ✓ tests/trainingPreview.test.ts (4 tests) 6ms
 ✓ tests/ipc.test.ts (59 tests) 7ms
 ✓ tests/server/http.test.ts (9 tests) 6ms
 ✓ tests/drag.test.ts (7 tests) 4ms
 ✓ tests/ipcV5.test.ts (6 tests) 10ms
 ✓ tests/window.test.ts (29 tests) 6ms
 ✓ tests/thefts.test.ts (5 tests) 4ms
 ✓ tests/typeChart.test.ts (4 tests) 4ms
 ✓ tests/effects.test.ts (7 tests) 11ms
 ✓ tests/server/pgStore.test.ts (22 tests) 6ms
 ✓ tests/battle.test.ts (5 tests) 6ms
 ✓ tests/heroMenuReadiness.test.ts (3 tests) 4ms
 ✓ tests/input.test.ts (9 tests) 5ms
 ✓ tests/deploy.test.ts (7 tests) 4ms
 ✓ tests/server/pgTransaction.test.ts (3 tests) 5ms
 ✓ tests/bignum.test.ts (7 tests) 4ms
 ✓ tests/rendererInput.test.ts (8 tests) 5ms
 ✓ tests/fsm.test.ts (12 tests) 5ms
 ✓ tests/scaffold.test.ts (1 test) 1ms
 ✓ tests/expedition.test.ts (16 tests) 2929ms
   ✓ A3 — a full roster releases the boss instead of voiding it (H1/H2) > never swallows a capture draw: every full-roster boss draw emits an event  841ms
   ✓ A1 — the expedition gauge is display-only and stays out of the way (H2b/H7) > never leaves its declared pixel budget, whatever the depth (H7)  2024ms
 ✓ tests/balance.test.ts (2 tests) 77610ms
   ✓ v0.5 deterministic pacing and gold policy playtest > checks 100 seeds across active, warm-idle and intermittent play at 5/15/30 minutes  77607ms

 Test Files  52 passed (52)
      Tests  776 passed (776)
   Start at  16:39:57
   Duration  78.09s (transform 1.95s, setup 0ms, collect 6.03s, tests 84.53s, environment 5ms, prepare 3.46s)


> desmon@0.6.0 lint
> eslint . --max-warnings 0


> desmon@0.6.0 typecheck
> tsc -p tsconfig.main.json --noEmit && tsc -p tsconfig.renderer.json --noEmit && tsc -p tsconfig.test.json

