{
  "status": "passed",
  "version": "0.6.0",
  "checks": 10,
  "sourceDigest": "c1b3603ed446d75fdd4830e59aac930d5fad73d17c6bef7de6c888b062914aef",
  "evaluationDigest": "53fc0326a4ad1a742b775f3bdf887a072de0927e1d811af3431e116663d9e080",
  "outputs": [
    {
      "path": "/Users/jeongyounglee/work/repo/desktop-monster/release/DesMon-0.6.0-arm64.dmg",
      "bytes": 110336219,
      "sha256": "e65b1914bed6457be9287f2fc8cfcb8bb8d5f97742148040f9a0a3626a86a127"
    },
    {
      "path": "/Users/jeongyounglee/work/repo/desktop-monster/release/mac-arm64/DesMon.app/Contents/Resources/app.asar",
      "bytes": 824629,
      "sha256": "1659e05ad019048c3d1b003ea1d3d60ce2cd1732ab7c04a35d003c0471c85185"
    },
    {
      "path": "/Users/jeongyounglee/work/repo/desktop-monster/release/mac-arm64/DesMon.app/Contents/MacOS/DesMon",
      "bytes": 33968,
      "sha256": "cf74833a9b0c242e26c177005d7d61819e5bf5ed199acc794fed2eb0cc4f3149"
    },
    {
      "path": "/Users/jeongyounglee/work/repo/desktop-monster/release/mac-arm64/DesMon.app/Contents/Info.plist",
      "bytes": 3822,
      "sha256": "02e288404b93f2baefabe27ad672a10c03bc0f5d46aa40f30fd6828a0005808c"
    }
  ],
  "runtimeArtifactSha256": "6cb6f435d8d331713debe69202d110c5823264482b9a3cfcee358e76b8285e18"
}
