
> desmon@0.6.0 test
> vitest run

[33mThe CJS build of Vite's Node API is deprecated. See https://vite.dev/guide/troubleshooting.html#vite-cjs-node-api-deprecated for more details.[39m

 RUN  v3.2.7 /Users/jeongyounglee/work/repo/desktop-monster

 ✓ tests/progressionV5.test.ts (12 tests) 75ms
 ✓ tests/heroJobStudies.test.ts (3 tests) 160ms
 ✓ tests/collection.test.ts (21 tests) 184ms
 ✓ tests/loot.test.ts (11 tests) 282ms
 ✓ tests/engine.test.ts (35 tests) 279ms
 ✓ tests/sprites.test.ts (34 tests) 182ms
 ✓ tests/renderer.test.ts (104 tests) 168ms
 ✓ tests/heroRendering.test.ts (5 tests) 417ms
 ✓ tests/heroArtCompatibility.test.ts (2 tests) 72ms
 ✓ tests/hero.test.ts (13 tests) 192ms
 ✓ tests/progressV5.test.ts (12 tests) 85ms
 ✓ tests/net.test.ts (24 tests) 91ms
 ✓ tests/effects.test.ts (7 tests) 10ms
 ✓ tests/heroForms.test.ts (8 tests) 843ms
   ✓ v0.5 reincarnated hero art > supplies 70 complete registered 14×14 forms with animated idle and attack poses  605ms
 ✓ tests/formulas.test.ts (15 tests) 62ms
 ✓ tests/menu.test.ts (41 tests) 241ms
 ✓ tests/globalInput.test.ts (20 tests) 21ms
 ✓ tests/heroEvolutionStudies.test.ts (2 tests) 33ms
 ✓ tests/discoveryV5.test.ts (8 tests) 39ms
 ✓ tests/server/app.test.ts (18 tests) 24ms
 ✓ tests/persistence.test.ts (10 tests) 13ms
 ✓ tests/progressV6.test.ts (15 tests) 12ms
 ✓ tests/heroMenuReadiness.test.ts (3 tests) 5ms
 ✓ tests/save.test.ts (15 tests) 18ms
 ✓ tests/server/opponents.test.ts (10 tests) 28ms
 ✓ tests/identity.test.ts (8 tests) 16ms
 ✓ tests/server/pvp.test.ts (14 tests) 13ms
 ✓ tests/tray.test.ts (38 tests) 14ms
 ✓ tests/server/http.test.ts (9 tests) 5ms
 ✓ tests/settings.test.ts (4 tests) 10ms
 ✓ tests/ipc.test.ts (59 tests) 7ms
 ✓ tests/fever.test.ts (4 tests) 7ms
 ✓ tests/audio.test.ts (15 tests) 13ms
 ✓ tests/ipcV5.test.ts (6 tests) 10ms
 ✓ tests/window.test.ts (29 tests) 4ms
 ✓ tests/trainingPreview.test.ts (4 tests) 7ms
 ✓ tests/battle.test.ts (5 tests) 4ms
 ✓ tests/packaging.test.ts (16 tests) 7ms
 ✓ tests/anim.test.ts (14 tests) 9ms
 ✓ tests/typeChart.test.ts (4 tests) 4ms
 ✓ tests/rendererInput.test.ts (8 tests) 3ms
 ✓ tests/deploy.test.ts (7 tests) 5ms
 ✓ tests/thefts.test.ts (5 tests) 5ms
 ✓ tests/server/pgStore.test.ts (22 tests) 4ms
 ✓ tests/input.test.ts (9 tests) 3ms
 ✓ tests/server/pgTransaction.test.ts (3 tests) 4ms
 ✓ tests/drag.test.ts (7 tests) 2ms
 ✓ tests/fsm.test.ts (12 tests) 4ms
 ✓ tests/bignum.test.ts (7 tests) 3ms
 ✓ tests/scaffold.test.ts (1 test) 1ms
 ✓ tests/expedition.test.ts (16 tests) 2895ms
   ✓ A3 — a full roster releases the boss instead of voiding it (H1/H2) > never swallows a capture draw: every full-roster boss draw emits an event  738ms
   ✓ A1 — the expedition gauge is display-only and stays out of the way (H2b/H7) > never leaves its declared pixel budget, whatever the depth (H7)  2081ms
 ✓ tests/balance.test.ts (2 tests) 76581ms
   ✓ v0.5 deterministic pacing and gold policy playtest > checks 100 seeds across active, warm-idle and intermittent play at 5/15/30 minutes  76578ms

 Test Files  52 passed (52)
      Tests  776 passed (776)
   Start at  16:08:37
   Duration  77.02s (transform 1.93s, setup 0ms, collect 6.14s, tests 83.18s, environment 6ms, prepare 3.40s)


> desmon@0.6.0 lint
> eslint . --max-warnings 0


> desmon@0.6.0 typecheck
> tsc -p tsconfig.main.json --noEmit && tsc -p tsconfig.renderer.json --noEmit && tsc -p tsconfig.test.json

