Debugger listening on ws://127.0.0.1:56208/9fc4a24f-0735-43ca-9186-737a1c242b87
For help, see: https://nodejs.org/en/docs/inspector
Debugger attached.
V08_INSPECTOR_RESUMED
V08_FIELD_LOADED
V08_FRAME_READY
V08_CONTEXT_READY
V08_FIELD_LOADED
V08_CONTEXT_READY
V08_FRAME_READY
2026-09-14 14:41:03.894 DesMon[31337:29833188] representedObject is not a WeakPtrToElectronMenuModelAsNSObject
V08_FIELD_LOADED
V08_CONTEXT_READY
V08_FRAME_READY
V08_FIELD_LOADED
V08_CONTEXT_READY
V08_FRAME_READY
V08_FIELD_LOADED
V08_CONTEXT_READY
V08_FRAME_READY
2026-09-14 14:41:05.865 DesMon[31337:29833188] representedObject is not a WeakPtrToElectronMenuModelAsNSObject
V08_FIELD_LOADED
V08_CONTEXT_READY
V08_FRAME_READY
Debugger ending on ws://127.0.0.1:56208/9fc4a24f-0735-43ca-9186-737a1c242b87
For help, see: https://nodejs.org/en/docs/inspector
