
> desmon@0.8.0 test
> vitest run

[33mThe CJS build of Vite's Node API is deprecated. See https://vite.dev/guide/troubleshooting.html#vite-cjs-node-api-deprecated for more details.[39m

 RUN  v3.2.7 /Users/jeongyounglee/work/repo/desktop-monster

 ✓ tests/hero.test.ts (13 tests) 350ms
 ✓ tests/performanceV8.test.ts (6 tests) 514ms
   ✓ v0.8 performance evidence validation > binds reports, raw samples, screenshots, app bytes and observer source before accepting a matrix  414ms
 ✓ tests/loot.test.ts (11 tests) 573ms
 ✓ tests/engine.test.ts (45 tests) 584ms
 ✓ tests/progressionV7.test.ts (45 tests) 644ms
 ✓ tests/heroRendering.test.ts (5 tests) 319ms
 ✓ tests/menu.test.ts (63 tests) 220ms
 ✓ tests/heroJobStudies.test.ts (3 tests) 173ms
 ✓ tests/heroForms.test.ts (8 tests) 881ms
   ✓ v0.5 reincarnated hero art > supplies 70 complete registered 14×14 forms with animated idle and attack poses  775ms
 ✓ tests/sprites.test.ts (34 tests) 165ms
 ✓ tests/collection.test.ts (21 tests) 167ms
 ✓ tests/pvpDirectoryV7.test.ts (20 tests) 95ms
 ✓ tests/progressionV5.test.ts (12 tests) 127ms
 ✓ tests/renderer.test.ts (104 tests) 191ms
 ✓ tests/net.test.ts (44 tests) 166ms
 ✓ tests/codexV7.test.ts (10 tests) 148ms
 ✓ tests/formulas.test.ts (21 tests) 74ms
 ✓ tests/progressV5.test.ts (12 tests) 66ms
 ✓ tests/heroArtCompatibility.test.ts (2 tests) 84ms
 ✓ tests/companionLevelsV7.test.ts (33 tests) 16ms
 ✓ tests/server/companionLevelsV7.test.ts (9 tests) 40ms
 ✓ tests/server/app.test.ts (18 tests) 25ms
 ✓ tests/measurementV8.test.ts (6 tests) 1509ms
   ✓ v0.8 collection policy measurement > preserves the original v7 first-card trajectory exactly  1086ms
   ✓ v0.8 collection policy measurement > chooses the actual third rare card and records the existing consume policy without species protection  364ms
 ✓ tests/discoveryV5.test.ts (8 tests) 28ms
 ✓ tests/heroEvolutionStudies.test.ts (2 tests) 38ms
 ✓ tests/server/opponents.test.ts (10 tests) 24ms
 ✓ tests/globalInput.test.ts (20 tests) 14ms
 ✓ tests/tray.test.ts (38 tests) 17ms
 ✓ tests/settings.test.ts (4 tests) 19ms
 ✓ tests/server/pvp.test.ts (14 tests) 17ms
 ✓ tests/runtimeV8.test.ts (9 tests) 21ms
 ✓ tests/save.test.ts (15 tests) 17ms
 ✓ tests/progressV6.test.ts (15 tests) 16ms
 ✓ tests/packaging.test.ts (16 tests) 7ms
 ✓ tests/onlineV8.test.ts (3 tests) 13ms
 ✓ tests/audio.test.ts (15 tests) 14ms
 ✓ tests/progressV7.test.ts (5 tests) 13ms
 ✓ tests/fever.test.ts (4 tests) 17ms
 ✓ tests/identity.test.ts (8 tests) 23ms
 ✓ tests/persistence.test.ts (10 tests) 13ms
 ✓ tests/server/http.test.ts (9 tests) 8ms
 ✓ tests/effects.test.ts (7 tests) 6ms
 ✓ tests/anim.test.ts (14 tests) 15ms
 ✓ tests/trainingPreview.test.ts (4 tests) 9ms
 ✓ tests/ipc.test.ts (61 tests) 13ms
 ✓ tests/server/pgStore.test.ts (22 tests) 10ms
 ✓ tests/window.test.ts (29 tests) 6ms
 ✓ tests/ipcV5.test.ts (7 tests) 10ms
 ✓ tests/heroMenuReadiness.test.ts (3 tests) 8ms
 ✓ tests/deploy.test.ts (7 tests) 4ms
 ✓ tests/fsm.test.ts (12 tests) 4ms
 ✓ tests/server/pgTransaction.test.ts (6 tests) 5ms
 ✓ tests/thefts.test.ts (5 tests) 3ms
 ✓ tests/typeChart.test.ts (4 tests) 7ms
 ✓ tests/battle.test.ts (5 tests) 6ms
 ✓ tests/rendererInput.test.ts (8 tests) 3ms
 ✓ tests/drag.test.ts (7 tests) 2ms
 ✓ tests/bignum.test.ts (7 tests) 3ms
 ✓ tests/input.test.ts (9 tests) 4ms
 ✓ tests/scaffold.test.ts (1 test) 1ms
 ✓ tests/balance.test.ts (3 tests) 4286ms
   ✓ v0.7 deterministic accounting and gold policy regression > checks 20 exploration seeds across active, warm-idle and intermittent play at 5/15/30 minutes  4255ms
 ✓ tests/expedition.test.ts (16 tests) 5245ms
   ✓ A3 — a full roster releases the boss instead of voiding it (H1/H2) > never swallows a capture draw: every full-roster boss draw emits an event  659ms
   ✓ A1 — the expedition gauge is display-only and stays out of the way (H2b/H7) > never leaves its declared pixel budget, whatever the depth (H7)  4524ms

 Test Files  62 passed (62)
      Tests  987 passed (987)
   Start at  14:47:07
   Duration  6.14s (transform 2.63s, setup 0ms, collect 8.07s, tests 17.10s, environment 7ms, prepare 4.20s)


> desmon@0.8.0 lint
> eslint . --max-warnings 0


> desmon@0.8.0 typecheck
> tsc -p tsconfig.main.json --noEmit && tsc -p tsconfig.renderer.json --noEmit && tsc -p tsconfig.test.json

