
> desmon@0.8.0 test
> vitest run

[33mThe CJS build of Vite's Node API is deprecated. See https://vite.dev/guide/troubleshooting.html#vite-cjs-node-api-deprecated for more details.[39m

 RUN  v3.2.7 /Users/jeongyounglee/work/repo/desktop-monster

 ✓ tests/performanceV8.test.ts (6 tests) 542ms
   ✓ v0.8 performance evidence validation > binds reports, raw samples, screenshots, app bytes and observer source before accepting a matrix  438ms
 ✓ tests/loot.test.ts (11 tests) 555ms
 ✓ tests/engine.test.ts (45 tests) 620ms
 ✓ tests/progressionV7.test.ts (45 tests) 698ms
 ✓ tests/renderer.test.ts (104 tests) 249ms
 ✓ tests/heroRendering.test.ts (5 tests) 384ms
 ✓ tests/menu.test.ts (63 tests) 355ms
 ✓ tests/heroForms.test.ts (8 tests) 958ms
   ✓ v0.5 reincarnated hero art > supplies 70 complete registered 14×14 forms with animated idle and attack poses  783ms
 ✓ tests/hero.test.ts (13 tests) 345ms
 ✓ tests/heroJobStudies.test.ts (3 tests) 162ms
 ✓ tests/collection.test.ts (21 tests) 205ms
 ✓ tests/sprites.test.ts (34 tests) 167ms
 ✓ tests/codexV7.test.ts (10 tests) 99ms
 ✓ tests/pvpDirectoryV7.test.ts (20 tests) 105ms
 ✓ tests/net.test.ts (44 tests) 154ms
 ✓ tests/progressV5.test.ts (12 tests) 55ms
 ✓ tests/formulas.test.ts (21 tests) 77ms
 ✓ tests/heroArtCompatibility.test.ts (2 tests) 92ms
 ✓ tests/progressionV5.test.ts (12 tests) 135ms
 ✓ tests/measurementV8.test.ts (6 tests) 1408ms
   ✓ v0.8 collection policy measurement > preserves the original v7 first-card trajectory exactly  1153ms
 ✓ tests/discoveryV5.test.ts (8 tests) 22ms
 ✓ tests/heroEvolutionStudies.test.ts (2 tests) 30ms
 ✓ tests/server/companionLevelsV7.test.ts (9 tests) 38ms
 ✓ tests/companionLevelsV7.test.ts (33 tests) 19ms
 ✓ tests/server/opponents.test.ts (10 tests) 27ms
 ✓ tests/server/app.test.ts (18 tests) 23ms
 ✓ tests/tray.test.ts (38 tests) 14ms
 ✓ tests/audio.test.ts (15 tests) 15ms
 ✓ tests/runtimeV8.test.ts (9 tests) 22ms
 ✓ tests/onlineV8.test.ts (3 tests) 14ms
 ✓ tests/globalInput.test.ts (20 tests) 14ms
 ✓ tests/settings.test.ts (4 tests) 8ms
 ✓ tests/save.test.ts (15 tests) 17ms
 ✓ tests/anim.test.ts (14 tests) 12ms
 ✓ tests/server/pvp.test.ts (14 tests) 13ms
 ✓ tests/progressV6.test.ts (15 tests) 13ms
 ✓ tests/identity.test.ts (8 tests) 11ms
 ✓ tests/persistence.test.ts (10 tests) 9ms
 ✓ tests/progressV7.test.ts (5 tests) 10ms
 ✓ tests/server/pgStore.test.ts (22 tests) 6ms
 ✓ tests/thefts.test.ts (5 tests) 6ms
 ✓ tests/server/pgTransaction.test.ts (6 tests) 5ms
 ✓ tests/fever.test.ts (4 tests) 10ms
 ✓ tests/ipc.test.ts (61 tests) 10ms
 ✓ tests/ipcV5.test.ts (7 tests) 12ms
 ✓ tests/trainingPreview.test.ts (4 tests) 7ms
 ✓ tests/effects.test.ts (7 tests) 8ms
 ✓ tests/packaging.test.ts (16 tests) 9ms
 ✓ tests/fsm.test.ts (12 tests) 5ms
 ✓ tests/server/http.test.ts (9 tests) 7ms
 ✓ tests/drag.test.ts (7 tests) 3ms
 ✓ tests/battle.test.ts (5 tests) 5ms
 ✓ tests/window.test.ts (29 tests) 4ms
 ✓ tests/input.test.ts (9 tests) 7ms
 ✓ tests/typeChart.test.ts (4 tests) 4ms
 ✓ tests/deploy.test.ts (7 tests) 4ms
 ✓ tests/rendererInput.test.ts (8 tests) 3ms
 ✓ tests/bignum.test.ts (7 tests) 3ms
 ✓ tests/heroMenuReadiness.test.ts (3 tests) 4ms
 ✓ tests/scaffold.test.ts (1 test) 1ms
 ✓ tests/balance.test.ts (3 tests) 4230ms
   ✓ v0.7 deterministic accounting and gold policy regression > checks 20 exploration seeds across active, warm-idle and intermittent play at 5/15/30 minutes  4207ms
 ✓ tests/expedition.test.ts (16 tests) 5174ms
   ✓ A3 — a full roster releases the boss instead of voiding it (H1/H2) > never swallows a capture draw: every full-roster boss draw emits an event  781ms
   ✓ A1 — the expedition gauge is display-only and stays out of the way (H2b/H7) > never leaves its declared pixel budget, whatever the depth (H7)  4281ms

 Test Files  62 passed (62)
      Tests  987 passed (987)
   Start at  15:43:29
   Duration  6.20s (transform 2.56s, setup 0ms, collect 8.90s, tests 17.22s, environment 10ms, prepare 4.82s)


> desmon@0.8.0 lint
> eslint . --max-warnings 0


> desmon@0.8.0 typecheck
> tsc -p tsconfig.main.json --noEmit && tsc -p tsconfig.renderer.json --noEmit && tsc -p tsconfig.test.json

