
> desmon@0.10.0 test
> vitest run


 RUN  v3.2.7 /Users/jeongyounglee/work/repo/desktop-monster

 ✓ tests/performanceV8.test.ts (6 tests) 433ms
   ✓ v0.8 performance evidence validation > binds reports, raw samples, screenshots, app bytes and observer source before accepting a matrix  337ms
 ✓ tests/progressionV7.test.ts (45 tests) 607ms
 ✓ tests/heroForms.test.ts (8 tests) 782ms
   ✓ v0.5 reincarnated hero art > supplies 70 complete registered 14×14 forms with animated idle and attack poses  641ms
 ✓ tests/heroRendering.test.ts (5 tests) 515ms
 ✓ tests/hud-v09.test.ts (3 tests) 639ms
   ✓ v0.9 HUD readability > fits compact outlined counters below the drag strip with transparent space between rows  338ms
 ✓ tests/onlineV91.test.ts (10 tests) 451ms
 ✓ tests/engine.test.ts (45 tests) 1168ms
   ✓ attack engine (SPEC F06/F07/F08, Assumption 8) > a boss kill rolls capture after loot and emits bossCaptured with a c-prefixed id at 35 percent  905ms
 ✓ tests/loot.test.ts (11 tests) 379ms
 ✓ tests/collection.test.ts (21 tests) 188ms
 ✓ tests/heroJobStudies.test.ts (3 tests) 191ms
 ✓ tests/onlineV9.test.ts (8 tests) 177ms
 ✓ tests/measurementV8.test.ts (6 tests) 1571ms
   ✓ v0.8 collection policy measurement > preserves the original v7 first-card trajectory exactly  1045ms
   ✓ v0.8 collection policy measurement > chooses the actual third rare card and records the existing consume policy without species protection  451ms
 ✓ tests/renderer.test.ts (104 tests) 294ms
 ✓ tests/menu.test.ts (63 tests) 347ms
 ✓ tests/sprites.test.ts (34 tests) 239ms
 ✓ tests/expedition.test.ts (16 tests) 1364ms
   ✓ A3 — a full roster releases the boss instead of voiding it (H1/H2) > never swallows a capture draw: every full-roster boss draw emits an event  1234ms
 ✓ tests/net.test.ts (45 tests) 116ms
 ✓ tests/heroArtCompatibility.test.ts (2 tests) 77ms
 ✓ tests/progressionV5.test.ts (12 tests) 121ms
 ✓ tests/effects-v09.test.ts (6 tests) 117ms
 ✓ tests/codexV7.test.ts (10 tests) 122ms
 ✓ tests/progressV5.test.ts (12 tests) 97ms
 ✓ tests/replayV91.test.ts (14 tests) 137ms
 ✓ tests/equipmentRendering.test.ts (6 tests) 46ms
 ✓ tests/hero.test.ts (17 tests) 59ms
 ✓ tests/server/opponents.test.ts (10 tests) 49ms
 ✓ tests/formulas.test.ts (21 tests) 94ms
 ✓ tests/pvpDirectoryV7.test.ts (20 tests) 80ms
 ✓ tests/server/companionLevelsV7.test.ts (9 tests) 55ms
 ✓ tests/v10Critic.test.ts (7 tests) 45ms
 ✓ tests/menuV9.test.ts (14 tests) 53ms
 ✓ tests/share.test.ts (5 tests) 54ms
 ✓ tests/equipmentV10.test.ts (10 tests) 40ms
 ✓ tests/pvpAbuseV91.test.ts (8 tests) 42ms
 ✓ tests/discoveryV5.test.ts (8 tests) 21ms
 ✓ tests/onlineV10.test.ts (7 tests) 30ms
 ✓ tests/server/pvp.test.ts (14 tests) 24ms
 ✓ tests/heroEvolutionStudies.test.ts (2 tests) 33ms
 ✓ tests/server/app.test.ts (18 tests) 39ms
 ✓ tests/shareV9.test.ts (9 tests) 41ms
 ✓ tests/equipmentSprites.test.ts (15 tests) 3005ms
   ✓ v0.10 equipment production art > registers 224 structurally distinct icons, not palette swaps  328ms
   ✓ v0.10 equipment production art > renders every compatible hero/weapon pairing with visible grips, integer pixels and grounded feet  1490ms
   ✓ v0.10 equipment production art > keeps the complete bobbing head visible with every compatible epic weapon  414ms
 ✓ tests/recoveryCaptureV9.test.ts (5 tests) 24ms
 ✓ tests/server/v09.test.ts (9 tests) 23ms
 ✓ tests/companionLevelsV7.test.ts (33 tests) 33ms
 ✓ tests/progressV6.test.ts (15 tests) 19ms
 ✓ tests/save.test.ts (15 tests) 15ms
 ✓ tests/audio.test.ts (15 tests) 14ms
 ✓ tests/runtimeV8.test.ts (9 tests) 16ms
 ✓ tests/v10Review.test.ts (7 tests) 23ms
 ✓ tests/recoveryV9.test.ts (21 tests) 14ms
 ✓ tests/recoveryV10.test.ts (4 tests) 22ms
 ✓ tests/trainingPreview.test.ts (4 tests) 14ms
 ✓ tests/ipc.test.ts (61 tests) 15ms
 ✓ tests/shareUiV9.test.ts (6 tests) 13ms
 ✓ tests/goldV91.test.ts (15 tests) 13ms
 ✓ tests/tray.test.ts (38 tests) 16ms
 ✓ tests/defenseV91.test.ts (1 test) 2ms
 ✓ tests/equipmentMenuV10.test.ts (3 tests) 34ms
 ✓ tests/progressV7.test.ts (5 tests) 15ms
 ✓ tests/persistence.test.ts (10 tests) 11ms
 ✓ tests/effects.test.ts (7 tests) 7ms
 ✓ tests/globalInput.test.ts (20 tests) 13ms
 ✓ tests/fever.test.ts (4 tests) 14ms
 ✓ tests/ipcV5.test.ts (7 tests) 14ms
 ✓ tests/onlineV8.test.ts (3 tests) 13ms
 ✓ tests/server/backendReviewV10.test.ts (5 tests) 9ms
 ✓ tests/identity.test.ts (8 tests) 14ms
 ✓ tests/typeChart.test.ts (4 tests) 4ms
 ✓ tests/settings.test.ts (4 tests) 9ms
 ✓ tests/packaging.test.ts (16 tests) 6ms
 ✓ tests/server/pgTransaction.test.ts (10 tests) 7ms
 ✓ tests/window.test.ts (29 tests) 4ms
 ✓ tests/heroMenuReadiness.test.ts (4 tests) 4ms
 ✓ tests/server/http.test.ts (9 tests) 10ms
 ✓ tests/input.test.ts (9 tests) 9ms
 ✓ tests/anim.test.ts (14 tests) 12ms
 ✓ tests/server/pgStore.test.ts (22 tests) 5ms
 ✓ tests/thefts.test.ts (5 tests) 3ms
 ✓ tests/battle.test.ts (5 tests) 4ms
 ✓ tests/fsm.test.ts (12 tests) 5ms
 ✓ tests/deploy.test.ts (7 tests) 4ms
 ✓ tests/rendererInput.test.ts (8 tests) 3ms
 ✓ tests/drag.test.ts (7 tests) 3ms
 ✓ tests/platformV9.test.ts (3 tests) 8ms
 ✓ tests/scaffold.test.ts (1 test) 1ms
 ✓ tests/bignum.test.ts (7 tests) 3ms
 ✓ tests/balance.test.ts (3 tests) 5871ms
   ✓ v0.7 deterministic accounting and gold policy regression > checks 20 exploration seeds across active, warm-idle and intermittent play at 5/15/30 minutes  5836ms
 ✓ tests/equippedHeroCache.test.ts (4 tests) 16955ms
   ✓ bounded equipment rendering caches > preserves the revised final pixels of 57,960 equipped hero views  15881ms
   ✓ bounded equipment rendering caches > preserves the revised final pixels of 3,840 fever/KO composites  1061ms

 Test Files  88 passed (88)
      Tests  1202 passed (1202)
   Start at  11:37:31
   Duration  17.50s (transform 2.50s, setup 0ms, collect 11.49s, tests 37.29s, environment 12ms, prepare 5.07s)


> desmon@0.10.0 lint
> eslint . --max-warnings 0


> desmon@0.10.0 typecheck
> tsc -p tsconfig.main.json --noEmit && tsc -p tsconfig.renderer.json --noEmit && tsc -p tsconfig.test.json

[33mThe CJS build of Vite's Node API is deprecated. See https://vite.dev/guide/troubleshooting.html#vite-cjs-node-api-deprecated for more details.[39m
