
> desmon@0.10.0 test
> vitest run

[33mThe CJS build of Vite's Node API is deprecated. See https://vite.dev/guide/troubleshooting.html#vite-cjs-node-api-deprecated for more details.[39m

 RUN  v3.2.7 /Users/jeongyounglee/work/repo/desktop-monster

 ✓ tests/performanceV8.test.ts (6 tests) 406ms
   ✓ v0.8 performance evidence validation > binds reports, raw samples, screenshots, app bytes and observer source before accepting a matrix  322ms
 ✓ tests/progressionV7.test.ts (45 tests) 650ms
 ✓ tests/heroForms.test.ts (8 tests) 759ms
   ✓ v0.5 reincarnated hero art > supplies 70 complete registered 14×14 forms with animated idle and attack poses  598ms
 ✓ tests/heroRendering.test.ts (5 tests) 457ms
 ✓ tests/onlineV91.test.ts (10 tests) 392ms
 ✓ tests/hud-v09.test.ts (3 tests) 610ms
   ✓ v0.9 HUD readability > keeps the existing normal/critical damage lane clear of counters throughout its rise  353ms
 ✓ tests/engine.test.ts (45 tests) 1218ms
   ✓ attack engine (SPEC F06/F07/F08, Assumption 8) > a boss kill rolls capture after loot and emits bossCaptured with a c-prefixed id at 35 percent  861ms
 ✓ tests/loot.test.ts (11 tests) 383ms
 ✓ tests/heroJobStudies.test.ts (3 tests) 167ms
 ✓ tests/measurementV8.test.ts (6 tests) 1462ms
   ✓ v0.8 collection policy measurement > preserves the original v7 first-card trajectory exactly  1123ms
 ✓ tests/renderer.test.ts (104 tests) 217ms
 ✓ tests/sprites.test.ts (34 tests) 174ms
 ✓ tests/expedition.test.ts (16 tests) 1153ms
   ✓ A3 — a full roster releases the boss instead of voiding it (H1/H2) > never swallows a capture draw: every full-roster boss draw emits an event  1019ms
 ✓ tests/menu.test.ts (63 tests) 325ms
 ✓ tests/onlineV9.test.ts (8 tests) 173ms
 ✓ tests/collection.test.ts (21 tests) 214ms
 ✓ tests/heroArtCompatibility.test.ts (2 tests) 79ms
 ✓ tests/net.test.ts (45 tests) 130ms
 ✓ tests/replayV91.test.ts (14 tests) 132ms
 ✓ tests/progressionV5.test.ts (12 tests) 97ms
 ✓ tests/menuV9.test.ts (14 tests) 68ms
 ✓ tests/formulas.test.ts (21 tests) 70ms
 ✓ tests/effects-v09.test.ts (6 tests) 148ms
 ✓ tests/pvpDirectoryV7.test.ts (20 tests) 77ms
 ✓ tests/onlineV10.test.ts (7 tests) 38ms
 ✓ tests/progressV5.test.ts (12 tests) 78ms
 ✓ tests/hero.test.ts (17 tests) 74ms
 ✓ tests/codexV7.test.ts (10 tests) 136ms
 ✓ tests/equipmentRendering.test.ts (6 tests) 80ms
 ✓ tests/server/v09.test.ts (9 tests) 30ms
 ✓ tests/v10Critic.test.ts (7 tests) 54ms
 ✓ tests/share.test.ts (5 tests) 71ms
 ✓ tests/server/companionLevelsV7.test.ts (9 tests) 55ms
 ✓ tests/equipmentV10.test.ts (10 tests) 52ms
 ✓ tests/pvpAbuseV91.test.ts (8 tests) 49ms
 ✓ tests/server/app.test.ts (18 tests) 45ms
 ✓ tests/shareV9.test.ts (9 tests) 47ms
 ✓ tests/recoveryV9.test.ts (21 tests) 20ms
 ✓ tests/server/opponents.test.ts (10 tests) 62ms
 ✓ tests/progressV6.test.ts (15 tests) 24ms
 ✓ tests/v10Review.test.ts (7 tests) 24ms
 ✓ tests/discoveryV5.test.ts (8 tests) 33ms
 ✓ tests/heroEvolutionStudies.test.ts (2 tests) 32ms
 ✓ tests/save.test.ts (15 tests) 24ms
 ✓ tests/companionLevelsV7.test.ts (33 tests) 25ms
 ✓ tests/server/pvp.test.ts (14 tests) 37ms
 ✓ tests/equipmentSprites.test.ts (15 tests) 3079ms
   ✓ v0.10 equipment production art > registers 224 structurally distinct icons, not palette swaps  301ms
   ✓ v0.10 equipment production art > renders every compatible hero/weapon pairing with visible grips, integer pixels and grounded feet  1444ms
   ✓ v0.10 equipment production art > keeps the complete bobbing head visible with every compatible epic weapon  396ms
 ✓ tests/recoveryCaptureV9.test.ts (5 tests) 27ms
 ✓ tests/runtimeV8.test.ts (9 tests) 23ms
 ✓ tests/shareUiV9.test.ts (6 tests) 21ms
 ✓ tests/onlineV8.test.ts (3 tests) 11ms
 ✓ tests/globalInput.test.ts (20 tests) 12ms
 ✓ tests/progressV7.test.ts (5 tests) 13ms
 ✓ tests/tray.test.ts (38 tests) 15ms
 ✓ tests/recoveryV10.test.ts (4 tests) 19ms
 ✓ tests/audio.test.ts (15 tests) 30ms
 ✓ tests/goldV91.test.ts (15 tests) 17ms
 ✓ tests/ipcV5.test.ts (7 tests) 13ms
 ✓ tests/settings.test.ts (4 tests) 9ms
 ✓ tests/persistence.test.ts (10 tests) 13ms
 ✓ tests/fever.test.ts (4 tests) 12ms
 ✓ tests/ipc.test.ts (61 tests) 18ms
 ✓ tests/equipmentMenuV10.test.ts (3 tests) 14ms
 ✓ tests/server/pgTransaction.test.ts (10 tests) 7ms
 ✓ tests/identity.test.ts (8 tests) 10ms
 ✓ tests/trainingPreview.test.ts (4 tests) 17ms
 ✓ tests/server/backendReviewV10.test.ts (5 tests) 10ms
 ✓ tests/window.test.ts (29 tests) 6ms
 ✓ tests/anim.test.ts (14 tests) 7ms
 ✓ tests/packaging.test.ts (16 tests) 7ms
 ✓ tests/typeChart.test.ts (4 tests) 10ms
 ✓ tests/server/http.test.ts (9 tests) 6ms
 ✓ tests/server/pgStore.test.ts (22 tests) 5ms
 ✓ tests/fsm.test.ts (12 tests) 4ms
 ✓ tests/deploy.test.ts (7 tests) 4ms
 ✓ tests/rendererInput.test.ts (8 tests) 3ms
 ✓ tests/heroMenuReadiness.test.ts (4 tests) 9ms
 ✓ tests/thefts.test.ts (5 tests) 4ms
 ✓ tests/effects.test.ts (7 tests) 15ms
 ✓ tests/battle.test.ts (5 tests) 4ms
 ✓ tests/platformV9.test.ts (3 tests) 3ms
 ✓ tests/defenseV91.test.ts (1 test) 14ms
 ✓ tests/input.test.ts (9 tests) 6ms
 ✓ tests/drag.test.ts (7 tests) 3ms
 ✓ tests/scaffold.test.ts (1 test) 1ms
 ✓ tests/bignum.test.ts (7 tests) 3ms
 ✓ tests/balance.test.ts (3 tests) 5823ms
   ✓ v0.7 deterministic accounting and gold policy regression > checks 20 exploration seeds across active, warm-idle and intermittent play at 5/15/30 minutes  5785ms
 ✓ tests/equippedHeroCache.test.ts (4 tests) 17197ms
   ✓ bounded equipment rendering caches > preserves the revised final pixels of 57,960 equipped hero views  16121ms
   ✓ bounded equipment rendering caches > preserves the revised final pixels of 3,840 fever/KO composites  1064ms

 Test Files  88 passed (88)
      Tests  1202 passed (1202)
   Start at  11:34:47
   Duration  17.74s (transform 2.41s, setup 0ms, collect 11.35s, tests 37.17s, environment 10ms, prepare 4.81s)


> desmon@0.10.0 lint
> eslint . --max-warnings 0


> desmon@0.10.0 typecheck
> tsc -p tsconfig.main.json --noEmit && tsc -p tsconfig.renderer.json --noEmit && tsc -p tsconfig.test.json

