
> desmon@0.10.0 test
> vitest run

 RUN v3.2.7 /Users/jeongyounglee/work/repo/desktop-monster

 ✓ tests/performanceV8.test.ts (6 tests) 432ms
   ✓ v0.8 performance evidence validation > binds reports, raw samples, screenshots, app bytes and observer source before accepting a matrix  350ms
 ✓ tests/progressionV7.test.ts (45 tests) 588ms
 ✓ tests/heroForms.test.ts (8 tests) 702ms
   ✓ v0.5 reincarnated hero art > supplies 70 complete registered 14×14 forms with animated idle and attack poses  581ms
 ✓ tests/heroRendering.test.ts (5 tests) 386ms
 ✓ tests/hud-v09.test.ts (3 tests) 412ms
 ✓ tests/loot.test.ts (11 tests) 288ms
 ✓ tests/engine.test.ts (45 tests) 972ms
   ✓ attack engine (SPEC F06/F07/F08, Assumption 8) > a boss kill rolls capture after loot and emits bossCaptured with a c-prefixed id at 35 percent  736ms
 ✓ tests/collection.test.ts (21 tests) 135ms
 ✓ tests/onlineV9.test.ts (8 tests) 153ms
 ✓ tests/heroJobStudies.test.ts (3 tests) 159ms
 ✓ tests/onlineV91.test.ts (10 tests) 305ms
 ✓ tests/effects-v09.test.ts (6 tests) 114ms
 ✓ tests/measurementV8.test.ts (6 tests) 1201ms
   ✓ v0.8 collection policy measurement > preserves the original v7 first-card trajectory exactly  950ms
 ✓ tests/codexV7.test.ts (10 tests) 73ms
 ✓ tests/expedition.test.ts (16 tests) 1005ms
   ✓ A3 — a full roster releases the boss instead of voiding it (H1/H2) > never swallows a capture draw: every full-roster boss draw emits an event  910ms
 ✓ tests/net.test.ts (45 tests) 92ms
 ✓ tests/progressionV5.test.ts (12 tests) 83ms
 ✓ tests/replayV91.test.ts (14 tests) 123ms
 ✓ tests/sprites.test.ts (34 tests) 176ms
 ✓ tests/formulas.test.ts (21 tests) 77ms
 ✓ tests/renderer.test.ts (104 tests) 194ms
 ✓ tests/pvpDirectoryV7.test.ts (20 tests) 75ms
 ✓ tests/menu.test.ts (63 tests) 235ms
 ✓ tests/heroArtCompatibility.test.ts (2 tests) 97ms
 ✓ tests/companionLevelsV7.test.ts (33 tests) 25ms
 ✓ tests/heroEvolutionStudies.test.ts (2 tests) 32ms
 ✓ tests/v10Critic.test.ts (7 tests) 54ms
 ✓ tests/progressV5.test.ts (12 tests) 65ms
 ✓ tests/hero.test.ts (17 tests) 61ms
 ✓ tests/pvpAbuseV91.test.ts (8 tests) 45ms
 ✓ tests/server/opponents.test.ts (10 tests) 43ms
 ✓ tests/server/app.test.ts (18 tests) 45ms
 ✓ tests/server/companionLevelsV7.test.ts (9 tests) 54ms
 ✓ tests/shareV9.test.ts (9 tests) 37ms
 ✓ tests/equipmentV10.test.ts (10 tests) 48ms
 ✓ tests/share.test.ts (5 tests) 58ms
 ✓ tests/menuV9.test.ts (14 tests) 90ms
 ✓ tests/onlineV10.test.ts (7 tests) 65ms
 ✓ tests/server/v09.test.ts (9 tests) 56ms
 ✓ tests/discoveryV5.test.ts (8 tests) 33ms
 ✓ tests/progressV6.test.ts (15 tests) 34ms
 ✓ tests/equipmentRendering.test.ts (6 tests) 65ms
 ✓ tests/recoveryV9.test.ts (21 tests) 35ms
 ✓ tests/v10Review.test.ts (7 tests) 36ms
 ✓ tests/server/pvp.test.ts (14 tests) 28ms
 ✓ tests/recoveryCaptureV9.test.ts (5 tests) 22ms
 ✓ tests/trainingPreview.test.ts (4 tests) 12ms
 ✓ tests/recoveryV10.test.ts (4 tests) 18ms
 ✓ tests/runtimeV8.test.ts (9 tests) 23ms
 ✓ tests/save.test.ts (15 tests) 23ms
 ✓ tests/tray.test.ts (38 tests) 15ms
 ✓ tests/shareUiV9.test.ts (6 tests) 32ms
 ✓ tests/audio.test.ts (15 tests) 19ms
 ✓ tests/progressV7.test.ts (5 tests) 17ms
 ✓ tests/goldV91.test.ts (15 tests) 14ms
 ✓ tests/equipmentSprites.test.ts (15 tests) 3097ms
   ✓ v0.10 equipment production art > registers 224 structurally distinct icons, not palette swaps  354ms
   ✓ v0.10 equipment production art > renders every compatible hero/weapon pairing with visible grips, integer pixels and grounded feet  1288ms
   ✓ v0.10 equipment production art > preserves every visible weapon and contour pixel in fever/KO composites in both directions  358ms
   ✓ v0.10 equipment production art > keeps the complete bobbing head visible with every compatible epic weapon  545ms
 ✓ tests/fever.test.ts (4 tests) 11ms
 ✓ tests/server/backendReviewV10.test.ts (5 tests) 9ms
 ✓ tests/settings.test.ts (4 tests) 14ms
 ✓ tests/globalInput.test.ts (20 tests) 14ms
 ✓ tests/onlineV8.test.ts (3 tests) 17ms
 ✓ tests/persistence.test.ts (10 tests) 13ms
 ✓ tests/ipc.test.ts (61 tests) 13ms
 ✓ tests/identity.test.ts (8 tests) 8ms
 ✓ tests/packaging.test.ts (16 tests) 6ms
 ✓ tests/ipcV5.test.ts (7 tests) 15ms
 ✓ tests/equipmentMenuV10.test.ts (3 tests) 11ms
 ✓ tests/server/pgTransaction.test.ts (10 tests) 8ms
 ✓ tests/anim.test.ts (14 tests) 9ms
 ✓ tests/effects.test.ts (7 tests) 7ms
 ✓ tests/typeChart.test.ts (4 tests) 7ms
 ✓ tests/deploy.test.ts (7 tests) 4ms
 ✓ tests/server/http.test.ts (9 tests) 5ms
 ✓ tests/server/pgStore.test.ts (22 tests) 4ms
 ✓ tests/battle.test.ts (5 tests) 4ms
 ✓ tests/thefts.test.ts (5 tests) 3ms
 ✓ tests/window.test.ts (29 tests) 7ms
 ✓ tests/platformV9.test.ts (3 tests) 3ms
 ✓ tests/heroMenuReadiness.test.ts (4 tests) 6ms
 ✓ tests/input.test.ts (9 tests) 3ms
 ✓ tests/fsm.test.ts (12 tests) 5ms
 ✓ tests/defenseV91.test.ts (1 test) 3ms
 ✓ tests/drag.test.ts (7 tests) 2ms
 ✓ tests/rendererInput.test.ts (8 tests) 4ms
 ✓ tests/bignum.test.ts (7 tests) 2ms
 ✓ tests/scaffold.test.ts (1 test) 1ms
 ✓ tests/balance.test.ts (3 tests) 5392ms
   ✓ v0.7 deterministic accounting and gold policy regression > checks 20 exploration seeds across active, warm-idle and intermittent play at 5/15/30 minutes  5357ms
 ✓ tests/equippedHeroCache.test.ts (4 tests) 16106ms
   ✓ bounded equipment rendering caches > preserves the revised final pixels of 57,960 equipped hero views  15095ms
   ✓ bounded equipment rendering caches > preserves the revised final pixels of 3,840 fever/KO composites  1000ms

 Test Files  88 passed (88)
      Tests  1202 passed (1202)
   Start at  11:30:15
   Duration  16.67s (transform 2.49s, setup 0ms, collect 10.83s, tests 34.10s, environment 9ms, prepare 4.56s)


> desmon@0.10.0 lint
> eslint . --max-warnings 0


> desmon@0.10.0 typecheck
> tsc -p tsconfig.main.json --noEmit && tsc -p tsconfig.renderer.json --noEmit && tsc -p tsconfig.test.json


