
> desmon@0.11.0 test
> vitest run


 RUN  v3.2.7 /Users/jeongyounglee/work/repo/desktop-monster

 ✓ tests/performanceV8.test.ts (6 tests) 507ms
   ✓ v0.8 performance evidence validation > binds reports, raw samples, screenshots, app bytes and observer source before accepting a matrix  399ms
 ✓ tests/heroRendering.test.ts (5 tests) 519ms
 ✓ tests/heroForms.test.ts (8 tests) 1000ms
   ✓ v0.5 reincarnated hero art > supplies 70 complete registered 14×14 forms with animated idle and attack poses  754ms
 ✓ tests/loot.test.ts (11 tests) 512ms
   ✓ mulberry32 deterministic RNG (SPEC F06, Assumption 15) > outputs stay in [0, 1) and are roughly uniform over 10000 draws  309ms
 ✓ tests/engine.test.ts (45 tests) 1372ms
   ✓ attack engine (SPEC F06/F07/F08, Assumption 8) > a boss kill rolls capture after loot and emits bossCaptured with a c-prefixed id at 35 percent  1070ms
 ✓ tests/net.test.ts (45 tests) 155ms
 ✓ tests/spriteRasterV11.test.ts (2 tests) 1168ms
   ✓ v11 sprite strip raster equivalence > preserves every registered frame pixel with mirror, tint, scale and clipping  1142ms
 ✓ tests/effects-v09.test.ts (6 tests) 209ms
 ✓ tests/measurementV8.test.ts (6 tests) 1678ms
   ✓ v0.8 collection policy measurement > preserves the original v7 first-card trajectory exactly  1225ms
   ✓ v0.8 collection policy measurement > chooses the actual third rare card and records the existing consume policy without species protection  315ms
 ✓ tests/expedition.test.ts (16 tests) 1600ms
   ✓ A3 — a full roster releases the boss instead of voiding it (H1/H2) > never swallows a capture draw: every full-roster boss draw emits an event  1296ms
 ✓ tests/onlineV91.test.ts (10 tests) 416ms
 ✓ tests/menu.test.ts (68 tests) 370ms
 ✓ tests/pvpDirectoryV7.test.ts (20 tests) 170ms
 ✓ tests/sprites.test.ts (34 tests) 292ms
 ✓ tests/renderer.test.ts (104 tests) 327ms
 ✓ tests/collection.test.ts (21 tests) 261ms
 ✓ tests/progressionV5.test.ts (12 tests) 136ms
 ✓ tests/progressV5.test.ts (12 tests) 140ms
 ✓ tests/companionLevelsV7.test.ts (33 tests) 30ms
 ✓ tests/replayV91.test.ts (14 tests) 236ms
 ✓ tests/onlineV9.test.ts (8 tests) 173ms
 ✓ tests/hudV11.test.ts (8 tests) 2258ms
   ✓ v0.11 head labels and field damage > stacks every combination above every idle hero without overlaps or cropped outlines  755ms
   ✓ v0.11 head labels and field damage > keeps the head anchor fixed through every hero attack pose in the complete scene  314ms
   ✓ v0.11 head labels and field damage > anchors every monster and crown above its HP bar and keeps long rising hits inside the field  1045ms
 ✓ tests/formulas.test.ts (21 tests) 71ms
 ✓ tests/equipmentV10.test.ts (10 tests) 77ms
 ✓ tests/heroArtCompatibility.test.ts (2 tests) 64ms
 ✓ tests/codexV7.test.ts (10 tests) 222ms
 ✓ tests/server/pvp.test.ts (14 tests) 46ms
 ✓ tests/server/app.test.ts (18 tests) 67ms
 ✓ tests/server/opponents.test.ts (10 tests) 146ms
 ✓ tests/v10Critic.test.ts (7 tests) 58ms
 ✓ tests/hero.test.ts (17 tests) 263ms
 ✓ tests/save.test.ts (15 tests) 19ms
 ✓ tests/shareV9.test.ts (9 tests) 51ms
 ✓ tests/menuV9.test.ts (14 tests) 66ms
 ✓ tests/server/v09.test.ts (9 tests) 47ms
 ✓ tests/hud-v09.test.ts (3 tests) 482ms
   ✓ v0.9 HUD readability > keeps monster-centered normal/critical damage clear of counters throughout its rise  347ms
 ✓ tests/onlineV10.test.ts (7 tests) 68ms
 ✓ tests/equipmentRendering.test.ts (6 tests) 62ms
 ✓ tests/defenseV91.test.ts (1 test) 3ms
 ✓ tests/progressionV7.test.ts (45 tests) 604ms
 ✓ tests/heroEvolutionStudies.test.ts (2 tests) 102ms
 ✓ tests/equipmentMenuV10.test.ts (5 tests) 48ms
 ✓ tests/server/companionLevelsV7.test.ts (9 tests) 116ms
 ✓ tests/ipc.test.ts (62 tests) 19ms
 ✓ tests/heroJobStudies.test.ts (3 tests) 312ms
 ✓ tests/equipmentSprites.test.ts (15 tests) 4197ms
   ✓ v0.10 equipment production art > registers 224 structurally distinct icons, not palette swaps  370ms
   ✓ v0.10 equipment production art > proves all eight representative motions and every h00 weapon at all five poses in both directions  383ms
   ✓ v0.10 equipment production art > renders every compatible hero/weapon pairing with visible grips, integer pixels and grounded feet  2011ms
   ✓ v0.10 equipment production art > keeps the complete bobbing head visible with every compatible epic weapon  696ms
 ✓ tests/share.test.ts (6 tests) 174ms
 ✓ tests/globalInput.test.ts (20 tests) 14ms
 ✓ tests/progressionV11.test.ts (7 tests) 189ms
 ✓ tests/progressV6.test.ts (15 tests) 52ms
 ✓ tests/v10Review.test.ts (7 tests) 38ms
 ✓ tests/discoveryV5.test.ts (8 tests) 34ms
 ✓ tests/pvpAbuseV91.test.ts (8 tests) 198ms
 ✓ tests/ipcV5.test.ts (7 tests) 18ms
 ✓ tests/recoveryV10.test.ts (4 tests) 70ms
 ✓ tests/recoveryCaptureV9.test.ts (5 tests) 151ms
 ✓ tests/thefts.test.ts (5 tests) 4ms
 ✓ tests/shareUiV9.test.ts (6 tests) 32ms
 ✓ tests/equipmentV11.test.ts (8 tests) 28ms
 ✓ tests/recoveryV9.test.ts (21 tests) 48ms
 ✓ tests/server/backendReviewV10.test.ts (5 tests) 16ms
 ✓ tests/fever.test.ts (4 tests) 14ms
 ✓ tests/persistence.test.ts (10 tests) 11ms
 ✓ tests/trainingPreview.test.ts (4 tests) 26ms
 ✓ tests/runtimeV8.test.ts (9 tests) 26ms
 ✓ tests/renderer-field-v11.test.ts (6 tests) 29ms
 ✓ tests/goldV91.test.ts (15 tests) 31ms
 ✓ tests/progressV7.test.ts (5 tests) 15ms
 ✓ tests/tray.test.ts (38 tests) 24ms
 ✓ tests/identity.test.ts (8 tests) 22ms
 ✓ tests/settings.test.ts (4 tests) 13ms
 ✓ tests/onlineV8.test.ts (3 tests) 19ms
 ✓ tests/audio.test.ts (16 tests) 33ms
 ✓ tests/server/pgTransaction.test.ts (10 tests) 10ms
 ✓ tests/rendererInput.test.ts (8 tests) 4ms
 ✓ tests/battle.test.ts (5 tests) 5ms
 ✓ tests/window.test.ts (29 tests) 4ms
 ✓ tests/packaging.test.ts (16 tests) 18ms
 ✓ tests/server/http.test.ts (9 tests) 13ms
 ✓ tests/effects.test.ts (7 tests) 12ms
 ✓ tests/anim.test.ts (14 tests) 10ms
 ✓ tests/typeChart.test.ts (4 tests) 8ms
 ✓ tests/drag.test.ts (7 tests) 13ms
 ✓ tests/server/pgStore.test.ts (22 tests) 11ms
 ✓ tests/platformV9.test.ts (3 tests) 6ms
 ✓ tests/fsm.test.ts (12 tests) 5ms
 ✓ tests/deploy.test.ts (7 tests) 4ms
 ✓ tests/input.test.ts (9 tests) 5ms
 ✓ tests/share-field-v11.test.ts (2 tests) 9ms
 ✓ tests/heroMenuReadiness.test.ts (4 tests) 21ms
 ✓ tests/bignum.test.ts (7 tests) 5ms
 ✓ tests/scaffold.test.ts (1 test) 1ms
 ✓ tests/balance.test.ts (3 tests) 7747ms
   ✓ v0.7 deterministic accounting and gold policy regression > checks 20 exploration seeds across active, warm-idle and intermittent play at 5/15/30 minutes  7703ms
 ✓ tests/equippedHeroCache.test.ts (4 tests) 19125ms
   ✓ bounded equipment rendering caches > preserves the revised final pixels of 57,960 equipped hero views  17979ms
   ✓ bounded equipment rendering caches > preserves the revised final pixels of 3,840 fever/KO composites  1134ms

 Test Files  94 passed (94)
      Tests  1245 passed (1245)
   Start at  16:33:47
   Duration  19.69s (transform 3.04s, setup 0ms, collect 15.12s, tests 49.10s, environment 13ms, prepare 7.22s)


> desmon@0.11.0 lint
> eslint . --max-warnings 0


> desmon@0.11.0 typecheck
> tsc -p tsconfig.main.json --noEmit && tsc -p tsconfig.renderer.json --noEmit && tsc -p tsconfig.test.json

[33mThe CJS build of Vite's Node API is deprecated. See https://vite.dev/guide/troubleshooting.html#vite-cjs-node-api-deprecated for more details.[39m
