TAP version 13
# Subtest: censored ordinary and stress trajectories must finish their registered exposure
ok 1 - censored ordinary and stress trajectories must finish their registered exposure
  ---
  duration_ms: 2.068458
  ...
# Subtest: ten-cycle continuations may stop at18h only when first three cycles failed
ok 2 - ten-cycle continuations may stop at18h only when first three cycles failed
  ---
  duration_ms: 0.691042
  ...
# Subtest: management keeps its20 exploration seeds separate from the280 heldout schedule and pacing verdict
ok 3 - management keeps its20 exploration seeds separate from the280 heldout schedule and pacing verdict
  ---
  duration_ms: 2.079042
  ...
# Subtest: management rejects shortened/corrupt schedules, changed policy, and inconsistent reward telemetry
ok 4 - management rejects shortened/corrupt schedules, changed policy, and inconsistent reward telemetry
  ---
  duration_ms: 0.935375
  ...
# Subtest: management cannot substitute another candidate, evaluator, compiled artifact, or pacing pass
ok 5 - management cannot substitute another candidate, evaluator, compiled artifact, or pacing pass
  ---
  duration_ms: 0.980125
  ...
# Subtest: growth diagnostic retains60 trajectories and23 guards including later cycles without replacing heldout
ok 6 - growth diagnostic retains60 trajectories and23 guards including later cycles without replacing heldout
  ---
  duration_ms: 1.301834
  ...
# Subtest: growth censored rows remain in every scheduled quantile and never turn null into a pass
ok 7 - growth censored rows remain in every scheduled quantile and never turn null into a pass
  ---
  duration_ms: 1.169292
  ...
# Subtest: growth actions independently enumerate actual volley gains, preserve owned stats and follow capture/consume continuity
ok 8 - growth actions independently enumerate actual volley gains, preserve owned stats and follow capture/consume continuity
  ---
  duration_ms: 4.044958
  ...
# Subtest: growth accepts zero marginal gain only with the registered target/food tie break
ok 9 - growth accepts zero marginal gain only with the registered target/food tie break
  ---
  duration_ms: 0.491084
  ...
# Subtest: new growth receipts bind the active fever factor to the actual version-specific core helper
ok 10 - new growth receipts bind the active fever factor to the actual version-specific core helper
  ---
  duration_ms: 0.765166
  ...
# Subtest: growth report binding cannot omit guards or substitute a different code/candidate
ok 11 - growth report binding cannot omit guards or substitute a different code/candidate
  ---
  duration_ms: 1.136042
  ...
# Subtest: reserve growth keeps20 high-input ten-cycle trajectories separate and usesp10 rather than a single minimum
ok 12 - reserve growth keeps20 high-input ten-cycle trajectories separate and usesp10 rather than a single minimum
  ---
  duration_ms: 0.815625
  ...
# Subtest: reserve growth rejects incomplete horizons, aggressive five-member consumption and altered registration
ok 13 - reserve growth rejects incomplete horizons, aggressive five-member consumption and altered registration
  ---
  duration_ms: 1.690958
  ...
# Subtest: reserve growth reuses real action checks and requires its own source-bound ten-group receipt
ok 14 - reserve growth reuses real action checks and requires its own source-bound ten-group receipt
  ---
  duration_ms: 1.667625
  ...
# Subtest: no-reset retains20 complete24-hour exposures, zero hero actions and separate non-pacing telemetry
ok 15 - no-reset retains20 complete24-hour exposures, zero hero actions and separate non-pacing telemetry
  ---
  duration_ms: 4.148708
  ...
# Subtest: no-reset verifies actual legal raw-weakest releases, capture continuity, souls and exact after-roster
ok 16 - no-reset verifies actual legal raw-weakest releases, capture continuity, souls and exact after-roster
  ---
  duration_ms: 7.4745
  ...
# Subtest: no-reset receipt binds selected code and cannot claim pacing or human-fun acceptance
ok 17 - no-reset receipt binds selected code and cannot claim pacing or human-fun acceptance
  ---
  duration_ms: 1.100292
  ...
# Subtest: approved field curve candidates preserve raw/PvP, XP, capture and no-timer parameters
ok 18 - approved field curve candidates preserve raw/PvP, XP, capture and no-timer parameters
  ---
  duration_ms: 12.060958
  ...
# Subtest: reject hidden source tuning, changed tie-break baselines and fixed-registration contradictions
ok 19 - reject hidden source tuning, changed tie-break baselines and fixed-registration contradictions
  ---
  duration_ms: 3.790875
  ...
# Subtest: candidate mutation rejects frozen keys, regex/path injection and invalid numeric domains
ok 20 - candidate mutation rejects frozen keys, regex/path injection and invalid numeric domains
  ---
  duration_ms: 9.7485
  ...
# Subtest: fixed reset count cap retains neutral null and cannot hide in source or alter selection baseline
ok 21 - fixed reset count cap retains neutral null and cannot hide in source or alter selection baseline
  ---
  duration_ms: 1.28825
  ...
# Subtest: progression scope parses literal source without executing expressions or accepting duplicates
ok 22 - progression scope parses literal source without executing expressions or accepting duplicates
  ---
  duration_ms: 0.680833
  ...
# Subtest: fresh heldout cannot relabel the consumed R18 range or silently remove its history
ok 23 - fresh heldout cannot relabel the consumed R18 range or silently remove its history
  ---
  duration_ms: 0.903791
  ...
# Subtest: finite-farm80 keeps quotas separate, includes preparation and leaves original280 unchanged
ok 24 - finite-farm80 keeps quotas separate, includes preparation and leaves original280 unchanged
  ---
  duration_ms: 1.872667
  ...
# Subtest: finite-farm nonarrivals retain all20 rows, cannot pass nullp10, and use quantiles rather than a minimum
ok 25 - finite-farm nonarrivals retain all20 rows, cannot pass nullp10, and use quantiles rather than a minimum
  ---
  duration_ms: 1.034292
  ...
# Subtest: finite-farm independently replays source-bound legal recovery, equipment outcome and exact RNG consumption
ok 26 - finite-farm independently replays source-bound legal recovery, equipment outcome and exact RNG consumption
  ---
  duration_ms: 2.437667
  ...
# Subtest: finite-farm permits only the exact automatic full-roster soul payout between recoveries
ok 27 - finite-farm permits only the exact automatic full-roster soul payout between recoveries
  ---
  duration_ms: 1.740209
  ...
# Subtest: finite-farm binding cannot replace heldout, omit a quota, or use another candidate/evaluator
ok 28 - finite-farm binding cannot replace heldout, omit a quota, or use another candidate/evaluator
  ---
  duration_ms: 1.167791
  ...
# Subtest: total-count telemetry stays distinct from hero history and encounter mismatches are rejected
ok 29 - total-count telemetry stays distinct from hero history and encounter mismatches are rejected
  ---
  duration_ms: 0.393042
  ...
# Subtest: package identity includes contents and symlink destinations without following cycles
ok 30 - package identity includes contents and symlink destinations without following cycles
  ---
  duration_ms: 3.441417
  ...
# Subtest: same version with a different payload or native file fails installer equivalence
ok 31 - same version with a different payload or native file fails installer equivalence
  ---
  duration_ms: 6.227125
  ...
# Subtest: latest failed gate or altered AC rejects prior success; final task has no circular receipt
ok 32 - latest failed gate or altered AC rejects prior success; final task has no circular receipt
  ---
  duration_ms: 9.195833
  ...
# Subtest: independent scope reviews require actual authors, reviewed source and external limitations
ok 33 - independent scope reviews require actual authors, reviewed source and external limitations
  ---
  duration_ms: 19.490417
  ...
# Subtest: latency budgets require all families, paired finite samples and enough observations
ok 34 - latency budgets require all families, paired finite samples and enough observations
  ---
  duration_ms: 23.8685
  ...
# Subtest: latency summaries cannot detach from trusted raw events or duplicate one click
ok 35 - latency summaries cannot detach from trusted raw events or duplicate one click
  ---
  duration_ms: 20.878125
  ...
# Subtest: IPC/apply stages require source-bound events rather than ACK substitution
ok 36 - IPC/apply stages require source-bound events rather than ACK substitution
  ---
  duration_ms: 20.804375
  ...
# Subtest: raw clock calibration brackets actions and exposes unresolved intervals without excusing inversions
ok 37 - raw clock calibration brackets actions and exposes unresolved intervals without excusing inversions
  ---
  duration_ms: 12.831792
  ...
# Subtest: pinned timestamp quantization explains sub-quantum gaps but never excuses larger clock drift
ok 38 - pinned timestamp quantization explains sub-quantum gaps but never excuses larger clock drift
  ---
  duration_ms: 11.635583
  ...
# Subtest: grouped pipeline samples cannot hide duplicate stages or detach from the complete trace
ok 39 - grouped pipeline samples cannot hide duplicate stages or detach from the complete trace
  ---
  duration_ms: 16.154833
  ...
# Subtest: latest release command must pass for current source with its intact log
ok 40 - latest release command must pass for current source with its intact log
  ---
  duration_ms: 1.228334
  ...
# Subtest: native reports bind all scenarios, current app, screenshots, isolation and latency
ok 41 - native reports bind all scenarios, current app, screenshots, isolation and latency
  ---
  duration_ms: 35.464625
  ...
# Subtest: the pinned vendor subset and unmodified upstream hashes verify
ok 42 - the pinned vendor subset and unmodified upstream hashes verify
  ---
  duration_ms: 0.564875
  ...
# Subtest: four fixed full-duration slots use the same unchanged observer and unchanged budgets
ok 43 - four fixed full-duration slots use the same unchanged observer and unchanged budgets
  ---
  duration_ms: 2.068458
  ...
# Subtest: complete native rows pass; short duration, gaps, forged summary and wrong versions fail
ok 44 - complete native rows pass; short duration, gaps, forged summary and wrong versions fail
  ---
  duration_ms: 22.149334
  ...
# Subtest: initial fixture persistence grace cannot hide changed, late or rolled-back saves
ok 45 - initial fixture persistence grace cannot hide changed, late or rolled-back saves
  ---
  duration_ms: 10.624958
  ...
# Subtest: input schedule and raw process totals are independently checked
ok 46 - input schedule and raw process totals are independently checked
  ---
  duration_ms: 14.92075
  ...
# Subtest: only explicit legacy current-monster migration defaults are normalized
ok 47 - only explicit legacy current-monster migration defaults are normalized
  ---
  duration_ms: 0.15275
  ...
# Subtest: paired comparisons require serial unique fixtures, matched machines and frozen apps
ok 48 - paired comparisons require serial unique fixtures, matched machines and frozen apps
  ---
  duration_ms: 69.860708
  ...
# Subtest: a measured CPU regression fails instead of silently broadening the budget
ok 49 - a measured CPU regression fails instead of silently broadening the budget
  ---
  duration_ms: 16.533833
  ...
# Subtest: lifecycle binds exact main PID, save path and completed cleanup
ok 50 - lifecycle binds exact main PID, save path and completed cleanup
  ---
  duration_ms: 1.738458
  ...
# Subtest: serial observations cannot launch another app during prior cleanup
ok 51 - serial observations cannot launch another app during prior cleanup
  ---
  duration_ms: 0.118958
  ...
# Subtest: latest failure, stale source, changed log or artifact rejects earlier success
ok 52 - latest failure, stale source, changed log or artifact rejects earlier success
  ---
  duration_ms: 4.153
  ...
# Subtest: configuration rejects unknown dependencies, duplicate IDs and cycles
ok 53 - configuration rejects unknown dependencies, duplicate IDs and cycles
  ---
  duration_ms: 0.2205
  ...
# Subtest: invalidation preserves attempts and reopens only affected descendants
ok 54 - invalidation preserves attempts and reopens only affected descendants
  ---
  duration_ms: 1.714833
  ...
# Subtest: ownership prevents parent/child overlaps and required artifact omissions
ok 55 - ownership prevents parent/child overlaps and required artifact omissions
  ---
  duration_ms: 0.100375
  ...
# Subtest: changed AC contracts replace stale journal commands and invalidate dependents without erasing receipts
ok 56 - changed AC contracts replace stale journal commands and invalidate dependents without erasing receipts
  ---
  duration_ms: 0.314917
  ...
# Subtest: live ownership extensions retain work, reject traversal and reject another live owner
ok 57 - live ownership extensions retain work, reject traversal and reject another live owner
  ---
  duration_ms: 0.283959
  ...
# Subtest: source and protocol changes invalidate receipts while generated reports do not
ok 58 - source and protocol changes invalidate receipts while generated reports do not
  ---
  duration_ms: 16.665083
  ...
# Subtest: field fixture chooses a discriminating trained level for different adopted tail scales and waits for one native hit
ok 59 - field fixture chooses a discriminating trained level for different adopted tail scales and waits for one native hit
  ---
  duration_ms: 17.619959
  ...
# Subtest: field fixture uses Q2→Q3 to reverse real capped hunting membership with or without a base floor
ok 60 - field fixture uses Q2→Q3 to reverse real capped hunting membership with or without a base floor
  ---
  duration_ms: 27.749
  ...
# Subtest: field agreement rejects a stale/raw draw party or a misleading hunting/PvP label
ok 61 - field agreement rejects a stale/raw draw party or a misleading hunting/PvP label
  ---
  duration_ms: 0.448792
  ...
# Subtest: growth preview must match actual applied hunting and PvP powers including integers hidden by formatting
ok 62 - growth preview must match actual applied hunting and PvP powers including integers hidden by formatting
  ---
  duration_ms: 0.161125
  ...
# Subtest: lifecycle observer records quit stacks and shutdown events while preserving original calls and errors
ok 63 - lifecycle observer records quit stacks and shutdown events while preserving original calls and errors
  ---
  duration_ms: 1.783958
  ...
# Subtest: HUD fixture starts with a surviving boss hit and reaches normal + ready + level-up + fever in one burst
ok 64 - HUD fixture starts with a surviving boss hit and reaches normal + ready + level-up + fever in one burst
  ---
  duration_ms: 8.582083
  ...
# Subtest: menu live-save fixture progresses gold without removing its paginated bag or growth material
ok 65 - menu live-save fixture progresses gold without removing its paginated bag or growth material
  ---
  duration_ms: 12.703458
  ...
# Subtest: live disclosure evidence requires the same state across a later coin-changing production save
ok 66 - live disclosure evidence requires the same state across a later coin-changing production save
  ---
  duration_ms: 0.584167
  ...
# Subtest: full-bag native fixture supports explicit accessory swap, acquisitions, hero reconciliation and a weaker restart
ok 67 - full-bag native fixture supports explicit accessory swap, acquisitions, hero reconciliation and a weaker restart
  ---
  duration_ms: 2.042708
  ...
# Subtest: local latency starts at a trusted click and finishes after two rendered frames
ok 68 - local latency starts at a trusted click and finishes after two rendered frames
  ---
  duration_ms: 1.033875
  ...
# Subtest: applied latency waits for its matching production ACK and painted success
ok 69 - applied latency waits for its matching production ACK and painted success
  ---
  duration_ms: 0.824625
  ...
# Subtest: native growth completion consumes a material, persists its level gain and remains separate from latency families
ok 70 - native growth completion consumes a material, persists its level gain and remains separate from latency families
  ---
  duration_ms: 1.310584
  ...
# Subtest: untrusted clicks and rejected or absent production acknowledgments never count as samples
ok 71 - untrusted clicks and rejected or absent production acknowledgments never count as samples
  ---
  duration_ms: 0.921917
  ...
# Subtest: native raster checks reject the startup-aged invisible boss float and verify actual rise
ok 72 - native raster checks reject the startup-aged invisible boss float and verify actual rise
  ---
  duration_ms: 4.221042
  ...
# Subtest: native damage validation follows actual age through a startup dt jump without changing the rise curve
ok 73 - native damage validation follows actual age through a startup dt jump without changing the rise curve
  ---
  duration_ms: 2.5245
  ...
# Subtest: native raster checks require complete glyph ink, outline and actual flash phase
ok 74 - native raster checks require complete glyph ink, outline and actual flash phase
  ---
  duration_ms: 1.032959
  ...
# Subtest: serialized HUD geometry matches actual font drawing, including spaces with no glyph frame
ok 75 - serialized HUD geometry matches actual font drawing, including spaces with no glyph frame
  ---
  duration_ms: 1.185875
  ...
# Subtest: HUD provenance distinguishes native repeats, mouse input and production input IPC without intercepting them
ok 76 - HUD provenance distinguishes native repeats, mouse input and production input IPC without intercepting them
  ---
  duration_ms: 0.778375
  ...
# Subtest: duplicate-click evidence rejects sequential clicks, extra ACKs and repeated mutations
ok 77 - duplicate-click evidence rejects sequential clicks, extra ACKs and repeated mutations
  ---
  duration_ms: 0.299959
  ...
# Subtest: pipeline recorder snapshots action identity and reports overflow without replacing earlier rows
ok 78 - pipeline recorder snapshots action identity and reports overflow without replacing earlier rows
  ---
  duration_ms: 0.249417
  ...
# Subtest: clock calibration intersects resolution-bounded probes and rejects missing phases or drift beyond precision
ok 79 - clock calibration intersects resolution-bounded probes and rejects missing phases or drift beyond precision
  ---
  duration_ms: 0.746375
  ...
# Subtest: dense timer observations retain repeated-read provenance and bounded distinct readings
ok 80 - dense timer observations retain repeated-read provenance and bounded distinct readings
  ---
  duration_ms: 8.536625
  ...
# Subtest: pilot02 quantization gap is represented explicitly while larger drift remains a failure
ok 81 - pilot02 quantization gap is represented explicitly while larger drift remains a failure
  ---
  duration_ms: 0.205125
  ...
# Subtest: public conditional tracepoints bind real source lines, preserve raw rows and clean up without pausing
ok 82 - public conditional tracepoints bind real source lines, preserve raw rows and clean up without pausing
  ---
  duration_ms: 7.401292
  ...
1..82
# tests 82
# suites 0
# pass 82
# fail 0
# cancelled 0
# skipped 0
# todo 0
# duration_ms 860.764
