
> desmon@0.11.0 test
> vitest run


 RUN  v3.2.7 /Users/jeongyounglee/work/repo/desktop-monster

 ✓ tests/progressionV7.test.ts (45 tests) 643ms
 ✓ tests/onlineV91.test.ts (10 tests) 498ms
 ✓ tests/heroForms.test.ts (8 tests) 1154ms
   ✓ v0.5 reincarnated hero art > supplies 70 complete registered 14×14 forms with animated idle and attack poses  886ms
 ✓ tests/spriteRasterV11.test.ts (2 tests) 1840ms
   ✓ v11 sprite strip raster equivalence > preserves every registered frame pixel with mirror, tint, scale and clipping  1699ms
 ✓ tests/performanceV8.test.ts (6 tests) 1064ms
   ✓ v0.8 performance evidence validation > rejects mismatched machines and overlapping sessions, and detects mixed memory growth from the real windows  323ms
   ✓ v0.8 performance evidence validation > binds reports, raw samples, screenshots, app bytes and observer source before accepting a matrix  490ms
 ✓ tests/engine.test.ts (45 tests) 2401ms
   ✓ attack engine (SPEC F06/F07/F08, Assumption 8) > a boss kill rolls capture after loot and emits bossCaptured with a c-prefixed id at 35 percent  2058ms
 ✓ tests/loot.test.ts (11 tests) 1156ms
   ✓ mulberry32 deterministic RNG (SPEC F06, Assumption 15) > outputs stay in [0, 1) and are roughly uniform over 10000 draws  660ms
   ✓ loot tables (SPEC F09, Assumptions 3/6/15) > trinket drop rate over 10000 seeded kills is within 23 to 27 percent  365ms
 ✓ tests/heroRendering.test.ts (5 tests) 1479ms
   ✓ reincarnated hero field placement > keeps the XP bar near each visible crown, stable through idle and wind-up  536ms
   ✓ reincarnated hero field placement > uses the equipped weapon for slash selection at every rank and rare form  445ms
   ✓ reincarnated hero field placement > draws every compact hero above the field floor, including its class strike pose  453ms
 ✓ tests/expedition.test.ts (16 tests) 3183ms
   ✓ A3 — a full roster releases the boss instead of voiding it (H1/H2) > never swallows a capture draw: every full-roster boss draw emits an event  2324ms
 ✓ tests/measurementV8.test.ts (6 tests) 3540ms
   ✓ v0.8 collection policy measurement > preserves the original v7 first-card trajectory exactly  2259ms
   ✓ v0.8 collection policy measurement > chooses the actual third rare card and records the existing consume policy without species protection  1231ms
 ✓ tests/sprites.test.ts (34 tests) 754ms
 ✓ tests/onlineV9.test.ts (8 tests) 433ms
 ✓ tests/menu.test.ts (68 tests) 1212ms
 ✓ tests/collection.test.ts (21 tests) 1018ms
   ✓ resolvePvp (SPEC F37/F62, Assumption 34) > resolvePvp leaves companions untouched over 10000 seeded wins  658ms
 ✓ tests/hud-v09.test.ts (3 tests) 1580ms
   ✓ v0.9 HUD readability > fits compact outlined counters below the drag strip with transparent space between rows  399ms
   ✓ v0.9 HUD readability > keeps monster-centered normal/critical damage clear of counters throughout its rise  1139ms
 ✓ tests/renderer.test.ts (104 tests) 1132ms
 ✓ tests/hudV11.test.ts (8 tests) 5473ms
   ✓ v0.11 head labels and field damage > stacks every combination above every idle hero without overlaps or cropped outlines  1327ms
   ✓ v0.11 head labels and field damage > keeps the head anchor fixed through every hero attack pose in the complete scene  669ms
   ✓ v0.11 head labels and field damage > retains simultaneous level-up, ready and fever feedback in the live field through every color phase  361ms
   ✓ v0.11 head labels and field damage > anchors every monster and crown above its HP bar and keeps long rising hits inside the field  3103ms
 ✓ tests/effects-v09.test.ts (6 tests) 858ms
   ✓ v0.9 attacker impact signatures > all 70 hero forms and 135 monster species differ beyond palette  320ms
   ✓ v0.9 attacker impact signatures > presentation effects preserve the seeded engine outcome and save  332ms
 ✓ tests/progressV5.test.ts (12 tests) 547ms
   ✓ v0.5 lifetime progress and migration > retains lifetime hero counts beyond the most recent 100 chronological records  378ms
 ✓ tests/net.test.ts (45 tests) 465ms
 ✓ tests/replayV91.test.ts (14 tests) 561ms
   ✓ v0.9.1 interrupted hunting replay > freezes the engine, fever, defer, booked volleys and RNG, then resumes the same next field step  332ms
 ✓ tests/heroArtCompatibility.test.ts (2 tests) 280ms
 ✓ tests/progressionV5.test.ts (12 tests) 593ms
   ✓ v0.5 choice identity and secret eligibility > keeps first-slot progression while owned and lower-rank heroes remain selectable  307ms
 ✓ tests/pvpDirectoryV7.test.ts (20 tests) 526ms
   ✓ V07-04 opponent directory selection and focus > renders all 50 ranked hero/party rows and preserves their buttons, art and keyboard focus across saves  309ms
 ✓ tests/formulas.test.ts (21 tests) 187ms
 ✓ tests/codexV7.test.ts (10 tests) 541ms
   ✓ V07-03 strict acquisition disclosure > keeps every seen-only hero and monster masked, including condition references and alerts  322ms
 ✓ tests/heroJobStudies.test.ts (3 tests) 791ms
   ✓ three DFO-inspired job studies on the starter skeleton > renders every pose and its mirror on the existing integer pixel scale  502ms
 ✓ tests/equipmentRendering.test.ts (6 tests) 233ms
 ✓ tests/server/app.test.ts (18 tests) 172ms
 ✓ tests/hero.test.ts (17 tests) 400ms
   ✓ v0.4 hero growth, collection and persistent choices > samples bounded random rolls, all 50 forms and three real elemental alternatives  325ms
 ✓ tests/v10Critic.test.ts (7 tests) 263ms
 ✓ tests/server/companionLevelsV7.test.ts (9 tests) 276ms
 ✓ tests/server/opponents.test.ts (10 tests) 362ms
 ✓ tests/equipmentV10.test.ts (10 tests) 247ms
 ✓ tests/shareUiV9.test.ts (6 tests) 126ms
 ✓ tests/shareV9.test.ts (9 tests) 136ms
 ✓ tests/onlineV10.test.ts (7 tests) 171ms
 ✓ tests/save.test.ts (15 tests) 189ms
 ✓ tests/menuV9.test.ts (14 tests) 298ms
 ✓ tests/recoveryCaptureV9.test.ts (5 tests) 169ms
 ✓ tests/pvpAbuseV91.test.ts (8 tests) 620ms
 ✓ tests/companionLevelsV7.test.ts (33 tests) 143ms
 ✓ tests/progressionV11.test.ts (7 tests) 1030ms
   ✓ v0.11 curve compatibility and timer-free readiness > applies a fixed reset-count curve only to field HP, independently of companion power and the frozen legacy curve  463ms
 ✓ tests/renderer-field-v11.test.ts (6 tests) 172ms
 ❯ tests/equipmentSprites.test.ts (15 tests | 1 failed) 10973ms
   ✓ v0.10 equipment production art > preserves the 168 non-epic icon shapes and palettes through the epic art revision 4ms
   ✓ v0.10 equipment production art > registers 224 structurally distinct icons, not palette swaps  427ms
   ✓ v0.10 equipment production art > preserves all 71 complete costumes and separate skin-coloured hands  361ms
   ✓ v0.10 equipment production art > proves all eight representative motions and every h00 weapon at all five poses in both directions  481ms
   ✓ v0.10 equipment production art > finishes each swing under rapid input with only one queued swing 0ms
   ✓ v0.10 equipment production art > keeps both hands attached to every costume throughout the five body poses 0ms
   × v0.10 equipment production art > renders every compatible hero/weapon pairing with visible grips, integer pixels and grounded feet 5255ms
     → Test timed out in 5000ms.
If this is a long-running test, pass a timeout value as the last argument or configure it globally with "testTimeout".
   ✓ v0.10 equipment production art > gives every rare/epic weapon a contour in all five poses while keeping skin visible 126ms
   ✓ v0.10 equipment production art > fits every complete source pixel area above ground without cropping the rasterized weapon 29ms
   ✓ v0.10 equipment production art > rasterizes solid greatsword and gun silhouettes without checkerboard fragmentation 255ms
   ✓ v0.10 equipment production art > keeps all 128 held weapons structurally distinct across their five poses without rarity contours or colors 5ms
   ✓ v0.10 equipment production art > preserves every visible weapon and contour pixel in fever/KO composites in both directions  1221ms
   ✓ v0.10 equipment production art > joins an actually visible prop pixel to both hands in every weapon family and pose 150ms
   ✓ v0.10 equipment production art > shows the staff jewel beyond the face in both idle frames and recovery 6ms
   ✓ v0.10 equipment production art > keeps the complete bobbing head visible with every compatible epic weapon  2649ms
 ✓ tests/heroEvolutionStudies.test.ts (2 tests) 208ms
 ✓ tests/v10Review.test.ts (7 tests) 55ms
 ✓ tests/server/pvp.test.ts (14 tests) 304ms
 ✓ tests/recoveryV10.test.ts (4 tests) 63ms
 ✓ tests/server/v09.test.ts (9 tests) 219ms
 ✓ tests/progressV6.test.ts (15 tests) 167ms
 ✓ tests/equipmentV11.test.ts (8 tests) 170ms
 ✓ tests/discoveryV5.test.ts (8 tests) 31ms
 ✓ tests/runtimeV8.test.ts (9 tests) 106ms
 ✓ tests/share.test.ts (6 tests) 239ms
 ✓ tests/share-field-v11.test.ts (2 tests) 10ms
 ✓ tests/globalInput.test.ts (20 tests) 29ms
 ✓ tests/equipmentMenuV10.test.ts (5 tests) 94ms
 ✓ tests/ipc.test.ts (62 tests) 123ms
 ✓ tests/audio.test.ts (16 tests) 147ms
 ✓ tests/recoveryV9.test.ts (21 tests) 107ms
 ✓ tests/fever.test.ts (4 tests) 12ms
 ✓ tests/server/backendReviewV10.test.ts (5 tests) 11ms
 ✓ tests/progressV7.test.ts (5 tests) 26ms
 ✓ tests/persistence.test.ts (10 tests) 12ms
 ✓ tests/tray.test.ts (38 tests) 20ms
 ✓ tests/onlineV8.test.ts (3 tests) 63ms
 ✓ tests/goldV91.test.ts (15 tests) 15ms
 ✓ tests/packaging.test.ts (16 tests) 7ms
 ✓ tests/server/http.test.ts (9 tests) 11ms
 ✓ tests/trainingPreview.test.ts (4 tests) 20ms
 ✓ tests/ipcV5.test.ts (7 tests) 111ms
 ✓ tests/settings.test.ts (4 tests) 8ms
 ✓ tests/server/pgStore.test.ts (22 tests) 7ms
 ✓ tests/fsm.test.ts (12 tests) 7ms
 ✓ tests/typeChart.test.ts (4 tests) 15ms
 ✓ tests/identity.test.ts (8 tests) 16ms
 ✓ tests/server/pgTransaction.test.ts (10 tests) 6ms
 ✓ tests/window.test.ts (29 tests) 12ms
 ✓ tests/anim.test.ts (14 tests) 15ms
 ✓ tests/input.test.ts (9 tests) 3ms
 ✓ tests/platformV9.test.ts (3 tests) 4ms
 ✓ tests/heroMenuReadiness.test.ts (4 tests) 5ms
 ✓ tests/effects.test.ts (7 tests) 8ms
 ✓ tests/battle.test.ts (5 tests) 4ms
 ✓ tests/thefts.test.ts (5 tests) 3ms
 ✓ tests/drag.test.ts (7 tests) 4ms
 ✓ tests/bignum.test.ts (7 tests) 3ms
 ✓ tests/deploy.test.ts (7 tests) 4ms
 ✓ tests/rendererInput.test.ts (8 tests) 5ms
 ✓ tests/defenseV91.test.ts (1 test) 2ms
 ✓ tests/scaffold.test.ts (1 test) 1ms
 ✓ tests/balance.test.ts (3 tests) 18874ms
   ✓ v0.7 deterministic accounting and gold policy regression > checks 20 exploration seeds across active, warm-idle and intermittent play at 5/15/30 minutes  18715ms
 ❯ tests/equippedHeroCache.test.ts (4 tests | 1 failed) 31158ms
   × bounded equipment rendering caches > preserves the revised final pixels of 57,960 equipped hero views 30007ms
     → Test timed out in 30000ms.
If this is a long-running test, pass a timeout value as the last argument or configure it globally with "testTimeout".
   ✓ bounded equipment rendering caches > preserves the revised final pixels of 3,840 fever/KO composites  1137ms
   ✓ bounded equipment rendering caches > reuses geometry across owned copies and shimmer cycles without conflating pose, flip or hit tint 1ms
   ✓ bounded equipment rendering caches > evicts old composites when forms change instead of retaining every visited combination 11ms

 Test Files  2 failed | 92 passed (94)
      Tests  2 failed | 1243 passed (1245)
   Start at  16:26:32
   Duration  31.77s (transform 4.62s, setup 0ms, collect 31.44s, tests 102.44s, environment 15ms, prepare 19.69s)

[33mThe CJS build of Vite's Node API is deprecated. See https://vite.dev/guide/troubleshooting.html#vite-cjs-node-api-deprecated for more details.[39m

⎯⎯⎯⎯⎯⎯⎯ Failed Tests 2 ⎯⎯⎯⎯⎯⎯⎯

 FAIL  tests/equipmentSprites.test.ts > v0.10 equipment production art > renders every compatible hero/weapon pairing with visible grips, integer pixels and grounded feet
Error: Test timed out in 5000ms.
If this is a long-running test, pass a timeout value as the last argument or configure it globally with "testTimeout".
 ❯ tests/equipmentSprites.test.ts:132:3
    130|   });
    131| 
    132|   it('renders every compatible hero/weapon pairing with visible grips,…
       |   ^
    133|     let pairings = 0;
    134|     for (const id of ['h00', ...HERO_FORM_IDS]) for (const template of…

⎯⎯⎯⎯⎯⎯⎯⎯⎯⎯⎯⎯⎯⎯⎯⎯⎯⎯⎯⎯⎯⎯⎯⎯[1/2]⎯

 FAIL  tests/equippedHeroCache.test.ts > bounded equipment rendering caches > preserves the revised final pixels of 57,960 equipped hero views
Error: Test timed out in 30000ms.
If this is a long-running test, pass a timeout value as the last argument or configure it globally with "testTimeout".
 ❯ tests/equippedHeroCache.test.ts:42:3
     40| 
     41| describe('bounded equipment rendering caches', () => {
     42|   it('preserves the revised final pixels of 57,960 equipped hero views…
       |   ^
     43|     expect(fingerprint(false)).toEqual({ sha256: '1b91162ab187c4c33f8e…
     44|   }, 30000);

⎯⎯⎯⎯⎯⎯⎯⎯⎯⎯⎯⎯⎯⎯⎯⎯⎯⎯⎯⎯⎯⎯⎯⎯[2/2]⎯

