
 RUN  v3.2.7 /Users/jeongyounglee/work/repo/desktop-monster

 ✓ tests/tray.test.ts (38 tests) 14ms
 ✓ tests/heroJobStudies.test.ts (3 tests) 110ms
 ✓ tests/equipmentMenuV10.test.ts (5 tests) 22ms
 ✓ tests/packaging.test.ts (16 tests) 7ms
 ✓ tests/ipc.test.ts (62 tests) 15ms
 ✓ tests/runtimeV8.test.ts (9 tests) 24ms
 ✓ tests/share.test.ts (6 tests) 32ms
 ✓ tests/audio.test.ts (16 tests) 21ms
 ✓ tests/share-field-v11.test.ts (2 tests) 9ms
 ✓ tests/menuV9.test.ts (14 tests) 40ms
 ✓ tests/menu.test.ts (70 tests) 182ms
 ✓ tests/spriteRasterV11.test.ts (2 tests) 490ms
   ✓ v11 sprite strip raster equivalence > preserves every registered frame pixel with mirror, tint, scale and clipping  484ms
 ✓ tests/equippedHeroCache.test.ts (4 tests) 14798ms
   ✓ bounded equipment rendering caches > preserves the revised final pixels of 57,960 equipped hero views  13737ms
   ✓ bounded equipment rendering caches > preserves the revised final pixels of 3,840 fever/KO composites  1048ms

 Test Files  13 passed (13)
      Tests  247 passed (247)
   Start at  18:51:30
   Duration  15.41s (transform 1.47s, setup 0ms, collect 4.24s, tests 15.76s, environment 1ms, prepare 1.11s)

[33mThe CJS build of Vite's Node API is deprecated. See https://vite.dev/guide/troubleshooting.html#vite-cjs-node-api-deprecated for more details.[39m
