active/free/uniform/none/0: 10/900 trajectories
active/free/uniform/none/0: 20/900 trajectories
active/free/uniform/none/0: 30/900 trajectories
active/free/uniform/none/0: 40/900 trajectories
active/free/uniform/none/0: 50/900 trajectories
active/free/uniform/none/0: 60/900 trajectories
active/free/uniform/none/0: 70/900 trajectories
active/free/uniform/none/0: 80/900 trajectories
active/free/uniform/none/0: 90/900 trajectories
active/free/uniform/none/600: 100/900 trajectories
active/free/uniform/none/600: 110/900 trajectories
active/free/uniform/none/600: 120/900 trajectories
active/free/uniform/none/600: 130/900 trajectories
active/free/uniform/none/600: 140/900 trajectories
active/free/uniform/none/600: 150/900 trajectories
active/free/uniform/none/600: 160/900 trajectories
active/free/uniform/none/600: 170/900 trajectories
active/free/uniform/none/600: 180/900 trajectories
active/free/uniform/none/600: 190/900 trajectories
active/free/uniform/none/600: 200/900 trajectories
intermittent/free/uniform/none/600: 210/900 trajectories
intermittent/free/uniform/none/600: 220/900 trajectories
intermittent/free/uniform/none/600: 230/900 trajectories
intermittent/free/uniform/none/600: 240/900 trajectories
intermittent/free/uniform/none/600: 250/900 trajectories
intermittent/free/uniform/none/600: 260/900 trajectories
intermittent/free/uniform/none/600: 270/900 trajectories
intermittent/free/uniform/none/600: 280/900 trajectories
intermittent/free/uniform/none/600: 290/900 trajectories
warm-idle/free/uniform/none/600: 300/900 trajectories
warm-idle/free/uniform/none/600: 310/900 trajectories
warm-idle/free/uniform/none/600: 320/900 trajectories
warm-idle/free/uniform/none/600: 330/900 trajectories
warm-idle/free/uniform/none/600: 340/900 trajectories
warm-idle/free/uniform/none/600: 350/900 trajectories
warm-idle/free/uniform/none/600: 360/900 trajectories
warm-idle/free/uniform/none/600: 370/900 trajectories
warm-idle/free/uniform/none/600: 380/900 trajectories
warm-idle/free/uniform/none/600: 390/900 trajectories
pure-idle/free/uniform/none/600: 400/900 trajectories
pure-idle/free/uniform/none/600: 410/900 trajectories
pure-idle/free/uniform/none/600: 420/900 trajectories
pure-idle/free/uniform/none/600: 430/900 trajectories
pure-idle/free/uniform/none/600: 440/900 trajectories
pure-idle/free/uniform/none/600: 450/900 trajectories
pure-idle/free/uniform/none/600: 460/900 trajectories
pure-idle/free/uniform/none/600: 470/900 trajectories
pure-idle/free/uniform/none/600: 480/900 trajectories
pure-idle/free/uniform/none/600: 490/900 trajectories
pure-idle/free/uniform/none/600: 500/900 trajectories
active/free/burst/none/0: 510/900 trajectories
active/free/burst/none/0: 520/900 trajectories
active/free/burst/none/0: 530/900 trajectories
active/free/burst/none/0: 540/900 trajectories
active/free/burst/none/0: 550/900 trajectories
active/free/burst/none/0: 560/900 trajectories
active/free/burst/none/0: 570/900 trajectories
active/free/burst/none/0: 580/900 trajectories
active/free/burst/none/0: 590/900 trajectories
active/training/uniform/consume-weakest/600: 600/900 trajectories
active/training/uniform/consume-weakest/600: 610/900 trajectories
active/training/uniform/consume-weakest/600: 620/900 trajectories
active/training/uniform/consume-weakest/600: 630/900 trajectories
active/training/uniform/consume-weakest/600: 640/900 trajectories
active/training/uniform/consume-weakest/600: 650/900 trajectories
active/training/uniform/consume-weakest/600: 660/900 trajectories
active/training/uniform/consume-weakest/600: 670/900 trajectories
active/training/uniform/consume-weakest/600: 680/900 trajectories
active/training/uniform/consume-weakest/600: 690/900 trajectories
active/lure/uniform/fuse-first/600: 700/900 trajectories
active/lure/uniform/fuse-first/600: 710/900 trajectories
active/lure/uniform/fuse-first/600: 720/900 trajectories
active/lure/uniform/fuse-first/600: 730/900 trajectories
active/lure/uniform/fuse-first/600: 740/900 trajectories
active/lure/uniform/fuse-first/600: 750/900 trajectories
active/lure/uniform/fuse-first/600: 760/900 trajectories
active/lure/uniform/fuse-first/600: 770/900 trajectories
active/lure/uniform/fuse-first/600: 780/900 trajectories
active/lure/uniform/fuse-first/600: 790/900 trajectories
active/lure/uniform/fuse-first/600: 800/900 trajectories
active/reroll/uniform/reincarnate-first/120: 810/900 trajectories
active/reroll/uniform/reincarnate-first/120: 820/900 trajectories
active/reroll/uniform/reincarnate-first/120: 830/900 trajectories
active/reroll/uniform/reincarnate-first/120: 840/900 trajectories
active/reroll/uniform/reincarnate-first/120: 850/900 trajectories
active/reroll/uniform/reincarnate-first/120: 860/900 trajectories
active/reroll/uniform/reincarnate-first/120: 870/900 trajectories
active/reroll/uniform/reincarnate-first/120: 880/900 trajectories
active/reroll/uniform/reincarnate-first/120: 890/900 trajectories
active/reroll/uniform/reincarnate-first/120: 900/900 trajectories
{"output":"/Users/jeongyounglee/work/repo/desktop-monster/.agentdoc/v07-setup-20260911T122653Z/evidence/release.json","rawComplete":true,"phase":"release","targetsPassed":true,"samples":900,"wallElapsedSeconds":4169.568582625}
