
> desmon@0.9.0 test
> vitest run

[33mThe CJS build of Vite's Node API is deprecated. See https://vite.dev/guide/troubleshooting.html#vite-cjs-node-api-deprecated for more details.[39m

 RUN  v3.2.7 /Users/jeongyounglee/work/repo/desktop-monster

 ✓ tests/loot.test.ts (11 tests) 339ms
 ✓ tests/engine.test.ts (45 tests) 368ms
 ✓ tests/performanceV8.test.ts (6 tests) 469ms
   ✓ v0.8 performance evidence validation > binds reports, raw samples, screenshots, app bytes and observer source before accepting a matrix  383ms
 ✓ tests/progressionV7.test.ts (45 tests) 474ms
 ✓ tests/renderer.test.ts (104 tests) 292ms
 ✓ tests/heroForms.test.ts (8 tests) 773ms
   ✓ v0.5 reincarnated hero art > supplies 70 complete registered 14×14 forms with animated idle and attack poses  615ms
 ✓ tests/collection.test.ts (21 tests) 167ms
 ✓ tests/effects-v09.test.ts (6 tests) 136ms
 ✓ tests/heroRendering.test.ts (5 tests) 506ms
 ✓ tests/sprites.test.ts (34 tests) 159ms
 ✓ tests/menu.test.ts (63 tests) 252ms
 ✓ tests/hud-v09.test.ts (3 tests) 720ms
   ✓ v0.9 HUD readability > fits compact outlined counters below the drag strip with transparent space between rows  334ms
   ✓ v0.9 HUD readability > keeps the existing normal/critical damage lane clear of counters throughout its rise  357ms
 ✓ tests/expedition.test.ts (16 tests) 759ms
   ✓ A3 — a full roster releases the boss instead of voiding it (H1/H2) > never swallows a capture draw: every full-roster boss draw emits an event  595ms
 ✓ tests/net.test.ts (44 tests) 129ms
 ✓ tests/heroJobStudies.test.ts (3 tests) 132ms
 ✓ tests/progressionV5.test.ts (12 tests) 114ms
 ✓ tests/pvpDirectoryV7.test.ts (20 tests) 84ms
 ✓ tests/onlineV9.test.ts (8 tests) 117ms
 ✓ tests/codexV7.test.ts (10 tests) 84ms
 ✓ tests/measurementV8.test.ts (6 tests) 1257ms
   ✓ v0.8 collection policy measurement > preserves the original v7 first-card trajectory exactly  1015ms
 ✓ tests/heroArtCompatibility.test.ts (2 tests) 55ms
 ✓ tests/formulas.test.ts (21 tests) 120ms
 ✓ tests/progressV5.test.ts (12 tests) 82ms
 ✓ tests/hero.test.ts (17 tests) 144ms
 ✓ tests/server/companionLevelsV7.test.ts (9 tests) 71ms
 ✓ tests/heroEvolutionStudies.test.ts (2 tests) 35ms
 ✓ tests/shareV9.test.ts (9 tests) 54ms
 ✓ tests/identity.test.ts (8 tests) 15ms
 ✓ tests/share.test.ts (5 tests) 69ms
 ✓ tests/menuV9.test.ts (14 tests) 62ms
 ✓ tests/server/app.test.ts (18 tests) 51ms
 ✓ tests/server/opponents.test.ts (10 tests) 53ms
 ✓ tests/server/v09.test.ts (8 tests) 21ms
 ✓ tests/companionLevelsV7.test.ts (33 tests) 17ms
 ✓ tests/discoveryV5.test.ts (8 tests) 23ms
 ✓ tests/tray.test.ts (38 tests) 22ms
 ✓ tests/server/pvp.test.ts (14 tests) 15ms
 ✓ tests/settings.test.ts (4 tests) 15ms
 ✓ tests/onlineV8.test.ts (3 tests) 18ms
 ✓ tests/runtimeV8.test.ts (9 tests) 29ms
 ✓ tests/recoveryV9.test.ts (18 tests) 18ms
 ✓ tests/save.test.ts (15 tests) 14ms
 ✓ tests/progressV6.test.ts (15 tests) 22ms
 ✓ tests/globalInput.test.ts (20 tests) 18ms
 ✓ tests/shareUiV9.test.ts (6 tests) 15ms
 ✓ tests/audio.test.ts (15 tests) 15ms
 ✓ tests/persistence.test.ts (10 tests) 18ms
 ✓ tests/ipcV5.test.ts (7 tests) 11ms
 ✓ tests/fever.test.ts (4 tests) 16ms
 ✓ tests/recoveryCaptureV9.test.ts (5 tests) 10ms
 ✓ tests/anim.test.ts (14 tests) 7ms
 ✓ tests/progressV7.test.ts (5 tests) 11ms
 ✓ tests/ipc.test.ts (61 tests) 12ms
 ✓ tests/server/http.test.ts (9 tests) 6ms
 ✓ tests/trainingPreview.test.ts (4 tests) 8ms
 ✓ tests/server/pgTransaction.test.ts (9 tests) 6ms
 ✓ tests/server/pgStore.test.ts (22 tests) 5ms
 ✓ tests/platformV9.test.ts (3 tests) 3ms
 ✓ tests/window.test.ts (29 tests) 5ms
 ✓ tests/packaging.test.ts (16 tests) 9ms
 ✓ tests/typeChart.test.ts (4 tests) 4ms
 ✓ tests/effects.test.ts (7 tests) 7ms
 ✓ tests/rendererInput.test.ts (8 tests) 5ms
 ✓ tests/heroMenuReadiness.test.ts (4 tests) 15ms
 ✓ tests/battle.test.ts (5 tests) 4ms
 ✓ tests/thefts.test.ts (5 tests) 3ms
 ✓ tests/fsm.test.ts (12 tests) 9ms
 ✓ tests/input.test.ts (9 tests) 4ms
 ✓ tests/bignum.test.ts (7 tests) 3ms
 ✓ tests/drag.test.ts (7 tests) 3ms
 ✓ tests/deploy.test.ts (7 tests) 5ms
 ✓ tests/scaffold.test.ts (1 test) 2ms
 ✓ tests/balance.test.ts (3 tests) 4032ms
   ✓ v0.7 deterministic accounting and gold policy regression > checks 20 exploration seeds across active, warm-idle and intermittent play at 5/15/30 minutes  4006ms

 Test Files  73 passed (73)
      Tests  1080 passed (1080)
   Start at  22:23:48
   Duration  4.49s (transform 2.09s, setup 0ms, collect 8.76s, tests 12.63s, environment 10ms, prepare 4.49s)


> desmon@0.9.0 lint
> eslint . --max-warnings 0


> desmon@0.9.0 typecheck
> tsc -p tsconfig.main.json --noEmit && tsc -p tsconfig.renderer.json --noEmit && tsc -p tsconfig.test.json

