
> desmon@0.9.0 test
> vitest run

[33mThe CJS build of Vite's Node API is deprecated. See https://vite.dev/guide/troubleshooting.html#vite-cjs-node-api-deprecated for more details.[39m

 RUN  v3.2.7 /Users/jeongyounglee/work/repo/desktop-monster

 ✓ tests/performanceV8.test.ts (6 tests) 425ms
   ✓ v0.8 performance evidence validation > binds reports, raw samples, screenshots, app bytes and observer source before accepting a matrix  332ms
 ✓ tests/engine.test.ts (45 tests) 326ms
 ✓ tests/loot.test.ts (11 tests) 364ms
 ✓ tests/renderer.test.ts (104 tests) 157ms
 ✓ tests/progressionV7.test.ts (45 tests) 487ms
 ✓ tests/heroRendering.test.ts (5 tests) 373ms
 ✓ tests/collection.test.ts (21 tests) 127ms
 ✓ tests/heroForms.test.ts (8 tests) 691ms
   ✓ v0.5 reincarnated hero art > supplies 70 complete registered 14×14 forms with animated idle and attack poses  582ms
 ✓ tests/hero.test.ts (17 tests) 63ms
 ✓ tests/sprites.test.ts (34 tests) 202ms
 ✓ tests/hud-v09.test.ts (3 tests) 576ms
   ✓ v0.9 HUD readability > keeps the existing normal/critical damage lane clear of counters throughout its rise  334ms
 ✓ tests/expedition.test.ts (16 tests) 583ms
   ✓ A3 — a full roster releases the boss instead of voiding it (H1/H2) > never swallows a capture draw: every full-roster boss draw emits an event  505ms
 ✓ tests/effects-v09.test.ts (6 tests) 146ms
 ✓ tests/menu.test.ts (63 tests) 182ms
 ✓ tests/heroJobStudies.test.ts (3 tests) 125ms
 ✓ tests/formulas.test.ts (21 tests) 80ms
 ✓ tests/net.test.ts (44 tests) 105ms
 ✓ tests/onlineV9.test.ts (8 tests) 119ms
 ✓ tests/progressionV5.test.ts (12 tests) 142ms
 ✓ tests/progressV5.test.ts (12 tests) 72ms
 ✓ tests/pvpDirectoryV7.test.ts (20 tests) 118ms
 ✓ tests/server/companionLevelsV7.test.ts (9 tests) 105ms
 ✓ tests/codexV7.test.ts (10 tests) 126ms
 ✓ tests/share.test.ts (5 tests) 77ms
 ✓ tests/menuV9.test.ts (14 tests) 42ms
 ✓ tests/heroArtCompatibility.test.ts (2 tests) 61ms
 ✓ tests/measurementV8.test.ts (6 tests) 1446ms
   ✓ v0.8 collection policy measurement > preserves the original v7 first-card trajectory exactly  1175ms
 ✓ tests/heroEvolutionStudies.test.ts (2 tests) 28ms
 ✓ tests/discoveryV5.test.ts (8 tests) 23ms
 ✓ tests/server/opponents.test.ts (10 tests) 85ms
 ✓ tests/shareV9.test.ts (9 tests) 79ms
 ✓ tests/server/app.test.ts (18 tests) 60ms
 ✓ tests/progressV6.test.ts (15 tests) 16ms
 ✓ tests/runtimeV8.test.ts (9 tests) 16ms
 ✓ tests/tray.test.ts (38 tests) 18ms
 ✓ tests/persistence.test.ts (10 tests) 14ms
 ✓ tests/globalInput.test.ts (20 tests) 15ms
 ✓ tests/server/v09.test.ts (8 tests) 20ms
 ✓ tests/onlineV8.test.ts (3 tests) 24ms
 ✓ tests/fever.test.ts (4 tests) 9ms
 ✓ tests/recoveryV9.test.ts (18 tests) 17ms
 ✓ tests/companionLevelsV7.test.ts (33 tests) 16ms
 ✓ tests/server/pvp.test.ts (14 tests) 13ms
 ✓ tests/identity.test.ts (8 tests) 10ms
 ✓ tests/settings.test.ts (4 tests) 11ms
 ✓ tests/heroMenuReadiness.test.ts (4 tests) 5ms
 ✓ tests/audio.test.ts (15 tests) 22ms
 ✓ tests/shareUiV9.test.ts (6 tests) 21ms
 ✓ tests/save.test.ts (15 tests) 16ms
 ✓ tests/progressV7.test.ts (5 tests) 9ms
 ✓ tests/ipcV5.test.ts (7 tests) 16ms
 ✓ tests/recoveryCaptureV9.test.ts (5 tests) 16ms
 ✓ tests/ipc.test.ts (61 tests) 15ms
 ✓ tests/packaging.test.ts (16 tests) 8ms
 ✓ tests/fsm.test.ts (12 tests) 3ms
 ✓ tests/trainingPreview.test.ts (4 tests) 8ms
 ✓ tests/server/http.test.ts (9 tests) 7ms
 ✓ tests/server/pgTransaction.test.ts (9 tests) 6ms
 ✓ tests/server/pgStore.test.ts (22 tests) 4ms
 ✓ tests/anim.test.ts (14 tests) 14ms
 ✓ tests/effects.test.ts (7 tests) 8ms
 ✓ tests/deploy.test.ts (7 tests) 4ms
 ✓ tests/window.test.ts (29 tests) 4ms
 ✓ tests/rendererInput.test.ts (8 tests) 4ms
 ✓ tests/typeChart.test.ts (4 tests) 5ms
 ✓ tests/platformV9.test.ts (3 tests) 5ms
 ✓ tests/battle.test.ts (5 tests) 4ms
 ✓ tests/thefts.test.ts (5 tests) 3ms
 ✓ tests/input.test.ts (9 tests) 5ms
 ✓ tests/bignum.test.ts (7 tests) 4ms
 ✓ tests/drag.test.ts (7 tests) 3ms
 ✓ tests/scaffold.test.ts (1 test) 1ms
 ✓ tests/balance.test.ts (3 tests) 3962ms
   ✓ v0.7 deterministic accounting and gold policy regression > checks 20 exploration seeds across active, warm-idle and intermittent play at 5/15/30 minutes  3938ms

 Test Files  73 passed (73)
      Tests  1080 passed (1080)
   Start at  22:26:17
   Duration  4.44s (transform 2.39s, setup 0ms, collect 8.76s, tests 11.98s, environment 8ms, prepare 4.36s)


> desmon@0.9.0 lint
> eslint . --max-warnings 0


> desmon@0.9.0 typecheck
> tsc -p tsconfig.main.json --noEmit && tsc -p tsconfig.renderer.json --noEmit && tsc -p tsconfig.test.json

