
> desmon@0.9.0 test
> vitest run

[33mThe CJS build of Vite's Node API is deprecated. See https://vite.dev/guide/troubleshooting.html#vite-cjs-node-api-deprecated for more details.[39m

 RUN  v3.2.7 /Users/jeongyounglee/work/repo/desktop-monster

 ✓ tests/performanceV8.test.ts (6 tests) 460ms
   ✓ v0.8 performance evidence validation > binds reports, raw samples, screenshots, app bytes and observer source before accepting a matrix  364ms
 ✓ tests/loot.test.ts (11 tests) 361ms
 ✓ tests/engine.test.ts (45 tests) 391ms
 ✓ tests/progressionV7.test.ts (45 tests) 455ms
 ✓ tests/renderer.test.ts (104 tests) 311ms
 ✓ tests/collection.test.ts (21 tests) 157ms
 ✓ tests/heroRendering.test.ts (5 tests) 477ms
 ✓ tests/effects-v09.test.ts (6 tests) 158ms
 ✓ tests/heroForms.test.ts (8 tests) 913ms
   ✓ v0.5 reincarnated hero art > supplies 70 complete registered 14×14 forms with animated idle and attack poses  730ms
 ✓ tests/sprites.test.ts (34 tests) 212ms
 ✓ tests/hud-v09.test.ts (3 tests) 691ms
   ✓ v0.9 HUD readability > fits compact outlined counters below the drag strip with transparent space between rows  342ms
   ✓ v0.9 HUD readability > keeps the existing normal/critical damage lane clear of counters throughout its rise  327ms
 ✓ tests/codexV7.test.ts (10 tests) 112ms
 ✓ tests/expedition.test.ts (16 tests) 798ms
   ✓ A3 — a full roster releases the boss instead of voiding it (H1/H2) > never swallows a capture draw: every full-roster boss draw emits an event  647ms
 ✓ tests/menu.test.ts (63 tests) 251ms
 ✓ tests/heroJobStudies.test.ts (3 tests) 137ms
 ✓ tests/net.test.ts (44 tests) 150ms
 ✓ tests/heroArtCompatibility.test.ts (2 tests) 68ms
 ✓ tests/shareV9.test.ts (9 tests) 59ms
 ✓ tests/progressionV5.test.ts (12 tests) 80ms
 ✓ tests/hero.test.ts (17 tests) 63ms
 ✓ tests/progressV5.test.ts (12 tests) 62ms
 ✓ tests/formulas.test.ts (21 tests) 70ms
 ✓ tests/server/companionLevelsV7.test.ts (9 tests) 51ms
 ✓ tests/onlineV9.test.ts (8 tests) 116ms
 ✓ tests/measurementV8.test.ts (6 tests) 1402ms
   ✓ v0.8 collection policy measurement > preserves the original v7 first-card trajectory exactly  1082ms
 ✓ tests/share.test.ts (5 tests) 42ms
 ✓ tests/recoveryV9.test.ts (18 tests) 16ms
 ✓ tests/server/opponents.test.ts (10 tests) 27ms
 ✓ tests/server/app.test.ts (18 tests) 32ms
 ✓ tests/heroEvolutionStudies.test.ts (2 tests) 33ms
 ✓ tests/tray.test.ts (38 tests) 19ms
 ✓ tests/fever.test.ts (4 tests) 11ms
 ✓ tests/server/v09.test.ts (8 tests) 24ms
 ✓ tests/companionLevelsV7.test.ts (33 tests) 24ms
 ✓ tests/pvpDirectoryV7.test.ts (20 tests) 73ms
 ✓ tests/discoveryV5.test.ts (8 tests) 21ms
 ✓ tests/audio.test.ts (15 tests) 13ms
 ✓ tests/globalInput.test.ts (20 tests) 12ms
 ✓ tests/progressV7.test.ts (5 tests) 8ms
 ✓ tests/save.test.ts (15 tests) 16ms
 ✓ tests/server/pvp.test.ts (14 tests) 18ms
 ✓ tests/progressV6.test.ts (15 tests) 15ms
 ✓ tests/menuV9.test.ts (13 tests) 35ms
 ✓ tests/runtimeV8.test.ts (9 tests) 23ms
 ✓ tests/ipc.test.ts (61 tests) 10ms
 ✓ tests/shareUiV9.test.ts (6 tests) 14ms
 ✓ tests/onlineV8.test.ts (3 tests) 17ms
 ✓ tests/persistence.test.ts (10 tests) 11ms
 ✓ tests/settings.test.ts (4 tests) 16ms
 ✓ tests/identity.test.ts (8 tests) 28ms
 ✓ tests/recoveryCaptureV9.test.ts (5 tests) 9ms
 ✓ tests/ipcV5.test.ts (7 tests) 12ms
 ✓ tests/drag.test.ts (7 tests) 2ms
 ✓ tests/effects.test.ts (7 tests) 7ms
 ✓ tests/trainingPreview.test.ts (4 tests) 7ms
 ✓ tests/window.test.ts (29 tests) 5ms
 ✓ tests/packaging.test.ts (16 tests) 7ms
 ✓ tests/anim.test.ts (14 tests) 12ms
 ✓ tests/server/pgStore.test.ts (22 tests) 5ms
 ✓ tests/server/http.test.ts (9 tests) 8ms
 ✓ tests/server/pgTransaction.test.ts (9 tests) 6ms
 ✓ tests/thefts.test.ts (5 tests) 3ms
 ✓ tests/heroMenuReadiness.test.ts (4 tests) 4ms
 ✓ tests/typeChart.test.ts (4 tests) 5ms
 ✓ tests/battle.test.ts (5 tests) 4ms
 ✓ tests/platformV9.test.ts (3 tests) 5ms
 ✓ tests/deploy.test.ts (7 tests) 3ms
 ✓ tests/bignum.test.ts (7 tests) 3ms
 ✓ tests/fsm.test.ts (12 tests) 4ms
 ✓ tests/rendererInput.test.ts (8 tests) 4ms
 ✓ tests/input.test.ts (9 tests) 3ms
 ✓ tests/scaffold.test.ts (1 test) 1ms
 ✓ tests/balance.test.ts (3 tests) 4048ms
   ✓ v0.7 deterministic accounting and gold policy regression > checks 20 exploration seeds across active, warm-idle and intermittent play at 5/15/30 minutes  3999ms

 Test Files  73 passed (73)
      Tests  1079 passed (1079)
   Start at  22:20:59
   Duration  4.51s (transform 2.23s, setup 0ms, collect 8.28s, tests 12.73s, environment 8ms, prepare 4.57s)


> desmon@0.9.0 lint
> eslint . --max-warnings 0


> desmon@0.9.0 typecheck
> tsc -p tsconfig.main.json --noEmit && tsc -p tsconfig.renderer.json --noEmit && tsc -p tsconfig.test.json

