Debugger listening on ws://127.0.0.1:65142/3c856399-1a4b-46e9-ab4e-4bedf0c8f553
For help, see: https://nodejs.org/en/docs/inspector
Debugger attached.
V09_INSPECTOR_RESUMED
V09_LOCK true /var/folders/lx/2l4_myln77j11v_rskxlc7kr0000gn/T/desmon-v10-perf-hhmwHr
V09_FRAME_READY
2026-09-18 19:17:03.248 DesMon[35571:46828599] representedObject is not a WeakPtrToElectronMenuModelAsNSObject
2026-09-18 19:17:03.248 DesMon[35571:46828599] representedObject is not a WeakPtrToElectronMenuModelAsNSObject
V09_WINDOW 2 close 1789726645431
V09_WINDOW 2 closed 1789726645443
2026-09-18 19:17:45.349 DesMon[35571:46828599] representedObject is not a WeakPtrToElectronMenuModelAsNSObject
2026-09-18 19:17:45.349 DesMon[35571:46828599] representedObject is not a WeakPtrToElectronMenuModelAsNSObject
V09_WINDOW 3 close 1789726665362
V09_WINDOW 3 closed 1789726665371
Debugger ending on ws://127.0.0.1:65142/3c856399-1a4b-46e9-ab4e-4bedf0c8f553
For help, see: https://nodejs.org/en/docs/inspector
V09_LIFECYCLE before-quit 1789727937969
V09_APP_CALL quit [] Error
    at e.app.<computed> [as quit] (eval at <anonymous> (/Users/jeongyounglee/work/repo/desktop-monster/release/mac-arm64/DesMon.app/Contents/Resources/app.asar/dist/electron/main/index.js:5:1), <anonymous>:19:160)
    at /Users/jeongyounglee/work/repo/desktop-monster/release/mac-arm64/DesMon.app/Contents/Resources/app.asar/dist/electron/main/index.js:233:36
V09_LIFECYCLE before-quit 1789727937984
V09_WINDOW 1 close 1789727937986
V09_WINDOW 1 closed 1789727938023
V09_LIFECYCLE will-quit 1789727938024
V09_PROCESS_EXIT 0 1789727938024
V09_LIFECYCLE quit 1789727938024
{"event":"child-exit","code":0,"signal":null,"at":"2026-09-18T10:38:58.403Z"}
