Debugger listening on ws://127.0.0.1:57340/1c8c18a0-69c7-4c90-bfbf-8b98e3ee71a5
For help, see: https://nodejs.org/en/docs/inspector
Debugger attached.
V09_INSPECTOR_RESUMED
V09_LOCK true /var/folders/lx/2l4_myln77j11v_rskxlc7kr0000gn/T/desmon-v10-perf-kxxUpb
V09_FRAME_READY
V09_WINDOW 2 close 1789660908924
V09_WINDOW 2 closed 1789660909035
V09_WINDOW 3 close 1789661510913
V09_WINDOW 3 closed 1789661511019
V09_WINDOW 4 close 1789662107876
V09_WINDOW 4 closed 1789662107980
V09_WINDOW 5 close 1789662709868
V09_WINDOW 5 closed 1789662709972
V09_WINDOW 6 close 1789663311830
V09_WINDOW 6 closed 1789663311935
V09_WINDOW 7 close 1789663908962
V09_WINDOW 7 closed 1789663909069
V09_WINDOW 8 close 1789664510912
V09_WINDOW 8 closed 1789664511019
V09_WINDOW 9 close 1789665108335
V09_WINDOW 9 closed 1789665108441
V09_WINDOW 10 close 1789665710692
V09_WINDOW 10 closed 1789665710796
V09_WINDOW 11 close 1789666312931
V09_WINDOW 11 closed 1789666313038
V09_WINDOW 12 close 1789666910263
V09_WINDOW 12 closed 1789666910370
V09_WINDOW 13 close 1789667512558
V09_WINDOW 13 closed 1789667512665
V09_WINDOW 14 close 1789668109865
V09_WINDOW 14 closed 1789668109970
V09_WINDOW 15 close 1789668712123
V09_WINDOW 15 closed 1789668712229
V09_WINDOW 16 close 1789669309695
V09_WINDOW 16 closed 1789669309799
V09_WINDOW 17 close 1789669912881
V09_WINDOW 17 closed 1789669912988
V09_WINDOW 18 close 1789670510166
V09_WINDOW 18 closed 1789670510272
V09_WINDOW 19 close 1789671107871
V09_WINDOW 19 closed 1789671107977
Debugger ending on ws://127.0.0.1:57340/1c8c18a0-69c7-4c90-bfbf-8b98e3ee71a5
For help, see: https://nodejs.org/en/docs/inspector
V09_LIFECYCLE before-quit 1789671108259
V09_APP_CALL quit [] Error
    at e.app.<computed> [as quit] (eval at <anonymous> (/Users/jeongyounglee/work/repo/desktop-monster/release/mac-arm64/DesMon.app/Contents/Resources/app.asar/dist/electron/main/index.js:5:1), <anonymous>:19:160)
    at /Users/jeongyounglee/work/repo/desktop-monster/release/mac-arm64/DesMon.app/Contents/Resources/app.asar/dist/electron/main/index.js:233:36
V09_LIFECYCLE before-quit 1789671108264
V09_WINDOW 1 close 1789671108264
V09_WINDOW 1 closed 1789671108266
V09_LIFECYCLE will-quit 1789671108266
V09_PROCESS_EXIT 0 1789671108266
V09_LIFECYCLE quit 1789671108266
{"event":"child-exit","code":0,"signal":null,"at":"2026-09-17T18:51:48.394Z"}
