
> desmon@0.9.0 test
> vitest run


 RUN  v3.2.7 /Users/jeongyounglee/work/repo/desktop-monster

 ✓ tests/collection.test.ts (21 tests) 197ms
 ✓ tests/engine.test.ts (45 tests) 322ms
 ✓ tests/loot.test.ts (11 tests) 329ms
 ✓ tests/performanceV8.test.ts (6 tests) 488ms
   ✓ v0.8 performance evidence validation > binds reports, raw samples, screenshots, app bytes and observer source before accepting a matrix  393ms
 ✓ tests/heroForms.test.ts (8 tests) 528ms
   ✓ v0.5 reincarnated hero art > supplies 70 complete registered 14×14 forms with animated idle and attack poses  432ms
 ✓ tests/sprites.test.ts (34 tests) 142ms
 ✓ tests/heroRendering.test.ts (5 tests) 414ms
 ✓ tests/net.test.ts (44 tests) 170ms
 ✓ tests/menu.test.ts (63 tests) 259ms
 ✓ tests/hud-v09.test.ts (3 tests) 563ms
   ✓ v0.9 HUD readability > keeps the existing normal/critical damage lane clear of counters throughout its rise  303ms
 ✓ tests/onlineV9.test.ts (8 tests) 189ms
 ✓ tests/expedition.test.ts (16 tests) 762ms
   ✓ A3 — a full roster releases the boss instead of voiding it (H1/H2) > never swallows a capture draw: every full-roster boss draw emits an event  506ms
 ✓ tests/progressionV7.test.ts (45 tests) 628ms
 ✓ tests/measurementV8.test.ts (6 tests) 1193ms
   ✓ v0.8 collection policy measurement > preserves the original v7 first-card trajectory exactly  741ms
   ✓ v0.8 collection policy measurement > chooses the actual third rare card and records the existing consume policy without species protection  401ms
 ✓ tests/pvpDirectoryV7.test.ts (20 tests) 150ms
 ✓ tests/share.test.ts (5 tests) 122ms
 ✓ tests/server/opponents.test.ts (10 tests) 83ms
 ✓ tests/heroJobStudies.test.ts (3 tests) 305ms
 ✓ tests/server/app.test.ts (18 tests) 109ms
 ✓ tests/formulas.test.ts (21 tests) 152ms
 ✓ tests/codexV7.test.ts (10 tests) 216ms
 ✓ tests/server/v09.test.ts (8 tests) 100ms
 ✓ tests/discoveryV5.test.ts (8 tests) 86ms
 ✓ tests/renderer.test.ts (104 tests) 299ms
 ✓ tests/globalInput.test.ts (20 tests) 16ms
 ✓ tests/audio.test.ts (15 tests) 15ms
 ✓ tests/hero.test.ts (17 tests) 119ms
 ✓ tests/progressionV5.test.ts (12 tests) 197ms
 ✓ tests/heroArtCompatibility.test.ts (2 tests) 65ms
 ✓ tests/effects-v09.test.ts (6 tests) 116ms
 ✓ tests/save.test.ts (15 tests) 18ms
 ✓ tests/persistence.test.ts (10 tests) 13ms
 ✓ tests/heroEvolutionStudies.test.ts (2 tests) 48ms
 ✓ tests/companionLevelsV7.test.ts (33 tests) 17ms
 ✓ tests/shareV9.test.ts (9 tests) 68ms
 ✓ tests/progressV5.test.ts (12 tests) 69ms
 ✓ tests/server/pvp.test.ts (14 tests) 13ms
 ✓ tests/server/companionLevelsV7.test.ts (9 tests) 63ms
 ✓ tests/menuV9.test.ts (5 tests) 25ms
 ✓ tests/progressV6.test.ts (15 tests) 17ms
 ✓ tests/onlineV8.test.ts (3 tests) 12ms
 ✓ tests/identity.test.ts (8 tests) 13ms
 ✓ tests/ipcV5.test.ts (7 tests) 9ms
 ✓ tests/fever.test.ts (4 tests) 14ms
 ✓ tests/tray.test.ts (38 tests) 17ms
 ✓ tests/ipc.test.ts (61 tests) 16ms
 ✓ tests/runtimeV8.test.ts (9 tests) 25ms
 ✓ tests/recoveryV9.test.ts (18 tests) 50ms
 ✓ tests/recoveryCaptureV9.test.ts (5 tests) 11ms
 ✓ tests/shareUiV9.test.ts (6 tests) 11ms
 ✓ tests/settings.test.ts (4 tests) 11ms
 ✓ tests/packaging.test.ts (16 tests) 6ms
 ✓ tests/trainingPreview.test.ts (4 tests) 6ms
 ✓ tests/progressV7.test.ts (5 tests) 11ms
 ✓ tests/anim.test.ts (14 tests) 6ms
 ✓ tests/server/pgTransaction.test.ts (9 tests) 10ms
 ✓ tests/window.test.ts (29 tests) 7ms
 ✓ tests/server/http.test.ts (9 tests) 5ms
 ✓ tests/server/pgStore.test.ts (22 tests) 4ms
 ✓ tests/effects.test.ts (7 tests) 7ms
 ✓ tests/thefts.test.ts (5 tests) 3ms
 ✓ tests/battle.test.ts (5 tests) 10ms
 ✓ tests/input.test.ts (9 tests) 7ms
 ✓ tests/heroMenuReadiness.test.ts (4 tests) 5ms
 ✓ tests/platformV9.test.ts (3 tests) 5ms
 ✓ tests/typeChart.test.ts (4 tests) 4ms
 ✓ tests/drag.test.ts (7 tests) 4ms
 ✓ tests/deploy.test.ts (7 tests) 4ms
 ✓ tests/rendererInput.test.ts (8 tests) 3ms
 ✓ tests/fsm.test.ts (12 tests) 6ms
 ✓ tests/scaffold.test.ts (1 test) 2ms
 ✓ tests/bignum.test.ts (7 tests) 6ms
 ✓ tests/balance.test.ts (3 tests) 4489ms
   ✓ v0.7 deterministic accounting and gold policy regression > checks 20 exploration seeds across active, warm-idle and intermittent play at 5/15/30 minutes  4465ms

 Test Files  73 passed (73)
      Tests  1071 passed (1071)
   Start at  19:32:56
   Duration  4.97s (transform 2.68s, setup 0ms, collect 10.93s, tests 13.48s, environment 8ms, prepare 5.62s)


> desmon@0.9.0 lint
> eslint . --max-warnings 0


> desmon@0.9.0 typecheck
> tsc -p tsconfig.main.json --noEmit && tsc -p tsconfig.renderer.json --noEmit && tsc -p tsconfig.test.json

[33mThe CJS build of Vite's Node API is deprecated. See https://vite.dev/guide/troubleshooting.html#vite-cjs-node-api-deprecated for more details.[39m
