{"profile":"active","minutes":30,"elapsedMinutes":1,"samples":12,"inputs":118,"cpu":3.8007431785762487,"memoryMiB":413.40625}
{"profile":"active","minutes":30,"elapsedMinutes":2,"samples":24,"inputs":236,"cpu":3.4822680552813945,"memoryMiB":384.71875}
{"profile":"active","minutes":30,"elapsedMinutes":3,"samples":36,"inputs":355,"cpu":3.268577812658978,"memoryMiB":384.828125}
{"profile":"active","minutes":30,"elapsedMinutes":4.01,"samples":48,"inputs":473,"cpu":3.858069965124478,"memoryMiB":397}
{"profile":"active","minutes":30,"elapsedMinutes":5.01,"samples":60,"inputs":592,"cpu":3.868754218118867,"memoryMiB":397.328125}
{"profile":"active","minutes":30,"elapsedMinutes":6.01,"samples":72,"inputs":710,"cpu":3.8765346873775246,"memoryMiB":398.15625}
{"profile":"active","minutes":30,"elapsedMinutes":7.01,"samples":84,"inputs":829,"cpu":3.3821900339150215,"memoryMiB":397.34375}
{"profile":"active","minutes":30,"elapsedMinutes":8.01,"samples":96,"inputs":948,"cpu":2.9032897830387605,"memoryMiB":401.734375}
{"profile":"active","minutes":30,"elapsedMinutes":9.01,"samples":108,"inputs":1066,"cpu":3.6129941970365067,"memoryMiB":397.515625}
{"profile":"active","minutes":30,"elapsedMinutes":10.01,"samples":120,"inputs":1185,"cpu":3.735898016188354,"memoryMiB":381.25}
{"profile":"active","minutes":30,"elapsedMinutes":11.01,"samples":132,"inputs":1303,"cpu":3.809436598609998,"memoryMiB":337.09375}
{"profile":"active","minutes":30,"elapsedMinutes":12.02,"samples":144,"inputs":1422,"cpu":3.490325573106179,"memoryMiB":315.4375}
{"profile":"active","minutes":30,"elapsedMinutes":13.02,"samples":156,"inputs":1540,"cpu":3.185267710331528,"memoryMiB":310.34375}
{"profile":"active","minutes":30,"elapsedMinutes":14.02,"samples":168,"inputs":1659,"cpu":3.7301149392501105,"memoryMiB":320.703125}
{"profile":"active","minutes":30,"elapsedMinutes":15.02,"samples":180,"inputs":1777,"cpu":3.653416838842958,"memoryMiB":322.78125}
{"profile":"active","minutes":30,"elapsedMinutes":16.02,"samples":192,"inputs":1896,"cpu":3.626682605028662,"memoryMiB":316.15625}
{"profile":"active","minutes":30,"elapsedMinutes":17.02,"samples":204,"inputs":2014,"cpu":3.6621559923278038,"memoryMiB":313.984375}
{"profile":"active","minutes":30,"elapsedMinutes":18.02,"samples":216,"inputs":2133,"cpu":2.908331793755164,"memoryMiB":313.3125}
{"profile":"active","minutes":30,"elapsedMinutes":19.03,"samples":228,"inputs":2251,"cpu":3.7199485949206452,"memoryMiB":320.765625}
{"profile":"active","minutes":30,"elapsedMinutes":20.03,"samples":240,"inputs":2370,"cpu":3.6888998638724626,"memoryMiB":317}
{"profile":"active","minutes":30,"elapsedMinutes":21.03,"samples":252,"inputs":2489,"cpu":3.6742553662804984,"memoryMiB":318.203125}
{"profile":"active","minutes":30,"elapsedMinutes":22.03,"samples":264,"inputs":2607,"cpu":3.4947250551164646,"memoryMiB":315.125}
{"profile":"active","minutes":30,"elapsedMinutes":23.03,"samples":276,"inputs":2726,"cpu":2.693936860257357,"memoryMiB":321.359375}
{"profile":"active","minutes":30,"elapsedMinutes":24.03,"samples":288,"inputs":2844,"cpu":3.866556875485434,"memoryMiB":323.25}
{"profile":"active","minutes":30,"elapsedMinutes":25.03,"samples":300,"inputs":2963,"cpu":3.5595289154835306,"memoryMiB":322.34375}
{"profile":"active","minutes":30,"elapsedMinutes":26.03,"samples":312,"inputs":3081,"cpu":3.61803997527779,"memoryMiB":323.171875}
{"profile":"active","minutes":30,"elapsedMinutes":27.04,"samples":324,"inputs":3200,"cpu":3.711988086884592,"memoryMiB":324.875}
{"profile":"active","minutes":30,"elapsedMinutes":28.04,"samples":336,"inputs":3318,"cpu":2.615302780706878,"memoryMiB":321.59375}
{"profile":"active","minutes":30,"elapsedMinutes":29.04,"samples":348,"inputs":3437,"cpu":3.699369324772985,"memoryMiB":322.109375}
{"profile":"active","minutes":30,"elapsedMinutes":30,"samples":360,"inputs":3551,"cpu":3.4270030270518674,"memoryMiB":318.6875}
{"output":"/Users/jeongyounglee/work/repo/desktop-monster/.agentdoc/v10-20260917T070144Z/performance/matched-04/baseline-active.json","passed":true,"summary":{"cpuP95":3.8554901757502416,"workingSetMiBP95":399.578125,"initialMemoryMedian":321.296875,"finalMemoryMedian":null}}
{"profile":"idle","minutes":30,"elapsedMinutes":1,"samples":12,"inputs":0,"cpu":3.4654048301636915,"memoryMiB":374.46875}
{"profile":"idle","minutes":30,"elapsedMinutes":2,"samples":24,"inputs":0,"cpu":3.302364822409923,"memoryMiB":376.0625}
{"profile":"idle","minutes":30,"elapsedMinutes":3,"samples":36,"inputs":0,"cpu":2.425926268637632,"memoryMiB":386.625}
{"profile":"idle","minutes":30,"elapsedMinutes":4.01,"samples":48,"inputs":0,"cpu":3.276227390218661,"memoryMiB":395.109375}
{"profile":"idle","minutes":30,"elapsedMinutes":5.01,"samples":60,"inputs":0,"cpu":3.505784956075763,"memoryMiB":387.640625}
{"profile":"idle","minutes":30,"elapsedMinutes":6.01,"samples":72,"inputs":0,"cpu":3.371203728843695,"memoryMiB":388.8125}
{"profile":"idle","minutes":30,"elapsedMinutes":7.01,"samples":84,"inputs":0,"cpu":3.322105175799651,"memoryMiB":383.5}
{"profile":"idle","minutes":30,"elapsedMinutes":8.01,"samples":96,"inputs":0,"cpu":2.5434869831894393,"memoryMiB":391.109375}
{"profile":"idle","minutes":30,"elapsedMinutes":9.01,"samples":108,"inputs":0,"cpu":3.260010217229512,"memoryMiB":378.421875}
{"profile":"idle","minutes":30,"elapsedMinutes":10.01,"samples":120,"inputs":0,"cpu":3.5468371174789786,"memoryMiB":382.265625}
{"profile":"idle","minutes":30,"elapsedMinutes":11.01,"samples":132,"inputs":0,"cpu":3.2368617946020115,"memoryMiB":313.578125}
{"profile":"idle","minutes":30,"elapsedMinutes":12.02,"samples":144,"inputs":0,"cpu":3.10613138989384,"memoryMiB":314.140625}
{"profile":"idle","minutes":30,"elapsedMinutes":13.02,"samples":156,"inputs":0,"cpu":2.357590407109343,"memoryMiB":311.953125}
{"profile":"idle","minutes":30,"elapsedMinutes":14.02,"samples":168,"inputs":0,"cpu":3.422580162145341,"memoryMiB":314.21875}
{"profile":"idle","minutes":30,"elapsedMinutes":15.02,"samples":180,"inputs":0,"cpu":3.1941364238444807,"memoryMiB":311.9375}
{"profile":"idle","minutes":30,"elapsedMinutes":16.02,"samples":192,"inputs":0,"cpu":2.885903393679617,"memoryMiB":303.21875}
{"profile":"idle","minutes":30,"elapsedMinutes":17.02,"samples":204,"inputs":0,"cpu":3.4065583108753716,"memoryMiB":314.96875}
{"profile":"idle","minutes":30,"elapsedMinutes":18.02,"samples":216,"inputs":0,"cpu":2.2856163146375654,"memoryMiB":320.109375}
{"profile":"idle","minutes":30,"elapsedMinutes":19.03,"samples":228,"inputs":0,"cpu":3.3636978478117308,"memoryMiB":319.203125}
{"profile":"idle","minutes":30,"elapsedMinutes":20.03,"samples":240,"inputs":0,"cpu":3.500339199432019,"memoryMiB":316.609375}
{"profile":"idle","minutes":30,"elapsedMinutes":21.03,"samples":252,"inputs":0,"cpu":3.3033537456418256,"memoryMiB":303.75}
{"profile":"idle","minutes":30,"elapsedMinutes":22.03,"samples":264,"inputs":0,"cpu":3.328513057122706,"memoryMiB":304.28125}
{"profile":"idle","minutes":30,"elapsedMinutes":23.03,"samples":276,"inputs":0,"cpu":2.4729494469904507,"memoryMiB":299.1875}
{"profile":"idle","minutes":30,"elapsedMinutes":24.03,"samples":288,"inputs":0,"cpu":2.9320837163762503,"memoryMiB":301.890625}
{"profile":"idle","minutes":30,"elapsedMinutes":25.03,"samples":300,"inputs":0,"cpu":3.2885966446338064,"memoryMiB":291.96875}
{"profile":"idle","minutes":30,"elapsedMinutes":26.03,"samples":312,"inputs":0,"cpu":3.3639126635699097,"memoryMiB":286.65625}
{"profile":"idle","minutes":30,"elapsedMinutes":27.04,"samples":324,"inputs":0,"cpu":2.881457459135758,"memoryMiB":298.46875}
{"profile":"idle","minutes":30,"elapsedMinutes":28.04,"samples":336,"inputs":0,"cpu":2.4849867849977914,"memoryMiB":303.21875}
{"profile":"idle","minutes":30,"elapsedMinutes":29.04,"samples":348,"inputs":0,"cpu":3.545040559704359,"memoryMiB":303.53125}
{"profile":"idle","minutes":30,"elapsedMinutes":30,"samples":360,"inputs":0,"cpu":3.3439361086059747,"memoryMiB":294.984375}
{"output":"/Users/jeongyounglee/work/repo/desktop-monster/.agentdoc/v10-20260917T070144Z/performance/matched-04/baseline-idle.json","passed":true,"summary":{"cpuP95":3.5690083972751565,"workingSetMiBP95":388.28125,"initialMemoryMedian":311.390625,"finalMemoryMedian":null}}
{"profile":"active","minutes":30,"elapsedMinutes":1,"samples":12,"inputs":118,"cpu":3.7608284667930225,"memoryMiB":319.390625}
{"profile":"active","minutes":30,"elapsedMinutes":2,"samples":24,"inputs":237,"cpu":3.66947368540891,"memoryMiB":306.921875}
{"profile":"active","minutes":30,"elapsedMinutes":3,"samples":36,"inputs":355,"cpu":2.5826739173438167,"memoryMiB":315.3125}
{"profile":"active","minutes":30,"elapsedMinutes":4.01,"samples":48,"inputs":473,"cpu":3.8812747320587646,"memoryMiB":316.875}
{"profile":"active","minutes":30,"elapsedMinutes":5.01,"samples":60,"inputs":592,"cpu":3.4933018920066194,"memoryMiB":319.125}
{"profile":"active","minutes":30,"elapsedMinutes":6.01,"samples":72,"inputs":710,"cpu":2.2319154595457595,"memoryMiB":316.421875}
{"profile":"active","minutes":30,"elapsedMinutes":7.01,"samples":84,"inputs":829,"cpu":3.878330543681455,"memoryMiB":317.8125}
{"profile":"active","minutes":30,"elapsedMinutes":8.01,"samples":96,"inputs":947,"cpu":3.7962299596443247,"memoryMiB":314.34375}
{"profile":"active","minutes":30,"elapsedMinutes":9.01,"samples":108,"inputs":1066,"cpu":2.533488913911255,"memoryMiB":314.625}
{"profile":"active","minutes":30,"elapsedMinutes":10.01,"samples":120,"inputs":1184,"cpu":3.9930064835321124,"memoryMiB":297.609375}
{"profile":"active","minutes":30,"elapsedMinutes":11.01,"samples":132,"inputs":1303,"cpu":3.403362701647241,"memoryMiB":270.234375}
{"profile":"active","minutes":30,"elapsedMinutes":12.02,"samples":144,"inputs":1421,"cpu":2.273397883610689,"memoryMiB":287.875}
{"profile":"active","minutes":30,"elapsedMinutes":13.02,"samples":156,"inputs":1540,"cpu":3.993537398982881,"memoryMiB":287.59375}
{"profile":"active","minutes":30,"elapsedMinutes":14.02,"samples":168,"inputs":1658,"cpu":3.7546950799767385,"memoryMiB":293.453125}
{"profile":"active","minutes":30,"elapsedMinutes":15.02,"samples":180,"inputs":1776,"cpu":2.322634477421538,"memoryMiB":288.953125}
{"profile":"active","minutes":30,"elapsedMinutes":16.02,"samples":192,"inputs":1895,"cpu":3.974627406253607,"memoryMiB":290.09375}
{"profile":"active","minutes":30,"elapsedMinutes":17.02,"samples":204,"inputs":2013,"cpu":3.964408930346881,"memoryMiB":291.765625}
{"profile":"active","minutes":30,"elapsedMinutes":18.02,"samples":216,"inputs":2132,"cpu":2.459966788742249,"memoryMiB":293.015625}
{"profile":"active","minutes":30,"elapsedMinutes":19.03,"samples":228,"inputs":2250,"cpu":4.035261334921383,"memoryMiB":291.203125}
{"profile":"active","minutes":30,"elapsedMinutes":20.03,"samples":240,"inputs":2368,"cpu":3.7262538679084325,"memoryMiB":291.8125}
{"profile":"active","minutes":30,"elapsedMinutes":21.03,"samples":252,"inputs":2487,"cpu":2.114206852501614,"memoryMiB":293.359375}
{"profile":"active","minutes":30,"elapsedMinutes":22.03,"samples":264,"inputs":2605,"cpu":3.915967799650354,"memoryMiB":290.765625}
{"profile":"active","minutes":30,"elapsedMinutes":23.03,"samples":276,"inputs":2724,"cpu":3.9541920155015187,"memoryMiB":291.953125}
{"profile":"active","minutes":30,"elapsedMinutes":24.03,"samples":288,"inputs":2842,"cpu":2.6273604509376716,"memoryMiB":295.765625}
{"profile":"active","minutes":30,"elapsedMinutes":25.03,"samples":300,"inputs":2961,"cpu":3.8465183245257615,"memoryMiB":293.96875}
{"profile":"active","minutes":30,"elapsedMinutes":26.03,"samples":312,"inputs":3079,"cpu":4.136053792526118,"memoryMiB":291.828125}
{"profile":"active","minutes":30,"elapsedMinutes":27.04,"samples":324,"inputs":3198,"cpu":2.788954076538169,"memoryMiB":289.65625}
{"profile":"active","minutes":30,"elapsedMinutes":28.04,"samples":336,"inputs":3316,"cpu":3.9921423505312683,"memoryMiB":291.15625}
{"profile":"active","minutes":30,"elapsedMinutes":29.04,"samples":348,"inputs":3435,"cpu":4.053999681578767,"memoryMiB":292.75}
{"profile":"active","minutes":30,"elapsedMinutes":30,"samples":360,"inputs":3548,"cpu":1.9840660829578738,"memoryMiB":297.109375}
{"output":"/Users/jeongyounglee/work/repo/desktop-monster/.agentdoc/v10-20260917T070144Z/performance/matched-04/candidate-active.json","passed":true,"summary":{"cpuP95":4.046554483351938,"workingSetMiBP95":317.59375,"initialMemoryMedian":292.21875,"finalMemoryMedian":null}}
{"profile":"idle","minutes":30,"elapsedMinutes":1,"samples":12,"inputs":0,"cpu":3.1516252217466953,"memoryMiB":387.203125}
{"profile":"idle","minutes":30,"elapsedMinutes":2,"samples":24,"inputs":0,"cpu":3.153814618140053,"memoryMiB":311.0625}
{"profile":"idle","minutes":30,"elapsedMinutes":3,"samples":36,"inputs":0,"cpu":2.1880440884405528,"memoryMiB":304.625}
{"profile":"idle","minutes":30,"elapsedMinutes":4.01,"samples":48,"inputs":0,"cpu":3.4974224076403937,"memoryMiB":313.890625}
{"profile":"idle","minutes":30,"elapsedMinutes":5.01,"samples":60,"inputs":0,"cpu":3.3601961001440657,"memoryMiB":302.578125}
{"profile":"idle","minutes":30,"elapsedMinutes":6.01,"samples":72,"inputs":0,"cpu":2.2758374889605717,"memoryMiB":296.34375}
{"profile":"idle","minutes":30,"elapsedMinutes":7.01,"samples":84,"inputs":0,"cpu":3.760784540666859,"memoryMiB":279.890625}
{"profile":"idle","minutes":30,"elapsedMinutes":8.01,"samples":96,"inputs":0,"cpu":3.3185362238394154,"memoryMiB":284.734375}
{"profile":"idle","minutes":30,"elapsedMinutes":9.01,"samples":108,"inputs":0,"cpu":2.2179183864776193,"memoryMiB":277.875}
{"profile":"idle","minutes":30,"elapsedMinutes":10.01,"samples":120,"inputs":0,"cpu":3.7509289408643363,"memoryMiB":287.390625}
{"profile":"idle","minutes":30,"elapsedMinutes":11.02,"samples":132,"inputs":0,"cpu":4.000429790482283,"memoryMiB":287.140625}
{"profile":"idle","minutes":30,"elapsedMinutes":12.02,"samples":144,"inputs":0,"cpu":2.5244740997060173,"memoryMiB":287.421875}
{"profile":"idle","minutes":30,"elapsedMinutes":13.02,"samples":156,"inputs":0,"cpu":3.5096323048942697,"memoryMiB":296.1875}
{"profile":"idle","minutes":30,"elapsedMinutes":14.02,"samples":168,"inputs":0,"cpu":3.6568469036115676,"memoryMiB":290.015625}
{"profile":"idle","minutes":30,"elapsedMinutes":15.02,"samples":180,"inputs":0,"cpu":2.852526307254521,"memoryMiB":271.5625}
{"profile":"idle","minutes":30,"elapsedMinutes":16.02,"samples":192,"inputs":0,"cpu":3.7708642081590558,"memoryMiB":271.921875}
{"profile":"idle","minutes":30,"elapsedMinutes":17.02,"samples":204,"inputs":0,"cpu":3.4330852754369294,"memoryMiB":282.09375}
{"profile":"idle","minutes":30,"elapsedMinutes":18.03,"samples":216,"inputs":0,"cpu":2.613000721449138,"memoryMiB":268.359375}
{"profile":"idle","minutes":30,"elapsedMinutes":19.03,"samples":228,"inputs":0,"cpu":3.8454857462918195,"memoryMiB":289.171875}
{"profile":"idle","minutes":30,"elapsedMinutes":20.03,"samples":240,"inputs":0,"cpu":3.864538834716638,"memoryMiB":269.390625}
{"profile":"idle","minutes":30,"elapsedMinutes":21.03,"samples":252,"inputs":0,"cpu":2.681991645362981,"memoryMiB":269.984375}
{"profile":"idle","minutes":30,"elapsedMinutes":22.03,"samples":264,"inputs":0,"cpu":3.677596599285895,"memoryMiB":287.6875}
{"profile":"idle","minutes":30,"elapsedMinutes":23.03,"samples":276,"inputs":0,"cpu":3.536730221051422,"memoryMiB":287.5}
{"profile":"idle","minutes":30,"elapsedMinutes":24.03,"samples":288,"inputs":0,"cpu":3.092381798864587,"memoryMiB":286.0625}
{"profile":"idle","minutes":30,"elapsedMinutes":25.04,"samples":300,"inputs":0,"cpu":3.275330067641251,"memoryMiB":276.53125}
{"profile":"idle","minutes":30,"elapsedMinutes":26.04,"samples":312,"inputs":0,"cpu":3.4544652622695255,"memoryMiB":280.21875}
{"profile":"idle","minutes":30,"elapsedMinutes":27.04,"samples":324,"inputs":0,"cpu":2.9207195652926243,"memoryMiB":282.578125}
{"profile":"idle","minutes":30,"elapsedMinutes":28.04,"samples":336,"inputs":0,"cpu":3.5187716622019574,"memoryMiB":281}
{"profile":"idle","minutes":30,"elapsedMinutes":29.04,"samples":348,"inputs":0,"cpu":3.6367715398713103,"memoryMiB":282.875}
{"profile":"idle","minutes":30,"elapsedMinutes":30,"samples":360,"inputs":0,"cpu":2.439579051725042,"memoryMiB":282.515625}
{"output":"/Users/jeongyounglee/work/repo/desktop-monster/.agentdoc/v10-20260917T070144Z/performance/matched-04/candidate-idle.json","passed":true,"summary":{"cpuP95":3.877960741372505,"workingSetMiBP95":294.96875,"initialMemoryMedian":283.828125,"finalMemoryMedian":null}}
{"profile":"mixed","minutes":180,"elapsedMinutes":1,"samples":12,"inputs":118,"cpu":4.178964178745309,"memoryMiB":393.21875}
{"profile":"mixed","minutes":180,"elapsedMinutes":2,"samples":24,"inputs":236,"cpu":3.7926367326489734,"memoryMiB":328.078125}
{"profile":"mixed","minutes":180,"elapsedMinutes":3,"samples":36,"inputs":355,"cpu":2.9487163795341713,"memoryMiB":316.28125}
{"profile":"mixed","minutes":180,"elapsedMinutes":4.01,"samples":48,"inputs":473,"cpu":3.469678108554657,"memoryMiB":318.953125}
{"profile":"mixed","minutes":180,"elapsedMinutes":5.01,"samples":60,"inputs":591,"cpu":3.792474827650448,"memoryMiB":315.203125}
{"profile":"mixed","minutes":180,"elapsedMinutes":6.01,"samples":72,"inputs":591,"cpu":3.347941571112559,"memoryMiB":309.1875}
{"profile":"mixed","minutes":180,"elapsedMinutes":7.01,"samples":84,"inputs":591,"cpu":3.9725404276134113,"memoryMiB":302.34375}
{"profile":"mixed","minutes":180,"elapsedMinutes":8.01,"samples":96,"inputs":591,"cpu":3.808555097348395,"memoryMiB":301.078125}
{"profile":"mixed","minutes":180,"elapsedMinutes":9.01,"samples":108,"inputs":591,"cpu":3.5045842954072537,"memoryMiB":296}
{"profile":"mixed","minutes":180,"elapsedMinutes":10.01,"samples":120,"inputs":592,"cpu":3.5704678129635714,"memoryMiB":308.296875}
{"profile":"mixed","minutes":180,"elapsedMinutes":11.04,"samples":132,"inputs":714,"cpu":4.26976407229174,"memoryMiB":335.21875}
{"profile":"mixed","minutes":180,"elapsedMinutes":12.04,"samples":144,"inputs":832,"cpu":4.119236873894366,"memoryMiB":342.4375}
{"profile":"mixed","minutes":180,"elapsedMinutes":13.04,"samples":156,"inputs":951,"cpu":3.3531525645513995,"memoryMiB":298.34375}
{"profile":"mixed","minutes":180,"elapsedMinutes":14.04,"samples":168,"inputs":1069,"cpu":3.9516303685258474,"memoryMiB":300.46875}
{"profile":"mixed","minutes":180,"elapsedMinutes":15.05,"samples":180,"inputs":1182,"cpu":3.8072741555297784,"memoryMiB":301.625}
{"profile":"mixed","minutes":180,"elapsedMinutes":16.05,"samples":192,"inputs":1182,"cpu":3.874404218463888,"memoryMiB":296.265625}
{"profile":"mixed","minutes":180,"elapsedMinutes":17.05,"samples":204,"inputs":1182,"cpu":3.6773390096310474,"memoryMiB":290.859375}
{"profile":"mixed","minutes":180,"elapsedMinutes":18.05,"samples":216,"inputs":1182,"cpu":3.825969896178593,"memoryMiB":290.140625}
{"profile":"mixed","minutes":180,"elapsedMinutes":19.05,"samples":228,"inputs":1182,"cpu":3.8365248547705315,"memoryMiB":289.5625}
{"profile":"mixed","minutes":180,"elapsedMinutes":20.05,"samples":240,"inputs":1188,"cpu":3.989976552652368,"memoryMiB":294.4375}
{"profile":"mixed","minutes":180,"elapsedMinutes":21.08,"samples":252,"inputs":1310,"cpu":3.646248091647586,"memoryMiB":317.765625}
{"profile":"mixed","minutes":180,"elapsedMinutes":22.08,"samples":264,"inputs":1428,"cpu":4.0585909772756015,"memoryMiB":322.90625}
{"profile":"mixed","minutes":180,"elapsedMinutes":23.08,"samples":276,"inputs":1547,"cpu":4.059359142366146,"memoryMiB":320.125}
{"profile":"mixed","minutes":180,"elapsedMinutes":24,"samples":287,"inputs":1655,"cpu":3.1705020007129803,"memoryMiB":323.90625}
{"profile":"mixed","minutes":180,"elapsedMinutes":25,"samples":299,"inputs":1774,"cpu":4.177153649592966,"memoryMiB":320.859375}
{"profile":"mixed","minutes":180,"elapsedMinutes":26,"samples":311,"inputs":1774,"cpu":3.8757306930759023,"memoryMiB":292.9375}
{"profile":"mixed","minutes":180,"elapsedMinutes":27.01,"samples":323,"inputs":1774,"cpu":3.4462125994603148,"memoryMiB":299.8125}
{"profile":"mixed","minutes":180,"elapsedMinutes":28.01,"samples":335,"inputs":1774,"cpu":3.889373719496074,"memoryMiB":302.109375}
{"profile":"mixed","minutes":180,"elapsedMinutes":29.01,"samples":347,"inputs":1774,"cpu":3.648931023563616,"memoryMiB":302.859375}
{"profile":"mixed","minutes":180,"elapsedMinutes":30.01,"samples":359,"inputs":1775,"cpu":3.2093757001543883,"memoryMiB":300.671875}
{"profile":"mixed","minutes":180,"elapsedMinutes":31.04,"samples":371,"inputs":1897,"cpu":3.880803604896498,"memoryMiB":314.515625}
{"profile":"mixed","minutes":180,"elapsedMinutes":32.04,"samples":383,"inputs":2015,"cpu":4.0592713847504225,"memoryMiB":314.046875}
{"profile":"mixed","minutes":180,"elapsedMinutes":33.04,"samples":395,"inputs":2134,"cpu":3.8123292759271066,"memoryMiB":303.640625}
{"profile":"mixed","minutes":180,"elapsedMinutes":34.04,"samples":407,"inputs":2252,"cpu":4.188375616799836,"memoryMiB":301.140625}
{"profile":"mixed","minutes":180,"elapsedMinutes":35.04,"samples":419,"inputs":2366,"cpu":3.879329227097663,"memoryMiB":290.765625}
{"profile":"mixed","minutes":180,"elapsedMinutes":36.04,"samples":431,"inputs":2366,"cpu":3.9533446241796644,"memoryMiB":294.734375}
{"profile":"mixed","minutes":180,"elapsedMinutes":37.04,"samples":443,"inputs":2366,"cpu":3.5836056075607856,"memoryMiB":294.25}
{"profile":"mixed","minutes":180,"elapsedMinutes":38.05,"samples":455,"inputs":2366,"cpu":3.9624605637991945,"memoryMiB":298.28125}
{"profile":"mixed","minutes":180,"elapsedMinutes":39.05,"samples":467,"inputs":2366,"cpu":3.61472799893298,"memoryMiB":298.90625}
{"profile":"mixed","minutes":180,"elapsedMinutes":40.05,"samples":479,"inputs":2371,"cpu":3.801835246219861,"memoryMiB":303.546875}
{"profile":"mixed","minutes":180,"elapsedMinutes":41.08,"samples":491,"inputs":2493,"cpu":4.001277090378644,"memoryMiB":323.015625}
{"profile":"mixed","minutes":180,"elapsedMinutes":42.08,"samples":503,"inputs":2611,"cpu":3.8265708960100286,"memoryMiB":318.671875}
{"profile":"mixed","minutes":180,"elapsedMinutes":43.08,"samples":515,"inputs":2730,"cpu":4.061088387885406,"memoryMiB":321.90625}
{"profile":"mixed","minutes":180,"elapsedMinutes":44.08,"samples":527,"inputs":2848,"cpu":3.867475382109541,"memoryMiB":302.28125}
{"profile":"mixed","minutes":180,"elapsedMinutes":45.08,"samples":539,"inputs":2957,"cpu":3.773476283683783,"memoryMiB":301.8125}
{"profile":"mixed","minutes":180,"elapsedMinutes":46.08,"samples":551,"inputs":2957,"cpu":3.598745040620035,"memoryMiB":290.53125}
{"profile":"mixed","minutes":180,"elapsedMinutes":47,"samples":562,"inputs":2957,"cpu":3.892003404727875,"memoryMiB":293.65625}
{"profile":"mixed","minutes":180,"elapsedMinutes":48,"samples":574,"inputs":2957,"cpu":3.50667808343096,"memoryMiB":296.125}
{"profile":"mixed","minutes":180,"elapsedMinutes":49,"samples":586,"inputs":2957,"cpu":3.735604694018822,"memoryMiB":289.984375}
{"profile":"mixed","minutes":180,"elapsedMinutes":50,"samples":598,"inputs":2957,"cpu":3.378849579215391,"memoryMiB":294.125}
{"profile":"mixed","minutes":180,"elapsedMinutes":51.03,"samples":610,"inputs":3079,"cpu":4.137121680699675,"memoryMiB":321.4375}
{"profile":"mixed","minutes":180,"elapsedMinutes":52.03,"samples":622,"inputs":3197,"cpu":4.156940192536227,"memoryMiB":321.015625}
{"profile":"mixed","minutes":180,"elapsedMinutes":53.04,"samples":634,"inputs":3316,"cpu":3.845097141620929,"memoryMiB":316.3125}
{"profile":"mixed","minutes":180,"elapsedMinutes":54.04,"samples":646,"inputs":3434,"cpu":4.019729012128321,"memoryMiB":315.015625}
{"profile":"mixed","minutes":180,"elapsedMinutes":55.04,"samples":658,"inputs":3548,"cpu":3.8230663051764044,"memoryMiB":321.296875}
{"profile":"mixed","minutes":180,"elapsedMinutes":56.04,"samples":670,"inputs":3548,"cpu":3.7403717509715038,"memoryMiB":318.140625}
{"profile":"mixed","minutes":180,"elapsedMinutes":57.04,"samples":682,"inputs":3548,"cpu":3.796469583510371,"memoryMiB":313.484375}
{"profile":"mixed","minutes":180,"elapsedMinutes":58.04,"samples":694,"inputs":3548,"cpu":3.76882953765695,"memoryMiB":308.90625}
{"profile":"mixed","minutes":180,"elapsedMinutes":59.04,"samples":706,"inputs":3548,"cpu":3.9523418815649145,"memoryMiB":295.65625}
{"profile":"mixed","minutes":180,"elapsedMinutes":60.04,"samples":718,"inputs":3553,"cpu":3.803991858035482,"memoryMiB":299.859375}
{"profile":"mixed","minutes":180,"elapsedMinutes":61.07,"samples":730,"inputs":3675,"cpu":3.935986189848427,"memoryMiB":323.453125}
{"profile":"mixed","minutes":180,"elapsedMinutes":62.07,"samples":742,"inputs":3793,"cpu":3.875910717349937,"memoryMiB":303.65625}
{"profile":"mixed","minutes":180,"elapsedMinutes":63.07,"samples":754,"inputs":3912,"cpu":3.869774903376046,"memoryMiB":292.9375}
{"profile":"mixed","minutes":180,"elapsedMinutes":64.08,"samples":766,"inputs":4030,"cpu":3.8572877426606427,"memoryMiB":293.015625}
{"profile":"mixed","minutes":180,"elapsedMinutes":65.08,"samples":778,"inputs":4140,"cpu":3.6668841315402325,"memoryMiB":292.109375}
{"profile":"mixed","minutes":180,"elapsedMinutes":66.08,"samples":790,"inputs":4140,"cpu":3.7805118685225505,"memoryMiB":282.359375}
{"profile":"mixed","minutes":180,"elapsedMinutes":67.08,"samples":802,"inputs":4140,"cpu":3.9608489717996935,"memoryMiB":285.765625}
{"profile":"mixed","minutes":180,"elapsedMinutes":68.08,"samples":814,"inputs":4140,"cpu":3.9040636643904025,"memoryMiB":285.71875}
{"profile":"mixed","minutes":180,"elapsedMinutes":69.08,"samples":826,"inputs":4140,"cpu":3.753057065833977,"memoryMiB":283.578125}
{"profile":"mixed","minutes":180,"elapsedMinutes":70,"samples":837,"inputs":4140,"cpu":3.7532398242660627,"memoryMiB":280.296875}
{"profile":"mixed","minutes":180,"elapsedMinutes":71.03,"samples":849,"inputs":4262,"cpu":3.831441871359835,"memoryMiB":313.46875}
{"profile":"mixed","minutes":180,"elapsedMinutes":72.03,"samples":861,"inputs":4380,"cpu":4.194763644884541,"memoryMiB":312.53125}
{"profile":"mixed","minutes":180,"elapsedMinutes":73.03,"samples":873,"inputs":4499,"cpu":4.002377331596464,"memoryMiB":309.796875}
{"profile":"mixed","minutes":180,"elapsedMinutes":74.03,"samples":885,"inputs":4617,"cpu":3.5542094275719784,"memoryMiB":273.140625}
{"profile":"mixed","minutes":180,"elapsedMinutes":75.03,"samples":897,"inputs":4732,"cpu":3.9459183029928946,"memoryMiB":289.125}
{"profile":"mixed","minutes":180,"elapsedMinutes":76.04,"samples":909,"inputs":4732,"cpu":3.714033509423171,"memoryMiB":285}
{"profile":"mixed","minutes":180,"elapsedMinutes":77.04,"samples":921,"inputs":4732,"cpu":3.6956123197438613,"memoryMiB":288.4375}
{"profile":"mixed","minutes":180,"elapsedMinutes":78.04,"samples":933,"inputs":4732,"cpu":3.9206590817891485,"memoryMiB":288.59375}
{"profile":"mixed","minutes":180,"elapsedMinutes":79.04,"samples":945,"inputs":4732,"cpu":3.9230101175031415,"memoryMiB":288.515625}
{"profile":"mixed","minutes":180,"elapsedMinutes":80.04,"samples":957,"inputs":4737,"cpu":3.9847466750050615,"memoryMiB":295.0625}
{"profile":"mixed","minutes":180,"elapsedMinutes":81.07,"samples":969,"inputs":4859,"cpu":4.023631408165073,"memoryMiB":313.65625}
{"profile":"mixed","minutes":180,"elapsedMinutes":82.07,"samples":981,"inputs":4977,"cpu":3.9717708403101875,"memoryMiB":316.328125}
{"profile":"mixed","minutes":180,"elapsedMinutes":83.07,"samples":993,"inputs":5096,"cpu":3.6804275771762156,"memoryMiB":319.609375}
{"profile":"mixed","minutes":180,"elapsedMinutes":84.07,"samples":1005,"inputs":5215,"cpu":3.83671116190664,"memoryMiB":319.078125}
{"profile":"mixed","minutes":180,"elapsedMinutes":85.07,"samples":1017,"inputs":5324,"cpu":3.9769773472732783,"memoryMiB":301.03125}
{"profile":"mixed","minutes":180,"elapsedMinutes":86.08,"samples":1029,"inputs":5324,"cpu":3.5821804145898435,"memoryMiB":292.78125}
{"profile":"mixed","minutes":180,"elapsedMinutes":87.08,"samples":1041,"inputs":5324,"cpu":3.758163796255734,"memoryMiB":277.328125}
{"profile":"mixed","minutes":180,"elapsedMinutes":88.08,"samples":1053,"inputs":5324,"cpu":3.972516303864172,"memoryMiB":287.75}
{"profile":"mixed","minutes":180,"elapsedMinutes":89.08,"samples":1065,"inputs":5324,"cpu":3.975297176787747,"memoryMiB":287.5}
{"profile":"mixed","minutes":180,"elapsedMinutes":90.08,"samples":1077,"inputs":5334,"cpu":4.0119629527543115,"memoryMiB":289.796875}
{"profile":"mixed","minutes":180,"elapsedMinutes":91.02,"samples":1088,"inputs":5445,"cpu":4.182571275397494,"memoryMiB":314}
{"profile":"mixed","minutes":180,"elapsedMinutes":92.02,"samples":1100,"inputs":5564,"cpu":4.185513052497889,"memoryMiB":316.171875}
{"profile":"mixed","minutes":180,"elapsedMinutes":93.03,"samples":1112,"inputs":5682,"cpu":3.9767052011034147,"memoryMiB":320.5625}
{"profile":"mixed","minutes":180,"elapsedMinutes":94.03,"samples":1124,"inputs":5801,"cpu":4.042587216423708,"memoryMiB":317.75}
{"profile":"mixed","minutes":180,"elapsedMinutes":95.03,"samples":1136,"inputs":5916,"cpu":3.9225752403392047,"memoryMiB":322.28125}
{"profile":"mixed","minutes":180,"elapsedMinutes":96.03,"samples":1148,"inputs":5916,"cpu":3.883123236908227,"memoryMiB":302.03125}
{"profile":"mixed","minutes":180,"elapsedMinutes":97.03,"samples":1160,"inputs":5916,"cpu":3.962493833661451,"memoryMiB":303.734375}
{"profile":"mixed","minutes":180,"elapsedMinutes":98.03,"samples":1172,"inputs":5916,"cpu":4.0645130453558505,"memoryMiB":298.234375}
{"profile":"mixed","minutes":180,"elapsedMinutes":99.03,"samples":1184,"inputs":5916,"cpu":4.028223944689954,"memoryMiB":304.171875}
{"profile":"mixed","minutes":180,"elapsedMinutes":100.03,"samples":1196,"inputs":5920,"cpu":3.8637978951783927,"memoryMiB":299.296875}
{"profile":"mixed","minutes":180,"elapsedMinutes":101.06,"samples":1208,"inputs":6041,"cpu":3.9869072084627533,"memoryMiB":324.09375}
{"profile":"mixed","minutes":180,"elapsedMinutes":102.06,"samples":1220,"inputs":6160,"cpu":3.9662466183827467,"memoryMiB":323.046875}
{"profile":"mixed","minutes":180,"elapsedMinutes":103.07,"samples":1232,"inputs":6278,"cpu":4.045893072192262,"memoryMiB":323.359375}
{"profile":"mixed","minutes":180,"elapsedMinutes":104.07,"samples":1244,"inputs":6397,"cpu":3.8405931504653554,"memoryMiB":323.84375}
{"profile":"mixed","minutes":180,"elapsedMinutes":105.07,"samples":1256,"inputs":6507,"cpu":3.7912007312163323,"memoryMiB":271.9375}
{"profile":"mixed","minutes":180,"elapsedMinutes":106.07,"samples":1268,"inputs":6507,"cpu":3.6448058791294717,"memoryMiB":271.859375}
{"profile":"mixed","minutes":180,"elapsedMinutes":107.07,"samples":1280,"inputs":6507,"cpu":3.9589395799158273,"memoryMiB":274.296875}
{"profile":"mixed","minutes":180,"elapsedMinutes":108.07,"samples":1292,"inputs":6507,"cpu":3.6095823303710124,"memoryMiB":265.6875}
{"profile":"mixed","minutes":180,"elapsedMinutes":109.07,"samples":1304,"inputs":6507,"cpu":3.647944883842099,"memoryMiB":277.359375}
{"profile":"mixed","minutes":180,"elapsedMinutes":110.08,"samples":1316,"inputs":6516,"cpu":3.874699288298337,"memoryMiB":281.765625}
{"profile":"mixed","minutes":180,"elapsedMinutes":111.02,"samples":1327,"inputs":6628,"cpu":3.847803196254407,"memoryMiB":308.671875}
{"profile":"mixed","minutes":180,"elapsedMinutes":112.02,"samples":1339,"inputs":6746,"cpu":4.083625511812513,"memoryMiB":306.859375}
{"profile":"mixed","minutes":180,"elapsedMinutes":113.02,"samples":1351,"inputs":6865,"cpu":4.042069879419509,"memoryMiB":305.65625}
{"profile":"mixed","minutes":180,"elapsedMinutes":114.02,"samples":1363,"inputs":6984,"cpu":3.8972259829423446,"memoryMiB":301.203125}
{"profile":"mixed","minutes":180,"elapsedMinutes":115.03,"samples":1375,"inputs":7099,"cpu":3.6437499072440342,"memoryMiB":295.078125}
{"profile":"mixed","minutes":180,"elapsedMinutes":116.03,"samples":1387,"inputs":7099,"cpu":3.6557794456004897,"memoryMiB":285.5}
{"profile":"mixed","minutes":180,"elapsedMinutes":117.03,"samples":1399,"inputs":7099,"cpu":3.8980458692783393,"memoryMiB":282.109375}
{"profile":"mixed","minutes":180,"elapsedMinutes":118.03,"samples":1411,"inputs":7099,"cpu":3.9499391557880656,"memoryMiB":279.390625}
{"profile":"mixed","minutes":180,"elapsedMinutes":119.03,"samples":1423,"inputs":7099,"cpu":3.8606468853686846,"memoryMiB":281.796875}
{"profile":"mixed","minutes":180,"elapsedMinutes":120.03,"samples":1435,"inputs":7102,"cpu":3.8626521556921576,"memoryMiB":287.734375}
{"profile":"mixed","minutes":180,"elapsedMinutes":121.06,"samples":1447,"inputs":7224,"cpu":3.759058419395809,"memoryMiB":309.953125}
{"profile":"mixed","minutes":180,"elapsedMinutes":122.06,"samples":1459,"inputs":7342,"cpu":3.890119345652677,"memoryMiB":311.875}
{"profile":"mixed","minutes":180,"elapsedMinutes":123.06,"samples":1471,"inputs":7461,"cpu":4.071128867161422,"memoryMiB":311.171875}
{"profile":"mixed","minutes":180,"elapsedMinutes":124.06,"samples":1483,"inputs":7579,"cpu":4.053437904350194,"memoryMiB":316.640625}
{"profile":"mixed","minutes":180,"elapsedMinutes":125.06,"samples":1495,"inputs":7690,"cpu":3.959423333677133,"memoryMiB":312.109375}
{"profile":"mixed","minutes":180,"elapsedMinutes":126.07,"samples":1507,"inputs":7690,"cpu":3.680613083181612,"memoryMiB":284.421875}
{"profile":"mixed","minutes":180,"elapsedMinutes":127.07,"samples":1519,"inputs":7690,"cpu":3.8574462443729494,"memoryMiB":283.796875}
{"profile":"mixed","minutes":180,"elapsedMinutes":128.07,"samples":1531,"inputs":7690,"cpu":3.9613934715557164,"memoryMiB":286.9375}
{"profile":"mixed","minutes":180,"elapsedMinutes":129.07,"samples":1543,"inputs":7690,"cpu":3.9634929886280523,"memoryMiB":284}
{"profile":"mixed","minutes":180,"elapsedMinutes":130.07,"samples":1555,"inputs":7698,"cpu":4.0045924037584255,"memoryMiB":287.421875}
{"profile":"mixed","minutes":180,"elapsedMinutes":131.02,"samples":1566,"inputs":7810,"cpu":4.084540644869339,"memoryMiB":306.65625}
{"profile":"mixed","minutes":180,"elapsedMinutes":132.02,"samples":1578,"inputs":7928,"cpu":3.880772204629834,"memoryMiB":306.125}
{"profile":"mixed","minutes":180,"elapsedMinutes":133.02,"samples":1590,"inputs":8047,"cpu":3.846444143681475,"memoryMiB":299.234375}
{"profile":"mixed","minutes":180,"elapsedMinutes":134.02,"samples":1602,"inputs":8165,"cpu":4.016497975413112,"memoryMiB":307.796875}
{"profile":"mixed","minutes":180,"elapsedMinutes":135.02,"samples":1614,"inputs":8282,"cpu":3.9769046976309523,"memoryMiB":309.28125}
{"profile":"mixed","minutes":180,"elapsedMinutes":136.02,"samples":1626,"inputs":8282,"cpu":4.033741967460438,"memoryMiB":285.265625}
{"profile":"mixed","minutes":180,"elapsedMinutes":137.02,"samples":1638,"inputs":8282,"cpu":3.546473814907941,"memoryMiB":285.109375}
{"profile":"mixed","minutes":180,"elapsedMinutes":138.03,"samples":1650,"inputs":8282,"cpu":3.746257547460286,"memoryMiB":279.984375}
{"profile":"mixed","minutes":180,"elapsedMinutes":139.03,"samples":1662,"inputs":8282,"cpu":3.6632531688617838,"memoryMiB":282.921875}
{"profile":"mixed","minutes":180,"elapsedMinutes":140.03,"samples":1674,"inputs":8286,"cpu":3.6728012138568875,"memoryMiB":291.109375}
{"profile":"mixed","minutes":180,"elapsedMinutes":141.06,"samples":1686,"inputs":8407,"cpu":3.550165654441642,"memoryMiB":313.296875}
{"profile":"mixed","minutes":180,"elapsedMinutes":142.06,"samples":1698,"inputs":8526,"cpu":4.053300164313769,"memoryMiB":313.296875}
{"profile":"mixed","minutes":180,"elapsedMinutes":143.06,"samples":1710,"inputs":8644,"cpu":4.10614540149161,"memoryMiB":314.90625}
{"profile":"mixed","minutes":180,"elapsedMinutes":144.06,"samples":1722,"inputs":8763,"cpu":3.9940739934686467,"memoryMiB":317.234375}
{"profile":"mixed","minutes":180,"elapsedMinutes":145.06,"samples":1734,"inputs":8874,"cpu":4.166241505226752,"memoryMiB":320.453125}
{"profile":"mixed","minutes":180,"elapsedMinutes":146.06,"samples":1746,"inputs":8874,"cpu":4.250025546571116,"memoryMiB":314.4375}
{"profile":"mixed","minutes":180,"elapsedMinutes":147.06,"samples":1758,"inputs":8874,"cpu":3.828261766310089,"memoryMiB":279.484375}
{"profile":"mixed","minutes":180,"elapsedMinutes":148.06,"samples":1770,"inputs":8874,"cpu":4.113444038721082,"memoryMiB":291.578125}
{"profile":"mixed","minutes":180,"elapsedMinutes":149.07,"samples":1782,"inputs":8874,"cpu":3.916376514114415,"memoryMiB":288.640625}
{"profile":"mixed","minutes":180,"elapsedMinutes":150.07,"samples":1794,"inputs":8882,"cpu":3.895492731497263,"memoryMiB":293.46875}
{"profile":"mixed","minutes":180,"elapsedMinutes":151.01,"samples":1805,"inputs":8993,"cpu":4.034594897652565,"memoryMiB":320.1875}
{"profile":"mixed","minutes":180,"elapsedMinutes":152.01,"samples":1817,"inputs":9112,"cpu":3.7351308696787506,"memoryMiB":285.265625}
{"profile":"mixed","minutes":180,"elapsedMinutes":153.01,"samples":1829,"inputs":9230,"cpu":3.703419712366579,"memoryMiB":297.015625}
{"profile":"mixed","minutes":180,"elapsedMinutes":154.01,"samples":1841,"inputs":9349,"cpu":4.220167478525604,"memoryMiB":296.203125}
{"profile":"mixed","minutes":180,"elapsedMinutes":155.01,"samples":1853,"inputs":9466,"cpu":4.083978008213438,"memoryMiB":297.5}
{"profile":"mixed","minutes":180,"elapsedMinutes":156.02,"samples":1865,"inputs":9466,"cpu":3.798615586006385,"memoryMiB":273.4375}
{"profile":"mixed","minutes":180,"elapsedMinutes":157.02,"samples":1877,"inputs":9466,"cpu":3.8466835710483056,"memoryMiB":290.9375}
{"profile":"mixed","minutes":180,"elapsedMinutes":158.02,"samples":1889,"inputs":9466,"cpu":3.9308827437636245,"memoryMiB":293.5}
{"profile":"mixed","minutes":180,"elapsedMinutes":159.02,"samples":1901,"inputs":9466,"cpu":3.85206905698496,"memoryMiB":290.09375}
{"profile":"mixed","minutes":180,"elapsedMinutes":160.02,"samples":1913,"inputs":9469,"cpu":4.090482499779541,"memoryMiB":287.671875}
{"profile":"mixed","minutes":180,"elapsedMinutes":161.05,"samples":1925,"inputs":9590,"cpu":4.1579096710962,"memoryMiB":315.375}
{"profile":"mixed","minutes":180,"elapsedMinutes":162.05,"samples":1937,"inputs":9709,"cpu":4.070312157383896,"memoryMiB":316.640625}
{"profile":"mixed","minutes":180,"elapsedMinutes":163.05,"samples":1949,"inputs":9827,"cpu":4.158076671815459,"memoryMiB":316.46875}
{"profile":"mixed","minutes":180,"elapsedMinutes":164.05,"samples":1961,"inputs":9946,"cpu":4.153493827395431,"memoryMiB":318.109375}
{"profile":"mixed","minutes":180,"elapsedMinutes":165.05,"samples":1973,"inputs":10058,"cpu":4.0128231964763845,"memoryMiB":322.578125}
{"profile":"mixed","minutes":180,"elapsedMinutes":166.05,"samples":1985,"inputs":10058,"cpu":4.05437844259513,"memoryMiB":310.078125}
{"profile":"mixed","minutes":180,"elapsedMinutes":167.05,"samples":1997,"inputs":10058,"cpu":3.86874413116104,"memoryMiB":290.40625}
{"profile":"mixed","minutes":180,"elapsedMinutes":168.05,"samples":2009,"inputs":10058,"cpu":4.121842530871457,"memoryMiB":287.625}
{"profile":"mixed","minutes":180,"elapsedMinutes":169.05,"samples":2021,"inputs":10058,"cpu":4.13389721870579,"memoryMiB":288.203125}
{"profile":"mixed","minutes":180,"elapsedMinutes":170.05,"samples":2033,"inputs":10064,"cpu":3.9342535068815208,"memoryMiB":288.859375}
{"profile":"mixed","minutes":180,"elapsedMinutes":171.08,"samples":2045,"inputs":10186,"cpu":3.8736172049406905,"memoryMiB":311.703125}
{"profile":"mixed","minutes":180,"elapsedMinutes":172.08,"samples":2057,"inputs":10304,"cpu":4.12452649282385,"memoryMiB":302.53125}
{"profile":"mixed","minutes":180,"elapsedMinutes":173,"samples":2068,"inputs":10413,"cpu":4.029367022580704,"memoryMiB":311.296875}
{"profile":"mixed","minutes":180,"elapsedMinutes":174,"samples":2080,"inputs":10532,"cpu":3.3303030644969303,"memoryMiB":310.71875}
{"profile":"mixed","minutes":180,"elapsedMinutes":175,"samples":2092,"inputs":10650,"cpu":3.957129762576216,"memoryMiB":308.84375}
{"profile":"mixed","minutes":180,"elapsedMinutes":176,"samples":2104,"inputs":10650,"cpu":3.849074448771099,"memoryMiB":314.546875}
{"profile":"mixed","minutes":180,"elapsedMinutes":177.01,"samples":2116,"inputs":10650,"cpu":3.1335784376651166,"memoryMiB":295.6875}
{"profile":"mixed","minutes":180,"elapsedMinutes":178.01,"samples":2128,"inputs":10650,"cpu":4.088245571423947,"memoryMiB":290.15625}
{"profile":"mixed","minutes":180,"elapsedMinutes":179.01,"samples":2140,"inputs":10650,"cpu":4.083629875313217,"memoryMiB":291.625}
{"profile":"mixed","minutes":180,"elapsedMinutes":180,"samples":2152,"inputs":10650,"cpu":3.580198190981719,"memoryMiB":288.984375}
{"output":"/Users/jeongyounglee/work/repo/desktop-monster/.agentdoc/v10-20260917T070144Z/performance/matched-04/mixed.json","passed":true,"summary":{"cpuP95":4.165332631092766,"workingSetMiBP95":330.09375,"initialMemoryMedian":303.25,"finalMemoryMedian":300}}
{"version":1,"pid":18056,"source":"184854c67ae31ae5dea668165656e6b4a32f7b70ffc723464f231996e3c5e3ad","startedAt":"2026-09-17T19:25:41.915Z","registration":{"path":"/Users/jeongyounglee/work/repo/desktop-monster/.agentdoc/v10-20260917T070144Z/performance/matched-04-registration.json","sha256":"31c6e44bd7040429b2048a386bde751011b59a7ee5d4496526067cc4122b7bad"},"methodReview":{"path":"/Users/jeongyounglee/work/repo/desktop-monster/.agentdoc/v10-20260917T070144Z/reviews/performance-method-review-04.json","sha256":"49b4be1c809f26e81ce9468aed6857aba43815cf1358f19cb511511ced126795"},"state":"awaiting-independent-result-review","slots":[{"slot":"baseline-active","startedAt":"2026-09-17T19:25:41.977Z","state":"passed","pid":18059,"signal":null,"endedAt":"2026-09-17T19:55:44.410Z","exitCode":0,"report":{"path":"/Users/jeongyounglee/work/repo/desktop-monster/.agentdoc/v10-20260917T070144Z/performance/matched-04/baseline-active.json","sha256":"1609b616323fd45fee12dc64f8fdb986afb9cb8e8f0b50bab933a03ab8e859aa"},"lifecycle":{"path":"/Users/jeongyounglee/work/repo/desktop-monster/.agentdoc/v10-20260917T070144Z/performance/matched-04/baseline-active.json.lifecycle.json","sha256":"d01735701a9105ca84332988968dce32389225efc2878509e3f0954be936a6ef"}},{"slot":"baseline-idle","startedAt":"2026-09-17T19:55:44.549Z","state":"passed","pid":56963,"signal":null,"endedAt":"2026-09-17T20:25:46.544Z","exitCode":0,"report":{"path":"/Users/jeongyounglee/work/repo/desktop-monster/.agentdoc/v10-20260917T070144Z/performance/matched-04/baseline-idle.json","sha256":"58395901e74897c164b7d85d358247a9c2afc457ff92f9101e5644d830bb9bb4"},"lifecycle":{"path":"/Users/jeongyounglee/work/repo/desktop-monster/.agentdoc/v10-20260917T070144Z/performance/matched-04/baseline-idle.json.lifecycle.json","sha256":"f80f67ac174690f6814ff5611d675253a39d7b7703cccc4e3affebcd8febff27"}},{"slot":"candidate-active","startedAt":"2026-09-17T20:25:46.682Z","state":"passed","pid":95867,"signal":null,"endedAt":"2026-09-17T20:55:50.508Z","exitCode":0,"report":{"path":"/Users/jeongyounglee/work/repo/desktop-monster/.agentdoc/v10-20260917T070144Z/performance/matched-04/candidate-active.json","sha256":"6629f3c5291e48f052f03ba1e7ba81a1089e942b8f8232b52e0a7169b8761da7"},"lifecycle":{"path":"/Users/jeongyounglee/work/repo/desktop-monster/.agentdoc/v10-20260917T070144Z/performance/matched-04/candidate-active.json.lifecycle.json","sha256":"da362356705674f38b51d6a7a32d87cf992cd4ffbe6853b30f8564cd859f5821"}},{"slot":"candidate-idle","startedAt":"2026-09-17T20:55:50.638Z","state":"passed","pid":35764,"signal":null,"endedAt":"2026-09-17T21:25:52.409Z","exitCode":0,"report":{"path":"/Users/jeongyounglee/work/repo/desktop-monster/.agentdoc/v10-20260917T070144Z/performance/matched-04/candidate-idle.json","sha256":"8258ae15a7320072e462474709167f50c92d9f2215e1266c47c70cb7ec57da05"},"lifecycle":{"path":"/Users/jeongyounglee/work/repo/desktop-monster/.agentdoc/v10-20260917T070144Z/performance/matched-04/candidate-idle.json.lifecycle.json","sha256":"04b008f788e2e7776abc9773ee1aef526651e4f1bdfc391720bcac535258ca45"}},{"slot":"mixed","startedAt":"2026-09-17T21:25:52.541Z","state":"passed","pid":74721,"signal":null,"endedAt":"2026-09-18T00:25:55.829Z","exitCode":0,"report":{"path":"/Users/jeongyounglee/work/repo/desktop-monster/.agentdoc/v10-20260917T070144Z/performance/matched-04/mixed.json","sha256":"13b413a0ed3fcd5e52dccce21111b02060a23dd5e90c58435e5542fa8f3dc7f8"},"lifecycle":{"path":"/Users/jeongyounglee/work/repo/desktop-monster/.agentdoc/v10-20260917T070144Z/performance/matched-04/mixed.json.lifecycle.json","sha256":"a66a09478d53525ae548dd6ea60bf4bcd9ba8193dcead9868bcad173def58d46"}}],"endedAt":"2026-09-18T00:25:56.346Z"}
