Debugger listening on ws://127.0.0.1:51424/3310337a-052c-4c12-832e-98e87848161e
For help, see: https://nodejs.org/en/docs/inspector
Debugger attached.
V09_INSPECTOR_RESUMED
V09_LOCK true /var/folders/lx/2l4_myln77j11v_rskxlc7kr0000gn/T/desmon-v10-perf-R5xhol
V09_FRAME_READY
V09_WINDOW 2 close 1789638448882
V09_WINDOW 2 closed 1789638448987
V09_WINDOW 3 close 1789639051284
V09_WINDOW 3 closed 1789639051390
V09_WINDOW 4 close 1789639648663
V09_WINDOW 4 closed 1789639648771
V09_WINDOW 5 close 1789640251146
V09_WINDOW 5 closed 1789640251253
V09_WINDOW 6 close 1789640848561
V09_WINDOW 6 closed 1789640848665
V09_WINDOW 7 close 1789641247096
V09_WINDOW 7 closed 1789641247101
V09_WINDOW 8 close 1789641450853
V09_WINDOW 8 closed 1789641450861
V09_WINDOW 9 close 1789642053062
V09_WINDOW 9 closed 1789642053168
V09_WINDOW 10 close 1789642650206
V09_WINDOW 10 closed 1789642650309
V09_WINDOW 11 close 1789643252388
V09_WINDOW 11 closed 1789643252494
V09_WINDOW 12 close 1789643849376
V09_WINDOW 12 closed 1789643849480
V09_WINDOW 13 close 1789644451682
V09_WINDOW 13 closed 1789644451787
V09_WINDOW 14 close 1789645048676
V09_WINDOW 14 closed 1789645048780
V09_WINDOW 15 close 1789645650666
V09_WINDOW 15 closed 1789645650770
V09_WINDOW 16 close 1789646252676
V09_WINDOW 16 closed 1789646252786
V09_WINDOW 17 close 1789646849907
V09_WINDOW 17 closed 1789646850013
V09_WINDOW 18 close 1789647452072
V09_WINDOW 18 closed 1789647452177
V09_WINDOW 19 close 1789648049234
V09_WINDOW 19 closed 1789648049342
V09_WINDOW 20 close 1789648647968
V09_WINDOW 20 closed 1789648648074
Debugger ending on ws://127.0.0.1:51424/3310337a-052c-4c12-832e-98e87848161e
For help, see: https://nodejs.org/en/docs/inspector
V09_LIFECYCLE before-quit 1789648648350
V09_APP_CALL quit [] Error
    at e.app.<computed> [as quit] (eval at <anonymous> (/Users/jeongyounglee/work/repo/desktop-monster/release/mac-arm64/DesMon.app/Contents/Resources/app.asar/dist/electron/main/index.js:5:1), <anonymous>:19:160)
    at /Users/jeongyounglee/work/repo/desktop-monster/release/mac-arm64/DesMon.app/Contents/Resources/app.asar/dist/electron/main/index.js:233:36
V09_LIFECYCLE before-quit 1789648648355
V09_WINDOW 1 close 1789648648355
V09_WINDOW 1 closed 1789648648357
V09_LIFECYCLE will-quit 1789648648357
V09_PROCESS_EXIT 0 1789648648357
V09_LIFECYCLE quit 1789648648357
{"event":"child-exit","code":0,"signal":null,"at":"2026-09-17T12:37:28.454Z"}
