{
  "commandId": "gates",
  "command": "npm test && npm run lint && npm run typecheck",
  "exitCode": 0,
  "sourceDigest": "ab965fd745fde7b68ea1b46eb715b0bdc1e86456bd4d2fdfae3a4ec79bb34af7",
  "endedDigest": "ab965fd745fde7b68ea1b46eb715b0bdc1e86456bd4d2fdfae3a4ec79bb34af7",
  "evaluationDigest": "4f5e3cb6b3b7654b8f07cf55fb9950b37192c003dc088a7673c295be296b20d4",
  "endedEvaluationDigest": "4f5e3cb6b3b7654b8f07cf55fb9950b37192c003dc088a7673c295be296b20d4",
  "filesHash": {
    "src/core/hero.ts": "6b296b4a4910b9460e44ff7be6775cbe97ca15bc4de91eb2ce304f5b77a85633",
    "src/core/formulas.ts": "53f6d184c6a982a1b4dd173396a94037f1b90733eba767a716f464a87c3c5fd5",
    "src/core/engine.ts": "6004cb3f98c2cb7451d60d156b37f3d367ad3b31f6db9bc14cd8a8a0346dacd3",
    "src/core/discovery.ts": "20e101f325bd4ed5ebca3f1d8719b68d6d7d66acb43ec6a9a167acf1aa662f18",
    "src/menu/hero.ts": "26a74c64996414df1dcc15210868013bb94e1b4f72b72e6da694ade5a0fc2a4b",
    "src/renderer/hud.ts": "16e8dc47ca7b33ed7ec82a9137a904ec76da38019c23da21b4e33067a8b78db9",
    "tests/hero.test.ts": "667c0ee373980bbf34818b9dfaa9f9a213509edf6e02de1b1c39eef69c19a287",
    "tests/formulas.test.ts": "6c4ba788d3b0231a0967986404038c74c62d452fcecf131436746bfd6c550262",
    "tests/balance.test.ts": "9bf60c573d2b0ffd030e17dd102acf8eca761c90ff684b0df1047afdf7ecf034",
    "tests/progressionV7.test.ts": "18e06a53aae0c70416d4d0f4032abefc1686ee228e8173bc1f5443c38ab51dbb",
    "src/core/index.ts": "9d5f07383ecbc3d87121aef674ef1671f334e75da002e3ebfc18dc95eacad75e",
    "src/core/monsters.ts": "ced4e5e3282e4a32c6f9b2532fab6154e21f3735a1c42cdcec98efff76c4113f",
    "src/core/progression.ts": "9828ae64d517982c3ce50d6c45e684f272253cfec97381d4383be44c04e8fdf1",
    "tests/engine.test.ts": "041f6cb415265695ac4203477d0bef0fd7f5ff7e5ae5f65274f80e606c3850d1",
    "tests/progressionV5.test.ts": "90916683542943f47d1295e40758bf821d92fc07ad6d88edfb4ef5f84d5c178b",
    "tests/heroMenuReadiness.test.ts": "c4642c8d36f180d45a478fd9fc49305475f1c452740ca92439929f38d13988ee",
    "tests/progressV5.test.ts": "7e8500f55eaf0ad32c4b44b85d858cd80107815ee479c7fd57d3cf615d6dccdb",
    "tests/progressV6.test.ts": "de2f7211ea5a1705c78933b58185fe4b0f648fa177dff049002908a953c2ed66",
    "tests/discoveryV5.test.ts": "56a3fc54f7b4b258f8814ee11686c899a6f5a3e59229b08f9ad42b94c4a001ba",
    "tests/expedition.test.ts": "84518dd4f1aae9e6fe0a1db74c361e7e278c4e34813294e485f1a21548289066",
    "tests/renderer.test.ts": "f6dcdd5d164ed0505f3ad3752626b4da6eb23288d32ac90cdd958097a4234205",
    "docs/v0.7/EVALUATION_PROTOCOL.json": "52f4206ceefec593171a7017db41f4ab7eb8c930a0314c5b018999bd81358192",
    ".harness/v7/loop/measure.test.ts": "d57dd9d080efba88b34ec84350179a26ea0127d4a8a9ba1742298e2be9f4f02d",
    ".harness/v7/loop/journey.cjs": "ebf83311ec5092cccac8e0e6996c15f6716932a4f37b4e095b34209e2feda311",
    ".harness/v7/loop/e2e.mjs": "1da066dbae9d58f654ebfcee7d88e56a3bbc804338d23920ae6292f1e6021f1b",
    ".harness/v7/loop/e2e.test.ts": "49a2e677338a669f1dec2c2ec41051d7be9f47094558bfe85f8771a49189c195",
    ".harness/v7/loop/e2e-matrix.test.ts": "935be3d5e1a52628393c251e657261d6da24aeb51023eafeaf868fdd4b8f07e9",
    ".harness/v7/loop/electron-e2e.cjs": "4ebdd9e8f31b73a19c632245234fe5c064c8f9fc13d80258725420003c240cdf",
    ".harness/v7/loop/e2e-matrix.mjs": "02f320e2405b678c53296622d73b08052ca480b7a97732e6399af4594e42768d"
  },
  "endedFilesHash": {
    "src/core/hero.ts": "6b296b4a4910b9460e44ff7be6775cbe97ca15bc4de91eb2ce304f5b77a85633",
    "src/core/formulas.ts": "53f6d184c6a982a1b4dd173396a94037f1b90733eba767a716f464a87c3c5fd5",
    "src/core/engine.ts": "6004cb3f98c2cb7451d60d156b37f3d367ad3b31f6db9bc14cd8a8a0346dacd3",
    "src/core/discovery.ts": "20e101f325bd4ed5ebca3f1d8719b68d6d7d66acb43ec6a9a167acf1aa662f18",
    "src/menu/hero.ts": "26a74c64996414df1dcc15210868013bb94e1b4f72b72e6da694ade5a0fc2a4b",
    "src/renderer/hud.ts": "16e8dc47ca7b33ed7ec82a9137a904ec76da38019c23da21b4e33067a8b78db9",
    "tests/hero.test.ts": "667c0ee373980bbf34818b9dfaa9f9a213509edf6e02de1b1c39eef69c19a287",
    "tests/formulas.test.ts": "6c4ba788d3b0231a0967986404038c74c62d452fcecf131436746bfd6c550262",
    "tests/balance.test.ts": "9bf60c573d2b0ffd030e17dd102acf8eca761c90ff684b0df1047afdf7ecf034",
    "tests/progressionV7.test.ts": "18e06a53aae0c70416d4d0f4032abefc1686ee228e8173bc1f5443c38ab51dbb",
    "src/core/index.ts": "9d5f07383ecbc3d87121aef674ef1671f334e75da002e3ebfc18dc95eacad75e",
    "src/core/monsters.ts": "ced4e5e3282e4a32c6f9b2532fab6154e21f3735a1c42cdcec98efff76c4113f",
    "src/core/progression.ts": "9828ae64d517982c3ce50d6c45e684f272253cfec97381d4383be44c04e8fdf1",
    "tests/engine.test.ts": "041f6cb415265695ac4203477d0bef0fd7f5ff7e5ae5f65274f80e606c3850d1",
    "tests/progressionV5.test.ts": "90916683542943f47d1295e40758bf821d92fc07ad6d88edfb4ef5f84d5c178b",
    "tests/heroMenuReadiness.test.ts": "c4642c8d36f180d45a478fd9fc49305475f1c452740ca92439929f38d13988ee",
    "tests/progressV5.test.ts": "7e8500f55eaf0ad32c4b44b85d858cd80107815ee479c7fd57d3cf615d6dccdb",
    "tests/progressV6.test.ts": "de2f7211ea5a1705c78933b58185fe4b0f648fa177dff049002908a953c2ed66",
    "tests/discoveryV5.test.ts": "56a3fc54f7b4b258f8814ee11686c899a6f5a3e59229b08f9ad42b94c4a001ba",
    "tests/expedition.test.ts": "84518dd4f1aae9e6fe0a1db74c361e7e278c4e34813294e485f1a21548289066",
    "tests/renderer.test.ts": "f6dcdd5d164ed0505f3ad3752626b4da6eb23288d32ac90cdd958097a4234205",
    "docs/v0.7/EVALUATION_PROTOCOL.json": "52f4206ceefec593171a7017db41f4ab7eb8c930a0314c5b018999bd81358192",
    ".harness/v7/loop/measure.test.ts": "d57dd9d080efba88b34ec84350179a26ea0127d4a8a9ba1742298e2be9f4f02d",
    ".harness/v7/loop/journey.cjs": "ebf83311ec5092cccac8e0e6996c15f6716932a4f37b4e095b34209e2feda311",
    ".harness/v7/loop/e2e.mjs": "1da066dbae9d58f654ebfcee7d88e56a3bbc804338d23920ae6292f1e6021f1b",
    ".harness/v7/loop/e2e.test.ts": "49a2e677338a669f1dec2c2ec41051d7be9f47094558bfe85f8771a49189c195",
    ".harness/v7/loop/e2e-matrix.test.ts": "935be3d5e1a52628393c251e657261d6da24aeb51023eafeaf868fdd4b8f07e9",
    ".harness/v7/loop/electron-e2e.cjs": "4ebdd9e8f31b73a19c632245234fe5c064c8f9fc13d80258725420003c240cdf",
    ".harness/v7/loop/e2e-matrix.mjs": "02f320e2405b678c53296622d73b08052ca480b7a97732e6399af4594e42768d"
  },
  "artifacts": {},
  "log": "/Users/jeongyounglee/work/repo/desktop-monster/.agentdoc/v07-setup-20260911T122653Z/evidence/V07-05-1789234764850.log",
  "sha256": "26d3ab6a448da25dbc4bb26744b09dc8f544a7dc04b77e953728b4412bdde234",
  "ac": false,
  "at": "2026-09-12T17:39:38.388Z"
}

