
> desmon@0.2.0 test
> vitest run

[33mThe CJS build of Vite's Node API is deprecated. See https://vite.dev/guide/troubleshooting.html#vite-cjs-node-api-deprecated for more details.[39m

 RUN  v3.2.7 /Users/jeongyounglee/work/repo/desktop-monster

 ✓ tests/server/pgStore.test.ts (19 tests) 4ms
 ✓ tests/drag.test.ts (7 tests) 9ms
 ✓ tests/ipc.test.ts (47 tests) 15ms
 ✓ tests/fever.test.ts (4 tests) 9ms
 ✓ tests/engine.test.ts (26 tests) 252ms
 ✓ tests/server/app.test.ts (10 tests) 46ms
 ✓ tests/anim.test.ts (14 tests) 9ms
 ✓ tests/identity.test.ts (7 tests) 22ms
 ✓ tests/persistence.test.ts (10 tests) 30ms
 ✓ tests/audio.test.ts (15 tests) 20ms
 ✓ tests/net.test.ts (10 tests) 42ms
 ✓ tests/effects.test.ts (5 tests) 7ms
 ✓ tests/renderer.test.ts (80 tests) 217ms
 ✓ tests/loot.test.ts (11 tests) 712ms
   ✓ mulberry32 deterministic RNG (SPEC F06, Assumption 15) > outputs stay in [0, 1) and are roughly uniform over 10000 draws  376ms
 ✓ tests/packaging.test.ts (14 tests) 27ms
 ✓ tests/sprites.test.ts (29 tests) 17ms
 ✓ tests/globalInput.test.ts (19 tests) 116ms
 ✓ tests/menu.test.ts (13 tests) 21ms
 ✓ tests/save.test.ts (11 tests) 7ms
 ✓ tests/server/pvp.test.ts (9 tests) 11ms
 ✓ tests/tray.test.ts (37 tests) 18ms
 ✓ tests/formulas.test.ts (12 tests) 34ms
 ✓ tests/window.test.ts (26 tests) 4ms
 ✓ tests/server/http.test.ts (9 tests) 6ms
 ✓ tests/collection.test.ts (14 tests) 1169ms
   ✓ resolvePvp (SPEC F37, Assumption 34) > resolvePvp wins with probability myPower over total and moves one random companion from the loser to the winner  1152ms
 ✓ tests/input.test.ts (9 tests) 5ms
 ✓ tests/fsm.test.ts (12 tests) 5ms
 ✓ tests/deploy.test.ts (7 tests) 9ms
 ✓ tests/bignum.test.ts (7 tests) 4ms
 ✓ tests/scaffold.test.ts (1 test) 3ms
 ✓ tests/rendererInput.test.ts (7 tests) 6ms

 Test Files  31 passed (31)
      Tests  501 passed (501)
   Start at  12:01:11
   Duration  2.44s (transform 2.90s, setup 0ms, collect 7.09s, tests 2.86s, environment 4ms, prepare 5.00s)


> desmon@0.2.0 lint
> eslint . --max-warnings 0


> desmon@0.2.0 typecheck
> tsc -p tsconfig.main.json --noEmit && tsc -p tsconfig.renderer.json --noEmit && tsc -p tsconfig.test.json

