
> desmon@0.1.0 test
> vitest run

[33mThe CJS build of Vite's Node API is deprecated. See https://vite.dev/guide/troubleshooting.html#vite-cjs-node-api-deprecated for more details.[39m

 RUN  v3.2.7 /Users/jeongyounglee/work/repo/desktop-monster

 ✓ tests/identity.test.ts (7 tests) 23ms
 ✓ tests/globalInput.test.ts (19 tests) 33ms
 ✓ tests/tray.test.ts (17 tests) 29ms
 ✓ tests/net.test.ts (10 tests) 49ms
 ✓ tests/save.test.ts (11 tests) 16ms
 ✓ tests/formulas.test.ts (11 tests) 38ms
 ✓ tests/engine.test.ts (16 tests) 62ms
 ✓ tests/sprites.test.ts (25 tests) 69ms
 ✓ tests/anim.test.ts (14 tests) 46ms
 ✓ tests/renderer.test.ts (64 tests) 203ms
 ✓ tests/persistence.test.ts (10 tests) 39ms
 ✓ tests/server/http.test.ts (9 tests) 28ms
 ✓ tests/audio.test.ts (13 tests) 23ms
 ✓ tests/packaging.test.ts (11 tests) 6ms
 ✓ tests/window.test.ts (26 tests) 5ms
 ✓ tests/rendererInput.test.ts (7 tests) 4ms
 ✓ tests/loot.test.ts (11 tests) 717ms
   ✓ mulberry32 deterministic RNG (SPEC F06, Assumption 15) > outputs stay in [0, 1) and are roughly uniform over 10000 draws  522ms
 ✓ tests/effects.test.ts (5 tests) 11ms
 ✓ tests/bignum.test.ts (7 tests) 5ms
 ✓ tests/ipc.test.ts (25 tests) 9ms
 ✓ tests/drag.test.ts (7 tests) 5ms
 ✓ tests/scaffold.test.ts (1 test) 4ms
 ✓ tests/fsm.test.ts (12 tests) 7ms
 ✓ tests/input.test.ts (9 tests) 9ms

 Test Files  24 passed (24)
      Tests  347 passed (347)
   Start at  10:18:15
   Duration  2.32s (transform 1.95s, setup 0ms, collect 5.08s, tests 1.44s, environment 6ms, prepare 4.90s)


> desmon@0.1.0 lint
> eslint . --max-warnings 0


> desmon@0.1.0 typecheck
> tsc -p tsconfig.main.json --noEmit && tsc -p tsconfig.renderer.json --noEmit && tsc -p tsconfig.test.json

