
> desmon@0.1.0 test
> vitest run

[33mThe CJS build of Vite's Node API is deprecated. See https://vite.dev/guide/troubleshooting.html#vite-cjs-node-api-deprecated for more details.[39m

 RUN  v3.2.7 /Users/jeongyounglee/work/repo/desktop-monster

 ✓ tests/globalInput.test.ts (19 tests) 22ms
 ✓ tests/net.test.ts (10 tests) 54ms
 ✓ tests/bignum.test.ts (7 tests) 5ms
 ✓ tests/save.test.ts (11 tests) 16ms
 ✓ tests/formulas.test.ts (12 tests) 54ms
 ✓ tests/engine.test.ts (23 tests) 155ms
 ✓ tests/anim.test.ts (14 tests) 17ms
 ✓ tests/sprites.test.ts (28 tests) 35ms
 ✓ tests/renderer.test.ts (64 tests) 77ms
 ✓ tests/tray.test.ts (37 tests) 29ms
 ✓ tests/identity.test.ts (7 tests) 24ms
 ✓ tests/audio.test.ts (13 tests) 37ms
 ✓ tests/server/http.test.ts (9 tests) 11ms
 ✓ tests/server/app.test.ts (10 tests) 27ms
 ✓ tests/persistence.test.ts (10 tests) 30ms
 ✓ tests/ipc.test.ts (47 tests) 94ms
 ✓ tests/loot.test.ts (11 tests) 765ms
   ✓ mulberry32 deterministic RNG (SPEC F06, Assumption 15) > outputs stay in [0, 1) and are roughly uniform over 10000 draws  447ms
 ✓ tests/input.test.ts (9 tests) 7ms
 ✓ tests/effects.test.ts (5 tests) 7ms
 ✓ tests/window.test.ts (26 tests) 11ms
 ✓ tests/drag.test.ts (7 tests) 5ms
 ✓ tests/packaging.test.ts (11 tests) 4ms
 ✓ tests/collection.test.ts (14 tests) 1189ms
   ✓ resolvePvp (SPEC F37, Assumption 34) > resolvePvp wins with probability myPower over total and moves one random companion from the loser to the winner  1149ms
 ✓ tests/scaffold.test.ts (1 test) 2ms
 ✓ tests/fsm.test.ts (12 tests) 8ms
 ✓ tests/rendererInput.test.ts (7 tests) 25ms

 Test Files  26 passed (26)
      Tests  424 passed (424)
   Start at  10:40:17
   Duration  2.10s (transform 1.61s, setup 0ms, collect 4.94s, tests 2.71s, environment 19ms, prepare 3.89s)


> desmon@0.1.0 lint
> eslint . --max-warnings 0


> desmon@0.1.0 typecheck
> tsc -p tsconfig.main.json --noEmit && tsc -p tsconfig.renderer.json --noEmit && tsc -p tsconfig.test.json

