
> desmon@0.1.0 test
> vitest run

[33mThe CJS build of Vite's Node API is deprecated. See https://vite.dev/guide/troubleshooting.html#vite-cjs-node-api-deprecated for more details.[39m

 RUN  v3.2.7 /Users/jeongyounglee/work/repo/desktop-monster

 ✓ tests/globalInput.test.ts (19 tests) 1006ms
 ✓ tests/tray.test.ts (37 tests) 218ms
 ✓ tests/net.test.ts (10 tests) 672ms
   ✓ createNetClient > sends Authorization Bearer and a JSON body  564ms
 ✓ tests/identity.test.ts (7 tests) 67ms
 ✓ tests/save.test.ts (11 tests) 29ms
 ✓ tests/engine.test.ts (26 tests) 410ms
 ✓ tests/loot.test.ts (11 tests) 728ms
   ✓ mulberry32 deterministic RNG (SPEC F06, Assumption 15) > outputs stay in [0, 1) and are roughly uniform over 10000 draws  421ms
 ✓ tests/anim.test.ts (14 tests) 260ms
 ✓ tests/sprites.test.ts (29 tests) 332ms
 ✓ tests/server/pvp.test.ts (9 tests) 168ms
 ✓ tests/server/app.test.ts (10 tests) 205ms
 ✓ tests/audio.test.ts (15 tests) 385ms
 ✓ tests/collection.test.ts (14 tests) 4530ms
   ✓ resolvePvp (SPEC F37, Assumption 34) > resolvePvp wins with probability myPower over total and moves one random companion from the loser to the winner  4423ms
 ✓ tests/renderer.test.ts (74 tests) 1358ms
 ✓ tests/server/pgStore.test.ts (19 tests) 33ms
 ✓ tests/server/http.test.ts (9 tests) 38ms
 ✓ tests/effects.test.ts (5 tests) 24ms
 ✓ tests/formulas.test.ts (12 tests) 98ms
 ✓ tests/persistence.test.ts (10 tests) 67ms
 ✓ tests/input.test.ts (9 tests) 15ms
 ✓ tests/rendererInput.test.ts (7 tests) 11ms
 ✓ tests/fever.test.ts (4 tests) 129ms
 ✓ tests/bignum.test.ts (7 tests) 31ms
 ✓ tests/drag.test.ts (7 tests) 17ms
 ✓ tests/ipc.test.ts (47 tests) 32ms
 ✓ tests/window.test.ts (26 tests) 23ms
 ✓ tests/packaging.test.ts (11 tests) 59ms
 ✓ tests/fsm.test.ts (12 tests) 64ms
 ✓ tests/scaffold.test.ts (1 test) 37ms
 ✓ tests/deploy.test.ts (7 tests) 55ms

 Test Files  30 passed (30)
      Tests  479 passed (479)
   Start at  11:14:53
   Duration  43.29s (transform 94.78s, setup 0ms, collect 245.49s, tests 11.10s, environment 55ms, prepare 82.33s)


> desmon@0.1.0 lint
> eslint . --max-warnings 0


> desmon@0.1.0 typecheck
> tsc -p tsconfig.main.json --noEmit && tsc -p tsconfig.renderer.json --noEmit && tsc -p tsconfig.test.json

