
> desmon@0.1.0 test
> vitest run

[33mThe CJS build of Vite's Node API is deprecated. See https://vite.dev/guide/troubleshooting.html#vite-cjs-node-api-deprecated for more details.[39m

 RUN  v3.2.7 /Users/jeongyounglee/work/repo/desktop-monster

 ✓ tests/server/http.test.ts (9 tests) 5ms
 ✓ tests/persistence.test.ts (10 tests) 15ms
 ✓ tests/globalInput.test.ts (19 tests) 20ms
 ✓ tests/tray.test.ts (17 tests) 29ms
 ✓ tests/formulas.test.ts (10 tests) 19ms
 ✓ tests/engine.test.ts (16 tests) 32ms
 ✓ tests/anim.test.ts (14 tests) 7ms
 ✓ tests/sprites.test.ts (25 tests) 19ms
 ✓ tests/audio.test.ts (13 tests) 6ms
 ✓ tests/packaging.test.ts (11 tests) 7ms
 ✓ tests/renderer.test.ts (63 tests) 56ms
 ✓ tests/save.test.ts (9 tests) 5ms
 ✓ tests/window.test.ts (26 tests) 4ms
 ✓ tests/ipc.test.ts (25 tests) 5ms
 ✓ tests/fsm.test.ts (12 tests) 4ms
 ✓ tests/input.test.ts (9 tests) 3ms
 ✓ tests/bignum.test.ts (7 tests) 37ms
 ✓ tests/scaffold.test.ts (1 test) 1ms
 ✓ tests/rendererInput.test.ts (7 tests) 3ms
 ✓ tests/drag.test.ts (7 tests) 4ms
 ✓ tests/loot.test.ts (11 tests) 662ms
   ✓ loot tables (SPEC F09, Assumptions 3/6/15) > trinket drop rate over 10000 seeded kills is within 23 to 27 percent  376ms

 Test Files  21 passed (21)
      Tests  321 passed (321)
   Start at  10:08:03
   Duration  1.36s (transform 1.03s, setup 0ms, collect 3.14s, tests 944ms, environment 2ms, prepare 2.85s)


> desmon@0.1.0 lint
> eslint . --max-warnings 0


> desmon@0.1.0 typecheck
> tsc -p tsconfig.main.json --noEmit && tsc -p tsconfig.renderer.json --noEmit && tsc -p tsconfig.test.json

