
> desmon@0.1.0 test
> vitest run

[33mThe CJS build of Vite's Node API is deprecated. See https://vite.dev/guide/troubleshooting.html#vite-cjs-node-api-deprecated for more details.[39m

 RUN  v3.2.7 /Users/jeongyounglee/work/repo/desktop-monster

 ✓ tests/persistence.test.ts (10 tests) 57ms
 ✓ tests/identity.test.ts (7 tests) 76ms
 ✓ tests/tray.test.ts (37 tests) 105ms
 ✓ tests/net.test.ts (10 tests) 219ms
 ✓ tests/formulas.test.ts (12 tests) 57ms
 ✓ tests/server/app.test.ts (10 tests) 91ms
 ✓ tests/engine.test.ts (26 tests) 318ms
 ✓ tests/sprites.test.ts (29 tests) 37ms
 ✓ tests/bignum.test.ts (7 tests) 17ms
 ✓ tests/globalInput.test.ts (19 tests) 67ms
 ✓ tests/fever.test.ts (4 tests) 11ms
 ✓ tests/loot.test.ts (11 tests) 731ms
   ✓ mulberry32 deterministic RNG (SPEC F06, Assumption 15) > outputs stay in [0, 1) and are roughly uniform over 10000 draws  362ms
 ✓ tests/collection.test.ts (14 tests) 1169ms
   ✓ resolvePvp (SPEC F37, Assumption 34) > resolvePvp wins with probability myPower over total and moves one random companion from the loser to the winner  1090ms
 ✓ tests/audio.test.ts (13 tests) 11ms
 ✓ tests/server/pgStore.test.ts (19 tests) 8ms
 ✓ tests/server/http.test.ts (9 tests) 18ms
 ✓ tests/window.test.ts (26 tests) 5ms
 ✓ tests/ipc.test.ts (47 tests) 19ms
 ✓ tests/save.test.ts (11 tests) 22ms
 ✓ tests/server/pvp.test.ts (9 tests) 14ms
 ✓ tests/anim.test.ts (14 tests) 19ms
 ✓ tests/effects.test.ts (5 tests) 7ms
 ✓ tests/renderer.test.ts (65 tests) 190ms
 ✓ tests/packaging.test.ts (11 tests) 6ms
 ✓ tests/drag.test.ts (7 tests) 6ms
 ✓ tests/input.test.ts (9 tests) 6ms
 ✓ tests/scaffold.test.ts (1 test) 3ms
 ✓ tests/fsm.test.ts (12 tests) 4ms
 ✓ tests/rendererInput.test.ts (7 tests) 7ms

 Test Files  29 passed (29)
      Tests  461 passed (461)
   Start at  10:49:55
   Duration  3.32s (transform 3.94s, setup 0ms, collect 15.79s, tests 3.30s, environment 6ms, prepare 3.85s)


> desmon@0.1.0 lint
> eslint . --max-warnings 0


> desmon@0.1.0 typecheck
> tsc -p tsconfig.main.json --noEmit && tsc -p tsconfig.renderer.json --noEmit && tsc -p tsconfig.test.json

