
> desmon@0.1.0 test
> vitest run

[33mThe CJS build of Vite's Node API is deprecated. See https://vite.dev/guide/troubleshooting.html#vite-cjs-node-api-deprecated for more details.[39m

 RUN  v3.2.7 /Users/jeongyounglee/work/repo/desktop-monster

 ✓ tests/persistence.test.ts (10 tests) 26ms
 ✓ tests/identity.test.ts (7 tests) 17ms
 ✓ tests/globalInput.test.ts (19 tests) 51ms
 ✓ tests/net.test.ts (10 tests) 34ms
 ✓ tests/server/pvp.test.ts (9 tests) 10ms
 ✓ tests/engine.test.ts (23 tests) 81ms
 ✓ tests/sprites.test.ts (28 tests) 23ms
 ✓ tests/audio.test.ts (13 tests) 7ms
 ✓ tests/renderer.test.ts (64 tests) 78ms
 ✓ tests/formulas.test.ts (12 tests) 18ms
 ✓ tests/fever.test.ts (4 tests) 37ms
 ✓ tests/server/app.test.ts (10 tests) 21ms
 ✓ tests/tray.test.ts (37 tests) 43ms
 ✓ tests/server/http.test.ts (9 tests) 7ms
 ✓ tests/rendererInput.test.ts (7 tests) 8ms
 ✓ tests/loot.test.ts (11 tests) 641ms
 ✓ tests/ipc.test.ts (47 tests) 32ms
 ✓ tests/packaging.test.ts (11 tests) 9ms
 ✓ tests/window.test.ts (26 tests) 4ms
 ✓ tests/fsm.test.ts (12 tests) 5ms
 ✓ tests/anim.test.ts (14 tests) 15ms
 ✓ tests/drag.test.ts (7 tests) 5ms
 ✓ tests/collection.test.ts (14 tests) 1021ms
   ✓ resolvePvp (SPEC F37, Assumption 34) > resolvePvp wins with probability myPower over total and moves one random companion from the loser to the winner  1010ms
 ✓ tests/effects.test.ts (5 tests) 6ms
 ✓ tests/save.test.ts (11 tests) 12ms
 ✓ tests/bignum.test.ts (7 tests) 8ms
 ✓ tests/input.test.ts (9 tests) 6ms
 ✓ tests/scaffold.test.ts (1 test) 2ms

 Test Files  28 passed (28)
      Tests  437 passed (437)
   Start at  10:43:50
   Duration  1.86s (transform 1.70s, setup 0ms, collect 4.09s, tests 2.23s, environment 4ms, prepare 4.09s)


> desmon@0.1.0 lint
> eslint . --max-warnings 0


> desmon@0.1.0 typecheck
> tsc -p tsconfig.main.json --noEmit && tsc -p tsconfig.renderer.json --noEmit && tsc -p tsconfig.test.json

