
> desmon@0.1.0 test
> vitest run

[33mThe CJS build of Vite's Node API is deprecated. See https://vite.dev/guide/troubleshooting.html#vite-cjs-node-api-deprecated for more details.[39m

 RUN  v3.2.7 /Users/jeongyounglee/work/repo/desktop-monster

 ✓ tests/persistence.test.ts (10 tests) 13ms
 ✓ tests/globalInput.test.ts (19 tests) 13ms
 ✓ tests/tray.test.ts (17 tests) 13ms
 ✓ tests/save.test.ts (9 tests) 5ms
 ✓ tests/formulas.test.ts (10 tests) 10ms
 ✓ tests/engine.test.ts (16 tests) 15ms
 ✓ tests/anim.test.ts (14 tests) 7ms
 ✓ tests/sprites.test.ts (24 tests) 11ms
 ✓ tests/audio.test.ts (13 tests) 7ms
 ✓ tests/renderer.test.ts (63 tests) 57ms
 ✓ tests/ipc.test.ts (25 tests) 4ms
 ✓ tests/window.test.ts (25 tests) 3ms
 ✓ tests/rendererInput.test.ts (7 tests) 3ms
 ✓ tests/fsm.test.ts (12 tests) 4ms
 ✓ tests/input.test.ts (9 tests) 3ms
 ✓ tests/packaging.test.ts (11 tests) 4ms
 ✓ tests/drag.test.ts (7 tests) 3ms
 ✓ tests/bignum.test.ts (7 tests) 2ms
 ✓ tests/scaffold.test.ts (1 test) 1ms
 ✓ tests/loot.test.ts (11 tests) 298ms

 Test Files  20 passed (20)
      Tests  310 passed (310)
   Start at  10:05:05
   Duration  649ms (transform 650ms, setup 0ms, collect 1.50s, tests 477ms, environment 2ms, prepare 1.28s)


> desmon@0.1.0 lint
> eslint . --max-warnings 0


> desmon@0.1.0 typecheck
> tsc -p tsconfig.main.json --noEmit && tsc -p tsconfig.renderer.json --noEmit && tsc -p tsconfig.test.json

