
> desmon@0.1.0 test
> vitest run

[33mThe CJS build of Vite's Node API is deprecated. See https://vite.dev/guide/troubleshooting.html#vite-cjs-node-api-deprecated for more details.[39m

 RUN  v3.2.7 /Users/jeongyounglee/work/repo/desktop-monster

 ✓ tests/persistence.test.ts (10 tests) 21ms
 ✓ tests/tray.test.ts (17 tests) 27ms
 ✓ tests/net.test.ts (10 tests) 41ms
 ✓ tests/input.test.ts (9 tests) 5ms
 ✓ tests/formulas.test.ts (12 tests) 27ms
 ✓ tests/engine.test.ts (17 tests) 36ms
 ✓ tests/sprites.test.ts (25 tests) 27ms
 ✓ tests/anim.test.ts (14 tests) 19ms
 ✓ tests/globalInput.test.ts (19 tests) 25ms
 ✓ tests/renderer.test.ts (64 tests) 258ms
 ✓ tests/identity.test.ts (7 tests) 20ms
 ✓ tests/save.test.ts (11 tests) 11ms
 ✓ tests/ipc.test.ts (37 tests) 20ms
 ✓ tests/window.test.ts (26 tests) 7ms
 ✓ tests/server/http.test.ts (9 tests) 15ms
 ✓ tests/audio.test.ts (13 tests) 35ms
 ✓ tests/effects.test.ts (5 tests) 5ms
 ✓ tests/loot.test.ts (11 tests) 1180ms
   ✓ mulberry32 deterministic RNG (SPEC F06, Assumption 15) > outputs stay in [0, 1) and are roughly uniform over 10000 draws  623ms
 ✓ tests/rendererInput.test.ts (7 tests) 9ms
 ✓ tests/packaging.test.ts (11 tests) 8ms
 ✓ tests/fsm.test.ts (12 tests) 10ms
 ✓ tests/scaffold.test.ts (1 test) 2ms
 ✓ tests/drag.test.ts (7 tests) 111ms
 ✓ tests/bignum.test.ts (7 tests) 4ms
 ✓ tests/collection.test.ts (14 tests) 1788ms
   ✓ resolvePvp (SPEC F37, Assumption 34) > resolvePvp wins with probability myPower over total and moves one random companion from the loser to the winner  1752ms

 Test Files  25 passed (25)
      Tests  375 passed (375)
   Start at  10:30:58
   Duration  2.67s (transform 1.94s, setup 0ms, collect 5.81s, tests 3.71s, environment 6ms, prepare 4.87s)


> desmon@0.1.0 lint
> eslint . --max-warnings 0


> desmon@0.1.0 typecheck
> tsc -p tsconfig.main.json --noEmit && tsc -p tsconfig.renderer.json --noEmit && tsc -p tsconfig.test.json

