
> desmon@0.1.0 test
> vitest run

[33mThe CJS build of Vite's Node API is deprecated. See https://vite.dev/guide/troubleshooting.html#vite-cjs-node-api-deprecated for more details.[39m

 RUN  v3.2.7 /Users/jeongyounglee/work/repo/desktop-monster

 ✓ tests/persistence.test.ts (10 tests) 31ms
 ✓ tests/globalInput.test.ts (19 tests) 67ms
 ✓ tests/identity.test.ts (7 tests) 37ms
 ✓ tests/tray.test.ts (17 tests) 133ms
 ✓ tests/net.test.ts (10 tests) 130ms
 ✓ tests/engine.test.ts (17 tests) 59ms
 ✓ tests/formulas.test.ts (12 tests) 105ms
 ✓ tests/sprites.test.ts (25 tests) 52ms
 ✓ tests/audio.test.ts (13 tests) 23ms
 ✓ tests/renderer.test.ts (64 tests) 279ms
 ✓ tests/input.test.ts (9 tests) 28ms
 ✓ tests/save.test.ts (11 tests) 40ms
 ✓ tests/collection.test.ts (10 tests) 21ms
 ✓ tests/anim.test.ts (14 tests) 41ms
 ✓ tests/server/http.test.ts (9 tests) 8ms
 ✓ tests/ipc.test.ts (37 tests) 27ms
 ✓ tests/scaffold.test.ts (1 test) 18ms
 ✓ tests/window.test.ts (26 tests) 45ms
 ✓ tests/effects.test.ts (5 tests) 22ms
 ✓ tests/loot.test.ts (11 tests) 1750ms
   ✓ mulberry32 deterministic RNG (SPEC F06, Assumption 15) > outputs stay in [0, 1) and are roughly uniform over 10000 draws  868ms
   ✓ loot tables (SPEC F09, Assumptions 3/6/15) > trinket drop rate over 10000 seeded kills is within 23 to 27 percent  450ms
 ✓ tests/drag.test.ts (7 tests) 7ms
 ✓ tests/bignum.test.ts (7 tests) 9ms
 ✓ tests/fsm.test.ts (12 tests) 10ms
 ✓ tests/packaging.test.ts (11 tests) 8ms
 ✓ tests/rendererInput.test.ts (7 tests) 8ms

 Test Files  25 passed (25)
      Tests  371 passed (371)
   Start at  10:27:37
   Duration  4.35s (transform 4.31s, setup 0ms, collect 13.16s, tests 2.96s, environment 5ms, prepare 8.47s)


> desmon@0.1.0 lint
> eslint . --max-warnings 0


> desmon@0.1.0 typecheck
> tsc -p tsconfig.main.json --noEmit && tsc -p tsconfig.renderer.json --noEmit && tsc -p tsconfig.test.json

