
> desmon@0.1.0 test
> vitest run

[33mThe CJS build of Vite's Node API is deprecated. See https://vite.dev/guide/troubleshooting.html#vite-cjs-node-api-deprecated for more details.[39m

 RUN  v3.2.7 /Users/jeongyounglee/work/repo/desktop-monster

 ✓ tests/tray.test.ts (37 tests) 13ms
 ✓ tests/net.test.ts (10 tests) 21ms
 ✓ tests/formulas.test.ts (12 tests) 11ms
 ✓ tests/anim.test.ts (14 tests) 8ms
 ✓ tests/engine.test.ts (26 tests) 65ms
 ✓ tests/sprites.test.ts (29 tests) 20ms
 ✓ tests/menu.test.ts (13 tests) 14ms
 ✓ tests/audio.test.ts (15 tests) 12ms
 ✓ tests/renderer.test.ts (80 tests) 58ms
 ✓ tests/globalInput.test.ts (19 tests) 13ms
 ✓ tests/persistence.test.ts (10 tests) 10ms
 ✓ tests/identity.test.ts (7 tests) 7ms
 ✓ tests/server/app.test.ts (10 tests) 11ms
 ✓ tests/save.test.ts (11 tests) 7ms
 ✓ tests/server/pvp.test.ts (9 tests) 6ms
 ✓ tests/loot.test.ts (11 tests) 288ms
 ✓ tests/fever.test.ts (4 tests) 11ms
 ✓ tests/server/pgStore.test.ts (19 tests) 4ms
 ✓ tests/ipc.test.ts (47 tests) 5ms
 ✓ tests/collection.test.ts (14 tests) 374ms
   ✓ resolvePvp (SPEC F37, Assumption 34) > resolvePvp wins with probability myPower over total and moves one random companion from the loser to the winner  366ms
 ✓ tests/server/http.test.ts (9 tests) 6ms
 ✓ tests/packaging.test.ts (11 tests) 3ms
 ✓ tests/window.test.ts (26 tests) 3ms
 ✓ tests/fsm.test.ts (12 tests) 5ms
 ✓ tests/deploy.test.ts (7 tests) 4ms
 ✓ tests/effects.test.ts (5 tests) 5ms
 ✓ tests/input.test.ts (9 tests) 4ms
 ✓ tests/bignum.test.ts (7 tests) 2ms
 ✓ tests/rendererInput.test.ts (7 tests) 4ms
 ✓ tests/drag.test.ts (7 tests) 3ms
 ✓ tests/scaffold.test.ts (1 test) 1ms

 Test Files  31 passed (31)
      Tests  498 passed (498)
   Start at  11:42:29
   Duration  946ms (transform 805ms, setup 0ms, collect 2.31s, tests 1.00s, environment 3ms, prepare 1.73s)


> desmon@0.1.0 lint
> eslint . --max-warnings 0


> desmon@0.1.0 typecheck
> tsc -p tsconfig.main.json --noEmit && tsc -p tsconfig.renderer.json --noEmit && tsc -p tsconfig.test.json

