
> desmon@0.1.0 test
> vitest run

[33mThe CJS build of Vite's Node API is deprecated. See https://vite.dev/guide/troubleshooting.html#vite-cjs-node-api-deprecated for more details.[39m

 RUN  v3.2.7 /Users/jeongyounglee/work/repo/desktop-monster

 ✓ tests/globalInput.test.ts (19 tests) 66ms
 ✓ tests/server/http.test.ts (9 tests) 8ms
 ✓ tests/persistence.test.ts (10 tests) 21ms
 ✓ tests/tray.test.ts (17 tests) 38ms
 ✓ tests/net.test.ts (10 tests) 137ms
 ✓ tests/engine.test.ts (17 tests) 84ms
 ✓ tests/sprites.test.ts (25 tests) 33ms
 ✓ tests/anim.test.ts (14 tests) 51ms
 ✓ tests/audio.test.ts (13 tests) 24ms
 ✓ tests/identity.test.ts (7 tests) 15ms
 ✓ tests/renderer.test.ts (64 tests) 359ms
 ✓ tests/formulas.test.ts (12 tests) 179ms
 ✓ tests/input.test.ts (9 tests) 8ms
 ✓ tests/save.test.ts (11 tests) 8ms
 ✓ tests/ipc.test.ts (25 tests) 12ms
 ✓ tests/packaging.test.ts (11 tests) 11ms
 ✓ tests/effects.test.ts (5 tests) 24ms
 ✓ tests/fsm.test.ts (12 tests) 15ms
 ✓ tests/window.test.ts (26 tests) 10ms
 ✓ tests/bignum.test.ts (7 tests) 8ms
 ✓ tests/drag.test.ts (7 tests) 8ms
 ✓ tests/scaffold.test.ts (1 test) 1ms
 ✓ tests/loot.test.ts (11 tests) 1583ms
   ✓ mulberry32 deterministic RNG (SPEC F06, Assumption 15) > outputs stay in [0, 1) and are roughly uniform over 10000 draws  881ms
   ✓ loot tables (SPEC F09, Assumptions 3/6/15) > trinket drop rate over 10000 seeded kills is within 23 to 27 percent  494ms
 ✓ tests/rendererInput.test.ts (7 tests) 88ms

 Test Files  24 passed (24)
      Tests  349 passed (349)
   Start at  10:19:26
   Duration  3.35s (transform 3.52s, setup 0ms, collect 9.84s, tests 2.79s, environment 5ms, prepare 6.68s)


> desmon@0.1.0 lint
> eslint . --max-warnings 0


> desmon@0.1.0 typecheck
> tsc -p tsconfig.main.json --noEmit && tsc -p tsconfig.renderer.json --noEmit && tsc -p tsconfig.test.json

