
> desmon@0.1.0 test
> vitest run

[33mThe CJS build of Vite's Node API is deprecated. See https://vite.dev/guide/troubleshooting.html#vite-cjs-node-api-deprecated for more details.[39m

 RUN  v3.2.7 /Users/jeongyounglee/work/repo/desktop-monster

 ✓ tests/globalInput.test.ts (19 tests) 80ms
 ✓ tests/tray.test.ts (37 tests) 28ms
 ✓ tests/persistence.test.ts (10 tests) 162ms
 ✓ tests/identity.test.ts (7 tests) 18ms
 ✓ tests/net.test.ts (10 tests) 424ms
   ✓ createNetClient > sends Authorization Bearer and a JSON body  340ms
 ✓ tests/loot.test.ts (11 tests) 240ms
 ✓ tests/bignum.test.ts (7 tests) 965ms
   ✓ big-number formatting (SPEC F28, Assumption 20) > format leaves up to 3 digits verbatim and scales past B  958ms
 ✓ tests/fever.test.ts (4 tests) 996ms
   ✓ fever tracker (SPEC F34, GAME_DESIGN_V2 §5) > fever lasts 5000ms, triples damage, then cools down for 10000ms  979ms
 ✓ tests/formulas.test.ts (12 tests) 1067ms
   ✓ progression formulas (SPEC F04, Assumption 3 — frozen) > monsterMaxHp is exactly 10/20/40/163 at index 0/5/10/20  969ms
 ✓ tests/sprites.test.ts (28 tests) 16ms
 ✓ tests/save.test.ts (11 tests) 9ms
 ✓ tests/server/app.test.ts (10 tests) 23ms
 ✓ tests/engine.test.ts (26 tests) 1160ms
   ✓ attack engine (SPEC F06/F07/F08, Assumption 8) > one huge kill can grant several levels, one levelUp event per level  963ms
 ✓ tests/renderer.test.ts (64 tests) 149ms
 ✓ tests/audio.test.ts (13 tests) 20ms
 ✓ tests/ipc.test.ts (47 tests) 8ms
 ✓ tests/packaging.test.ts (11 tests) 5ms
 ✓ tests/server/pvp.test.ts (9 tests) 9ms
 ✓ tests/window.test.ts (26 tests) 4ms
 ✓ tests/fsm.test.ts (12 tests) 7ms
 ✓ tests/server/http.test.ts (9 tests) 12ms
 ✓ tests/rendererInput.test.ts (7 tests) 3ms
 ✓ tests/effects.test.ts (5 tests) 6ms
 ✓ tests/anim.test.ts (14 tests) 47ms
 ✓ tests/input.test.ts (9 tests) 5ms
 ✓ tests/drag.test.ts (7 tests) 4ms
 ✓ tests/scaffold.test.ts (1 test) 2ms
 ✓ tests/collection.test.ts (14 tests) 2414ms
   ✓ companion power and active slots (SPEC F32, Assumption 24) > companionPower is floor(monsterMaxHp(bossIndex)/20), at least 1, times level times 2^stars  968ms
   ✓ resolvePvp (SPEC F37, Assumption 34) > resolvePvp wins with probability myPower over total and moves one random companion from the loser to the winner  1348ms

 Test Files  28 passed (28)
      Tests  440 passed (440)
   Start at  10:46:01
   Duration  3.89s (transform 2.73s, setup 0ms, collect 12.67s, tests 7.89s, environment 27ms, prepare 4.63s)


> desmon@0.1.0 lint
> eslint . --max-warnings 0


> desmon@0.1.0 typecheck
> tsc -p tsconfig.main.json --noEmit && tsc -p tsconfig.renderer.json --noEmit && tsc -p tsconfig.test.json

