
> desmon@0.1.0 test
> vitest run

[33mThe CJS build of Vite's Node API is deprecated. See https://vite.dev/guide/troubleshooting.html#vite-cjs-node-api-deprecated for more details.[39m

 RUN  v3.2.7 /Users/jeongyounglee/work/repo/desktop-monster

 ✓ tests/persistence.test.ts (10 tests) 22ms
 ✓ tests/identity.test.ts (7 tests) 34ms
 ✓ tests/globalInput.test.ts (19 tests) 23ms
 ✓ tests/tray.test.ts (17 tests) 25ms
 ✓ tests/formulas.test.ts (10 tests) 51ms
 ✓ tests/engine.test.ts (16 tests) 62ms
 ✓ tests/anim.test.ts (14 tests) 26ms
 ✓ tests/sprites.test.ts (25 tests) 32ms
 ✓ tests/effects.test.ts (5 tests) 5ms
 ✓ tests/save.test.ts (11 tests) 146ms
 ✓ tests/renderer.test.ts (63 tests) 151ms
 ✓ tests/audio.test.ts (13 tests) 10ms
 ✓ tests/input.test.ts (9 tests) 8ms
 ✓ tests/ipc.test.ts (25 tests) 15ms
 ✓ tests/packaging.test.ts (11 tests) 64ms
 ✓ tests/fsm.test.ts (12 tests) 6ms
 ✓ tests/server/http.test.ts (9 tests) 7ms
 ✓ tests/window.test.ts (26 tests) 87ms
 ✓ tests/loot.test.ts (11 tests) 722ms
   ✓ loot tables (SPEC F09, Assumptions 3/6/15) > trinket drop rate over 10000 seeded kills is within 23 to 27 percent  329ms
 ✓ tests/bignum.test.ts (7 tests) 4ms
 ✓ tests/rendererInput.test.ts (7 tests) 7ms
 ✓ tests/drag.test.ts (7 tests) 4ms
 ✓ tests/scaffold.test.ts (1 test) 2ms

 Test Files  23 passed (23)
      Tests  335 passed (335)
   Start at  10:11:46
   Duration  2.29s (transform 2.02s, setup 0ms, collect 5.90s, tests 1.51s, environment 5ms, prepare 4.77s)


> desmon@0.1.0 lint
> eslint . --max-warnings 0


> desmon@0.1.0 typecheck
> tsc -p tsconfig.main.json --noEmit && tsc -p tsconfig.renderer.json --noEmit && tsc -p tsconfig.test.json

