
> desmon@0.1.0 test
> vitest run

[33mThe CJS build of Vite's Node API is deprecated. See https://vite.dev/guide/troubleshooting.html#vite-cjs-node-api-deprecated for more details.[39m

 RUN  v3.2.7 /Users/jeongyounglee/work/repo/desktop-monster

 ✓ tests/persistence.test.ts (10 tests) 19ms
 ✓ tests/globalInput.test.ts (19 tests) 16ms
 ✓ tests/bignum.test.ts (7 tests) 13ms
 ✓ tests/fever.test.ts (4 tests) 13ms
 ✓ tests/formulas.test.ts (12 tests) 21ms
 ✓ tests/net.test.ts (10 tests) 88ms
 ✓ tests/anim.test.ts (14 tests) 10ms
 ✓ tests/engine.test.ts (26 tests) 165ms
 ✓ tests/renderer.test.ts (64 tests) 73ms
 ✓ tests/tray.test.ts (37 tests) 38ms
 ✓ tests/audio.test.ts (13 tests) 14ms
 ✓ tests/server/app.test.ts (10 tests) 17ms
 ✓ tests/identity.test.ts (7 tests) 35ms
 ✓ tests/sprites.test.ts (28 tests) 19ms
 ✓ tests/server/http.test.ts (9 tests) 8ms
 ✓ tests/server/pvp.test.ts (9 tests) 10ms
 ✓ tests/save.test.ts (11 tests) 10ms
 ✓ tests/ipc.test.ts (47 tests) 9ms
 ✓ tests/fsm.test.ts (12 tests) 4ms
 ✓ tests/effects.test.ts (5 tests) 7ms
 ✓ tests/loot.test.ts (11 tests) 825ms
   ✓ mulberry32 deterministic RNG (SPEC F06, Assumption 15) > outputs stay in [0, 1) and are roughly uniform over 10000 draws  464ms
 ✓ tests/server/pgStore.test.ts (19 tests) 6ms
 ✓ tests/drag.test.ts (7 tests) 3ms
 ✓ tests/packaging.test.ts (11 tests) 5ms
 ✓ tests/input.test.ts (9 tests) 5ms
 ✓ tests/rendererInput.test.ts (7 tests) 4ms
 ✓ tests/window.test.ts (26 tests) 5ms
 ✓ tests/collection.test.ts (14 tests) 1063ms
   ✓ resolvePvp (SPEC F37, Assumption 34) > resolvePvp wins with probability myPower over total and moves one random companion from the loser to the winner  1042ms
 ✓ tests/scaffold.test.ts (1 test) 2ms

 Test Files  29 passed (29)
      Tests  459 passed (459)
   Start at  10:46:20
   Duration  3.18s (transform 2.43s, setup 0ms, collect 4.65s, tests 2.51s, environment 11ms, prepare 13.33s)


> desmon@0.1.0 lint
> eslint . --max-warnings 0


> desmon@0.1.0 typecheck
> tsc -p tsconfig.main.json --noEmit && tsc -p tsconfig.renderer.json --noEmit && tsc -p tsconfig.test.json

