
> desmon@0.2.0 test
> vitest run

[33mThe CJS build of Vite's Node API is deprecated. See https://vite.dev/guide/troubleshooting.html#vite-cjs-node-api-deprecated for more details.[39m

 RUN  v3.2.7 /Users/jeongyounglee/work/repo/desktop-monster

 ✓ tests/globalInput.test.ts (19 tests) 14ms
 ✓ tests/tray.test.ts (37 tests) 13ms
 ✓ tests/net.test.ts (10 tests) 22ms
 ✓ tests/formulas.test.ts (12 tests) 10ms
 ✓ tests/engine.test.ts (26 tests) 91ms
 ✓ tests/sprites.test.ts (29 tests) 13ms
 ✓ tests/menu.test.ts (13 tests) 13ms
 ✓ tests/identity.test.ts (7 tests) 22ms
 ✓ tests/audio.test.ts (15 tests) 26ms
 ✓ tests/renderer.test.ts (80 tests) 83ms
 ✓ tests/persistence.test.ts (10 tests) 17ms
 ✓ tests/anim.test.ts (14 tests) 35ms
 ✓ tests/server/app.test.ts (10 tests) 61ms
 ✓ tests/loot.test.ts (11 tests) 504ms
 ✓ tests/server/http.test.ts (9 tests) 6ms
 ✓ tests/input.test.ts (9 tests) 5ms
 ✓ tests/save.test.ts (11 tests) 8ms
 ✓ tests/effects.test.ts (5 tests) 16ms
 ✓ tests/fever.test.ts (4 tests) 26ms
 ✓ tests/collection.test.ts (14 tests) 783ms
   ✓ resolvePvp (SPEC F37, Assumption 34) > resolvePvp wins with probability myPower over total and moves one random companion from the loser to the winner  774ms
 ✓ tests/server/pgStore.test.ts (19 tests) 27ms
 ✓ tests/packaging.test.ts (14 tests) 14ms
 ✓ tests/ipc.test.ts (47 tests) 25ms
 ✓ tests/fsm.test.ts (12 tests) 5ms
 ✓ tests/server/pvp.test.ts (9 tests) 10ms
 ✓ tests/drag.test.ts (7 tests) 38ms
 ✓ tests/window.test.ts (26 tests) 6ms
 ✓ tests/deploy.test.ts (7 tests) 4ms
 ✓ tests/rendererInput.test.ts (7 tests) 3ms
 ✓ tests/bignum.test.ts (7 tests) 4ms
 ✓ tests/scaffold.test.ts (1 test) 2ms

 Test Files  31 passed (31)
      Tests  501 passed (501)
   Start at  12:01:01
   Duration  1.81s (transform 1.77s, setup 0ms, collect 5.00s, tests 1.90s, environment 4ms, prepare 3.31s)


> desmon@0.2.0 lint
> eslint . --max-warnings 0


> desmon@0.2.0 typecheck
> tsc -p tsconfig.main.json --noEmit && tsc -p tsconfig.renderer.json --noEmit && tsc -p tsconfig.test.json

