
> desmon@0.1.0 test
> vitest run

[33mThe CJS build of Vite's Node API is deprecated. See https://vite.dev/guide/troubleshooting.html#vite-cjs-node-api-deprecated for more details.[39m

 RUN  v3.2.7 /Users/jeongyounglee/work/repo/desktop-monster

 ✓ tests/persistence.test.ts (10 tests) 14ms
 ✓ tests/globalInput.test.ts (19 tests) 14ms
 ✓ tests/tray.test.ts (17 tests) 13ms
 ✓ tests/save.test.ts (9 tests) 5ms
 ✓ tests/formulas.test.ts (10 tests) 10ms
 ✓ tests/engine.test.ts (16 tests) 14ms
 ✓ tests/anim.test.ts (14 tests) 7ms
 ✓ tests/sprites.test.ts (25 tests) 14ms
 ✓ tests/audio.test.ts (13 tests) 10ms
 ✓ tests/renderer.test.ts (63 tests) 60ms
 ✓ tests/drag.test.ts (7 tests) 3ms
 ✓ tests/server/http.test.ts (9 tests) 7ms
 ✓ tests/ipc.test.ts (25 tests) 4ms
 ✓ tests/input.test.ts (9 tests) 3ms
 ✓ tests/window.test.ts (26 tests) 4ms
 ✓ tests/bignum.test.ts (7 tests) 3ms
 ✓ tests/loot.test.ts (11 tests) 267ms
 ✓ tests/rendererInput.test.ts (7 tests) 3ms
 ✓ tests/packaging.test.ts (11 tests) 7ms
 ✓ tests/fsm.test.ts (12 tests) 5ms
 ✓ tests/scaffold.test.ts (1 test) 2ms

 Test Files  21 passed (21)
      Tests  321 passed (321)
   Start at  10:06:07
   Duration  782ms (transform 868ms, setup 0ms, collect 1.89s, tests 469ms, environment 4ms, prepare 1.57s)


> desmon@0.1.0 lint
> eslint . --max-warnings 0


> desmon@0.1.0 typecheck
> tsc -p tsconfig.main.json --noEmit && tsc -p tsconfig.renderer.json --noEmit && tsc -p tsconfig.test.json

