
> desmon@0.1.0 test
> vitest run

[33mThe CJS build of Vite's Node API is deprecated. See https://vite.dev/guide/troubleshooting.html#vite-cjs-node-api-deprecated for more details.[39m

 RUN  v3.2.7 /Users/jeongyounglee/work/repo/desktop-monster

 ✓ tests/persistence.test.ts (10 tests) 27ms
 ✓ tests/ipc.test.ts (47 tests) 11ms
 ✓ tests/tray.test.ts (37 tests) 24ms
 ✓ tests/net.test.ts (10 tests) 42ms
 ✓ tests/formulas.test.ts (12 tests) 20ms
 ✓ tests/sprites.test.ts (28 tests) 43ms
 ✓ tests/audio.test.ts (13 tests) 16ms
 ✓ tests/engine.test.ts (23 tests) 291ms
 ✓ tests/renderer.test.ts (64 tests) 138ms
 ✓ tests/identity.test.ts (7 tests) 14ms
 ✓ tests/server/app.test.ts (10 tests) 39ms
 ✓ tests/rendererInput.test.ts (7 tests) 6ms
 ✓ tests/globalInput.test.ts (19 tests) 38ms
 ✓ tests/save.test.ts (11 tests) 10ms
 ✓ tests/anim.test.ts (14 tests) 42ms
 ✓ tests/window.test.ts (26 tests) 9ms
 ✓ tests/server/http.test.ts (9 tests) 91ms
 ✓ tests/loot.test.ts (11 tests) 1100ms
   ✓ mulberry32 deterministic RNG (SPEC F06, Assumption 15) > outputs stay in [0, 1) and are roughly uniform over 10000 draws  376ms
   ✓ loot tables (SPEC F09, Assumptions 3/6/15) > trinket drop rate over 10000 seeded kills is within 23 to 27 percent  490ms
 ✓ tests/fsm.test.ts (12 tests) 17ms
 ✓ tests/fever.test.ts (4 tests) 13ms
 ✓ tests/input.test.ts (9 tests) 8ms
 ✓ tests/effects.test.ts (5 tests) 21ms
 ✓ tests/drag.test.ts (7 tests) 3ms
 ✓ tests/bignum.test.ts (7 tests) 4ms
 ✓ tests/packaging.test.ts (11 tests) 4ms
 ✓ tests/collection.test.ts (14 tests) 1518ms
   ✓ resolvePvp (SPEC F37, Assumption 34) > resolvePvp wins with probability myPower over total and moves one random companion from the loser to the winner  1502ms
 ✓ tests/scaffold.test.ts (1 test) 1ms

 Test Files  27 passed (27)
      Tests  428 passed (428)
   Start at  10:40:52
   Duration  2.60s (transform 2.68s, setup 0ms, collect 6.87s, tests 3.55s, environment 5ms, prepare 5.26s)


> desmon@0.1.0 lint
> eslint . --max-warnings 0


> desmon@0.1.0 typecheck
> tsc -p tsconfig.main.json --noEmit && tsc -p tsconfig.renderer.json --noEmit && tsc -p tsconfig.test.json

