
> desmon@0.1.0 test
> vitest run

[33mThe CJS build of Vite's Node API is deprecated. See https://vite.dev/guide/troubleshooting.html#vite-cjs-node-api-deprecated for more details.[39m

 RUN  v3.2.7 /Users/jeongyounglee/work/repo/desktop-monster

 ✓ tests/persistence.test.ts (10 tests) 23ms
 ✓ tests/globalInput.test.ts (19 tests) 37ms
 ✓ tests/tray.test.ts (17 tests) 41ms
 ✓ tests/input.test.ts (9 tests) 10ms
 ✓ tests/save.test.ts (11 tests) 21ms
 ✓ tests/formulas.test.ts (10 tests) 32ms
 ✓ tests/engine.test.ts (16 tests) 45ms
 ✓ tests/sprites.test.ts (25 tests) 35ms
 ✓ tests/audio.test.ts (13 tests) 15ms
 ✓ tests/renderer.test.ts (63 tests) 200ms
 ✓ tests/packaging.test.ts (11 tests) 7ms
 ✓ tests/scaffold.test.ts (1 test) 1ms
 ✓ tests/ipc.test.ts (25 tests) 14ms
 ✓ tests/anim.test.ts (14 tests) 44ms
 ✓ tests/server/http.test.ts (9 tests) 9ms
 ✓ tests/effects.test.ts (5 tests) 29ms
 ✓ tests/window.test.ts (26 tests) 9ms
 ✓ tests/rendererInput.test.ts (7 tests) 5ms
 ✓ tests/loot.test.ts (11 tests) 1055ms
   ✓ mulberry32 deterministic RNG (SPEC F06, Assumption 15) > outputs stay in [0, 1) and are roughly uniform over 10000 draws  484ms
   ✓ loot tables (SPEC F09, Assumptions 3/6/15) > trinket drop rate over 10000 seeded kills is within 23 to 27 percent  486ms
 ✓ tests/fsm.test.ts (12 tests) 7ms
 ✓ tests/drag.test.ts (7 tests) 5ms
 ✓ tests/bignum.test.ts (7 tests) 6ms

 Test Files  22 passed (22)
      Tests  328 passed (328)
   Start at  10:11:22
   Duration  2.48s (transform 2.02s, setup 0ms, collect 5.72s, tests 1.65s, environment 5ms, prepare 5.93s)


> desmon@0.1.0 lint
> eslint . --max-warnings 0


> desmon@0.1.0 typecheck
> tsc -p tsconfig.main.json --noEmit && tsc -p tsconfig.renderer.json --noEmit && tsc -p tsconfig.test.json

