
> desmon@0.1.0 test
> vitest run

[33mThe CJS build of Vite's Node API is deprecated. See https://vite.dev/guide/troubleshooting.html#vite-cjs-node-api-deprecated for more details.[39m

 RUN  v3.2.7 /Users/jeongyounglee/work/repo/desktop-monster

 ✓ tests/server/http.test.ts (9 tests) 18ms
 ✓ tests/identity.test.ts (7 tests) 31ms
 ✓ tests/globalInput.test.ts (19 tests) 52ms
 ✓ tests/tray.test.ts (17 tests) 42ms
 ✓ tests/net.test.ts (10 tests) 64ms
 ✓ tests/formulas.test.ts (12 tests) 77ms
 ✓ tests/engine.test.ts (23 tests) 289ms
 ✓ tests/sprites.test.ts (28 tests) 50ms
 ✓ tests/anim.test.ts (14 tests) 79ms
 ✓ tests/save.test.ts (11 tests) 26ms
 ✓ tests/renderer.test.ts (64 tests) 143ms
 ✓ tests/persistence.test.ts (10 tests) 55ms
 ✓ tests/window.test.ts (26 tests) 11ms
 ✓ tests/ipc.test.ts (47 tests) 16ms
 ✓ tests/input.test.ts (9 tests) 7ms
 ✓ tests/effects.test.ts (5 tests) 10ms
 ✓ tests/loot.test.ts (11 tests) 1033ms
   ✓ mulberry32 deterministic RNG (SPEC F06, Assumption 15) > outputs stay in [0, 1) and are roughly uniform over 10000 draws  644ms
   ✓ loot tables (SPEC F09, Assumptions 3/6/15) > trinket drop rate over 10000 seeded kills is within 23 to 27 percent  322ms
 ✓ tests/rendererInput.test.ts (7 tests) 8ms
 ✓ tests/audio.test.ts (13 tests) 15ms
 ✓ tests/packaging.test.ts (11 tests) 10ms
 ✓ tests/drag.test.ts (7 tests) 7ms
 ✓ tests/bignum.test.ts (7 tests) 4ms
 ✓ tests/fsm.test.ts (12 tests) 7ms
 ✓ tests/scaffold.test.ts (1 test) 3ms
 ✓ tests/collection.test.ts (14 tests) 1466ms
   ✓ resolvePvp (SPEC F37, Assumption 34) > resolvePvp wins with probability myPower over total and moves one random companion from the loser to the winner  1422ms

 Test Files  25 passed (25)
      Tests  394 passed (394)
   Start at  10:37:01
   Duration  2.51s (transform 3.18s, setup 0ms, collect 6.75s, tests 3.52s, environment 4ms, prepare 4.99s)


> desmon@0.1.0 lint
> eslint . --max-warnings 0


> desmon@0.1.0 typecheck
> tsc -p tsconfig.main.json --noEmit && tsc -p tsconfig.renderer.json --noEmit && tsc -p tsconfig.test.json

