
> desmon@0.1.0 test
> vitest run

[33mThe CJS build of Vite's Node API is deprecated. See https://vite.dev/guide/troubleshooting.html#vite-cjs-node-api-deprecated for more details.[39m

 RUN  v3.2.7 /Users/jeongyounglee/work/repo/desktop-monster

 ✓ tests/persistence.test.ts (10 tests) 23ms
 ✓ tests/globalInput.test.ts (19 tests) 25ms
 ✓ tests/identity.test.ts (7 tests) 19ms
 ✓ tests/net.test.ts (10 tests) 40ms
 ✓ tests/formulas.test.ts (12 tests) 31ms
 ✓ tests/engine.test.ts (23 tests) 163ms
 ✓ tests/sprites.test.ts (28 tests) 36ms
 ✓ tests/anim.test.ts (14 tests) 24ms
 ✓ tests/server/http.test.ts (9 tests) 15ms
 ✓ tests/ipc.test.ts (47 tests) 21ms
 ✓ tests/effects.test.ts (5 tests) 12ms
 ✓ tests/tray.test.ts (17 tests) 65ms
 ✓ tests/renderer.test.ts (64 tests) 116ms
 ✓ tests/loot.test.ts (11 tests) 750ms
   ✓ loot tables (SPEC F09, Assumptions 3/6/15) > trinket drop rate over 10000 seeded kills is within 23 to 27 percent  393ms
 ✓ tests/save.test.ts (11 tests) 57ms
 ✓ tests/server/app.test.ts (10 tests) 24ms
 ✓ tests/rendererInput.test.ts (7 tests) 8ms
 ✓ tests/audio.test.ts (13 tests) 39ms
 ✓ tests/bignum.test.ts (7 tests) 7ms
 ✓ tests/packaging.test.ts (11 tests) 12ms
 ✓ tests/window.test.ts (26 tests) 10ms
 ✓ tests/input.test.ts (9 tests) 5ms
 ✓ tests/drag.test.ts (7 tests) 3ms
 ✓ tests/fsm.test.ts (12 tests) 4ms
 ✓ tests/scaffold.test.ts (1 test) 3ms
 ✓ tests/collection.test.ts (14 tests) 1442ms
   ✓ resolvePvp (SPEC F37, Assumption 34) > resolvePvp wins with probability myPower over total and moves one random companion from the loser to the winner  1417ms

 Test Files  26 passed (26)
      Tests  404 passed (404)
   Start at  10:38:31
   Duration  2.37s (transform 2.63s, setup 0ms, collect 6.30s, tests 2.96s, environment 5ms, prepare 4.41s)


> desmon@0.1.0 lint
> eslint . --max-warnings 0


> desmon@0.1.0 typecheck
> tsc -p tsconfig.main.json --noEmit && tsc -p tsconfig.renderer.json --noEmit && tsc -p tsconfig.test.json

