
> desmon@0.1.0 test
> vitest run

[33mThe CJS build of Vite's Node API is deprecated. See https://vite.dev/guide/troubleshooting.html#vite-cjs-node-api-deprecated for more details.[39m

 RUN  v3.2.7 /Users/jeongyounglee/work/repo/desktop-monster

 ✓ tests/persistence.test.ts (10 tests) 81ms
 ✓ tests/identity.test.ts (7 tests) 34ms
 ✓ tests/tray.test.ts (37 tests) 160ms
 ✓ tests/globalInput.test.ts (19 tests) 261ms
 ✓ tests/engine.test.ts (26 tests) 69ms
 ✓ tests/net.test.ts (10 tests) 1131ms
   ✓ createNetClient > sends Authorization Bearer and a JSON body  591ms
 ✓ tests/server/app.test.ts (10 tests) 19ms
 ✓ tests/sprites.test.ts (29 tests) 22ms
 ✓ tests/loot.test.ts (11 tests) 227ms
 ✓ tests/renderer.test.ts (65 tests) 48ms
 ✓ tests/collection.test.ts (14 tests) 384ms
   ✓ resolvePvp (SPEC F37, Assumption 34) > resolvePvp wins with probability myPower over total and moves one random companion from the loser to the winner  375ms
 ✓ tests/packaging.test.ts (11 tests) 3ms
 ✓ tests/window.test.ts (26 tests) 4ms
 ✓ tests/server/pvp.test.ts (9 tests) 8ms
 ✓ tests/server/http.test.ts (9 tests) 5ms
 ✓ tests/rendererInput.test.ts (7 tests) 3ms
 ✓ tests/audio.test.ts (13 tests) 10ms
 ✓ tests/fever.test.ts (4 tests) 11ms
 ✓ tests/formulas.test.ts (12 tests) 16ms
 ✓ tests/save.test.ts (11 tests) 22ms
 ✓ tests/anim.test.ts (14 tests) 8ms
 ✓ tests/ipc.test.ts (47 tests) 6ms
 ✓ tests/scaffold.test.ts (1 test) 1ms
 ✓ tests/bignum.test.ts (7 tests) 116ms
 ✓ tests/drag.test.ts (7 tests) 4ms
 ✓ tests/fsm.test.ts (12 tests) 6ms
 ✓ tests/server/pgStore.test.ts (19 tests) 6ms
 ✓ tests/deploy.test.ts (7 tests) 3ms
 ✓ tests/effects.test.ts (5 tests) 7ms
 ✓ tests/input.test.ts (9 tests) 3ms

 Test Files  30 passed (30)
      Tests  468 passed (468)
   Start at  11:06:29
   Duration  4.37s (transform 11.81s, setup 0ms, collect 23.66s, tests 2.68s, environment 9ms, prepare 5.76s)


> desmon@0.1.0 lint
> eslint . --max-warnings 0


> desmon@0.1.0 typecheck
> tsc -p tsconfig.main.json --noEmit && tsc -p tsconfig.renderer.json --noEmit && tsc -p tsconfig.test.json

