
> desmon@0.1.0 test
> vitest run

[33mThe CJS build of Vite's Node API is deprecated. See https://vite.dev/guide/troubleshooting.html#vite-cjs-node-api-deprecated for more details.[39m

 RUN  v3.2.7 /Users/jeongyounglee/work/repo/desktop-monster

 ✓ tests/persistence.test.ts (10 tests) 46ms
 ✓ tests/globalInput.test.ts (19 tests) 39ms
 ✓ tests/tray.test.ts (17 tests) 74ms
 ✓ tests/net.test.ts (10 tests) 54ms
 ✓ tests/formulas.test.ts (12 tests) 76ms
 ✓ tests/save.test.ts (11 tests) 39ms
 ✓ tests/engine.test.ts (17 tests) 80ms
 ✓ tests/anim.test.ts (14 tests) 38ms
 ✓ tests/sprites.test.ts (25 tests) 62ms
 ✓ tests/renderer.test.ts (64 tests) 201ms
 ✓ tests/audio.test.ts (13 tests) 25ms
 ✓ tests/effects.test.ts (5 tests) 12ms
 ✓ tests/identity.test.ts (7 tests) 37ms
 ✓ tests/ipc.test.ts (37 tests) 27ms
 ✓ tests/packaging.test.ts (11 tests) 4ms
 ✓ tests/window.test.ts (26 tests) 5ms
 ✓ tests/server/http.test.ts (9 tests) 10ms
 ✓ tests/drag.test.ts (7 tests) 4ms
 ✓ tests/rendererInput.test.ts (7 tests) 7ms
 ✓ tests/loot.test.ts (11 tests) 1324ms
   ✓ mulberry32 deterministic RNG (SPEC F06, Assumption 15) > outputs stay in [0, 1) and are roughly uniform over 10000 draws  806ms
   ✓ loot tables (SPEC F09, Assumptions 3/6/15) > trinket drop rate over 10000 seeded kills is within 23 to 27 percent  450ms
 ✓ tests/bignum.test.ts (7 tests) 6ms
 ✓ tests/input.test.ts (9 tests) 10ms
 ✓ tests/fsm.test.ts (12 tests) 22ms
 ✓ tests/scaffold.test.ts (1 test) 1ms

 Test Files  24 passed (24)
      Tests  361 passed (361)
   Start at  10:22:49
   Duration  3.06s (transform 2.96s, setup 0ms, collect 9.19s, tests 2.20s, environment 4ms, prepare 5.74s)


> desmon@0.1.0 lint
> eslint . --max-warnings 0


> desmon@0.1.0 typecheck
> tsc -p tsconfig.main.json --noEmit && tsc -p tsconfig.renderer.json --noEmit && tsc -p tsconfig.test.json

