
> desmon@0.1.0 test
> vitest run

[33mThe CJS build of Vite's Node API is deprecated. See https://vite.dev/guide/troubleshooting.html#vite-cjs-node-api-deprecated for more details.[39m

 RUN  v3.2.7 /Users/jeongyounglee/work/repo/desktop-monster

 ✓ tests/persistence.test.ts (10 tests) 39ms
 ✓ tests/net.test.ts (10 tests) 52ms
 ✓ tests/fever.test.ts (4 tests) 8ms
 ✓ tests/fsm.test.ts (12 tests) 12ms
 ✓ tests/formulas.test.ts (12 tests) 21ms
 ✓ tests/engine.test.ts (26 tests) 98ms
 ✓ tests/server/app.test.ts (10 tests) 42ms
 ✓ tests/sprites.test.ts (29 tests) 56ms
 ✓ tests/server/pvp.test.ts (9 tests) 20ms
 ✓ tests/renderer.test.ts (80 tests) 257ms
 ✓ tests/bignum.test.ts (7 tests) 5ms
 ✓ tests/globalInput.test.ts (19 tests) 27ms
 ✓ tests/tray.test.ts (37 tests) 31ms
 ✓ tests/audio.test.ts (15 tests) 104ms
 ✓ tests/identity.test.ts (7 tests) 24ms
 ✓ tests/anim.test.ts (14 tests) 24ms
 ✓ tests/ipc.test.ts (47 tests) 7ms
 ✓ tests/loot.test.ts (11 tests) 907ms
   ✓ mulberry32 deterministic RNG (SPEC F06, Assumption 15) > outputs stay in [0, 1) and are roughly uniform over 10000 draws  513ms
 ✓ tests/deploy.test.ts (7 tests) 10ms
 ✓ tests/server/pgStore.test.ts (19 tests) 9ms
 ✓ tests/save.test.ts (11 tests) 10ms
 ✓ tests/server/http.test.ts (9 tests) 13ms
 ✓ tests/packaging.test.ts (11 tests) 5ms
 ✓ tests/rendererInput.test.ts (7 tests) 3ms
 ✓ tests/collection.test.ts (14 tests) 1162ms
   ✓ resolvePvp (SPEC F37, Assumption 34) > resolvePvp wins with probability myPower over total and moves one random companion from the loser to the winner  1146ms
 ✓ tests/window.test.ts (26 tests) 7ms
 ✓ tests/effects.test.ts (5 tests) 8ms
 ✓ tests/input.test.ts (9 tests) 60ms
 ✓ tests/drag.test.ts (7 tests) 5ms
 ✓ tests/scaffold.test.ts (1 test) 2ms

 Test Files  30 passed (30)
      Tests  485 passed (485)
   Start at  11:23:18
   Duration  2.16s (transform 1.76s, setup 0ms, collect 4.61s, tests 3.03s, environment 5ms, prepare 3.96s)


> desmon@0.1.0 lint
> eslint . --max-warnings 0


> desmon@0.1.0 typecheck
> tsc -p tsconfig.main.json --noEmit && tsc -p tsconfig.renderer.json --noEmit && tsc -p tsconfig.test.json

