F01 (L86) rc=0 titles=0 vitest=0 cmds=1
F02 (L87) rc=0 titles=0 vitest=0 cmds=1
F03 (L88) rc=0 titles=0 vitest=0 cmds=1
F04 (L89) rc=0 titles=3 vitest=1 cmds=1
F05 (L90) rc=0 titles=1 vitest=1 cmds=0
F06 (L91) rc=0 titles=2 vitest=1 cmds=0
F07 (L92) rc=0 titles=3 vitest=1 cmds=0
F08 (L93) rc=0 titles=1 vitest=1 cmds=0
F09 (L94) rc=0 titles=2 vitest=1 cmds=0
F10 (L95) rc=0 titles=2 vitest=1 cmds=1
F11 (L96) rc=0 titles=1 vitest=1 cmds=0
F12 (L97) rc=0 titles=1 vitest=1 cmds=1
F13 (L98) rc=0 titles=0 vitest=0 cmds=1
F14 (L99) rc=0 titles=1 vitest=1 cmds=0
F15 (L100) rc=0 titles=0 vitest=0 cmds=1
F16 (L101) rc=0 titles=0 vitest=0 cmds=1
F17 (L102) rc=0 titles=0 vitest=0 cmds=1
F18 (L103) rc=0 titles=0 vitest=0 cmds=1
F19 (L104) rc=0 titles=2 vitest=1 cmds=1
F20 (L105) rc=0 titles=3 vitest=1 cmds=0
F21 (L106) rc=0 titles=0 vitest=0 cmds=1
F22 (L107) rc=0 titles=0 vitest=0 cmds=1
F23 (L108) rc=0 titles=0 vitest=0 cmds=1
F24 (L109) rc=0 titles=0 vitest=0 cmds=1
F25 (L110) rc=0 titles=0 vitest=0 cmds=1
F26 (L111) rc=0 titles=0 vitest=0 cmds=1
F27 (L112) rc=0 titles=0 vitest=0 cmds=1
F28 (L120) rc=0 titles=0 vitest=0 cmds=1
F29 (L121) rc=0 titles=0 vitest=0 cmds=1
F30 (L122) rc=0 titles=0 vitest=0 cmds=1
F31 (L123) rc=0 titles=0 vitest=0 cmds=1
F32 (L124) rc=0 titles=0 vitest=0 cmds=1
F33 (L125) rc=0 titles=0 vitest=0 cmds=1
F34 (L126) rc=0 titles=0 vitest=0 cmds=1
F35 (L127) rc=0 titles=0 vitest=0 cmds=1
F36 (L128) rc=0 titles=0 vitest=0 cmds=1
F37 (L129) rc=0 titles=0 vitest=0 cmds=1
F38 (L130) rc=0 titles=0 vitest=0 cmds=1
F39 (L131) rc=0 titles=0 vitest=0 cmds=1
F40 (L132) rc=0 titles=0 vitest=0 cmds=1
F41 (L133) rc=0 titles=0 vitest=0 cmds=1
F42 (L134) rc=0 titles=0 vitest=0 cmds=1
F43 (L135) rc=0 titles=0 vitest=0 cmds=1
F44 (L136) rc=0 titles=0 vitest=0 cmds=1
F45 (L137) rc=0 titles=0 vitest=0 cmds=1
F46 (L138) rc=0 titles=0 vitest=0 cmds=1
F47 (L139) rc=0 titles=0 vitest=0 cmds=1
F48 (L140) rc=0 titles=0 vitest=0 cmds=1
F49 (L141) rc=0 titles=0 vitest=0 cmds=1
F50 (L142) rc=0 titles=0 vitest=0 cmds=1
F51 (L143) rc=0 titles=0 vitest=0 cmds=1
F52 (L144) rc=0 titles=0 vitest=0 cmds=1
F53 (L145) rc=0 titles=0 vitest=0 cmds=1
F54 (L146) rc=0 titles=0 vitest=0 cmds=1
F55 (L147) rc=0 titles=0 vitest=0 cmds=1
F56 (L148) rc=0 titles=0 vitest=0 cmds=1
F57 (L149) rc=0 titles=0 vitest=0 cmds=1
F58 (L150) rc=0 titles=0 vitest=0 cmds=1
/healthz (L158) rc=0 titles=1 vitest=1 cmds=0
/v1/players (L159) rc=0 titles=1 vitest=1 cmds=0
/v1/snapshot (L160) rc=0 titles=2 vitest=1 cmds=0
/v1/leaderboard (L161) rc=0 titles=1 vitest=1 cmds=0
/v1/pvp (L162) rc=0 titles=6 vitest=1 cmds=0
PvP cooldown (L163) rc=0 titles=1 vitest=1 cmds=0
Rate limit (L164) rc=0 titles=1 vitest=1 cmds=0
Body cap (L165) rc=0 titles=2 vitest=1 cmds=0
Unauthorized (L166) rc=0 titles=1 vitest=1 cmds=0
Not found / internal (L167) rc=0 titles=1 vitest=1 cmds=0
Deployment AC (L208) rc=0 titles=0 vitest=0 cmds=1
SPEC_SWEEP_DONE fail=0
