+(eval):1> rm -rf node_modules
+(eval):1> npm ci
npm WARN EBADENGINE Unsupported engine {
npm WARN EBADENGINE   package: '@electron/rebuild@4.2.0',
npm WARN EBADENGINE   required: { node: '>=22.12.0' },
npm WARN EBADENGINE   current: { node: 'v20.12.2', npm: '10.5.0' }
npm WARN EBADENGINE }
npm WARN EBADENGINE Unsupported engine {
npm WARN EBADENGINE   package: 'eslint-visitor-keys@5.0.1',
npm WARN EBADENGINE   required: { node: '^20.19.0 || ^22.13.0 || >=24' },
npm WARN EBADENGINE   current: { node: 'v20.12.2', npm: '10.5.0' }
npm WARN EBADENGINE }
npm WARN EBADENGINE Unsupported engine {
npm WARN EBADENGINE   package: 'abbrev@4.0.0',
npm WARN EBADENGINE   required: { node: '^20.17.0 || >=22.9.0' },
npm WARN EBADENGINE   current: { node: 'v20.12.2', npm: '10.5.0' }
npm WARN EBADENGINE }
npm WARN EBADENGINE Unsupported engine {
npm WARN EBADENGINE   package: 'node-abi@4.33.0',
npm WARN EBADENGINE   required: { node: '>=22.12.0' },
npm WARN EBADENGINE   current: { node: 'v20.12.2', npm: '10.5.0' }
npm WARN EBADENGINE }
npm WARN EBADENGINE Unsupported engine {
npm WARN EBADENGINE   package: 'node-gyp@12.4.0',
npm WARN EBADENGINE   required: { node: '^20.17.0 || >=22.9.0' },
npm WARN EBADENGINE   current: { node: 'v20.12.2', npm: '10.5.0' }
npm WARN EBADENGINE }
npm WARN EBADENGINE Unsupported engine {
npm WARN EBADENGINE   package: 'which@6.0.1',
npm WARN EBADENGINE   required: { node: '^20.17.0 || >=22.9.0' },
npm WARN EBADENGINE   current: { node: 'v20.12.2', npm: '10.5.0' }
npm WARN EBADENGINE }
npm WARN EBADENGINE Unsupported engine {
npm WARN EBADENGINE   package: 'nopt@9.0.0',
npm WARN EBADENGINE   required: { node: '^20.17.0 || >=22.9.0' },
npm WARN EBADENGINE   current: { node: 'v20.12.2', npm: '10.5.0' }
npm WARN EBADENGINE }
npm WARN EBADENGINE Unsupported engine {
npm WARN EBADENGINE   package: 'proc-log@6.1.0',
npm WARN EBADENGINE   required: { node: '^20.17.0 || >=22.9.0' },
npm WARN EBADENGINE   current: { node: 'v20.12.2', npm: '10.5.0' }
npm WARN EBADENGINE }
npm WARN deprecated inflight@1.0.6: This module is not supported, and leaks memory. Do not use it. Check out lru-cache if you want a good and tested way to coalesce async requests by a key value, which is much more comprehensive and powerful.
npm WARN deprecated rimraf@2.6.3: Rimraf versions prior to v4 are no longer supported
npm WARN deprecated glob@7.2.3: Old versions of glob are not supported, and contain widely publicized security vulnerabilities, which have been fixed in the current version. Please update. Support for old versions may be purchased (at exorbitant rates) by contacting i@izs.me
npm WARN deprecated boolean@3.2.0: Package no longer supported. Contact Support at https://www.npmjs.com/support for more info.

added 467 packages, and audited 468 packages in 4s

88 packages are looking for funding
  run `npm fund` for details

10 vulnerabilities (2 moderate, 8 high)

To address issues that do not require attention, run:
  npm audit fix

To address all issues (including breaking changes), run:
  npm audit fix --force

Run `npm audit` for details.
+(eval):1> npm test

> desmon@0.2.0 test
> vitest run

[33mThe CJS build of Vite's Node API is deprecated. See https://vite.dev/guide/troubleshooting.html#vite-cjs-node-api-deprecated for more details.[39m

 RUN  v3.2.7 /Users/jeongyounglee/work/repo/desktop-monster

 ✓ tests/ipc.test.ts (47 tests) 7ms
 ✓ tests/tray.test.ts (37 tests) 14ms
 ✓ tests/net.test.ts (10 tests) 25ms
 ✓ tests/server/app.test.ts (10 tests) 20ms
 ✓ tests/engine.test.ts (26 tests) 86ms
 ✓ tests/anim.test.ts (14 tests) 11ms
 ✓ tests/sprites.test.ts (29 tests) 44ms
 ✓ tests/audio.test.ts (15 tests) 11ms
 ✓ tests/menu.test.ts (13 tests) 20ms
 ✓ tests/server/pvp.test.ts (9 tests) 6ms
 ✓ tests/renderer.test.ts (80 tests) 108ms
 ✓ tests/save.test.ts (11 tests) 12ms
 ✓ tests/globalInput.test.ts (19 tests) 28ms
 ✓ tests/rendererInput.test.ts (7 tests) 3ms
 ✓ tests/fever.test.ts (4 tests) 14ms
 ✓ tests/server/http.test.ts (9 tests) 9ms
 ✓ tests/server/pgStore.test.ts (19 tests) 9ms
 ✓ tests/fsm.test.ts (12 tests) 6ms
 ✓ tests/input.test.ts (9 tests) 6ms
 ✓ tests/packaging.test.ts (14 tests) 10ms
 ✓ tests/formulas.test.ts (12 tests) 22ms
 ✓ tests/window.test.ts (26 tests) 5ms
 ✓ tests/collection.test.ts (14 tests) 805ms
   ✓ resolvePvp (SPEC F37, Assumption 34) > resolvePvp wins with probability myPower over total and moves one random companion from the loser to the winner  774ms
 ✓ tests/effects.test.ts (5 tests) 7ms
 ✓ tests/drag.test.ts (7 tests) 2ms
 ✓ tests/identity.test.ts (7 tests) 13ms
 ✓ tests/persistence.test.ts (10 tests) 13ms
 ✓ tests/deploy.test.ts (7 tests) 6ms
 ✓ tests/bignum.test.ts (7 tests) 6ms
 ✓ tests/loot.test.ts (11 tests) 512ms
   ✓ mulberry32 deterministic RNG (SPEC F06, Assumption 15) > outputs stay in [0, 1) and are roughly uniform over 10000 draws  407ms
 ✓ tests/scaffold.test.ts (1 test) 1ms

 Test Files  31 passed (31)
      Tests  501 passed (501)
   Start at  12:02:44
   Duration  1.52s (transform 1.25s, setup 0ms, collect 3.50s, tests 1.84s, environment 4ms, prepare 2.98s)

+(eval):1> npm run lint

> desmon@0.2.0 lint
> eslint . --max-warnings 0

+(eval):1> npm run typecheck

> desmon@0.2.0 typecheck
> tsc -p tsconfig.main.json --noEmit && tsc -p tsconfig.renderer.json --noEmit && tsc -p tsconfig.test.json

+(eval):1> echo 'GATES_RC=0'
GATES_RC=0
