[33mThe CJS build of Vite's Node API is deprecated. See https://vite.dev/guide/troubleshooting.html#vite-cjs-node-api-deprecated for more details.[39m

 RUN  v3.2.7 /Users/jeongyounglee/work/repo/desktop-monster

 ✓ tests/server/pvp.test.ts (14 tests) 19ms
 ✓ tests/server/v09.test.ts (9 tests) 25ms
 ✓ tests/onlineV10.test.ts (6 tests) 37ms
 ✓ tests/server/app.test.ts (18 tests) 44ms
 ✓ tests/server/opponents.test.ts (10 tests) 50ms
 ✓ tests/net.test.ts (45 tests) 101ms
 ✓ tests/server/companionLevelsV7.test.ts (9 tests) 52ms
 ✓ tests/pvpAbuseV91.test.ts (8 tests) 62ms
 ✓ tests/onlineV9.test.ts (8 tests) 211ms
 ✓ tests/server/pgTransaction.test.ts (9 tests) 6ms
 ✓ tests/server/http.test.ts (9 tests) 8ms
 ✓ tests/server/pgStore.test.ts (22 tests) 6ms
 ✓ tests/onlineV91.test.ts (10 tests) 389ms
 ✓ tests/pvpDirectoryV7.test.ts (20 tests) 56ms

 Test Files  14 passed (14)
      Tests  197 passed (197)
   Start at  16:29:47
   Duration  1.09s (transform 1.27s, setup 0ms, collect 3.37s, tests 1.07s, environment 2ms, prepare 1.29s)

