
> desmon@0.9.1 test
> vitest run

[33mThe CJS build of Vite's Node API is deprecated. See https://vite.dev/guide/troubleshooting.html#vite-cjs-node-api-deprecated for more details.[39m

 RUN  v3.2.7 /Users/jeongyounglee/work/repo/desktop-monster

 ✓ tests/loot.test.ts (11 tests) 452ms
   ✓ mulberry32 deterministic RNG (SPEC F06, Assumption 15) > outputs stay in [0, 1) and are roughly uniform over 10000 draws  347ms
 ✓ tests/engine.test.ts (45 tests) 485ms
 ✓ tests/performanceV8.test.ts (6 tests) 593ms
   ✓ v0.8 performance evidence validation > binds reports, raw samples, screenshots, app bytes and observer source before accepting a matrix  503ms
 ✓ tests/progressionV7.test.ts (45 tests) 694ms
 ✓ tests/renderer.test.ts (104 tests) 316ms
 ✓ tests/heroForms.test.ts (8 tests) 882ms
   ✓ v0.5 reincarnated hero art > supplies 70 complete registered 14×14 forms with animated idle and attack poses  654ms
 ✓ tests/heroRendering.test.ts (5 tests) 573ms
 ✓ tests/effects-v09.test.ts (6 tests) 210ms
 ✓ tests/hud-v09.test.ts (3 tests) 831ms
   ✓ v0.9 HUD readability > fits compact outlined counters below the drag strip with transparent space between rows  374ms
   ✓ v0.9 HUD readability > keeps the existing normal/critical damage lane clear of counters throughout its rise  434ms
 ✓ tests/replayV91.test.ts (14 tests) 196ms
 ✓ tests/onlineV91.test.ts (10 tests) 613ms
 ✓ tests/sprites.test.ts (34 tests) 392ms
 ✓ tests/menu.test.ts (63 tests) 537ms
 ✓ tests/onlineV9.test.ts (8 tests) 177ms
 ✓ tests/expedition.test.ts (16 tests) 1181ms
   ✓ A3 — a full roster releases the boss instead of voiding it (H1/H2) > never swallows a capture draw: every full-roster boss draw emits an event  845ms
 ✓ tests/codexV7.test.ts (10 tests) 267ms
 ✓ tests/progressionV5.test.ts (12 tests) 267ms
 ✓ tests/collection.test.ts (21 tests) 420ms
   ✓ resolvePvp (SPEC F37/F62, Assumption 34) > resolvePvp leaves companions untouched over 10000 seeded wins  392ms
 ✓ tests/measurementV8.test.ts (6 tests) 1772ms
   ✓ v0.8 collection policy measurement > preserves the original v7 first-card trajectory exactly  1099ms
   ✓ v0.8 collection policy measurement > chooses the actual third rare card and records the existing consume policy without species protection  601ms
 ✓ tests/heroJobStudies.test.ts (3 tests) 324ms
 ✓ tests/hero.test.ts (17 tests) 132ms
 ✓ tests/net.test.ts (45 tests) 298ms
 ✓ tests/heroArtCompatibility.test.ts (2 tests) 87ms
 ✓ tests/pvpDirectoryV7.test.ts (20 tests) 163ms
 ✓ tests/formulas.test.ts (21 tests) 177ms
 ✓ tests/shareV9.test.ts (9 tests) 50ms
 ✓ tests/companionLevelsV7.test.ts (33 tests) 16ms
 ✓ tests/server/companionLevelsV7.test.ts (9 tests) 80ms
 ✓ tests/pvpAbuseV91.test.ts (8 tests) 57ms
 ✓ tests/server/opponents.test.ts (10 tests) 73ms
 ✓ tests/share.test.ts (5 tests) 120ms
 ✓ tests/progressV5.test.ts (12 tests) 119ms
 ✓ tests/heroEvolutionStudies.test.ts (2 tests) 64ms
 ✓ tests/menuV9.test.ts (14 tests) 137ms
 ✓ tests/server/app.test.ts (18 tests) 115ms
 ✓ tests/discoveryV5.test.ts (8 tests) 25ms
 ✓ tests/tray.test.ts (38 tests) 15ms
 ✓ tests/server/v09.test.ts (9 tests) 111ms
 ✓ tests/onlineV8.test.ts (3 tests) 27ms
 ✓ tests/recoveryV9.test.ts (21 tests) 17ms
 ✓ tests/progressV6.test.ts (15 tests) 15ms
 ✓ tests/globalInput.test.ts (20 tests) 17ms
 ✓ tests/server/pvp.test.ts (14 tests) 26ms
 ✓ tests/save.test.ts (15 tests) 13ms
 ✓ tests/runtimeV8.test.ts (9 tests) 22ms
 ✓ tests/audio.test.ts (15 tests) 39ms
 ✓ tests/shareUiV9.test.ts (6 tests) 18ms
 ✓ tests/recoveryCaptureV9.test.ts (5 tests) 13ms
 ✓ tests/effects.test.ts (7 tests) 7ms
 ✓ tests/ipc.test.ts (61 tests) 13ms
 ✓ tests/goldV91.test.ts (15 tests) 13ms
 ✓ tests/settings.test.ts (4 tests) 12ms
 ✓ tests/ipcV5.test.ts (7 tests) 10ms
 ✓ tests/persistence.test.ts (10 tests) 13ms
 ✓ tests/identity.test.ts (8 tests) 18ms
 ✓ tests/heroMenuReadiness.test.ts (4 tests) 6ms
 ✓ tests/progressV7.test.ts (5 tests) 8ms
 ✓ tests/anim.test.ts (14 tests) 10ms
 ✓ tests/fever.test.ts (4 tests) 11ms
 ✓ tests/server/http.test.ts (9 tests) 8ms
 ✓ tests/packaging.test.ts (16 tests) 6ms
 ✓ tests/server/pgTransaction.test.ts (9 tests) 8ms
 ✓ tests/window.test.ts (29 tests) 10ms
 ✓ tests/trainingPreview.test.ts (4 tests) 13ms
 ✓ tests/deploy.test.ts (7 tests) 3ms
 ✓ tests/rendererInput.test.ts (8 tests) 3ms
 ✓ tests/server/pgStore.test.ts (22 tests) 4ms
 ✓ tests/platformV9.test.ts (3 tests) 4ms
 ✓ tests/fsm.test.ts (12 tests) 4ms
 ✓ tests/thefts.test.ts (5 tests) 5ms
 ✓ tests/battle.test.ts (5 tests) 4ms
 ✓ tests/drag.test.ts (7 tests) 3ms
 ✓ tests/bignum.test.ts (7 tests) 3ms
 ✓ tests/typeChart.test.ts (4 tests) 14ms
 ✓ tests/defenseV91.test.ts (1 test) 3ms
 ✓ tests/input.test.ts (9 tests) 3ms
 ✓ tests/scaffold.test.ts (1 test) 1ms
 ✓ tests/balance.test.ts (3 tests) 4998ms
   ✓ v0.7 deterministic accounting and gold policy regression > checks 20 exploration seeds across active, warm-idle and intermittent play at 5/15/30 minutes  4972ms

 Test Files  78 passed (78)
      Tests  1133 passed (1133)
   Start at  16:04:19
   Duration  5.49s (transform 2.60s, setup 0ms, collect 10.93s, tests 18.45s, environment 13ms, prepare 5.28s)


> desmon@0.9.1 lint
> eslint . --max-warnings 0


> desmon@0.9.1 typecheck
> tsc -p tsconfig.main.json --noEmit && tsc -p tsconfig.renderer.json --noEmit && tsc -p tsconfig.test.json

