TAP version 13
# Subtest: held-out denominator, distinct tuples, seed ranges and exact huge-wallet conservation are enforced
ok 1 - held-out denominator, distinct tuples, seed ranges and exact huge-wallet conservation are enforced
  ---
  duration_ms: 3.290458
  ...
# Subtest: non-arrival remains in unconditional percentiles and cannot turn an unsuccessful policy into a pass
ok 2 - non-arrival remains in unconditional percentiles and cannot turn an unsuccessful policy into a pass
  ---
  duration_ms: 0.539333
  ...
# Subtest: a never-used level tier and processing budget breach reject selection
ok 3 - a never-used level tier and processing budget breach reject selection
  ---
  duration_ms: 0.415625
  ...
# Subtest: registered selection-only source change is accepted, but forged summary and non-parameter compile changes are rejected
ok 4 - registered selection-only source change is accepted, but forged summary and non-parameter compile changes are rejected
  ---
  duration_ms: 290.657375
  ...
# Subtest: directory package identity includes file content and symlink destination without following cycles
ok 5 - directory package identity includes file content and symlink destination without following cycles
  ---
  duration_ms: 2.402834
  ...
# Subtest: only latest canonical gates and exact source-bound task AC are accepted; final task is non-circular
ok 6 - only latest canonical gates and exact source-bound task AC are accepted; final task is non-circular
  ---
  duration_ms: 8.443625
  ...
# Subtest: independent review requires author separation, current source and explicit external limitations
ok 7 - independent review requires author separation, current source and explicit external limitations
  ---
  duration_ms: 6.879875
  ...
# Subtest: v10 keeps the registered full durations and budgets; missing/short evidence fails
ok 8 - v10 keeps the registered full durations and budgets; missing/short evidence fails
  ---
  duration_ms: 1.381875
  ...
# Subtest: only the exact initial save can precede periodic clock persistence, within the unchanged lag limit
ok 9 - only the exact initial save can precede periodic clock persistence, within the unchanged lag limit
  ---
  duration_ms: 16.365167
  ...
# Subtest: terminal capture inputs follow the measured schedule and remain outside the 180-minute result
ok 10 - terminal capture inputs follow the measured schedule and remain outside the 180-minute result
  ---
  duration_ms: 69.818583
  ...
# Subtest: only the BigInt JSON boundary differs between the observers
ok 11 - only the BigInt JSON boundary differs between the observers
  ---
  duration_ms: 1.839083
  ...
# Subtest: latest failure, stale source, changed log or artifact rejects earlier success
ok 12 - latest failure, stale source, changed log or artifact rejects earlier success
  ---
  duration_ms: 3.484666
  ...
# Subtest: configuration rejects unknown dependencies, duplicate IDs and cycles
ok 13 - configuration rejects unknown dependencies, duplicate IDs and cycles
  ---
  duration_ms: 0.204041
  ...
# Subtest: invalidation preserves attempts and reopens only affected descendants
ok 14 - invalidation preserves attempts and reopens only affected descendants
  ---
  duration_ms: 1.281
  ...
# Subtest: ownership prevents parent/child overlaps and required artifact omissions
ok 15 - ownership prevents parent/child overlaps and required artifact omissions
  ---
  duration_ms: 0.377166
  ...
# Subtest: changed AC contracts replace stale journal commands and invalidate dependents without erasing receipts
ok 16 - changed AC contracts replace stale journal commands and invalidate dependents without erasing receipts
  ---
  duration_ms: 0.36825
  ...
1..16
# tests 16
# suites 0
# pass 16
# fail 0
# cancelled 0
# skipped 0
# todo 0
# duration_ms 562.366459
