{"profile":"active","minutes":30,"elapsedMinutes":1,"samples":12,"inputs":119,"cpu":3.5201413214382877,"memoryMiB":337.765625}
{"profile":"active","minutes":30,"elapsedMinutes":2,"samples":24,"inputs":238,"cpu":3.518426748819467,"memoryMiB":308.296875}
{"profile":"active","minutes":30,"elapsedMinutes":3,"samples":36,"inputs":357,"cpu":2.0047356628231356,"memoryMiB":303.40625}
{"profile":"active","minutes":30,"elapsedMinutes":4.01,"samples":48,"inputs":476,"cpu":2.8780932616497292,"memoryMiB":294.1875}
{"profile":"active","minutes":30,"elapsedMinutes":5.01,"samples":60,"inputs":596,"cpu":2.8700346588686023,"memoryMiB":288.9375}
{"profile":"active","minutes":30,"elapsedMinutes":6.01,"samples":72,"inputs":715,"cpu":3.026093682935293,"memoryMiB":300.765625}
{"profile":"active","minutes":30,"elapsedMinutes":7.01,"samples":84,"inputs":834,"cpu":2.5047239912970927,"memoryMiB":298.875}
{"profile":"active","minutes":30,"elapsedMinutes":8.01,"samples":96,"inputs":953,"cpu":2.3351768433350357,"memoryMiB":253.796875}
{"profile":"active","minutes":30,"elapsedMinutes":9.01,"samples":108,"inputs":1073,"cpu":2.063673023930722,"memoryMiB":247.96875}
{"profile":"active","minutes":30,"elapsedMinutes":10.01,"samples":120,"inputs":1192,"cpu":2.915183530269502,"memoryMiB":240.921875}
{"profile":"active","minutes":30,"elapsedMinutes":11.01,"samples":132,"inputs":1311,"cpu":3.026306336271299,"memoryMiB":235.28125}
{"profile":"active","minutes":30,"elapsedMinutes":12.02,"samples":144,"inputs":1430,"cpu":3.106058784331745,"memoryMiB":227.171875}
{"profile":"active","minutes":30,"elapsedMinutes":13.02,"samples":156,"inputs":1549,"cpu":3.156876312293296,"memoryMiB":226.640625}
{"profile":"active","minutes":30,"elapsedMinutes":14.02,"samples":168,"inputs":1669,"cpu":2.833031267055471,"memoryMiB":217.546875}
{"profile":"active","minutes":30,"elapsedMinutes":15.02,"samples":180,"inputs":1788,"cpu":2.40798314426586,"memoryMiB":233.875}
{"profile":"active","minutes":30,"elapsedMinutes":16.02,"samples":192,"inputs":1907,"cpu":2.184381797954613,"memoryMiB":251.484375}
{"profile":"active","minutes":30,"elapsedMinutes":17.02,"samples":204,"inputs":2027,"cpu":3.0309028199917445,"memoryMiB":236.0625}
{"profile":"active","minutes":30,"elapsedMinutes":18.02,"samples":216,"inputs":2146,"cpu":3.261472475284384,"memoryMiB":234.375}
{"profile":"active","minutes":30,"elapsedMinutes":19.02,"samples":228,"inputs":2265,"cpu":3.2847870374702093,"memoryMiB":232.75}
{"profile":"active","minutes":30,"elapsedMinutes":20.02,"samples":240,"inputs":2384,"cpu":3.094426945711748,"memoryMiB":232.75}
{"profile":"active","minutes":30,"elapsedMinutes":21.03,"samples":252,"inputs":2503,"cpu":3.1575638768911727,"memoryMiB":245.609375}
{"profile":"active","minutes":30,"elapsedMinutes":22.03,"samples":264,"inputs":2623,"cpu":2.751555247570077,"memoryMiB":236.359375}
{"profile":"active","minutes":30,"elapsedMinutes":23.03,"samples":276,"inputs":2742,"cpu":2.2373616241468217,"memoryMiB":232.953125}
{"profile":"active","minutes":30,"elapsedMinutes":24.03,"samples":288,"inputs":2861,"cpu":1.9931546926382935,"memoryMiB":229.484375}
{"profile":"active","minutes":30,"elapsedMinutes":25.03,"samples":300,"inputs":2980,"cpu":2.04150108754961,"memoryMiB":235.15625}
{"profile":"active","minutes":30,"elapsedMinutes":26.03,"samples":312,"inputs":3099,"cpu":2.420029994372527,"memoryMiB":248.828125}
{"profile":"active","minutes":30,"elapsedMinutes":27.03,"samples":324,"inputs":3218,"cpu":2.478863057705331,"memoryMiB":253.421875}
{"profile":"active","minutes":30,"elapsedMinutes":28.03,"samples":336,"inputs":3338,"cpu":2.3392423540903837,"memoryMiB":242.265625}
{"profile":"active","minutes":30,"elapsedMinutes":29.03,"samples":348,"inputs":3456,"cpu":2.1583972269464553,"memoryMiB":242.390625}
{"profile":"active","minutes":30,"elapsedMinutes":30,"samples":360,"inputs":3571,"cpu":2.429632319857638,"memoryMiB":244.4375}
{"output":"/Users/jeongyounglee/work/repo/desktop-monster/.agentdoc/v10-20260917T070144Z/performance/candidate-active.json","passed":true,"summary":{"cpuP95":3.1940795702144857,"workingSetMiBP95":292.546875,"initialMemoryMedian":240.71875,"finalMemoryMedian":null}}
{"profile":"idle","minutes":30,"elapsedMinutes":1,"samples":12,"inputs":0,"cpu":2.6837994271179206,"memoryMiB":383.828125}
{"profile":"idle","minutes":30,"elapsedMinutes":2,"samples":24,"inputs":0,"cpu":2.89939300732079,"memoryMiB":382.390625}
{"profile":"idle","minutes":30,"elapsedMinutes":3,"samples":36,"inputs":0,"cpu":2.8642598530258496,"memoryMiB":375.015625}
{"profile":"idle","minutes":30,"elapsedMinutes":4,"samples":48,"inputs":0,"cpu":2.716342925736963,"memoryMiB":368.21875}
{"profile":"idle","minutes":30,"elapsedMinutes":5.01,"samples":60,"inputs":0,"cpu":2.870370604308532,"memoryMiB":337.96875}
{"profile":"idle","minutes":30,"elapsedMinutes":6.01,"samples":72,"inputs":0,"cpu":1.846664106561842,"memoryMiB":286.4375}
{"profile":"idle","minutes":30,"elapsedMinutes":7.01,"samples":84,"inputs":0,"cpu":2.6479812499273736,"memoryMiB":268.71875}
{"profile":"idle","minutes":30,"elapsedMinutes":8.01,"samples":96,"inputs":0,"cpu":1.9657573852206407,"memoryMiB":250.875}
{"profile":"idle","minutes":30,"elapsedMinutes":9.01,"samples":108,"inputs":0,"cpu":3.1119729684206883,"memoryMiB":245.046875}
{"profile":"idle","minutes":30,"elapsedMinutes":10.01,"samples":120,"inputs":0,"cpu":2.6310249489678896,"memoryMiB":243.84375}
{"profile":"idle","minutes":30,"elapsedMinutes":11.01,"samples":132,"inputs":0,"cpu":3.2118454406548094,"memoryMiB":230.765625}
{"profile":"idle","minutes":30,"elapsedMinutes":12.02,"samples":144,"inputs":0,"cpu":3.0311012980989473,"memoryMiB":234.984375}
{"profile":"idle","minutes":30,"elapsedMinutes":13.02,"samples":156,"inputs":0,"cpu":1.8258860042617944,"memoryMiB":217.703125}
{"profile":"idle","minutes":30,"elapsedMinutes":14.02,"samples":168,"inputs":0,"cpu":2.1837509765813614,"memoryMiB":241.84375}
{"profile":"idle","minutes":30,"elapsedMinutes":15.02,"samples":180,"inputs":0,"cpu":1.2670109392468467,"memoryMiB":235.21875}
{"profile":"idle","minutes":30,"elapsedMinutes":16.02,"samples":192,"inputs":0,"cpu":2.3057899818515146,"memoryMiB":221.171875}
{"profile":"idle","minutes":30,"elapsedMinutes":17.02,"samples":204,"inputs":0,"cpu":2.957894676554862,"memoryMiB":230.625}
{"profile":"idle","minutes":30,"elapsedMinutes":18.02,"samples":216,"inputs":0,"cpu":1.1967672802679228,"memoryMiB":217.453125}
{"profile":"idle","minutes":30,"elapsedMinutes":19.02,"samples":228,"inputs":0,"cpu":1.458884442465251,"memoryMiB":202.359375}
{"profile":"idle","minutes":30,"elapsedMinutes":20.03,"samples":240,"inputs":0,"cpu":3.199526846470508,"memoryMiB":220.640625}
{"profile":"idle","minutes":30,"elapsedMinutes":21.03,"samples":252,"inputs":0,"cpu":3.2816888449993757,"memoryMiB":223.59375}
{"profile":"idle","minutes":30,"elapsedMinutes":22.03,"samples":264,"inputs":0,"cpu":3.1581143084765126,"memoryMiB":225.1875}
{"profile":"idle","minutes":30,"elapsedMinutes":23.03,"samples":276,"inputs":0,"cpu":1.5826836607156103,"memoryMiB":222.46875}
{"profile":"idle","minutes":30,"elapsedMinutes":24.03,"samples":288,"inputs":0,"cpu":1.9179257739520073,"memoryMiB":231.90625}
{"profile":"idle","minutes":30,"elapsedMinutes":25.03,"samples":300,"inputs":0,"cpu":3.4722889788462474,"memoryMiB":237.796875}
{"profile":"idle","minutes":30,"elapsedMinutes":26.03,"samples":312,"inputs":0,"cpu":3.74080348016225,"memoryMiB":226.65625}
{"profile":"idle","minutes":30,"elapsedMinutes":27.03,"samples":324,"inputs":0,"cpu":2.236530223752517,"memoryMiB":215.640625}
{"profile":"idle","minutes":30,"elapsedMinutes":28.04,"samples":336,"inputs":0,"cpu":1.7787404968501455,"memoryMiB":230.953125}
{"profile":"idle","minutes":30,"elapsedMinutes":29.04,"samples":348,"inputs":0,"cpu":2.7963029482021633,"memoryMiB":221.546875}
{"profile":"idle","minutes":30,"elapsedMinutes":30,"samples":360,"inputs":0,"cpu":3.377874032422485,"memoryMiB":233.484375}
{"output":"/Users/jeongyounglee/work/repo/desktop-monster/.agentdoc/v10-20260917T070144Z/performance/candidate-idle.json","passed":true,"summary":{"cpuP95":3.776462420980283,"workingSetMiBP95":281.765625,"initialMemoryMedian":230.203125,"finalMemoryMedian":null}}
{"profile":"mixed","minutes":180,"elapsedMinutes":1,"samples":12,"inputs":119,"cpu":2.0726909425677054,"memoryMiB":368.921875}
{"profile":"mixed","minutes":180,"elapsedMinutes":2,"samples":24,"inputs":238,"cpu":3.8995492055261347,"memoryMiB":366.21875}
{"profile":"mixed","minutes":180,"elapsedMinutes":3.01,"samples":36,"inputs":357,"cpu":2.3751004977407337,"memoryMiB":287.953125}
{"profile":"mixed","minutes":180,"elapsedMinutes":4.01,"samples":48,"inputs":477,"cpu":3.4056784556619166,"memoryMiB":270.8125}
{"profile":"mixed","minutes":180,"elapsedMinutes":5.01,"samples":60,"inputs":595,"cpu":3.6548121239585405,"memoryMiB":283.15625}
{"profile":"mixed","minutes":180,"elapsedMinutes":6.01,"samples":72,"inputs":595,"cpu":2.319657912514814,"memoryMiB":266.484375}
{"profile":"mixed","minutes":180,"elapsedMinutes":7.01,"samples":84,"inputs":595,"cpu":3.9998856887135665,"memoryMiB":261.46875}
{"profile":"mixed","minutes":180,"elapsedMinutes":8.01,"samples":96,"inputs":595,"cpu":3.7533503081323216,"memoryMiB":263.921875}
{"profile":"mixed","minutes":180,"elapsedMinutes":9.01,"samples":108,"inputs":595,"cpu":1.6546395707187387,"memoryMiB":258.078125}
{"profile":"mixed","minutes":180,"elapsedMinutes":10.01,"samples":120,"inputs":596,"cpu":3.4701085920556056,"memoryMiB":263.46875}
{"profile":"mixed","minutes":180,"elapsedMinutes":11.04,"samples":132,"inputs":719,"cpu":3.3086198220834926,"memoryMiB":269.375}
{"profile":"mixed","minutes":180,"elapsedMinutes":12.04,"samples":144,"inputs":838,"cpu":4.483164596879373,"memoryMiB":302.578125}
{"profile":"mixed","minutes":180,"elapsedMinutes":13.04,"samples":156,"inputs":957,"cpu":4.277657651974387,"memoryMiB":297.984375}
{"profile":"mixed","minutes":180,"elapsedMinutes":14.05,"samples":168,"inputs":1077,"cpu":4.560264928285084,"memoryMiB":292.890625}
{"profile":"mixed","minutes":180,"elapsedMinutes":15.05,"samples":180,"inputs":1190,"cpu":3.938884125571445,"memoryMiB":283.046875}
{"profile":"mixed","minutes":180,"elapsedMinutes":16.05,"samples":192,"inputs":1190,"cpu":4.098216338660188,"memoryMiB":283.578125}
{"profile":"mixed","minutes":180,"elapsedMinutes":17.05,"samples":204,"inputs":1190,"cpu":4.297057828397475,"memoryMiB":293.953125}
{"profile":"mixed","minutes":180,"elapsedMinutes":18.05,"samples":216,"inputs":1190,"cpu":4.179565716079875,"memoryMiB":290.421875}
{"profile":"mixed","minutes":180,"elapsedMinutes":19.05,"samples":228,"inputs":1190,"cpu":4.220038936964504,"memoryMiB":276.5}
{"profile":"mixed","minutes":180,"elapsedMinutes":20.05,"samples":240,"inputs":1196,"cpu":4.076304604179528,"memoryMiB":286.546875}
{"profile":"mixed","minutes":180,"elapsedMinutes":21.08,"samples":252,"inputs":1318,"cpu":4.499854848180213,"memoryMiB":310.390625}
{"profile":"mixed","minutes":180,"elapsedMinutes":22.08,"samples":264,"inputs":1436,"cpu":4.392039093053707,"memoryMiB":312.625}
{"profile":"mixed","minutes":180,"elapsedMinutes":23,"samples":275,"inputs":1545,"cpu":4.183749719343765,"memoryMiB":310.03125}
{"profile":"mixed","minutes":180,"elapsedMinutes":24,"samples":287,"inputs":1664,"cpu":4.030626304473155,"memoryMiB":307.453125}
{"profile":"mixed","minutes":180,"elapsedMinutes":25,"samples":299,"inputs":1782,"cpu":4.514218321354524,"memoryMiB":308.359375}
{"profile":"mixed","minutes":180,"elapsedMinutes":26.01,"samples":311,"inputs":1782,"cpu":4.09356004640751,"memoryMiB":305.203125}
{"profile":"mixed","minutes":180,"elapsedMinutes":27.01,"samples":323,"inputs":1782,"cpu":3.990804024299404,"memoryMiB":304.359375}
{"profile":"mixed","minutes":180,"elapsedMinutes":28.01,"samples":335,"inputs":1782,"cpu":4.173713365391723,"memoryMiB":303.171875}
{"profile":"mixed","minutes":180,"elapsedMinutes":29.01,"samples":347,"inputs":1782,"cpu":4.020924013213876,"memoryMiB":281.578125}
{"profile":"mixed","minutes":180,"elapsedMinutes":30.01,"samples":359,"inputs":1783,"cpu":4.214866775225899,"memoryMiB":288.328125}
{"profile":"mixed","minutes":180,"elapsedMinutes":31.04,"samples":371,"inputs":1904,"cpu":4.201602257386375,"memoryMiB":307.34375}
{"profile":"mixed","minutes":180,"elapsedMinutes":32.04,"samples":383,"inputs":2023,"cpu":4.361714323436003,"memoryMiB":308.265625}
{"profile":"mixed","minutes":180,"elapsedMinutes":33.04,"samples":395,"inputs":2141,"cpu":4.347230647220804,"memoryMiB":308.3125}
{"profile":"mixed","minutes":180,"elapsedMinutes":34.04,"samples":407,"inputs":2260,"cpu":4.3222057652602555,"memoryMiB":304.8125}
{"profile":"mixed","minutes":180,"elapsedMinutes":35.04,"samples":419,"inputs":2373,"cpu":4.202755849198069,"memoryMiB":295.890625}
{"profile":"mixed","minutes":180,"elapsedMinutes":36.05,"samples":431,"inputs":2373,"cpu":4.026567267213841,"memoryMiB":295.15625}
{"profile":"mixed","minutes":180,"elapsedMinutes":37.05,"samples":443,"inputs":2373,"cpu":4.145041553906789,"memoryMiB":292}
{"profile":"mixed","minutes":180,"elapsedMinutes":38.05,"samples":455,"inputs":2373,"cpu":4.196957935360867,"memoryMiB":292.21875}
{"profile":"mixed","minutes":180,"elapsedMinutes":39.05,"samples":467,"inputs":2373,"cpu":4.237499669177057,"memoryMiB":281.203125}
{"profile":"mixed","minutes":180,"elapsedMinutes":40.05,"samples":479,"inputs":2379,"cpu":4.197159724804661,"memoryMiB":294.25}
{"profile":"mixed","minutes":180,"elapsedMinutes":41.08,"samples":491,"inputs":2501,"cpu":3.8632119163101573,"memoryMiB":309.328125}
{"profile":"mixed","minutes":180,"elapsedMinutes":42.08,"samples":503,"inputs":2619,"cpu":4.431249730443347,"memoryMiB":313.4375}
{"profile":"mixed","minutes":180,"elapsedMinutes":43.08,"samples":515,"inputs":2738,"cpu":4.345257790063217,"memoryMiB":303.390625}
{"profile":"mixed","minutes":180,"elapsedMinutes":44,"samples":526,"inputs":2846,"cpu":4.379637809656746,"memoryMiB":304.375}
{"profile":"mixed","minutes":180,"elapsedMinutes":45,"samples":538,"inputs":2965,"cpu":4.212006106263829,"memoryMiB":312.25}
{"profile":"mixed","minutes":180,"elapsedMinutes":46,"samples":550,"inputs":2965,"cpu":4.323441399829338,"memoryMiB":313.390625}
{"profile":"mixed","minutes":180,"elapsedMinutes":47,"samples":562,"inputs":2965,"cpu":4.3298548369323955,"memoryMiB":316}
{"profile":"mixed","minutes":180,"elapsedMinutes":48.01,"samples":574,"inputs":2965,"cpu":4.474647532414407,"memoryMiB":319.171875}
{"profile":"mixed","minutes":180,"elapsedMinutes":49.01,"samples":586,"inputs":2965,"cpu":3.916746857227096,"memoryMiB":299.53125}
{"profile":"mixed","minutes":180,"elapsedMinutes":50.01,"samples":598,"inputs":2966,"cpu":4.2981504961259915,"memoryMiB":295.515625}
{"profile":"mixed","minutes":180,"elapsedMinutes":51.04,"samples":610,"inputs":3088,"cpu":4.3418937462373295,"memoryMiB":316.765625}
{"profile":"mixed","minutes":180,"elapsedMinutes":52.04,"samples":622,"inputs":3206,"cpu":4.498599073024932,"memoryMiB":314.96875}
{"profile":"mixed","minutes":180,"elapsedMinutes":53.04,"samples":634,"inputs":3325,"cpu":4.062611570178915,"memoryMiB":318.203125}
{"profile":"mixed","minutes":180,"elapsedMinutes":54.04,"samples":646,"inputs":3444,"cpu":4.357883108259703,"memoryMiB":315.34375}
{"profile":"mixed","minutes":180,"elapsedMinutes":55.04,"samples":658,"inputs":3557,"cpu":4.361410531565939,"memoryMiB":319.421875}
{"profile":"mixed","minutes":180,"elapsedMinutes":56.04,"samples":670,"inputs":3557,"cpu":3.524986006044499,"memoryMiB":269.859375}
{"profile":"mixed","minutes":180,"elapsedMinutes":57.04,"samples":682,"inputs":3557,"cpu":2.5847960081566113,"memoryMiB":329.375}
{"profile":"mixed","minutes":180,"elapsedMinutes":58.05,"samples":694,"inputs":3557,"cpu":3.0548542725107857,"memoryMiB":274.3125}
{"profile":"mixed","minutes":180,"elapsedMinutes":59.05,"samples":706,"inputs":3557,"cpu":2.2544525435898954,"memoryMiB":270.578125}
{"profile":"mixed","minutes":180,"elapsedMinutes":60.05,"samples":718,"inputs":3563,"cpu":2.3252897036621136,"memoryMiB":269.859375}
{"profile":"mixed","minutes":180,"elapsedMinutes":61.07,"samples":730,"inputs":3685,"cpu":2.9663847982345666,"memoryMiB":300.015625}
{"profile":"mixed","minutes":180,"elapsedMinutes":62.07,"samples":742,"inputs":3804,"cpu":3.1012266599226477,"memoryMiB":298.359375}
{"profile":"mixed","minutes":180,"elapsedMinutes":63.07,"samples":754,"inputs":3924,"cpu":3.098908823204928,"memoryMiB":321.09375}
{"profile":"mixed","minutes":180,"elapsedMinutes":64.08,"samples":766,"inputs":4043,"cpu":3.030468842119189,"memoryMiB":293.03125}
{"profile":"mixed","minutes":180,"elapsedMinutes":65.08,"samples":778,"inputs":4153,"cpu":3.0515564998300717,"memoryMiB":290.984375}
{"profile":"mixed","minutes":180,"elapsedMinutes":66.08,"samples":790,"inputs":4153,"cpu":2.9378966027797015,"memoryMiB":287.28125}
{"profile":"mixed","minutes":180,"elapsedMinutes":67.08,"samples":802,"inputs":4153,"cpu":3.2014533126444835,"memoryMiB":283.328125}
{"profile":"mixed","minutes":180,"elapsedMinutes":68.08,"samples":814,"inputs":4153,"cpu":3.2002982288953263,"memoryMiB":285.015625}
{"profile":"mixed","minutes":180,"elapsedMinutes":69.08,"samples":826,"inputs":4153,"cpu":3.297992777301624,"memoryMiB":277.046875}
{"profile":"mixed","minutes":180,"elapsedMinutes":70.08,"samples":838,"inputs":4163,"cpu":3.0191420684022683,"memoryMiB":281.90625}
{"profile":"mixed","minutes":180,"elapsedMinutes":71.03,"samples":849,"inputs":4275,"cpu":3.0537073285205074,"memoryMiB":321.21875}
{"profile":"mixed","minutes":180,"elapsedMinutes":72.03,"samples":861,"inputs":4393,"cpu":2.930543656164123,"memoryMiB":303}
{"profile":"mixed","minutes":180,"elapsedMinutes":73.03,"samples":873,"inputs":4512,"cpu":3.042792254345153,"memoryMiB":292.546875}
{"profile":"mixed","minutes":180,"elapsedMinutes":74.03,"samples":885,"inputs":4630,"cpu":3.0183587954498887,"memoryMiB":300.078125}
{"profile":"mixed","minutes":180,"elapsedMinutes":75.03,"samples":897,"inputs":4745,"cpu":3.082119008657855,"memoryMiB":300.921875}
{"profile":"mixed","minutes":180,"elapsedMinutes":76.03,"samples":909,"inputs":4745,"cpu":3.041023000889098,"memoryMiB":302.21875}
{"profile":"mixed","minutes":180,"elapsedMinutes":77.03,"samples":921,"inputs":4745,"cpu":3.0744380312182584,"memoryMiB":303.515625}
{"profile":"mixed","minutes":180,"elapsedMinutes":78.04,"samples":933,"inputs":4745,"cpu":2.9933580447103436,"memoryMiB":299.265625}
{"profile":"mixed","minutes":180,"elapsedMinutes":79.04,"samples":945,"inputs":4745,"cpu":2.928049834231216,"memoryMiB":302.921875}
{"profile":"mixed","minutes":180,"elapsedMinutes":80.04,"samples":957,"inputs":4750,"cpu":3.0170073981892496,"memoryMiB":297.59375}
{"profile":"mixed","minutes":180,"elapsedMinutes":81.06,"samples":969,"inputs":4871,"cpu":2.9746384319227923,"memoryMiB":314.140625}
{"profile":"mixed","minutes":180,"elapsedMinutes":82.06,"samples":981,"inputs":4990,"cpu":2.875632789507128,"memoryMiB":311.59375}
{"profile":"mixed","minutes":180,"elapsedMinutes":83.07,"samples":993,"inputs":5108,"cpu":2.9389683942822487,"memoryMiB":309.125}
{"profile":"mixed","minutes":180,"elapsedMinutes":84.07,"samples":1005,"inputs":5227,"cpu":2.901418729354491,"memoryMiB":311.265625}
{"profile":"mixed","minutes":180,"elapsedMinutes":85.07,"samples":1017,"inputs":5337,"cpu":2.959160355881054,"memoryMiB":306.6875}
{"profile":"mixed","minutes":180,"elapsedMinutes":86.07,"samples":1029,"inputs":5337,"cpu":2.9270973092852093,"memoryMiB":304.265625}
{"profile":"mixed","minutes":180,"elapsedMinutes":87.07,"samples":1041,"inputs":5337,"cpu":2.90650295769225,"memoryMiB":310.015625}
{"profile":"mixed","minutes":180,"elapsedMinutes":88.07,"samples":1053,"inputs":5337,"cpu":2.6455491172411203,"memoryMiB":301.859375}
{"profile":"mixed","minutes":180,"elapsedMinutes":89.07,"samples":1065,"inputs":5337,"cpu":2.8807614798252397,"memoryMiB":301.125}
{"profile":"mixed","minutes":180,"elapsedMinutes":90.07,"samples":1077,"inputs":5346,"cpu":2.836535682358373,"memoryMiB":287.859375}
{"profile":"mixed","minutes":180,"elapsedMinutes":91.02,"samples":1088,"inputs":5458,"cpu":2.892874039723499,"memoryMiB":299.734375}
{"profile":"mixed","minutes":180,"elapsedMinutes":92.02,"samples":1100,"inputs":5576,"cpu":2.890603888043959,"memoryMiB":307.578125}
{"profile":"mixed","minutes":180,"elapsedMinutes":93.02,"samples":1112,"inputs":5695,"cpu":2.8945321950045537,"memoryMiB":304.296875}
{"profile":"mixed","minutes":180,"elapsedMinutes":94.02,"samples":1124,"inputs":5813,"cpu":2.749024142352415,"memoryMiB":306.046875}
{"profile":"mixed","minutes":180,"elapsedMinutes":95.02,"samples":1136,"inputs":5929,"cpu":2.9177613223133045,"memoryMiB":304.265625}
{"profile":"mixed","minutes":180,"elapsedMinutes":96.02,"samples":1148,"inputs":5929,"cpu":2.823609037214523,"memoryMiB":306.859375}
{"profile":"mixed","minutes":180,"elapsedMinutes":97.02,"samples":1160,"inputs":5929,"cpu":2.6546373816726483,"memoryMiB":300.109375}
{"profile":"mixed","minutes":180,"elapsedMinutes":98.02,"samples":1172,"inputs":5929,"cpu":2.8812129183685142,"memoryMiB":306.453125}
{"profile":"mixed","minutes":180,"elapsedMinutes":99.03,"samples":1184,"inputs":5929,"cpu":2.7350927775107086,"memoryMiB":301.078125}
{"profile":"mixed","minutes":180,"elapsedMinutes":100.03,"samples":1196,"inputs":5932,"cpu":2.923207374072836,"memoryMiB":300.875}
{"profile":"mixed","minutes":180,"elapsedMinutes":101.05,"samples":1208,"inputs":6053,"cpu":2.6654579966826613,"memoryMiB":303.203125}
{"profile":"mixed","minutes":180,"elapsedMinutes":102.05,"samples":1220,"inputs":6172,"cpu":2.962840163253032,"memoryMiB":306.78125}
{"profile":"mixed","minutes":180,"elapsedMinutes":103.05,"samples":1232,"inputs":6290,"cpu":2.900375757011005,"memoryMiB":301.25}
{"profile":"mixed","minutes":180,"elapsedMinutes":104.05,"samples":1244,"inputs":6409,"cpu":2.831060319081553,"memoryMiB":301.609375}
{"profile":"mixed","minutes":180,"elapsedMinutes":105.05,"samples":1256,"inputs":6521,"cpu":2.875258269115702,"memoryMiB":277.078125}
{"profile":"mixed","minutes":180,"elapsedMinutes":106.06,"samples":1268,"inputs":6521,"cpu":2.8786151714483244,"memoryMiB":276.96875}
{"profile":"mixed","minutes":180,"elapsedMinutes":107.06,"samples":1280,"inputs":6521,"cpu":2.9133583749405823,"memoryMiB":275.203125}
{"profile":"mixed","minutes":180,"elapsedMinutes":108.06,"samples":1292,"inputs":6521,"cpu":3.009881283814926,"memoryMiB":279.515625}
{"profile":"mixed","minutes":180,"elapsedMinutes":109.06,"samples":1304,"inputs":6521,"cpu":2.9519291826665333,"memoryMiB":279.5625}
{"profile":"mixed","minutes":180,"elapsedMinutes":110.06,"samples":1316,"inputs":6528,"cpu":2.768564403740583,"memoryMiB":270.390625}
{"profile":"mixed","minutes":180,"elapsedMinutes":111,"samples":1327,"inputs":6640,"cpu":2.892105524819949,"memoryMiB":308.5625}
{"profile":"mixed","minutes":180,"elapsedMinutes":112.01,"samples":1339,"inputs":6759,"cpu":2.867685838365464,"memoryMiB":298.765625}
{"profile":"mixed","minutes":180,"elapsedMinutes":113.01,"samples":1351,"inputs":6877,"cpu":2.678239883450887,"memoryMiB":301.9375}
{"profile":"mixed","minutes":180,"elapsedMinutes":114.01,"samples":1363,"inputs":6996,"cpu":2.708988098414249,"memoryMiB":310.953125}
{"profile":"mixed","minutes":180,"elapsedMinutes":115.01,"samples":1375,"inputs":7113,"cpu":2.8526901012167896,"memoryMiB":302.328125}
{"profile":"mixed","minutes":180,"elapsedMinutes":116.01,"samples":1387,"inputs":7113,"cpu":2.9007991118080634,"memoryMiB":307.421875}
{"profile":"mixed","minutes":180,"elapsedMinutes":117.01,"samples":1399,"inputs":7113,"cpu":2.8996279969935075,"memoryMiB":295.609375}
{"profile":"mixed","minutes":180,"elapsedMinutes":118.01,"samples":1411,"inputs":7113,"cpu":2.8474076002262723,"memoryMiB":296.859375}
{"profile":"mixed","minutes":180,"elapsedMinutes":119.01,"samples":1423,"inputs":7113,"cpu":2.9382603686559277,"memoryMiB":298.3125}
{"profile":"mixed","minutes":180,"elapsedMinutes":120.02,"samples":1435,"inputs":7115,"cpu":2.840910336707528,"memoryMiB":295.65625}
{"profile":"mixed","minutes":180,"elapsedMinutes":121.04,"samples":1447,"inputs":7236,"cpu":2.859104730520329,"memoryMiB":305.84375}
{"profile":"mixed","minutes":180,"elapsedMinutes":122.04,"samples":1459,"inputs":7354,"cpu":2.9043136234780293,"memoryMiB":303.25}
{"profile":"mixed","minutes":180,"elapsedMinutes":123.04,"samples":1471,"inputs":7473,"cpu":2.8850155732630025,"memoryMiB":304.21875}
{"profile":"mixed","minutes":180,"elapsedMinutes":124.04,"samples":1483,"inputs":7591,"cpu":2.827533048978832,"memoryMiB":291.03125}
{"profile":"mixed","minutes":180,"elapsedMinutes":125.04,"samples":1495,"inputs":7705,"cpu":2.944667330830835,"memoryMiB":306.0625}
{"profile":"mixed","minutes":180,"elapsedMinutes":126.04,"samples":1507,"inputs":7705,"cpu":2.8786639415100423,"memoryMiB":303.828125}
{"profile":"mixed","minutes":180,"elapsedMinutes":127.05,"samples":1519,"inputs":7705,"cpu":2.8565779522330685,"memoryMiB":303.90625}
{"profile":"mixed","minutes":180,"elapsedMinutes":128.05,"samples":1531,"inputs":7705,"cpu":2.664915109283276,"memoryMiB":302.4375}
{"profile":"mixed","minutes":180,"elapsedMinutes":129.05,"samples":1543,"inputs":7705,"cpu":2.894753244938044,"memoryMiB":293.6875}
{"profile":"mixed","minutes":180,"elapsedMinutes":130.05,"samples":1555,"inputs":7711,"cpu":2.7414956612816246,"memoryMiB":304.109375}
{"profile":"mixed","minutes":180,"elapsedMinutes":131.07,"samples":1567,"inputs":7832,"cpu":2.609714823257554,"memoryMiB":302.46875}
{"profile":"mixed","minutes":180,"elapsedMinutes":132.07,"samples":1579,"inputs":7951,"cpu":2.7897316080548333,"memoryMiB":306.203125}
{"profile":"mixed","minutes":180,"elapsedMinutes":133.07,"samples":1591,"inputs":8069,"cpu":2.8743677934224845,"memoryMiB":298.78125}
{"profile":"mixed","minutes":180,"elapsedMinutes":134.07,"samples":1603,"inputs":8188,"cpu":2.897056578917351,"memoryMiB":301.734375}
{"profile":"mixed","minutes":180,"elapsedMinutes":135.08,"samples":1615,"inputs":8297,"cpu":2.958816001685792,"memoryMiB":302.75}
{"profile":"mixed","minutes":180,"elapsedMinutes":136.08,"samples":1627,"inputs":8297,"cpu":2.9096158398415226,"memoryMiB":303.5}
{"profile":"mixed","minutes":180,"elapsedMinutes":137.08,"samples":1639,"inputs":8297,"cpu":2.8763850945132914,"memoryMiB":314.296875}
{"profile":"mixed","minutes":180,"elapsedMinutes":138.08,"samples":1651,"inputs":8297,"cpu":2.875425598745562,"memoryMiB":315.25}
{"profile":"mixed","minutes":180,"elapsedMinutes":139.08,"samples":1663,"inputs":8297,"cpu":2.840805255040581,"memoryMiB":314.078125}
{"profile":"mixed","minutes":180,"elapsedMinutes":140.08,"samples":1675,"inputs":8307,"cpu":2.852672124943641,"memoryMiB":308.609375}
{"profile":"mixed","minutes":180,"elapsedMinutes":141.02,"samples":1686,"inputs":8418,"cpu":2.7537205406956833,"memoryMiB":320.359375}
{"profile":"mixed","minutes":180,"elapsedMinutes":142.02,"samples":1698,"inputs":8537,"cpu":2.9018294376623435,"memoryMiB":307.171875}
{"profile":"mixed","minutes":180,"elapsedMinutes":143.02,"samples":1710,"inputs":8656,"cpu":2.911669289915982,"memoryMiB":315.65625}
{"profile":"mixed","minutes":180,"elapsedMinutes":144.02,"samples":1722,"inputs":8774,"cpu":2.8554768441543237,"memoryMiB":276.828125}
{"profile":"mixed","minutes":180,"elapsedMinutes":145.03,"samples":1734,"inputs":8890,"cpu":2.9180937248062757,"memoryMiB":293.96875}
{"profile":"mixed","minutes":180,"elapsedMinutes":146.03,"samples":1746,"inputs":8890,"cpu":2.762346737098347,"memoryMiB":289.953125}
{"profile":"mixed","minutes":180,"elapsedMinutes":147.03,"samples":1758,"inputs":8890,"cpu":3.0602912163064864,"memoryMiB":296.640625}
{"profile":"mixed","minutes":180,"elapsedMinutes":148.03,"samples":1770,"inputs":8890,"cpu":2.8688878208312256,"memoryMiB":295.296875}
{"profile":"mixed","minutes":180,"elapsedMinutes":149.03,"samples":1782,"inputs":8890,"cpu":2.9300137584729438,"memoryMiB":282.296875}
{"profile":"mixed","minutes":180,"elapsedMinutes":150.03,"samples":1794,"inputs":8893,"cpu":2.7511090979697133,"memoryMiB":295.125}
{"profile":"mixed","minutes":180,"elapsedMinutes":151.06,"samples":1806,"inputs":9015,"cpu":2.8610346678460297,"memoryMiB":317.296875}
{"profile":"mixed","minutes":180,"elapsedMinutes":152.06,"samples":1818,"inputs":9133,"cpu":2.851131830679252,"memoryMiB":318.0625}
{"profile":"mixed","minutes":180,"elapsedMinutes":153.06,"samples":1830,"inputs":9252,"cpu":2.893286280726618,"memoryMiB":314.03125}
{"profile":"mixed","minutes":180,"elapsedMinutes":154.06,"samples":1842,"inputs":9370,"cpu":2.9114436863962636,"memoryMiB":316.46875}
{"profile":"mixed","minutes":180,"elapsedMinutes":155.06,"samples":1854,"inputs":9482,"cpu":2.886245651062868,"memoryMiB":315.90625}
{"profile":"mixed","minutes":180,"elapsedMinutes":156.06,"samples":1866,"inputs":9482,"cpu":2.907347342888873,"memoryMiB":314.765625}
{"profile":"mixed","minutes":180,"elapsedMinutes":157.06,"samples":1878,"inputs":9482,"cpu":2.8587732857910955,"memoryMiB":301.0625}
{"profile":"mixed","minutes":180,"elapsedMinutes":158.07,"samples":1890,"inputs":9482,"cpu":2.892491532334581,"memoryMiB":297.34375}
{"profile":"mixed","minutes":180,"elapsedMinutes":159.07,"samples":1902,"inputs":9482,"cpu":2.7446535880102054,"memoryMiB":299.984375}
{"profile":"mixed","minutes":180,"elapsedMinutes":160.07,"samples":1914,"inputs":9490,"cpu":2.83107042084085,"memoryMiB":297.46875}
{"profile":"mixed","minutes":180,"elapsedMinutes":161.01,"samples":1925,"inputs":9601,"cpu":2.8607338374521385,"memoryMiB":313.140625}
{"profile":"mixed","minutes":180,"elapsedMinutes":162.01,"samples":1937,"inputs":9720,"cpu":2.9372228609882765,"memoryMiB":310.9375}
{"profile":"mixed","minutes":180,"elapsedMinutes":163.01,"samples":1949,"inputs":9838,"cpu":2.8446022172903467,"memoryMiB":313.484375}
{"profile":"mixed","minutes":180,"elapsedMinutes":164.01,"samples":1961,"inputs":9957,"cpu":2.8415729988503498,"memoryMiB":312.796875}
{"profile":"mixed","minutes":180,"elapsedMinutes":165.02,"samples":1973,"inputs":10074,"cpu":2.8635268319069107,"memoryMiB":293.25}
{"profile":"mixed","minutes":180,"elapsedMinutes":166.02,"samples":1985,"inputs":10074,"cpu":2.7967872716768514,"memoryMiB":295.703125}
{"profile":"mixed","minutes":180,"elapsedMinutes":167.02,"samples":1997,"inputs":10074,"cpu":2.826172175781972,"memoryMiB":297.09375}
{"profile":"mixed","minutes":180,"elapsedMinutes":168.02,"samples":2009,"inputs":10074,"cpu":2.6208935210586404,"memoryMiB":292.046875}
{"profile":"mixed","minutes":180,"elapsedMinutes":169.02,"samples":2021,"inputs":10074,"cpu":2.6465721855618667,"memoryMiB":283.109375}
{"profile":"mixed","minutes":180,"elapsedMinutes":170.02,"samples":2033,"inputs":10077,"cpu":2.824245133097904,"memoryMiB":298.90625}
{"profile":"mixed","minutes":180,"elapsedMinutes":171.05,"samples":2045,"inputs":10198,"cpu":2.8618128518342503,"memoryMiB":320.765625}
{"profile":"mixed","minutes":180,"elapsedMinutes":172.05,"samples":2057,"inputs":10317,"cpu":2.8109749407869926,"memoryMiB":309.484375}
{"profile":"mixed","minutes":180,"elapsedMinutes":173.05,"samples":2069,"inputs":10435,"cpu":2.8512028672026477,"memoryMiB":317.734375}
{"profile":"mixed","minutes":180,"elapsedMinutes":174.05,"samples":2081,"inputs":10554,"cpu":2.8397520327690726,"memoryMiB":317.09375}
{"profile":"mixed","minutes":180,"elapsedMinutes":175.05,"samples":2093,"inputs":10666,"cpu":2.8596896480730747,"memoryMiB":317.828125}
{"profile":"mixed","minutes":180,"elapsedMinutes":176.05,"samples":2105,"inputs":10666,"cpu":2.801613243747882,"memoryMiB":295.078125}
{"profile":"mixed","minutes":180,"elapsedMinutes":177.05,"samples":2117,"inputs":10666,"cpu":2.816601495594374,"memoryMiB":293.375}
{"profile":"mixed","minutes":180,"elapsedMinutes":178.05,"samples":2129,"inputs":10666,"cpu":2.862294266459978,"memoryMiB":294.65625}
{"profile":"mixed","minutes":180,"elapsedMinutes":179.06,"samples":2141,"inputs":10666,"cpu":2.9106083357184853,"memoryMiB":286.984375}
{"profile":"mixed","minutes":180,"elapsedMinutes":180,"samples":2153,"inputs":10666,"cpu":3.044873776975617,"memoryMiB":294.1875}
{"output":"/Users/jeongyounglee/work/repo/desktop-monster/.agentdoc/v10-20260917T070144Z/performance/mixed.json","passed":true,"summary":{"cpuP95":4.398590940378795,"workingSetMiBP95":323.328125,"initialMemoryMedian":299.171875,"finalMemoryMedian":308.09375}}
{"output":"/Users/jeongyounglee/work/repo/desktop-monster/.agentdoc/v10-20260917T070144Z/performance/comparison.json","passed":false,"comparisons":[{"profile":"active","cpu":{"baseline":2.6747937256889855,"candidate":3.1940795702144857,"limit":3.6747937256889855,"passed":true},"workingSetMiB":{"baseline":240.375,"candidate":292.546875,"limit":290.375,"passed":false}},{"profile":"idle","cpu":{"baseline":3.723818735854634,"candidate":3.776462420980283,"limit":4.723818735854634,"passed":true},"workingSetMiB":{"baseline":268.671875,"candidate":281.765625,"limit":322.40625,"passed":true}}],"memoryGrowth":{"initialMedianMiB":299.171875,"finalMedianMiB":308.09375,"limitMiB":359.00624999999997,"passed":true}}
