{"profile":"active","minutes":30,"elapsedMinutes":1.01,"samples":12,"inputs":119,"cpu":2.027965377420353,"memoryMiB":337.125}
{"profile":"active","minutes":30,"elapsedMinutes":2.01,"samples":24,"inputs":237,"cpu":1.908933715230101,"memoryMiB":338.96875}
{"profile":"active","minutes":30,"elapsedMinutes":3.01,"samples":36,"inputs":356,"cpu":2.3455305613625845,"memoryMiB":330.125}
{"profile":"active","minutes":30,"elapsedMinutes":4.01,"samples":48,"inputs":474,"cpu":2.290905091901083,"memoryMiB":318.40625}
{"profile":"active","minutes":30,"elapsedMinutes":5.01,"samples":60,"inputs":593,"cpu":2.3743873890325498,"memoryMiB":313.609375}
{"profile":"active","minutes":30,"elapsedMinutes":6.01,"samples":72,"inputs":711,"cpu":2.3050826343945325,"memoryMiB":316.609375}
{"profile":"active","minutes":30,"elapsedMinutes":7.01,"samples":84,"inputs":830,"cpu":2.457935585182883,"memoryMiB":317.125}
{"profile":"active","minutes":30,"elapsedMinutes":8.02,"samples":96,"inputs":948,"cpu":2.386377823929628,"memoryMiB":318.390625}
{"profile":"active","minutes":30,"elapsedMinutes":9.02,"samples":108,"inputs":1067,"cpu":2.2479403134555733,"memoryMiB":290.15625}
{"profile":"active","minutes":30,"elapsedMinutes":10.02,"samples":120,"inputs":1185,"cpu":2.413307440935849,"memoryMiB":287.109375}
{"profile":"active","minutes":30,"elapsedMinutes":11.02,"samples":132,"inputs":1304,"cpu":2.480340798172283,"memoryMiB":291.125}
{"profile":"active","minutes":30,"elapsedMinutes":12.02,"samples":144,"inputs":1422,"cpu":2.4170017787297993,"memoryMiB":288.171875}
{"profile":"active","minutes":30,"elapsedMinutes":13.02,"samples":156,"inputs":1541,"cpu":2.2734094430615985,"memoryMiB":293.03125}
{"profile":"active","minutes":30,"elapsedMinutes":14.02,"samples":168,"inputs":1659,"cpu":2.1091019014006456,"memoryMiB":288.765625}
{"profile":"active","minutes":30,"elapsedMinutes":15.02,"samples":180,"inputs":1778,"cpu":2.3779626451720324,"memoryMiB":290.40625}
{"profile":"active","minutes":30,"elapsedMinutes":16.02,"samples":192,"inputs":1896,"cpu":2.366630355316382,"memoryMiB":290.21875}
{"profile":"active","minutes":30,"elapsedMinutes":17.03,"samples":204,"inputs":2015,"cpu":2.1021376765322857,"memoryMiB":288.578125}
{"profile":"active","minutes":30,"elapsedMinutes":18.03,"samples":216,"inputs":2134,"cpu":2.3762471162257137,"memoryMiB":293.140625}
{"profile":"active","minutes":30,"elapsedMinutes":19.03,"samples":228,"inputs":2252,"cpu":2.3484314109853752,"memoryMiB":288.53125}
{"profile":"active","minutes":30,"elapsedMinutes":20.03,"samples":240,"inputs":2371,"cpu":2.3121546644616107,"memoryMiB":288.09375}
{"profile":"active","minutes":30,"elapsedMinutes":21.03,"samples":252,"inputs":2489,"cpu":2.463162465271479,"memoryMiB":281.875}
{"profile":"active","minutes":30,"elapsedMinutes":22.03,"samples":264,"inputs":2608,"cpu":2.349731975279206,"memoryMiB":280.03125}
{"profile":"active","minutes":30,"elapsedMinutes":23.03,"samples":276,"inputs":2726,"cpu":2.357975472683083,"memoryMiB":288.59375}
{"profile":"active","minutes":30,"elapsedMinutes":24.03,"samples":288,"inputs":2845,"cpu":2.319050474272973,"memoryMiB":290.359375}
{"profile":"active","minutes":30,"elapsedMinutes":25.03,"samples":300,"inputs":2963,"cpu":2.474746909105428,"memoryMiB":275.65625}
{"profile":"active","minutes":30,"elapsedMinutes":26.04,"samples":312,"inputs":3082,"cpu":2.3811222386753297,"memoryMiB":293.890625}
{"profile":"active","minutes":30,"elapsedMinutes":27.04,"samples":324,"inputs":3201,"cpu":2.3541352528269535,"memoryMiB":290.375}
{"profile":"active","minutes":30,"elapsedMinutes":28.04,"samples":336,"inputs":3319,"cpu":2.4554116231285317,"memoryMiB":289.5625}
{"profile":"active","minutes":30,"elapsedMinutes":29.04,"samples":348,"inputs":3438,"cpu":2.348457459361361,"memoryMiB":278.625}
{"profile":"active","minutes":30,"elapsedMinutes":30,"samples":360,"inputs":3551,"cpu":2.0760051380844273,"memoryMiB":262.609375}
{"output":"/Users/jeongyounglee/work/repo/desktop-monster/.agentdoc/v10-20260917T070144Z/performance/matched-03/baseline-active.json","passed":true,"summary":{"cpuP95":2.513946272046076,"workingSetMiBP95":313.609375,"initialMemoryMedian":287.4375,"finalMemoryMedian":null}}
{"profile":"idle","minutes":30,"elapsedMinutes":1,"samples":12,"inputs":0,"cpu":1.927535693187661,"memoryMiB":369.46875}
{"profile":"idle","minutes":30,"elapsedMinutes":2,"samples":24,"inputs":0,"cpu":2.020909461715564,"memoryMiB":344.75}
{"profile":"idle","minutes":30,"elapsedMinutes":3,"samples":36,"inputs":0,"cpu":2.0337094953750867,"memoryMiB":351.125}
{"profile":"idle","minutes":30,"elapsedMinutes":4,"samples":48,"inputs":0,"cpu":2.0334743543650613,"memoryMiB":346.265625}
{"profile":"idle","minutes":30,"elapsedMinutes":5.01,"samples":60,"inputs":0,"cpu":1.9910657422043834,"memoryMiB":325.015625}
{"profile":"idle","minutes":30,"elapsedMinutes":6.01,"samples":72,"inputs":0,"cpu":2.374085156975173,"memoryMiB":333.78125}
{"profile":"idle","minutes":30,"elapsedMinutes":7.01,"samples":84,"inputs":0,"cpu":2.341591222381128,"memoryMiB":336.046875}
{"profile":"idle","minutes":30,"elapsedMinutes":8.01,"samples":96,"inputs":0,"cpu":2.1754290640940486,"memoryMiB":326.9375}
{"profile":"idle","minutes":30,"elapsedMinutes":9.01,"samples":108,"inputs":0,"cpu":2.1249926270915487,"memoryMiB":295.6875}
{"profile":"idle","minutes":30,"elapsedMinutes":10.01,"samples":120,"inputs":0,"cpu":2.0792173535234357,"memoryMiB":288.40625}
{"profile":"idle","minutes":30,"elapsedMinutes":11.01,"samples":132,"inputs":0,"cpu":2.148060960431574,"memoryMiB":293.71875}
{"profile":"idle","minutes":30,"elapsedMinutes":12.01,"samples":144,"inputs":0,"cpu":2.1133292513415594,"memoryMiB":283.484375}
{"profile":"idle","minutes":30,"elapsedMinutes":13.01,"samples":156,"inputs":0,"cpu":2.310957113248716,"memoryMiB":282.71875}
{"profile":"idle","minutes":30,"elapsedMinutes":14.02,"samples":168,"inputs":0,"cpu":2.304385300683076,"memoryMiB":288.953125}
{"profile":"idle","minutes":30,"elapsedMinutes":15.02,"samples":180,"inputs":0,"cpu":2.041185451215014,"memoryMiB":291.65625}
{"profile":"idle","minutes":30,"elapsedMinutes":16.02,"samples":192,"inputs":0,"cpu":1.8777331185911497,"memoryMiB":297.09375}
{"profile":"idle","minutes":30,"elapsedMinutes":17.02,"samples":204,"inputs":0,"cpu":2.2455064596386256,"memoryMiB":281.15625}
{"profile":"idle","minutes":30,"elapsedMinutes":18.02,"samples":216,"inputs":0,"cpu":2.1205837491591772,"memoryMiB":283.640625}
{"profile":"idle","minutes":30,"elapsedMinutes":19.02,"samples":228,"inputs":0,"cpu":2.1747621681264455,"memoryMiB":267.875}
{"profile":"idle","minutes":30,"elapsedMinutes":20.02,"samples":240,"inputs":0,"cpu":2.2807151567031507,"memoryMiB":274.34375}
{"profile":"idle","minutes":30,"elapsedMinutes":21.02,"samples":252,"inputs":0,"cpu":2.175957100494205,"memoryMiB":274.71875}
{"profile":"idle","minutes":30,"elapsedMinutes":22.02,"samples":264,"inputs":0,"cpu":2.1781540848024172,"memoryMiB":279.015625}
{"profile":"idle","minutes":30,"elapsedMinutes":23.03,"samples":276,"inputs":0,"cpu":2.1292209012614025,"memoryMiB":273.828125}
{"profile":"idle","minutes":30,"elapsedMinutes":24.03,"samples":288,"inputs":0,"cpu":2.347873504327188,"memoryMiB":292.578125}
{"profile":"idle","minutes":30,"elapsedMinutes":25.03,"samples":300,"inputs":0,"cpu":2.3164828276439473,"memoryMiB":292.046875}
{"profile":"idle","minutes":30,"elapsedMinutes":26.03,"samples":312,"inputs":0,"cpu":2.39361711028158,"memoryMiB":291.375}
{"profile":"idle","minutes":30,"elapsedMinutes":27.03,"samples":324,"inputs":0,"cpu":1.9259455768845195,"memoryMiB":285.8125}
{"profile":"idle","minutes":30,"elapsedMinutes":28.03,"samples":336,"inputs":0,"cpu":2.29942223747737,"memoryMiB":295.28125}
{"profile":"idle","minutes":30,"elapsedMinutes":29.03,"samples":348,"inputs":0,"cpu":2.1268991961063604,"memoryMiB":266.859375}
{"profile":"idle","minutes":30,"elapsedMinutes":30,"samples":360,"inputs":0,"cpu":2.1263551674057934,"memoryMiB":270.96875}
{"output":"/Users/jeongyounglee/work/repo/desktop-monster/.agentdoc/v10-20260917T070144Z/performance/matched-03/baseline-idle.json","passed":true,"summary":{"cpuP95":2.3775078146373714,"workingSetMiBP95":336.328125,"initialMemoryMedian":290.078125,"finalMemoryMedian":null}}
{"profile":"active","minutes":30,"elapsedMinutes":1,"samples":12,"inputs":118,"cpu":2.2522939974579135,"memoryMiB":380.71875}
{"profile":"active","minutes":30,"elapsedMinutes":2,"samples":24,"inputs":236,"cpu":2.219147875902403,"memoryMiB":385.171875}
{"profile":"active","minutes":30,"elapsedMinutes":3,"samples":36,"inputs":355,"cpu":2.2425463055956363,"memoryMiB":386.875}
{"profile":"active","minutes":30,"elapsedMinutes":4,"samples":48,"inputs":473,"cpu":2.10744739398205,"memoryMiB":351.71875}
{"profile":"active","minutes":30,"elapsedMinutes":5.01,"samples":60,"inputs":592,"cpu":2.3780111316616828,"memoryMiB":350.1875}
{"profile":"active","minutes":30,"elapsedMinutes":6.01,"samples":72,"inputs":710,"cpu":2.2850534158459355,"memoryMiB":354.390625}
{"profile":"active","minutes":30,"elapsedMinutes":7.01,"samples":84,"inputs":829,"cpu":2.149407689997236,"memoryMiB":353.328125}
{"profile":"active","minutes":30,"elapsedMinutes":8.01,"samples":96,"inputs":947,"cpu":2.135303425954922,"memoryMiB":357.5}
{"profile":"active","minutes":30,"elapsedMinutes":9.01,"samples":108,"inputs":1066,"cpu":2.346636762219818,"memoryMiB":327.421875}
{"profile":"active","minutes":30,"elapsedMinutes":10.01,"samples":120,"inputs":1184,"cpu":2.3606658381527454,"memoryMiB":283.34375}
{"profile":"active","minutes":30,"elapsedMinutes":11.01,"samples":132,"inputs":1303,"cpu":2.2852798224230075,"memoryMiB":271.578125}
{"profile":"active","minutes":30,"elapsedMinutes":12.01,"samples":144,"inputs":1421,"cpu":2.104981674230229,"memoryMiB":284.609375}
{"profile":"active","minutes":30,"elapsedMinutes":13.01,"samples":156,"inputs":1540,"cpu":2.2916690051795845,"memoryMiB":283.03125}
{"profile":"active","minutes":30,"elapsedMinutes":14.02,"samples":168,"inputs":1658,"cpu":2.2236980120113907,"memoryMiB":279.625}
{"profile":"active","minutes":30,"elapsedMinutes":15.02,"samples":180,"inputs":1776,"cpu":1.9392076711001711,"memoryMiB":270.671875}
{"profile":"active","minutes":30,"elapsedMinutes":16.02,"samples":192,"inputs":1895,"cpu":2.1473397822503983,"memoryMiB":282.796875}
{"profile":"active","minutes":30,"elapsedMinutes":17.02,"samples":204,"inputs":2013,"cpu":2.0328154794847864,"memoryMiB":284.5}
{"profile":"active","minutes":30,"elapsedMinutes":18.02,"samples":216,"inputs":2132,"cpu":2.304835066456078,"memoryMiB":281.984375}
{"profile":"active","minutes":30,"elapsedMinutes":19.02,"samples":228,"inputs":2250,"cpu":2.1549743485488393,"memoryMiB":279.046875}
{"profile":"active","minutes":30,"elapsedMinutes":20.02,"samples":240,"inputs":2369,"cpu":2.319115444892187,"memoryMiB":274.265625}
{"profile":"active","minutes":30,"elapsedMinutes":21.02,"samples":252,"inputs":2487,"cpu":2.418016747941237,"memoryMiB":277.34375}
{"profile":"active","minutes":30,"elapsedMinutes":22.02,"samples":264,"inputs":2606,"cpu":2.1927912495045314,"memoryMiB":275.84375}
{"profile":"active","minutes":30,"elapsedMinutes":23.03,"samples":276,"inputs":2724,"cpu":2.268067978853871,"memoryMiB":274.4375}
{"profile":"active","minutes":30,"elapsedMinutes":24.03,"samples":288,"inputs":2843,"cpu":2.030321269342287,"memoryMiB":273.28125}
{"profile":"active","minutes":30,"elapsedMinutes":25.03,"samples":300,"inputs":2961,"cpu":2.3378711652450015,"memoryMiB":264.359375}
{"profile":"active","minutes":30,"elapsedMinutes":26.03,"samples":312,"inputs":3080,"cpu":2.393338724671668,"memoryMiB":279.234375}
{"profile":"active","minutes":30,"elapsedMinutes":27.03,"samples":324,"inputs":3198,"cpu":2.013752221667713,"memoryMiB":280.078125}
{"profile":"active","minutes":30,"elapsedMinutes":28.03,"samples":336,"inputs":3317,"cpu":2.3775889451273144,"memoryMiB":277.78125}
{"profile":"active","minutes":30,"elapsedMinutes":29.03,"samples":348,"inputs":3435,"cpu":2.334803684510422,"memoryMiB":278.875}
{"profile":"active","minutes":30,"elapsedMinutes":30,"samples":360,"inputs":3550,"cpu":2.326933884231498,"memoryMiB":273.90625}
{"output":"/Users/jeongyounglee/work/repo/desktop-monster/.agentdoc/v10-20260917T070144Z/performance/matched-03/candidate-active.json","passed":true,"summary":{"cpuP95":2.379170448768259,"workingSetMiBP95":355.359375,"initialMemoryMedian":279.84375,"finalMemoryMedian":null}}
{"profile":"idle","minutes":30,"elapsedMinutes":1,"samples":12,"inputs":0,"cpu":1.9853947646042611,"memoryMiB":372.328125}
{"profile":"idle","minutes":30,"elapsedMinutes":2,"samples":24,"inputs":0,"cpu":1.787540416837639,"memoryMiB":371.578125}
{"profile":"idle","minutes":30,"elapsedMinutes":3,"samples":36,"inputs":0,"cpu":2.039691045881304,"memoryMiB":378}
{"profile":"idle","minutes":30,"elapsedMinutes":4,"samples":48,"inputs":0,"cpu":2.112276259305945,"memoryMiB":368.515625}
{"profile":"idle","minutes":30,"elapsedMinutes":5.01,"samples":60,"inputs":0,"cpu":2.1568393224177305,"memoryMiB":383.703125}
{"profile":"idle","minutes":30,"elapsedMinutes":6.01,"samples":72,"inputs":0,"cpu":2.2845348862019246,"memoryMiB":384.109375}
{"profile":"idle","minutes":30,"elapsedMinutes":7.01,"samples":84,"inputs":0,"cpu":1.9371342385783223,"memoryMiB":377.046875}
{"profile":"idle","minutes":30,"elapsedMinutes":8.01,"samples":96,"inputs":0,"cpu":2.164467985784331,"memoryMiB":368.5625}
{"profile":"idle","minutes":30,"elapsedMinutes":9.01,"samples":108,"inputs":0,"cpu":2.2365874719919643,"memoryMiB":375.703125}
{"profile":"idle","minutes":30,"elapsedMinutes":10.01,"samples":120,"inputs":0,"cpu":2.294504490520009,"memoryMiB":310.78125}
{"profile":"idle","minutes":30,"elapsedMinutes":11.01,"samples":132,"inputs":0,"cpu":2.236748082540956,"memoryMiB":310.796875}
{"profile":"idle","minutes":30,"elapsedMinutes":12.01,"samples":144,"inputs":0,"cpu":1.6860119539217153,"memoryMiB":317.53125}
{"profile":"idle","minutes":30,"elapsedMinutes":13.01,"samples":156,"inputs":0,"cpu":2.1632763619997495,"memoryMiB":304.359375}
{"profile":"idle","minutes":30,"elapsedMinutes":14.02,"samples":168,"inputs":0,"cpu":2.0832144551304617,"memoryMiB":302}
{"profile":"idle","minutes":30,"elapsedMinutes":15.02,"samples":180,"inputs":0,"cpu":2.339696432468861,"memoryMiB":310.75}
{"profile":"idle","minutes":30,"elapsedMinutes":16.02,"samples":192,"inputs":0,"cpu":2.3031511112019154,"memoryMiB":310.03125}
{"profile":"idle","minutes":30,"elapsedMinutes":17.02,"samples":204,"inputs":0,"cpu":1.760931892808608,"memoryMiB":302.453125}
{"profile":"idle","minutes":30,"elapsedMinutes":18.02,"samples":216,"inputs":0,"cpu":2.2915853487141886,"memoryMiB":312.65625}
{"profile":"idle","minutes":30,"elapsedMinutes":19.02,"samples":228,"inputs":0,"cpu":2.3137196977535335,"memoryMiB":316.296875}
{"profile":"idle","minutes":30,"elapsedMinutes":20.02,"samples":240,"inputs":0,"cpu":2.1954063346904498,"memoryMiB":279.796875}
{"profile":"idle","minutes":30,"elapsedMinutes":21.02,"samples":252,"inputs":0,"cpu":2.3325204255348866,"memoryMiB":298.5}
{"profile":"idle","minutes":30,"elapsedMinutes":22.03,"samples":264,"inputs":0,"cpu":1.8080871794794464,"memoryMiB":277.90625}
{"profile":"idle","minutes":30,"elapsedMinutes":23.03,"samples":276,"inputs":0,"cpu":2.515938574653555,"memoryMiB":295.140625}
{"profile":"idle","minutes":30,"elapsedMinutes":24.03,"samples":288,"inputs":0,"cpu":2.373963626900266,"memoryMiB":297.90625}
{"profile":"idle","minutes":30,"elapsedMinutes":25.03,"samples":300,"inputs":0,"cpu":2.4339194451821418,"memoryMiB":296.03125}
{"profile":"idle","minutes":30,"elapsedMinutes":26.03,"samples":312,"inputs":0,"cpu":2.5297463049765376,"memoryMiB":299.96875}
{"profile":"idle","minutes":30,"elapsedMinutes":27.03,"samples":324,"inputs":0,"cpu":2.061929909595064,"memoryMiB":298.125}
{"profile":"idle","minutes":30,"elapsedMinutes":28.03,"samples":336,"inputs":0,"cpu":2.482960245479013,"memoryMiB":304.671875}
{"profile":"idle","minutes":30,"elapsedMinutes":29.03,"samples":348,"inputs":0,"cpu":2.3245433600644447,"memoryMiB":295.40625}
{"profile":"idle","minutes":30,"elapsedMinutes":30,"samples":360,"inputs":0,"cpu":2.185680487264741,"memoryMiB":270.953125}
{"output":"/Users/jeongyounglee/work/repo/desktop-monster/.agentdoc/v10-20260917T070144Z/performance/matched-03/candidate-idle.json","passed":true,"summary":{"cpuP95":2.581700718298981,"workingSetMiBP95":380.6875,"initialMemoryMedian":305,"finalMemoryMedian":null}}
{"profile":"mixed","minutes":180,"elapsedMinutes":1,"samples":12,"inputs":118,"cpu":2.4112741285296706,"memoryMiB":396.890625}
{"profile":"mixed","minutes":180,"elapsedMinutes":2,"samples":24,"inputs":236,"cpu":2.19519580942703,"memoryMiB":392.8125}
{"profile":"mixed","minutes":180,"elapsedMinutes":3,"samples":36,"inputs":355,"cpu":2.825837616112208,"memoryMiB":394.953125}
{"profile":"mixed","minutes":180,"elapsedMinutes":4,"samples":48,"inputs":473,"cpu":2.513970286918648,"memoryMiB":399.609375}
{"profile":"mixed","minutes":180,"elapsedMinutes":5.01,"samples":60,"inputs":591,"cpu":2.4186928588746754,"memoryMiB":399.65625}
{"profile":"mixed","minutes":180,"elapsedMinutes":6.01,"samples":72,"inputs":591,"cpu":2.3588289962240303,"memoryMiB":316.109375}
{"profile":"mixed","minutes":180,"elapsedMinutes":7.01,"samples":84,"inputs":591,"cpu":1.7203901563962787,"memoryMiB":283.3125}
{"profile":"mixed","minutes":180,"elapsedMinutes":8.01,"samples":96,"inputs":591,"cpu":2.488112270241761,"memoryMiB":300.734375}
{"profile":"mixed","minutes":180,"elapsedMinutes":9.01,"samples":108,"inputs":591,"cpu":2.6315783640135177,"memoryMiB":290.296875}
{"profile":"mixed","minutes":180,"elapsedMinutes":10.01,"samples":120,"inputs":593,"cpu":1.9220598500366814,"memoryMiB":278.078125}
{"profile":"mixed","minutes":180,"elapsedMinutes":11.04,"samples":132,"inputs":715,"cpu":2.702870563526898,"memoryMiB":328.828125}
{"profile":"mixed","minutes":180,"elapsedMinutes":12.04,"samples":144,"inputs":833,"cpu":2.6236747346704905,"memoryMiB":322.390625}
{"profile":"mixed","minutes":180,"elapsedMinutes":13.04,"samples":156,"inputs":952,"cpu":2.056682712724111,"memoryMiB":325.625}
{"profile":"mixed","minutes":180,"elapsedMinutes":14.04,"samples":168,"inputs":1070,"cpu":2.6773777066931554,"memoryMiB":327.703125}
{"profile":"mixed","minutes":180,"elapsedMinutes":15.05,"samples":180,"inputs":1183,"cpu":2.5475562223073593,"memoryMiB":324.96875}
{"profile":"mixed","minutes":180,"elapsedMinutes":16.05,"samples":192,"inputs":1183,"cpu":1.9018968168628647,"memoryMiB":328.328125}
{"profile":"mixed","minutes":180,"elapsedMinutes":17.05,"samples":204,"inputs":1183,"cpu":2.460736591238737,"memoryMiB":322.234375}
{"profile":"mixed","minutes":180,"elapsedMinutes":18.05,"samples":216,"inputs":1183,"cpu":2.4983170525785456,"memoryMiB":312.09375}
{"profile":"mixed","minutes":180,"elapsedMinutes":19.05,"samples":228,"inputs":1183,"cpu":1.811124599120481,"memoryMiB":311.15625}
{"profile":"mixed","minutes":180,"elapsedMinutes":20.05,"samples":240,"inputs":1189,"cpu":2.4048255918730375,"memoryMiB":322.46875}
{"profile":"mixed","minutes":180,"elapsedMinutes":21.07,"samples":252,"inputs":1310,"cpu":2.963329728062186,"memoryMiB":329.65625}
{"profile":"mixed","minutes":180,"elapsedMinutes":22.08,"samples":264,"inputs":1429,"cpu":2.0258351954685474,"memoryMiB":323.265625}
{"profile":"mixed","minutes":180,"elapsedMinutes":23.08,"samples":276,"inputs":1547,"cpu":2.6682392437258518,"memoryMiB":318.515625}
{"profile":"mixed","minutes":180,"elapsedMinutes":24.08,"samples":288,"inputs":1666,"cpu":2.6502500168884287,"memoryMiB":323}
{"profile":"mixed","minutes":180,"elapsedMinutes":25.08,"samples":300,"inputs":1775,"cpu":1.9620102946143974,"memoryMiB":323.296875}
{"profile":"mixed","minutes":180,"elapsedMinutes":26.08,"samples":312,"inputs":1775,"cpu":2.557367005527282,"memoryMiB":321.546875}
{"profile":"mixed","minutes":180,"elapsedMinutes":27.08,"samples":324,"inputs":1775,"cpu":2.4694960541630264,"memoryMiB":324.40625}
{"profile":"mixed","minutes":180,"elapsedMinutes":28.08,"samples":336,"inputs":1775,"cpu":1.9490572145435214,"memoryMiB":319.359375}
{"profile":"mixed","minutes":180,"elapsedMinutes":29,"samples":347,"inputs":1775,"cpu":2.618186220153646,"memoryMiB":321.046875}
{"profile":"mixed","minutes":180,"elapsedMinutes":30,"samples":359,"inputs":1775,"cpu":2.4301961697432928,"memoryMiB":319.40625}
{"profile":"mixed","minutes":180,"elapsedMinutes":31.02,"samples":371,"inputs":1896,"cpu":2.3324367733205227,"memoryMiB":322.359375}
{"profile":"mixed","minutes":180,"elapsedMinutes":32.03,"samples":383,"inputs":2015,"cpu":2.3708476278768624,"memoryMiB":323.3125}
{"profile":"mixed","minutes":180,"elapsedMinutes":33.03,"samples":395,"inputs":2133,"cpu":2.764848483826346,"memoryMiB":324.265625}
{"profile":"mixed","minutes":180,"elapsedMinutes":34.03,"samples":407,"inputs":2252,"cpu":2.2422134923939736,"memoryMiB":326.90625}
{"profile":"mixed","minutes":180,"elapsedMinutes":35.03,"samples":419,"inputs":2367,"cpu":2.5659311073957283,"memoryMiB":325.625}
{"profile":"mixed","minutes":180,"elapsedMinutes":36.03,"samples":431,"inputs":2367,"cpu":2.5150110172015108,"memoryMiB":324.78125}
{"profile":"mixed","minutes":180,"elapsedMinutes":37.03,"samples":443,"inputs":2367,"cpu":1.7102834539517562,"memoryMiB":324.5625}
{"profile":"mixed","minutes":180,"elapsedMinutes":38.03,"samples":455,"inputs":2367,"cpu":2.6182997335856704,"memoryMiB":311.84375}
{"profile":"mixed","minutes":180,"elapsedMinutes":39.03,"samples":467,"inputs":2367,"cpu":2.7016285659544357,"memoryMiB":323.34375}
{"profile":"mixed","minutes":180,"elapsedMinutes":40.03,"samples":479,"inputs":2371,"cpu":2.1543235688171745,"memoryMiB":326.640625}
{"profile":"mixed","minutes":180,"elapsedMinutes":41.06,"samples":491,"inputs":2492,"cpu":2.590247095419137,"memoryMiB":323.8125}
{"profile":"mixed","minutes":180,"elapsedMinutes":42.06,"samples":503,"inputs":2611,"cpu":2.7359008721468525,"memoryMiB":325.34375}
{"profile":"mixed","minutes":180,"elapsedMinutes":43.06,"samples":515,"inputs":2729,"cpu":1.8526936620036787,"memoryMiB":321.125}
{"profile":"mixed","minutes":180,"elapsedMinutes":44.06,"samples":527,"inputs":2848,"cpu":2.5612223696326692,"memoryMiB":322.9375}
{"profile":"mixed","minutes":180,"elapsedMinutes":45.06,"samples":539,"inputs":2959,"cpu":2.4866007131034857,"memoryMiB":327.21875}
{"profile":"mixed","minutes":180,"elapsedMinutes":46.06,"samples":551,"inputs":2959,"cpu":1.789431292761698,"memoryMiB":324.34375}
{"profile":"mixed","minutes":180,"elapsedMinutes":47.06,"samples":563,"inputs":2959,"cpu":2.5609513872293337,"memoryMiB":316.984375}
{"profile":"mixed","minutes":180,"elapsedMinutes":48.06,"samples":575,"inputs":2959,"cpu":2.6654191359234716,"memoryMiB":322.8125}
{"profile":"mixed","minutes":180,"elapsedMinutes":49.07,"samples":587,"inputs":2959,"cpu":1.8653338034627365,"memoryMiB":321.421875}
{"profile":"mixed","minutes":180,"elapsedMinutes":50.07,"samples":599,"inputs":2967,"cpu":2.309313626313228,"memoryMiB":324.421875}
{"profile":"mixed","minutes":180,"elapsedMinutes":51.01,"samples":610,"inputs":3078,"cpu":2.7307521420768976,"memoryMiB":320.90625}
{"profile":"mixed","minutes":180,"elapsedMinutes":52.01,"samples":622,"inputs":3196,"cpu":1.9295938405091704,"memoryMiB":321.484375}
{"profile":"mixed","minutes":180,"elapsedMinutes":53.01,"samples":634,"inputs":3315,"cpu":2.6159733948945845,"memoryMiB":321.53125}
{"profile":"mixed","minutes":180,"elapsedMinutes":54.01,"samples":646,"inputs":3433,"cpu":2.7481894096582624,"memoryMiB":322.375}
{"profile":"mixed","minutes":180,"elapsedMinutes":55.01,"samples":658,"inputs":3551,"cpu":2.5549940392893875,"memoryMiB":326.203125}
{"profile":"mixed","minutes":180,"elapsedMinutes":56.01,"samples":670,"inputs":3551,"cpu":2.651224530933833,"memoryMiB":328.578125}
{"profile":"mixed","minutes":180,"elapsedMinutes":57.01,"samples":682,"inputs":3551,"cpu":2.1950339446141482,"memoryMiB":323.8125}
{"profile":"mixed","minutes":180,"elapsedMinutes":58.01,"samples":694,"inputs":3551,"cpu":2.36707235482137,"memoryMiB":317.484375}
{"profile":"mixed","minutes":180,"elapsedMinutes":59.01,"samples":706,"inputs":3551,"cpu":2.3067375643331505,"memoryMiB":302.5625}
{"profile":"mixed","minutes":180,"elapsedMinutes":60.02,"samples":718,"inputs":3553,"cpu":2.441935829709391,"memoryMiB":288}
{"profile":"mixed","minutes":180,"elapsedMinutes":61.04,"samples":730,"inputs":3674,"cpu":2.0313619108027545,"memoryMiB":319.1875}
{"profile":"mixed","minutes":180,"elapsedMinutes":62.04,"samples":742,"inputs":3792,"cpu":2.3965451046909263,"memoryMiB":320.265625}
{"profile":"mixed","minutes":180,"elapsedMinutes":63.04,"samples":754,"inputs":3911,"cpu":2.651501165314117,"memoryMiB":316.625}
{"profile":"mixed","minutes":180,"elapsedMinutes":64.05,"samples":766,"inputs":4029,"cpu":1.8723721482199356,"memoryMiB":321.15625}
{"profile":"mixed","minutes":180,"elapsedMinutes":65.05,"samples":778,"inputs":4142,"cpu":2.3225034995343865,"memoryMiB":318.640625}
{"profile":"mixed","minutes":180,"elapsedMinutes":66.05,"samples":790,"inputs":4142,"cpu":2.440884123288415,"memoryMiB":301.875}
{"profile":"mixed","minutes":180,"elapsedMinutes":67.05,"samples":802,"inputs":4142,"cpu":1.8865699445533626,"memoryMiB":316.1875}
{"profile":"mixed","minutes":180,"elapsedMinutes":68.05,"samples":814,"inputs":4142,"cpu":2.2824518255236854,"memoryMiB":312.015625}
{"profile":"mixed","minutes":180,"elapsedMinutes":69.05,"samples":826,"inputs":4142,"cpu":2.6535266728953455,"memoryMiB":314.75}
{"profile":"mixed","minutes":180,"elapsedMinutes":70.05,"samples":838,"inputs":4148,"cpu":2.0226072957745815,"memoryMiB":319.203125}
{"profile":"mixed","minutes":180,"elapsedMinutes":71.07,"samples":850,"inputs":4269,"cpu":2.401552155056113,"memoryMiB":313.75}
{"profile":"mixed","minutes":180,"elapsedMinutes":72.08,"samples":862,"inputs":4388,"cpu":1.4710574065383204,"memoryMiB":260.65625}
{"profile":"mixed","minutes":180,"elapsedMinutes":73.08,"samples":874,"inputs":4507,"cpu":2.0158280635430015,"memoryMiB":278.40625}
{"profile":"mixed","minutes":180,"elapsedMinutes":74.08,"samples":886,"inputs":4626,"cpu":2.622175954638097,"memoryMiB":266.296875}
{"profile":"mixed","minutes":180,"elapsedMinutes":75.08,"samples":898,"inputs":4736,"cpu":2.6200636271310835,"memoryMiB":269.625}
{"profile":"mixed","minutes":180,"elapsedMinutes":76.08,"samples":910,"inputs":4736,"cpu":1.764027412628341,"memoryMiB":259.984375}
{"profile":"mixed","minutes":180,"elapsedMinutes":77,"samples":921,"inputs":4736,"cpu":1.850432258268886,"memoryMiB":245.171875}
{"profile":"mixed","minutes":180,"elapsedMinutes":78,"samples":933,"inputs":4736,"cpu":2.3216906754287754,"memoryMiB":242.734375}
{"profile":"mixed","minutes":180,"elapsedMinutes":79,"samples":945,"inputs":4736,"cpu":2.2910199577308767,"memoryMiB":251.765625}
{"profile":"mixed","minutes":180,"elapsedMinutes":80,"samples":957,"inputs":4737,"cpu":2.307187817299148,"memoryMiB":253.40625}
{"profile":"mixed","minutes":180,"elapsedMinutes":81.03,"samples":969,"inputs":4858,"cpu":2.254382363676268,"memoryMiB":272.859375}
{"profile":"mixed","minutes":180,"elapsedMinutes":82.03,"samples":981,"inputs":4977,"cpu":1.5668931240791328,"memoryMiB":291.0625}
{"profile":"mixed","minutes":180,"elapsedMinutes":83.03,"samples":993,"inputs":5095,"cpu":2.5640284787125336,"memoryMiB":287.796875}
{"profile":"mixed","minutes":180,"elapsedMinutes":84.04,"samples":1005,"inputs":5213,"cpu":2.571491986895953,"memoryMiB":286.84375}
{"profile":"mixed","minutes":180,"elapsedMinutes":85.04,"samples":1017,"inputs":5327,"cpu":2.069993413213093,"memoryMiB":286.421875}
{"profile":"mixed","minutes":180,"elapsedMinutes":86.04,"samples":1029,"inputs":5327,"cpu":2.3196521859745296,"memoryMiB":283.90625}
{"profile":"mixed","minutes":180,"elapsedMinutes":87.04,"samples":1041,"inputs":5327,"cpu":2.3238351857513364,"memoryMiB":265.375}
{"profile":"mixed","minutes":180,"elapsedMinutes":88.04,"samples":1053,"inputs":5327,"cpu":1.9336151997756632,"memoryMiB":261.71875}
{"profile":"mixed","minutes":180,"elapsedMinutes":89.04,"samples":1065,"inputs":5327,"cpu":2.3435627718821883,"memoryMiB":253.296875}
{"profile":"mixed","minutes":180,"elapsedMinutes":90.04,"samples":1077,"inputs":5332,"cpu":2.4926075439126594,"memoryMiB":258.671875}
{"profile":"mixed","minutes":180,"elapsedMinutes":91.07,"samples":1089,"inputs":5453,"cpu":1.689500717691921,"memoryMiB":282.15625}
{"profile":"mixed","minutes":180,"elapsedMinutes":92.07,"samples":1101,"inputs":5572,"cpu":2.5487980118258435,"memoryMiB":280.859375}
{"profile":"mixed","minutes":180,"elapsedMinutes":93.07,"samples":1113,"inputs":5690,"cpu":2.5725870678341383,"memoryMiB":286.171875}
{"profile":"mixed","minutes":180,"elapsedMinutes":94.07,"samples":1125,"inputs":5808,"cpu":1.7438018280434597,"memoryMiB":288.84375}
{"profile":"mixed","minutes":180,"elapsedMinutes":95.08,"samples":1137,"inputs":5918,"cpu":2.3947710277426446,"memoryMiB":280.5625}
{"profile":"mixed","minutes":180,"elapsedMinutes":96.08,"samples":1149,"inputs":5918,"cpu":2.5363631736872914,"memoryMiB":286.953125}
{"profile":"mixed","minutes":180,"elapsedMinutes":97.08,"samples":1161,"inputs":5918,"cpu":1.7877759721743076,"memoryMiB":284.59375}
{"profile":"mixed","minutes":180,"elapsedMinutes":98.08,"samples":1173,"inputs":5918,"cpu":2.527456774004184,"memoryMiB":285.859375}
{"profile":"mixed","minutes":180,"elapsedMinutes":99.08,"samples":1185,"inputs":5918,"cpu":2.356222901987132,"memoryMiB":256.34375}
{"profile":"mixed","minutes":180,"elapsedMinutes":100.08,"samples":1197,"inputs":5928,"cpu":1.7868391050538635,"memoryMiB":267.046875}
{"profile":"mixed","minutes":180,"elapsedMinutes":101.02,"samples":1208,"inputs":6039,"cpu":2.78680059237377,"memoryMiB":292.640625}
{"profile":"mixed","minutes":180,"elapsedMinutes":102.03,"samples":1220,"inputs":6157,"cpu":2.0535431285500585,"memoryMiB":287.65625}
{"profile":"mixed","minutes":180,"elapsedMinutes":103.03,"samples":1232,"inputs":6276,"cpu":1.8848552851653777,"memoryMiB":260.703125}
{"profile":"mixed","minutes":180,"elapsedMinutes":104.03,"samples":1244,"inputs":6395,"cpu":2.1410428943195297,"memoryMiB":255.515625}
{"profile":"mixed","minutes":180,"elapsedMinutes":105.03,"samples":1256,"inputs":6511,"cpu":2.708066272029965,"memoryMiB":248.78125}
{"profile":"mixed","minutes":180,"elapsedMinutes":106.03,"samples":1268,"inputs":6511,"cpu":2.184590870280459,"memoryMiB":253.328125}
{"profile":"mixed","minutes":180,"elapsedMinutes":107.03,"samples":1280,"inputs":6511,"cpu":2.245110660415388,"memoryMiB":251.96875}
{"profile":"mixed","minutes":180,"elapsedMinutes":108.03,"samples":1292,"inputs":6511,"cpu":2.844361127163838,"memoryMiB":254.4375}
{"profile":"mixed","minutes":180,"elapsedMinutes":109.03,"samples":1304,"inputs":6511,"cpu":2.4683791273497495,"memoryMiB":259.984375}
{"profile":"mixed","minutes":180,"elapsedMinutes":110.04,"samples":1316,"inputs":6515,"cpu":2.753265902064846,"memoryMiB":264.828125}
{"profile":"mixed","minutes":180,"elapsedMinutes":111.06,"samples":1328,"inputs":6636,"cpu":2.937859012427474,"memoryMiB":291.53125}
{"profile":"mixed","minutes":180,"elapsedMinutes":112.06,"samples":1340,"inputs":6755,"cpu":2.1117958266520898,"memoryMiB":293.109375}
{"profile":"mixed","minutes":180,"elapsedMinutes":113.07,"samples":1352,"inputs":6873,"cpu":2.969484166171587,"memoryMiB":289.421875}
{"profile":"mixed","minutes":180,"elapsedMinutes":114.07,"samples":1364,"inputs":6992,"cpu":2.764040886793511,"memoryMiB":271.28125}
{"profile":"mixed","minutes":180,"elapsedMinutes":115.07,"samples":1376,"inputs":7102,"cpu":1.9427608082246584,"memoryMiB":269.5}
{"profile":"mixed","minutes":180,"elapsedMinutes":116.07,"samples":1388,"inputs":7102,"cpu":2.7028513328032404,"memoryMiB":262.28125}
{"profile":"mixed","minutes":180,"elapsedMinutes":117.07,"samples":1400,"inputs":7102,"cpu":2.736458795283896,"memoryMiB":266.953125}
{"profile":"mixed","minutes":180,"elapsedMinutes":118.07,"samples":1412,"inputs":7102,"cpu":1.9046210340502892,"memoryMiB":269.15625}
{"profile":"mixed","minutes":180,"elapsedMinutes":119.07,"samples":1424,"inputs":7102,"cpu":2.806569115508194,"memoryMiB":261.953125}
{"profile":"mixed","minutes":180,"elapsedMinutes":120.07,"samples":1436,"inputs":7110,"cpu":2.626683157989194,"memoryMiB":267.703125}
{"profile":"mixed","minutes":180,"elapsedMinutes":121.02,"samples":1447,"inputs":7222,"cpu":2.6318826587309854,"memoryMiB":295.921875}
{"profile":"mixed","minutes":180,"elapsedMinutes":122.02,"samples":1459,"inputs":7340,"cpu":2.1911106479487326,"memoryMiB":297.859375}
{"profile":"mixed","minutes":180,"elapsedMinutes":123.02,"samples":1471,"inputs":7459,"cpu":2.9102741817985884,"memoryMiB":278.0625}
{"profile":"mixed","minutes":180,"elapsedMinutes":124.02,"samples":1483,"inputs":7577,"cpu":2.5995171936560793,"memoryMiB":290.625}
{"profile":"mixed","minutes":180,"elapsedMinutes":125.02,"samples":1495,"inputs":7693,"cpu":2.72699965073636,"memoryMiB":257.734375}
{"profile":"mixed","minutes":180,"elapsedMinutes":126.02,"samples":1507,"inputs":7693,"cpu":2.024443250255491,"memoryMiB":245.734375}
{"profile":"mixed","minutes":180,"elapsedMinutes":127.03,"samples":1519,"inputs":7693,"cpu":1.5935628944968436,"memoryMiB":243.046875}
{"profile":"mixed","minutes":180,"elapsedMinutes":128.03,"samples":1531,"inputs":7693,"cpu":1.9168976362193717,"memoryMiB":239.90625}
{"profile":"mixed","minutes":180,"elapsedMinutes":129.03,"samples":1543,"inputs":7693,"cpu":3.00776518375295,"memoryMiB":230.734375}
{"profile":"mixed","minutes":180,"elapsedMinutes":130.03,"samples":1555,"inputs":7697,"cpu":2.641595260739803,"memoryMiB":229.453125}
{"profile":"mixed","minutes":180,"elapsedMinutes":131.06,"samples":1567,"inputs":7819,"cpu":3.045633323066098,"memoryMiB":276.09375}
{"profile":"mixed","minutes":180,"elapsedMinutes":132.06,"samples":1579,"inputs":7938,"cpu":3.3133692990094943,"memoryMiB":272.765625}
{"profile":"mixed","minutes":180,"elapsedMinutes":133.06,"samples":1591,"inputs":8058,"cpu":2.096847841625539,"memoryMiB":252.59375}
{"profile":"mixed","minutes":180,"elapsedMinutes":134.06,"samples":1603,"inputs":8176,"cpu":3.0784192739645584,"memoryMiB":258.109375}
{"profile":"mixed","minutes":180,"elapsedMinutes":135.06,"samples":1615,"inputs":8287,"cpu":2.673039381433817,"memoryMiB":249.328125}
{"profile":"mixed","minutes":180,"elapsedMinutes":136.06,"samples":1627,"inputs":8287,"cpu":1.7578135558667856,"memoryMiB":235.5625}
{"profile":"mixed","minutes":180,"elapsedMinutes":137.06,"samples":1639,"inputs":8287,"cpu":2.738811792547229,"memoryMiB":236.15625}
{"profile":"mixed","minutes":180,"elapsedMinutes":138.07,"samples":1651,"inputs":8287,"cpu":2.966526176912451,"memoryMiB":234.53125}
{"profile":"mixed","minutes":180,"elapsedMinutes":139.07,"samples":1663,"inputs":8287,"cpu":1.9274922509311654,"memoryMiB":247.71875}
{"profile":"mixed","minutes":180,"elapsedMinutes":140.07,"samples":1675,"inputs":8295,"cpu":2.3219364712811155,"memoryMiB":243.265625}
{"profile":"mixed","minutes":180,"elapsedMinutes":141.01,"samples":1686,"inputs":8407,"cpu":2.6214110438751637,"memoryMiB":265.046875}
{"profile":"mixed","minutes":180,"elapsedMinutes":142.01,"samples":1698,"inputs":8525,"cpu":2.003435563903388,"memoryMiB":238.875}
{"profile":"mixed","minutes":180,"elapsedMinutes":143.01,"samples":1710,"inputs":8644,"cpu":3.0949690344977396,"memoryMiB":255.90625}
{"profile":"mixed","minutes":180,"elapsedMinutes":144.01,"samples":1722,"inputs":8762,"cpu":3.2407150789786776,"memoryMiB":252.65625}
{"profile":"mixed","minutes":180,"elapsedMinutes":145.02,"samples":1734,"inputs":8879,"cpu":2.564829863417637,"memoryMiB":235.6875}
{"profile":"mixed","minutes":180,"elapsedMinutes":146.02,"samples":1746,"inputs":8879,"cpu":2.875356765465741,"memoryMiB":236.703125}
{"profile":"mixed","minutes":180,"elapsedMinutes":147.02,"samples":1758,"inputs":8879,"cpu":2.9070687992046835,"memoryMiB":256.859375}
{"profile":"mixed","minutes":180,"elapsedMinutes":148.02,"samples":1770,"inputs":8879,"cpu":2.7349179967793704,"memoryMiB":243.03125}
{"profile":"mixed","minutes":180,"elapsedMinutes":149.02,"samples":1782,"inputs":8879,"cpu":1.41148394143785,"memoryMiB":233.328125}
{"profile":"mixed","minutes":180,"elapsedMinutes":150.02,"samples":1794,"inputs":8882,"cpu":2.076157580428413,"memoryMiB":194.40625}
{"profile":"mixed","minutes":180,"elapsedMinutes":151.06,"samples":1806,"inputs":9005,"cpu":1.8987306872687868,"memoryMiB":197.25}
{"profile":"mixed","minutes":180,"elapsedMinutes":152.06,"samples":1818,"inputs":9123,"cpu":1.9230492779091934,"memoryMiB":178.375}
{"profile":"mixed","minutes":180,"elapsedMinutes":153.06,"samples":1830,"inputs":9242,"cpu":2.7368466041249433,"memoryMiB":167.59375}
{"profile":"mixed","minutes":180,"elapsedMinutes":154.07,"samples":1842,"inputs":9361,"cpu":1.3637785704557337,"memoryMiB":173.84375}
{"profile":"mixed","minutes":180,"elapsedMinutes":155.07,"samples":1854,"inputs":9471,"cpu":2.477218753400942,"memoryMiB":184.71875}
{"profile":"mixed","minutes":180,"elapsedMinutes":156.07,"samples":1866,"inputs":9471,"cpu":2.889803012468346,"memoryMiB":209.765625}
{"profile":"mixed","minutes":180,"elapsedMinutes":157.07,"samples":1878,"inputs":9471,"cpu":1.9225868936669488,"memoryMiB":187.09375}
{"profile":"mixed","minutes":180,"elapsedMinutes":158.07,"samples":1890,"inputs":9471,"cpu":2.87805812968565,"memoryMiB":187.171875}
{"profile":"mixed","minutes":180,"elapsedMinutes":159.08,"samples":1902,"inputs":9471,"cpu":2.9981703599353775,"memoryMiB":190.015625}
{"profile":"mixed","minutes":180,"elapsedMinutes":160.08,"samples":1914,"inputs":9480,"cpu":2.2002902956161434,"memoryMiB":198.703125}
{"profile":"mixed","minutes":180,"elapsedMinutes":161.02,"samples":1925,"inputs":9592,"cpu":3.143115952000794,"memoryMiB":238.359375}
{"profile":"mixed","minutes":180,"elapsedMinutes":162.02,"samples":1937,"inputs":9710,"cpu":2.4376888803069297,"memoryMiB":232.140625}
{"profile":"mixed","minutes":180,"elapsedMinutes":163.03,"samples":1949,"inputs":9829,"cpu":2.618385834425235,"memoryMiB":211.234375}
{"profile":"mixed","minutes":180,"elapsedMinutes":164.03,"samples":1961,"inputs":9948,"cpu":1.2491493101359274,"memoryMiB":188.515625}
{"profile":"mixed","minutes":180,"elapsedMinutes":165.03,"samples":1973,"inputs":10063,"cpu":2.8325251151819835,"memoryMiB":205.40625}
{"profile":"mixed","minutes":180,"elapsedMinutes":166.03,"samples":1985,"inputs":10063,"cpu":2.5823775163860954,"memoryMiB":200.890625}
{"profile":"mixed","minutes":180,"elapsedMinutes":167.03,"samples":1997,"inputs":10063,"cpu":2.6256049304965274,"memoryMiB":197.90625}
{"profile":"mixed","minutes":180,"elapsedMinutes":168.03,"samples":2009,"inputs":10063,"cpu":2.806810317453896,"memoryMiB":181.6875}
{"profile":"mixed","minutes":180,"elapsedMinutes":169.03,"samples":2021,"inputs":10063,"cpu":2.6585212985303524,"memoryMiB":212.828125}
{"profile":"mixed","minutes":180,"elapsedMinutes":170.04,"samples":2033,"inputs":10067,"cpu":3.238152515091855,"memoryMiB":220.921875}
{"profile":"mixed","minutes":180,"elapsedMinutes":171.06,"samples":2045,"inputs":10188,"cpu":3.1584421486164342,"memoryMiB":279.75}
{"profile":"mixed","minutes":180,"elapsedMinutes":172.06,"samples":2057,"inputs":10307,"cpu":2.377658886308644,"memoryMiB":281.234375}
{"profile":"mixed","minutes":180,"elapsedMinutes":173.06,"samples":2069,"inputs":10425,"cpu":3.255448847520929,"memoryMiB":263.359375}
{"profile":"mixed","minutes":180,"elapsedMinutes":174.06,"samples":2081,"inputs":10544,"cpu":3.2747410063603546,"memoryMiB":257.9375}
{"profile":"mixed","minutes":180,"elapsedMinutes":175.07,"samples":2093,"inputs":10654,"cpu":2.3506151050875252,"memoryMiB":258.6875}
{"profile":"mixed","minutes":180,"elapsedMinutes":176.07,"samples":2105,"inputs":10654,"cpu":3.1889857748040025,"memoryMiB":259}
{"profile":"mixed","minutes":180,"elapsedMinutes":177.07,"samples":2117,"inputs":10654,"cpu":3.2144921581276766,"memoryMiB":254.484375}
{"profile":"mixed","minutes":180,"elapsedMinutes":178.07,"samples":2129,"inputs":10654,"cpu":2.374370348341629,"memoryMiB":256.921875}
{"profile":"mixed","minutes":180,"elapsedMinutes":179.07,"samples":2141,"inputs":10654,"cpu":3.3063557981228393,"memoryMiB":256.9375}
{"profile":"mixed","minutes":180,"elapsedMinutes":180,"samples":2153,"inputs":10654,"cpu":3.104070536281868,"memoryMiB":250.28125}
{"output":"/Users/jeongyounglee/work/repo/desktop-monster/.agentdoc/v10-20260917T070144Z/performance/matched-03/mixed.json","passed":true,"summary":{"cpuP95":3.2310724392649193,"workingSetMiBP95":327.140625,"initialMemoryMedian":323.171875,"finalMemoryMedian":209.0625}}
{"output":"/Users/jeongyounglee/work/repo/desktop-monster/.agentdoc/v10-20260917T070144Z/performance/matched-03/comparison.json","passed":true,"comparisons":[{"profile":"active","cpu":{"baseline":2.513946272046076,"candidate":2.379170448768259,"limit":3.513946272046076,"passed":true},"workingSetMiB":{"baseline":313.609375,"candidate":355.359375,"limit":376.33125,"passed":true}},{"profile":"idle","cpu":{"baseline":2.3775078146373714,"candidate":2.581700718298981,"limit":3.3775078146373714,"passed":true},"workingSetMiB":{"baseline":336.328125,"candidate":380.6875,"limit":403.59375,"passed":true}}],"memoryGrowth":{"initialMedianMiB":323.171875,"finalMedianMiB":209.0625,"limitMiB":387.80625,"passed":true}}
{"version":1,"pid":51526,"startedAt":"2026-09-17T13:34:31.414Z","registrationPath":"/Users/jeongyounglee/work/repo/desktop-monster/.agentdoc/v10-20260917T070144Z/performance/matched-03-registration.json","registrationHash":"0794ed87ccd606dfbbe922b908fd1a5faeb41a896311d71fb546628334651e96","reviewPath":"/Users/jeongyounglee/work/repo/desktop-monster/.agentdoc/v10-20260917T070144Z/reviews/performance-method-review.json","reviewHash":"d3d50b84c0864a2b072fb56b65a9b5740af9568a646073b406654b572c1d6ce8","state":"passed","steps":[{"label":"baseline-active","args":["/Users/jeongyounglee/work/repo/desktop-monster/.harness/v10/performance.mjs","/Users/jeongyounglee/work/repo/desktop-monster/.agentdoc/v10-20260917T070144Z/preservation/DesMon-0.9.1.app","/Users/jeongyounglee/work/repo/desktop-monster/.agentdoc/v10-20260917T070144Z/performance/matched-03/baseline-active.json","active","30"],"startedAt":"2026-09-17T13:51:37.632Z","state":"passed","pid":73018,"signal":null,"endedAt":"2026-09-17T14:21:39.357Z","exitCode":0},{"label":"baseline-idle","args":["/Users/jeongyounglee/work/repo/desktop-monster/.harness/v10/performance.mjs","/Users/jeongyounglee/work/repo/desktop-monster/.agentdoc/v10-20260917T070144Z/preservation/DesMon-0.9.1.app","/Users/jeongyounglee/work/repo/desktop-monster/.agentdoc/v10-20260917T070144Z/performance/matched-03/baseline-idle.json","idle","30"],"startedAt":"2026-09-17T14:21:39.559Z","state":"passed","pid":11808,"signal":null,"endedAt":"2026-09-17T14:51:41.434Z","exitCode":0},{"label":"candidate-queue","args":[".harness/v10/run-performance.mjs","/Users/jeongyounglee/work/repo/desktop-monster/.agentdoc/v10-20260917T070144Z/performance/matched-03/baseline-active.json","/Users/jeongyounglee/work/repo/desktop-monster/.agentdoc/v10-20260917T070144Z/performance/matched-03/baseline-idle.json","/Users/jeongyounglee/work/repo/desktop-monster/release/mac-arm64/DesMon.app","/Users/jeongyounglee/work/repo/desktop-monster/.agentdoc/v10-20260917T070144Z/performance/matched-03"],"startedAt":"2026-09-17T14:51:41.646Z","state":"passed","pid":50512,"signal":null,"endedAt":"2026-09-17T18:51:48.821Z","exitCode":0}],"previousActive":{"at":"2026-09-17T13:51:37.002Z","reportPath":"/Users/jeongyounglee/work/repo/desktop-monster/.agentdoc/v10-20260917T070144Z/performance/attempt-02/candidate-active.json","reportHash":"dfec4fbc2efeef90a6ffb13dc060afd1b5d49621cb79d5e3023dd041583956fa","passed":false,"cpu":{"actual":2.397737395438099,"limit":3.6747937256889855},"workingSetMiB":{"actual":323.5,"limit":290.375},"transition":"End attempt02 after completed active30 regardless of result, as registered before new baseline."},"observationsStartedAt":"2026-09-17T13:51:37.517Z","endedAt":"2026-09-17T18:51:49.019Z"}
