
> desmon@0.10.0 test
> vitest run


 RUN  v3.2.7 /Users/jeongyounglee/work/repo/desktop-monster

 ✓ tests/loot.test.ts (11 tests) 461ms
 ✓ tests/progressionV7.test.ts (45 tests) 778ms
 ✓ tests/menu.test.ts (63 tests) 342ms
 ✓ tests/heroForms.test.ts (8 tests) 932ms
   ✓ v0.5 reincarnated hero art > supplies 70 complete registered 14×14 forms with animated idle and attack poses  794ms
 ✓ tests/heroRendering.test.ts (5 tests) 635ms
 ✓ tests/hud-v09.test.ts (3 tests) 726ms
   ✓ v0.9 HUD readability > fits compact outlined counters below the drag strip with transparent space between rows  357ms
   ✓ v0.9 HUD readability > keeps the existing normal/critical damage lane clear of counters throughout its rise  346ms
 ✓ tests/performanceV8.test.ts (6 tests) 484ms
 ✓ tests/sprites.test.ts (34 tests) 183ms
 ✓ tests/engine.test.ts (45 tests) 1343ms
   ✓ attack engine (SPEC F06/F07/F08, Assumption 8) > a boss kill rolls capture after loot and emits bossCaptured with a c-prefixed id at 35 percent  1037ms
 ✓ tests/onlineV9.test.ts (8 tests) 184ms
 ✓ tests/heroJobStudies.test.ts (3 tests) 136ms
 ✓ tests/renderer.test.ts (104 tests) 249ms
 ✓ tests/effects-v09.test.ts (6 tests) 181ms
 ✓ tests/net.test.ts (45 tests) 111ms
 ✓ tests/onlineV91.test.ts (10 tests) 425ms
 ✓ tests/measurementV8.test.ts (6 tests) 1591ms
   ✓ v0.8 collection policy measurement > preserves the original v7 first-card trajectory exactly  1218ms
 ✓ tests/replayV91.test.ts (14 tests) 186ms
 ✓ tests/expedition.test.ts (16 tests) 1473ms
   ✓ A3 — a full roster releases the boss instead of voiding it (H1/H2) > never swallows a capture draw: every full-roster boss draw emits an event  1275ms
 ✓ tests/collection.test.ts (21 tests) 146ms
 ✓ tests/hero.test.ts (17 tests) 103ms
 ✓ tests/progressionV5.test.ts (12 tests) 145ms
 ✓ tests/codexV7.test.ts (10 tests) 197ms
 ✓ tests/heroArtCompatibility.test.ts (2 tests) 141ms
 ✓ tests/progressV5.test.ts (12 tests) 98ms
 ✓ tests/pvpDirectoryV7.test.ts (20 tests) 165ms
 ✓ tests/share.test.ts (5 tests) 85ms
 ✓ tests/server/v09.test.ts (9 tests) 67ms
 ✓ tests/equipmentV10.test.ts (10 tests) 126ms
 ✓ tests/server/app.test.ts (18 tests) 35ms
 ✓ tests/v10Critic.test.ts (7 tests) 124ms
 ✓ tests/formulas.test.ts (21 tests) 163ms
 ✓ tests/pvpAbuseV91.test.ts (8 tests) 75ms
 ✓ tests/heroEvolutionStudies.test.ts (2 tests) 120ms
 ✓ tests/server/pvp.test.ts (14 tests) 63ms
 ✓ tests/server/opponents.test.ts (10 tests) 133ms
 ✓ tests/menuV9.test.ts (14 tests) 44ms
 ✓ tests/onlineV10.test.ts (7 tests) 65ms
 ✓ tests/equipmentRendering.test.ts (6 tests) 77ms
 ✓ tests/save.test.ts (15 tests) 36ms
 ✓ tests/server/companionLevelsV7.test.ts (9 tests) 112ms
 ✓ tests/recoveryV9.test.ts (21 tests) 49ms
 ✓ tests/shareV9.test.ts (9 tests) 65ms
 ✓ tests/equipmentSprites.test.ts (7 tests) 2851ms
   ✓ v0.10 equipment production art > registers 224 structurally distinct icons, not palette swaps  487ms
   ✓ v0.10 equipment production art > renders every compatible hero/weapon pairing with visible grips, integer pixels and grounded feet  1800ms
 ✓ tests/discoveryV5.test.ts (8 tests) 27ms
 ✓ tests/recoveryV10.test.ts (4 tests) 36ms
 ✓ tests/runtimeV8.test.ts (9 tests) 17ms
 ✓ tests/progressV6.test.ts (15 tests) 30ms
 ✓ tests/v10Review.test.ts (7 tests) 70ms
 ✓ tests/goldV91.test.ts (15 tests) 34ms
 ✓ tests/companionLevelsV7.test.ts (33 tests) 37ms
 ✓ tests/recoveryCaptureV9.test.ts (5 tests) 42ms
 ✓ tests/trainingPreview.test.ts (4 tests) 44ms
 ✓ tests/audio.test.ts (15 tests) 37ms
 ✓ tests/progressV7.test.ts (5 tests) 17ms
 ✓ tests/typeChart.test.ts (4 tests) 21ms
 ✓ tests/fever.test.ts (4 tests) 17ms
 ✓ tests/tray.test.ts (38 tests) 22ms
 ✓ tests/globalInput.test.ts (20 tests) 18ms
 ✓ tests/effects.test.ts (7 tests) 9ms
 ✓ tests/shareUiV9.test.ts (6 tests) 38ms
 ✓ tests/persistence.test.ts (10 tests) 9ms
 ✓ tests/onlineV8.test.ts (3 tests) 14ms
 ✓ tests/ipc.test.ts (61 tests) 35ms
 ✓ tests/settings.test.ts (4 tests) 12ms
 ✓ tests/ipcV5.test.ts (7 tests) 12ms
 ✓ tests/server/backendReviewV10.test.ts (5 tests) 10ms
 ✓ tests/anim.test.ts (14 tests) 18ms
 ✓ tests/equipmentMenuV10.test.ts (3 tests) 19ms
 ✓ tests/identity.test.ts (8 tests) 9ms
 ✓ tests/server/http.test.ts (9 tests) 6ms
 ✓ tests/packaging.test.ts (16 tests) 7ms
 ✓ tests/server/pgTransaction.test.ts (10 tests) 10ms
 ✓ tests/battle.test.ts (5 tests) 6ms
 ✓ tests/bignum.test.ts (7 tests) 3ms
 ✓ tests/server/pgStore.test.ts (22 tests) 6ms
 ✓ tests/window.test.ts (29 tests) 6ms
 ✓ tests/fsm.test.ts (12 tests) 4ms
 ✓ tests/defenseV91.test.ts (1 test) 2ms
 ✓ tests/deploy.test.ts (7 tests) 6ms
 ✓ tests/thefts.test.ts (5 tests) 4ms
 ✓ tests/scaffold.test.ts (1 test) 1ms
 ✓ tests/drag.test.ts (7 tests) 3ms
 ✓ tests/platformV9.test.ts (3 tests) 3ms
 ✓ tests/heroMenuReadiness.test.ts (4 tests) 5ms
 ✓ tests/rendererInput.test.ts (8 tests) 3ms
 ✓ tests/input.test.ts (9 tests) 3ms
 ✓ tests/balance.test.ts (3 tests) 6826ms
   ✓ v0.7 deterministic accounting and gold policy regression > checks 20 exploration seeds across active, warm-idle and intermittent play at 5/15/30 minutes  6792ms

 Test Files  87 passed (87)
      Tests  1190 passed (1190)
   Start at  16:49:59
   Duration  7.32s (transform 2.75s, setup 0ms, collect 12.90s, tests 23.27s, environment 11ms, prepare 5.83s)


> desmon@0.10.0 lint
> eslint . --max-warnings 0


> desmon@0.10.0 typecheck
> tsc -p tsconfig.main.json --noEmit && tsc -p tsconfig.renderer.json --noEmit && tsc -p tsconfig.test.json

[33mThe CJS build of Vite's Node API is deprecated. See https://vite.dev/guide/troubleshooting.html#vite-cjs-node-api-deprecated for more details.[39m
