
> desmon@0.10.0 test
> vitest run


 RUN  v3.2.7 /Users/jeongyounglee/work/repo/desktop-monster

 ✓ tests/loot.test.ts (11 tests) 294ms
 ✓ tests/performanceV8.test.ts (6 tests) 496ms
   ✓ v0.8 performance evidence validation > binds reports, raw samples, screenshots, app bytes and observer source before accepting a matrix  411ms
 ✓ tests/progressionV7.test.ts (45 tests) 596ms
 ✓ tests/heroRendering.test.ts (5 tests) 403ms
 ✓ tests/hud-v09.test.ts (3 tests) 540ms
 ✓ tests/effects-v09.test.ts (6 tests) 129ms
 ✓ tests/onlineV91.test.ts (10 tests) 295ms
 ✓ tests/engine.test.ts (45 tests) 1075ms
   ✓ attack engine (SPEC F06/F07/F08, Assumption 8) > a boss kill rolls capture after loot and emits bossCaptured with a c-prefixed id at 35 percent  839ms
 ✓ tests/heroForms.test.ts (8 tests) 706ms
   ✓ v0.5 reincarnated hero art > supplies 70 complete registered 14×14 forms with animated idle and attack poses  534ms
 ✓ tests/replayV91.test.ts (14 tests) 168ms
 ✓ tests/heroJobStudies.test.ts (3 tests) 139ms
 ✓ tests/onlineV9.test.ts (8 tests) 178ms
 ✓ tests/measurementV8.test.ts (6 tests) 1397ms
   ✓ v0.8 collection policy measurement > preserves the original v7 first-card trajectory exactly  1023ms
   ✓ v0.8 collection policy measurement > chooses the actual third rare card and records the existing consume policy without species protection  344ms
 ✓ tests/codexV7.test.ts (10 tests) 112ms
 ✓ tests/expedition.test.ts (16 tests) 1081ms
   ✓ A3 — a full roster releases the boss instead of voiding it (H1/H2) > never swallows a capture draw: every full-roster boss draw emits an event  972ms
 ✓ tests/renderer.test.ts (104 tests) 166ms
 ✓ tests/collection.test.ts (21 tests) 133ms
 ✓ tests/formulas.test.ts (21 tests) 79ms
 ✓ tests/progressionV5.test.ts (12 tests) 82ms
 ✓ tests/net.test.ts (45 tests) 98ms
 ✓ tests/progressV5.test.ts (12 tests) 74ms
 ✓ tests/pvpDirectoryV7.test.ts (20 tests) 97ms
 ✓ tests/sprites.test.ts (34 tests) 201ms
 ✓ tests/share.test.ts (5 tests) 81ms
 ✓ tests/menu.test.ts (63 tests) 242ms
 ✓ tests/heroArtCompatibility.test.ts (2 tests) 112ms
 ✓ tests/audio.test.ts (15 tests) 15ms
 ✓ tests/menuV9.test.ts (14 tests) 53ms
 ✓ tests/hero.test.ts (17 tests) 66ms
 ✓ tests/v10Critic.test.ts (7 tests) 52ms
 ✓ tests/server/opponents.test.ts (10 tests) 67ms
 ✓ tests/pvpAbuseV91.test.ts (8 tests) 46ms
 ✓ tests/server/companionLevelsV7.test.ts (9 tests) 45ms
 ✓ tests/companionLevelsV7.test.ts (33 tests) 31ms
 ✓ tests/recoveryCaptureV9.test.ts (5 tests) 26ms
 ✓ tests/shareV9.test.ts (9 tests) 55ms
 ✓ tests/server/app.test.ts (18 tests) 44ms
 ✓ tests/heroEvolutionStudies.test.ts (2 tests) 33ms
 ✓ tests/equipmentV10.test.ts (10 tests) 49ms
 ✓ tests/onlineV10.test.ts (7 tests) 32ms
 ✓ tests/equipmentSprites.test.ts (13 tests) 2617ms
   ✓ v0.10 equipment production art > registers 224 structurally distinct icons, not palette swaps  395ms
   ✓ v0.10 equipment production art > renders every compatible hero/weapon pairing with visible grips, integer pixels and grounded feet  1444ms
   ✓ v0.10 equipment production art > preserves every visible weapon and contour pixel in fever/KO composites in both directions  335ms
 ✓ tests/discoveryV5.test.ts (8 tests) 25ms
 ✓ tests/recoveryV9.test.ts (21 tests) 25ms
 ✓ tests/shareUiV9.test.ts (6 tests) 24ms
 ✓ tests/server/v09.test.ts (9 tests) 29ms
 ✓ tests/v10Review.test.ts (7 tests) 29ms
 ✓ tests/tray.test.ts (38 tests) 24ms
 ✓ tests/equipmentRendering.test.ts (6 tests) 67ms
 ✓ tests/runtimeV8.test.ts (9 tests) 19ms
 ✓ tests/platformV9.test.ts (3 tests) 3ms
 ✓ tests/progressV6.test.ts (15 tests) 20ms
 ✓ tests/server/pvp.test.ts (14 tests) 36ms
 ✓ tests/save.test.ts (15 tests) 19ms
 ✓ tests/recoveryV10.test.ts (4 tests) 28ms
 ✓ tests/goldV91.test.ts (15 tests) 18ms
 ✓ tests/identity.test.ts (8 tests) 8ms
 ✓ tests/server/backendReviewV10.test.ts (5 tests) 11ms
 ✓ tests/trainingPreview.test.ts (4 tests) 15ms
 ✓ tests/ipc.test.ts (61 tests) 13ms
 ✓ tests/onlineV8.test.ts (3 tests) 15ms
 ✓ tests/globalInput.test.ts (20 tests) 18ms
 ✓ tests/persistence.test.ts (10 tests) 8ms
 ✓ tests/fever.test.ts (4 tests) 12ms
 ✓ tests/settings.test.ts (4 tests) 9ms
 ✓ tests/progressV7.test.ts (5 tests) 26ms
 ✓ tests/server/pgStore.test.ts (22 tests) 5ms
 ✓ tests/equipmentMenuV10.test.ts (3 tests) 14ms
 ✓ tests/ipcV5.test.ts (7 tests) 25ms
 ✓ tests/anim.test.ts (14 tests) 8ms
 ✓ tests/server/pgTransaction.test.ts (10 tests) 21ms
 ✓ tests/packaging.test.ts (16 tests) 7ms
 ✓ tests/server/http.test.ts (9 tests) 5ms
 ✓ tests/typeChart.test.ts (4 tests) 5ms
 ✓ tests/fsm.test.ts (12 tests) 4ms
 ✓ tests/window.test.ts (29 tests) 4ms
 ✓ tests/heroMenuReadiness.test.ts (4 tests) 5ms
 ✓ tests/effects.test.ts (7 tests) 12ms
 ✓ tests/deploy.test.ts (7 tests) 5ms
 ✓ tests/battle.test.ts (5 tests) 5ms
 ✓ tests/thefts.test.ts (5 tests) 5ms
 ✓ tests/input.test.ts (9 tests) 3ms
 ✓ tests/rendererInput.test.ts (8 tests) 3ms
 ✓ tests/drag.test.ts (7 tests) 3ms
 ✓ tests/bignum.test.ts (7 tests) 3ms
 ✓ tests/defenseV91.test.ts (1 test) 3ms
 ✓ tests/scaffold.test.ts (1 test) 2ms
 ✓ tests/balance.test.ts (3 tests) 5610ms
   ✓ v0.7 deterministic accounting and gold policy regression > checks 20 exploration seeds across active, warm-idle and intermittent play at 5/15/30 minutes  5572ms
 ✓ tests/equippedHeroCache.test.ts (4 tests) 16109ms
   ✓ bounded equipment rendering caches > preserves the pre-optimization final pixels of 57,960 equipped hero views  15118ms
   ✓ bounded equipment rendering caches > preserves the pre-optimization final pixels of 3,840 fever/KO composites  979ms

 Test Files  88 passed (88)
      Tests  1200 passed (1200)
   Start at  04:17:02
   Duration  16.78s (transform 2.47s, setup 0ms, collect 10.72s, tests 34.58s, environment 14ms, prepare 4.97s)


> desmon@0.10.0 lint
> eslint . --max-warnings 0


/Users/jeongyounglee/work/repo/desktop-monster/.agentdoc/v10-20260917T070144Z/evidence/isolation-preflight.mjs
  15:9  error  'setInterval' is not defined    no-undef
  17:2  error  'clearInterval' is not defined  no-undef
  23:2  error  'console' is not defined        no-undef

✖ 3 problems (3 errors, 0 warnings)

[33mThe CJS build of Vite's Node API is deprecated. See https://vite.dev/guide/troubleshooting.html#vite-cjs-node-api-deprecated for more details.[39m
