
> desmon@0.10.0 test
> vitest run


 RUN  v3.2.7 /Users/jeongyounglee/work/repo/desktop-monster

 ✓ tests/performanceV8.test.ts (6 tests) 594ms
   ✓ v0.8 performance evidence validation > binds reports, raw samples, screenshots, app bytes and observer source before accepting a matrix  486ms
 ✓ tests/loot.test.ts (11 tests) 622ms
   ✓ mulberry32 deterministic RNG (SPEC F06, Assumption 15) > outputs stay in [0, 1) and are roughly uniform over 10000 draws  358ms
 ✓ tests/progressionV7.test.ts (45 tests) 709ms
 ✓ tests/collection.test.ts (21 tests) 127ms
 ✓ tests/heroForms.test.ts (8 tests) 926ms
   ✓ v0.5 reincarnated hero art > supplies 70 complete registered 14×14 forms with animated idle and attack poses  802ms
 ✓ tests/hud-v09.test.ts (3 tests) 533ms
 ✓ tests/onlineV9.test.ts (8 tests) 159ms
 ✓ tests/replayV91.test.ts (14 tests) 174ms
 ✓ tests/engine.test.ts (45 tests) 1424ms
   ✓ attack engine (SPEC F06/F07/F08, Assumption 8) > a boss kill rolls capture after loot and emits bossCaptured with a c-prefixed id at 35 percent  978ms
 ✓ tests/codexV7.test.ts (10 tests) 135ms
 ✓ tests/effects-v09.test.ts (6 tests) 190ms
 ✓ tests/onlineV91.test.ts (10 tests) 340ms
 ✓ tests/measurementV8.test.ts (6 tests) 1552ms
   ✓ v0.8 collection policy measurement > preserves the original v7 first-card trajectory exactly  1282ms
 ✓ tests/sprites.test.ts (34 tests) 170ms
 ✓ tests/expedition.test.ts (16 tests) 1291ms
   ✓ A3 — a full roster releases the boss instead of voiding it (H1/H2) > never swallows a capture draw: every full-roster boss draw emits an event  1161ms
 ✓ tests/heroRendering.test.ts (5 tests) 430ms
 ✓ tests/progressionV5.test.ts (12 tests) 103ms
 ✓ tests/pvpDirectoryV7.test.ts (20 tests) 86ms
 ✓ tests/heroJobStudies.test.ts (3 tests) 129ms
 ✓ tests/hero.test.ts (17 tests) 60ms
 ✓ tests/net.test.ts (45 tests) 113ms
 ✓ tests/formulas.test.ts (21 tests) 115ms
 ✓ tests/renderer.test.ts (104 tests) 267ms
 ✓ tests/v10Critic.test.ts (7 tests) 55ms
 ✓ tests/menu.test.ts (63 tests) 335ms
 ✓ tests/progressV6.test.ts (15 tests) 18ms
 ✓ tests/pvpAbuseV91.test.ts (8 tests) 46ms
 ✓ tests/shareV9.test.ts (9 tests) 34ms
 ✓ tests/progressV5.test.ts (12 tests) 73ms
 ✓ tests/share.test.ts (5 tests) 64ms
 ✓ tests/heroEvolutionStudies.test.ts (2 tests) 30ms
 ✓ tests/discoveryV5.test.ts (8 tests) 25ms
 ✓ tests/heroArtCompatibility.test.ts (2 tests) 62ms
 ✓ tests/v10Review.test.ts (7 tests) 25ms
 ✓ tests/companionLevelsV7.test.ts (33 tests) 32ms
 ✓ tests/equipmentSprites.test.ts (13 tests) 2723ms
   ✓ v0.10 equipment production art > registers 224 structurally distinct icons, not palette swaps  576ms
   ✓ v0.10 equipment production art > renders every compatible hero/weapon pairing with visible grips, integer pixels and grounded feet  1409ms
 ✓ tests/recoveryV9.test.ts (21 tests) 27ms
 ✓ tests/shareUiV9.test.ts (6 tests) 26ms
 ✓ tests/server/companionLevelsV7.test.ts (9 tests) 58ms
 ✓ tests/server/opponents.test.ts (10 tests) 80ms
 ✓ tests/equipmentV10.test.ts (10 tests) 60ms
 ✓ tests/menuV9.test.ts (14 tests) 63ms
 ✓ tests/server/app.test.ts (18 tests) 31ms
 ✓ tests/onlineV10.test.ts (7 tests) 26ms
 ✓ tests/equipmentRendering.test.ts (6 tests) 74ms
 ✓ tests/recoveryCaptureV9.test.ts (5 tests) 32ms
 ✓ tests/server/pvp.test.ts (14 tests) 22ms
 ✓ tests/audio.test.ts (15 tests) 62ms
 ✓ tests/server/v09.test.ts (9 tests) 37ms
 ✓ tests/fever.test.ts (4 tests) 11ms
 ✓ tests/progressV7.test.ts (5 tests) 10ms
 ✓ tests/recoveryV10.test.ts (4 tests) 20ms
 ✓ tests/runtimeV8.test.ts (9 tests) 23ms
 ✓ tests/identity.test.ts (8 tests) 12ms
 ✓ tests/tray.test.ts (38 tests) 19ms
 ✓ tests/ipcV5.test.ts (7 tests) 10ms
 ✓ tests/save.test.ts (15 tests) 26ms
 ✓ tests/onlineV8.test.ts (3 tests) 11ms
 ✓ tests/globalInput.test.ts (20 tests) 11ms
 ✓ tests/settings.test.ts (4 tests) 9ms
 ✓ tests/trainingPreview.test.ts (4 tests) 13ms
 ✓ tests/server/backendReviewV10.test.ts (5 tests) 9ms
 ✓ tests/goldV91.test.ts (15 tests) 17ms
 ✓ tests/packaging.test.ts (16 tests) 6ms
 ✓ tests/ipc.test.ts (61 tests) 13ms
 ✓ tests/persistence.test.ts (10 tests) 10ms
 ✓ tests/equipmentMenuV10.test.ts (3 tests) 12ms
 ✓ tests/deploy.test.ts (7 tests) 4ms
 ✓ tests/battle.test.ts (5 tests) 4ms
 ✓ tests/server/pgTransaction.test.ts (10 tests) 6ms
 ✓ tests/effects.test.ts (7 tests) 6ms
 ✓ tests/anim.test.ts (14 tests) 7ms
 ✓ tests/platformV9.test.ts (3 tests) 18ms
 ✓ tests/heroMenuReadiness.test.ts (4 tests) 4ms
 ✓ tests/fsm.test.ts (12 tests) 16ms
 ✓ tests/server/pgStore.test.ts (22 tests) 5ms
 ✓ tests/server/http.test.ts (9 tests) 9ms
 ✓ tests/drag.test.ts (7 tests) 2ms
 ✓ tests/window.test.ts (29 tests) 4ms
 ✓ tests/typeChart.test.ts (4 tests) 5ms
 ✓ tests/thefts.test.ts (5 tests) 4ms
 ✓ tests/rendererInput.test.ts (8 tests) 4ms
 ✓ tests/input.test.ts (9 tests) 3ms
 ✓ tests/defenseV91.test.ts (1 test) 2ms
 ✓ tests/bignum.test.ts (7 tests) 2ms
 ✓ tests/scaffold.test.ts (1 test) 1ms
 ✓ tests/balance.test.ts (3 tests) 5786ms
   ✓ v0.7 deterministic accounting and gold policy regression > checks 20 exploration seeds across active, warm-idle and intermittent play at 5/15/30 minutes  5748ms
 ✓ tests/equippedHeroCache.test.ts (4 tests) 16548ms
   ✓ bounded equipment rendering caches > preserves the pre-optimization final pixels of 57,960 equipped hero views  15520ms
   ✓ bounded equipment rendering caches > preserves the pre-optimization final pixels of 3,840 fever/KO composites  1016ms

 Test Files  88 passed (88)
      Tests  1200 passed (1200)
   Start at  22:08:41
   Duration  17.10s (transform 2.55s, setup 0ms, collect 10.43s, tests 37.06s, environment 10ms, prepare 5.03s)


> desmon@0.10.0 lint
> eslint . --max-warnings 0


> desmon@0.10.0 typecheck
> tsc -p tsconfig.main.json --noEmit && tsc -p tsconfig.renderer.json --noEmit && tsc -p tsconfig.test.json

[33mThe CJS build of Vite's Node API is deprecated. See https://vite.dev/guide/troubleshooting.html#vite-cjs-node-api-deprecated for more details.[39m
