
> desmon@0.10.0 test
> vitest run


 RUN  v3.2.7 /Users/jeongyounglee/work/repo/desktop-monster

 ✓ tests/performanceV8.test.ts (6 tests) 419ms
   ✓ v0.8 performance evidence validation > binds reports, raw samples, screenshots, app bytes and observer source before accepting a matrix  315ms
 ✓ tests/onlineV91.test.ts (10 tests) 439ms
 ✓ tests/progressionV7.test.ts (45 tests) 702ms
 ✓ tests/heroForms.test.ts (8 tests) 907ms
   ✓ v0.5 reincarnated hero art > supplies 70 complete registered 14×14 forms with animated idle and attack poses  704ms
 ✓ tests/heroRendering.test.ts (5 tests) 599ms
 ✓ tests/hud-v09.test.ts (3 tests) 715ms
   ✓ v0.9 HUD readability > fits compact outlined counters below the drag strip with transparent space between rows  307ms
   ✓ v0.9 HUD readability > keeps the existing normal/critical damage lane clear of counters throughout its rise  371ms
 ✓ tests/menu.test.ts (63 tests) 398ms
 ✓ tests/engine.test.ts (45 tests) 1474ms
   ✓ attack engine (SPEC F06/F07/F08, Assumption 8) > a boss kill rolls capture after loot and emits bossCaptured with a c-prefixed id at 35 percent  1160ms
 ✓ tests/measurementV8.test.ts (6 tests) 1501ms
   ✓ v0.8 collection policy measurement > preserves the original v7 first-card trajectory exactly  1004ms
   ✓ v0.8 collection policy measurement > chooses the actual third rare card and records the existing consume policy without species protection  328ms
 ✓ tests/collection.test.ts (21 tests) 292ms
 ✓ tests/renderer.test.ts (104 tests) 414ms
 ✓ tests/loot.test.ts (11 tests) 651ms
   ✓ mulberry32 deterministic RNG (SPEC F06, Assumption 15) > outputs stay in [0, 1) and are roughly uniform over 10000 draws  301ms
 ✓ tests/sprites.test.ts (34 tests) 393ms
 ✓ tests/codexV7.test.ts (10 tests) 225ms
 ✓ tests/heroJobStudies.test.ts (3 tests) 127ms
 ✓ tests/replayV91.test.ts (14 tests) 284ms
 ✓ tests/expedition.test.ts (16 tests) 1671ms
   ✓ A3 — a full roster releases the boss instead of voiding it (H1/H2) > never swallows a capture draw: every full-roster boss draw emits an event  1427ms
 ✓ tests/effects-v09.test.ts (6 tests) 240ms
 ✓ tests/progressionV5.test.ts (12 tests) 155ms
 ✓ tests/net.test.ts (45 tests) 145ms
 ✓ tests/server/opponents.test.ts (10 tests) 111ms
 ✓ tests/onlineV9.test.ts (8 tests) 334ms
 ✓ tests/pvpDirectoryV7.test.ts (20 tests) 181ms
 ✓ tests/progressV5.test.ts (12 tests) 77ms
 ✓ tests/hero.test.ts (17 tests) 126ms
 ✓ tests/pvpAbuseV91.test.ts (8 tests) 90ms
 ✓ tests/v10Critic.test.ts (7 tests) 92ms
 ✓ tests/share.test.ts (5 tests) 82ms
 ✓ tests/server/companionLevelsV7.test.ts (9 tests) 79ms
 ✓ tests/menuV9.test.ts (14 tests) 47ms
 ✓ tests/heroArtCompatibility.test.ts (2 tests) 72ms
 ✓ tests/onlineV10.test.ts (7 tests) 50ms
 ✓ tests/formulas.test.ts (21 tests) 109ms
 ✓ tests/save.test.ts (15 tests) 37ms
 ✓ tests/shareV9.test.ts (9 tests) 81ms
 ✓ tests/equipmentV10.test.ts (10 tests) 54ms
 ✓ tests/equipmentRendering.test.ts (6 tests) 121ms
 ✓ tests/recoveryV9.test.ts (21 tests) 58ms
 ✓ tests/shareUiV9.test.ts (6 tests) 62ms
 ✓ tests/packaging.test.ts (16 tests) 10ms
 ✓ tests/discoveryV5.test.ts (8 tests) 72ms
 ✓ tests/anim.test.ts (14 tests) 8ms
 ✓ tests/heroEvolutionStudies.test.ts (2 tests) 73ms
 ✓ tests/server/app.test.ts (18 tests) 128ms
 ✓ tests/server/v09.test.ts (9 tests) 25ms
 ✓ tests/v10Review.test.ts (7 tests) 71ms
 ✓ tests/recoveryCaptureV9.test.ts (5 tests) 27ms
 ✓ tests/progressV6.test.ts (15 tests) 85ms
 ✓ tests/goldV91.test.ts (15 tests) 44ms
 ✓ tests/companionLevelsV7.test.ts (33 tests) 70ms
 ✓ tests/server/pvp.test.ts (14 tests) 22ms
 ✓ tests/onlineV8.test.ts (3 tests) 14ms
 ✓ tests/equipmentSprites.test.ts (13 tests) 3644ms
   ✓ v0.10 equipment production art > registers 224 structurally distinct icons, not palette swaps  346ms
   ✓ v0.10 equipment production art > preserves all 71 complete costumes and separate skin-coloured hands  429ms
   ✓ v0.10 equipment production art > proves all eight representative motions and every h00 weapon at all five poses in both directions  301ms
   ✓ v0.10 equipment production art > renders every compatible hero/weapon pairing with visible grips, integer pixels and grounded feet  2025ms
   ✓ v0.10 equipment production art > preserves every visible weapon and contour pixel in fever/KO composites in both directions  307ms
 ✓ tests/runtimeV8.test.ts (9 tests) 17ms
 ✓ tests/recoveryV10.test.ts (4 tests) 18ms
 ✓ tests/audio.test.ts (15 tests) 28ms
 ✓ tests/ipc.test.ts (61 tests) 17ms
 ✓ tests/globalInput.test.ts (20 tests) 14ms
 ✓ tests/tray.test.ts (38 tests) 15ms
 ✓ tests/trainingPreview.test.ts (4 tests) 14ms
 ✓ tests/settings.test.ts (4 tests) 12ms
 ✓ tests/effects.test.ts (7 tests) 9ms
 ✓ tests/identity.test.ts (8 tests) 15ms
 ✓ tests/progressV7.test.ts (5 tests) 18ms
 ✓ tests/ipcV5.test.ts (7 tests) 16ms
 ✓ tests/fever.test.ts (4 tests) 20ms
 ✓ tests/persistence.test.ts (10 tests) 9ms
 ✓ tests/equipmentMenuV10.test.ts (3 tests) 28ms
 ✓ tests/server/pgStore.test.ts (22 tests) 5ms
 ✓ tests/server/backendReviewV10.test.ts (5 tests) 14ms
 ✓ tests/server/http.test.ts (9 tests) 5ms
 ✓ tests/server/pgTransaction.test.ts (10 tests) 7ms
 ✓ tests/window.test.ts (29 tests) 5ms
 ✓ tests/platformV9.test.ts (3 tests) 5ms
 ✓ tests/thefts.test.ts (5 tests) 3ms
 ✓ tests/typeChart.test.ts (4 tests) 4ms
 ✓ tests/fsm.test.ts (12 tests) 7ms
 ✓ tests/battle.test.ts (5 tests) 7ms
 ✓ tests/rendererInput.test.ts (8 tests) 4ms
 ✓ tests/defenseV91.test.ts (1 test) 3ms
 ✓ tests/heroMenuReadiness.test.ts (4 tests) 6ms
 ✓ tests/deploy.test.ts (7 tests) 6ms
 ✓ tests/drag.test.ts (7 tests) 4ms
 ✓ tests/scaffold.test.ts (1 test) 1ms
 ✓ tests/input.test.ts (9 tests) 3ms
 ✓ tests/bignum.test.ts (7 tests) 3ms
 ✓ tests/balance.test.ts (3 tests) 6585ms
   ✓ v0.7 deterministic accounting and gold policy regression > checks 20 exploration seeds across active, warm-idle and intermittent play at 5/15/30 minutes  6545ms

 Test Files  87 passed (87)
      Tests  1196 passed (1196)
   Start at  17:21:31
   Duration  7.08s (transform 3.05s, setup 0ms, collect 12.86s, tests 24.83s, environment 13ms, prepare 6.04s)


> desmon@0.10.0 lint
> eslint . --max-warnings 0


> desmon@0.10.0 typecheck
> tsc -p tsconfig.main.json --noEmit && tsc -p tsconfig.renderer.json --noEmit && tsc -p tsconfig.test.json

[33mThe CJS build of Vite's Node API is deprecated. See https://vite.dev/guide/troubleshooting.html#vite-cjs-node-api-deprecated for more details.[39m
