
> desmon@0.10.0 test
> vitest run


 RUN  v3.2.7 /Users/jeongyounglee/work/repo/desktop-monster

 ✓ tests/performanceV8.test.ts (6 tests) 542ms
   ✓ v0.8 performance evidence validation > binds reports, raw samples, screenshots, app bytes and observer source before accepting a matrix  400ms
 ✓ tests/loot.test.ts (11 tests) 701ms
   ✓ mulberry32 deterministic RNG (SPEC F06, Assumption 15) > outputs stay in [0, 1) and are roughly uniform over 10000 draws  413ms
 ✓ tests/progressionV7.test.ts (45 tests) 813ms
 ✓ tests/heroRendering.test.ts (5 tests) 736ms
 ✓ tests/renderer.test.ts (104 tests) 399ms
 ✓ tests/heroForms.test.ts (8 tests) 1214ms
   ✓ v0.5 reincarnated hero art > supplies 70 complete registered 14×14 forms with animated idle and attack poses  991ms
 ✓ tests/hud-v09.test.ts (3 tests) 945ms
   ✓ v0.9 HUD readability > fits compact outlined counters below the drag strip with transparent space between rows  433ms
   ✓ v0.9 HUD readability > keeps the existing normal/critical damage lane clear of counters throughout its rise  489ms
 ✓ tests/onlineV9.test.ts (8 tests) 191ms
 ✓ tests/engine.test.ts (45 tests) 1747ms
   ✓ attack engine (SPEC F06/F07/F08, Assumption 8) > a boss kill rolls capture after loot and emits bossCaptured with a c-prefixed id at 35 percent  1337ms
 ✓ tests/onlineV91.test.ts (10 tests) 602ms
 ✓ tests/menu.test.ts (63 tests) 469ms
 ✓ tests/replayV91.test.ts (14 tests) 280ms
 ✓ tests/effects-v09.test.ts (6 tests) 230ms
 ✓ tests/sprites.test.ts (34 tests) 377ms
 ✓ tests/measurementV8.test.ts (6 tests) 1971ms
   ✓ v0.8 collection policy measurement > preserves the original v7 first-card trajectory exactly  1510ms
   ✓ v0.8 collection policy measurement > chooses the actual third rare card and records the existing consume policy without species protection  399ms
 ✓ tests/heroJobStudies.test.ts (3 tests) 209ms
 ✓ tests/expedition.test.ts (16 tests) 1689ms
   ✓ A3 — a full roster releases the boss instead of voiding it (H1/H2) > never swallows a capture draw: every full-roster boss draw emits an event  1428ms
 ✓ tests/collection.test.ts (21 tests) 276ms
 ✓ tests/menuV9.test.ts (14 tests) 113ms
 ✓ tests/pvpDirectoryV7.test.ts (20 tests) 204ms
 ✓ tests/server/opponents.test.ts (10 tests) 107ms
 ✓ tests/progressV5.test.ts (12 tests) 124ms
 ✓ tests/hero.test.ts (17 tests) 158ms
 ✓ tests/net.test.ts (45 tests) 156ms
 ✓ tests/server/companionLevelsV7.test.ts (9 tests) 123ms
 ✓ tests/share.test.ts (5 tests) 153ms
 ✓ tests/progressionV5.test.ts (12 tests) 207ms
 ✓ tests/codexV7.test.ts (10 tests) 308ms
 ✓ tests/onlineV10.test.ts (7 tests) 58ms
 ✓ tests/v10Critic.test.ts (7 tests) 103ms
 ✓ tests/progressV6.test.ts (15 tests) 39ms
 ✓ tests/server/app.test.ts (18 tests) 104ms
 ✓ tests/formulas.test.ts (21 tests) 105ms
 ✓ tests/recoveryV10.test.ts (4 tests) 19ms
 ✓ tests/pvpAbuseV91.test.ts (8 tests) 117ms
 ✓ tests/recoveryCaptureV9.test.ts (5 tests) 25ms
 ✓ tests/companionLevelsV7.test.ts (33 tests) 81ms
 ✓ tests/discoveryV5.test.ts (8 tests) 24ms
 ✓ tests/heroArtCompatibility.test.ts (2 tests) 120ms
 ✓ tests/equipmentRendering.test.ts (6 tests) 147ms
 ✓ tests/server/pvp.test.ts (14 tests) 59ms
 ✓ tests/fever.test.ts (4 tests) 16ms
 ✓ tests/recoveryV9.test.ts (21 tests) 21ms
 ✓ tests/heroEvolutionStudies.test.ts (2 tests) 39ms
 ✓ tests/shareV9.test.ts (9 tests) 56ms
 ✓ tests/goldV91.test.ts (15 tests) 66ms
 ✓ tests/server/v09.test.ts (9 tests) 84ms
 ✓ tests/equipmentV10.test.ts (10 tests) 175ms
 ✓ tests/server/pgTransaction.test.ts (10 tests) 6ms
 ✓ tests/v10Review.test.ts (7 tests) 83ms
 ✓ tests/persistence.test.ts (10 tests) 11ms
 ✓ tests/tray.test.ts (38 tests) 21ms
 ✓ tests/runtimeV8.test.ts (9 tests) 67ms
 ✓ tests/audio.test.ts (15 tests) 97ms
 ✓ tests/save.test.ts (15 tests) 71ms
 ✓ tests/trainingPreview.test.ts (4 tests) 24ms
 ✓ tests/globalInput.test.ts (20 tests) 14ms
 ✓ tests/server/backendReviewV10.test.ts (5 tests) 9ms
 ✓ tests/ipc.test.ts (61 tests) 50ms
 ✓ tests/shareUiV9.test.ts (6 tests) 43ms
 ✓ tests/progressV7.test.ts (5 tests) 41ms
 ✓ tests/heroMenuReadiness.test.ts (4 tests) 6ms
 ✓ tests/equipmentMenuV10.test.ts (3 tests) 9ms
 ✓ tests/onlineV8.test.ts (3 tests) 14ms
 ✓ tests/identity.test.ts (8 tests) 10ms
 ✓ tests/effects.test.ts (7 tests) 20ms
 ✓ tests/anim.test.ts (14 tests) 10ms
 ✓ tests/settings.test.ts (4 tests) 11ms
 ✓ tests/thefts.test.ts (5 tests) 3ms
 ✓ tests/packaging.test.ts (16 tests) 9ms
 ✓ tests/fsm.test.ts (12 tests) 6ms
 ✓ tests/server/http.test.ts (9 tests) 5ms
 ✓ tests/server/pgStore.test.ts (22 tests) 9ms
 ✓ tests/typeChart.test.ts (4 tests) 7ms
 ✓ tests/input.test.ts (9 tests) 4ms
 ✓ tests/ipcV5.test.ts (7 tests) 10ms
 ✓ tests/window.test.ts (29 tests) 7ms
 ✓ tests/battle.test.ts (5 tests) 4ms
 ✓ tests/platformV9.test.ts (3 tests) 4ms
 ✓ tests/rendererInput.test.ts (8 tests) 5ms
 ✓ tests/drag.test.ts (7 tests) 5ms
 ✓ tests/deploy.test.ts (7 tests) 4ms
 ✓ tests/defenseV91.test.ts (1 test) 3ms
 ✓ tests/bignum.test.ts (7 tests) 4ms
 ✓ tests/scaffold.test.ts (1 test) 2ms
 ✓ tests/equipmentSprites.test.ts (13 tests) 4769ms
   ✓ v0.10 equipment production art > registers 224 structurally distinct icons, not palette swaps  702ms
   ✓ v0.10 equipment production art > proves all eight representative motions and every h00 weapon at all five poses in both directions  357ms
   ✓ v0.10 equipment production art > renders every compatible hero/weapon pairing with visible grips, integer pixels and grounded feet  2399ms
   ✓ v0.10 equipment production art > preserves every visible weapon and contour pixel in fever/KO composites in both directions  748ms
 ✓ tests/balance.test.ts (3 tests) 7224ms
   ✓ v0.7 deterministic accounting and gold policy regression > checks 20 exploration seeds across active, warm-idle and intermittent play at 5/15/30 minutes  7187ms

 Test Files  87 passed (87)
      Tests  1196 passed (1196)
   Start at  17:05:15
   Duration  7.95s (transform 2.80s, setup 0ms, collect 13.39s, tests 29.20s, environment 10ms, prepare 5.73s)


> desmon@0.10.0 lint
> eslint . --max-warnings 0


> desmon@0.10.0 typecheck
> tsc -p tsconfig.main.json --noEmit && tsc -p tsconfig.renderer.json --noEmit && tsc -p tsconfig.test.json

[33mThe CJS build of Vite's Node API is deprecated. See https://vite.dev/guide/troubleshooting.html#vite-cjs-node-api-deprecated for more details.[39m
