
> desmon@0.10.0 test
> vitest run


 RUN  v3.2.7 /Users/jeongyounglee/work/repo/desktop-monster

 ✓ tests/loot.test.ts (11 tests) 396ms
 ✓ tests/performanceV8.test.ts (6 tests) 525ms
   ✓ v0.8 performance evidence validation > binds reports, raw samples, screenshots, app bytes and observer source before accepting a matrix  417ms
 ✓ tests/progressionV7.test.ts (45 tests) 840ms
 ✓ tests/heroForms.test.ts (8 tests) 900ms
   ✓ v0.5 reincarnated hero art > supplies 70 complete registered 14×14 forms with animated idle and attack poses  697ms
 ✓ tests/replayV91.test.ts (14 tests) 203ms
 ✓ tests/codexV7.test.ts (10 tests) 207ms
 ✓ tests/collection.test.ts (21 tests) 242ms
 ✓ tests/heroRendering.test.ts (5 tests) 758ms
 ✓ tests/hud-v09.test.ts (3 tests) 786ms
   ✓ v0.9 HUD readability > fits compact outlined counters below the drag strip with transparent space between rows  308ms
   ✓ v0.9 HUD readability > keeps the existing normal/critical damage lane clear of counters throughout its rise  435ms
 ✓ tests/engine.test.ts (45 tests) 1501ms
   ✓ attack engine (SPEC F06/F07/F08, Assumption 8) > a boss kill rolls capture after loot and emits bossCaptured with a c-prefixed id at 35 percent  1153ms
 ✓ tests/heroJobStudies.test.ts (3 tests) 189ms
 ✓ tests/progressionV5.test.ts (12 tests) 138ms
 ✓ tests/effects-v09.test.ts (6 tests) 196ms
 ✓ tests/pvpDirectoryV7.test.ts (20 tests) 109ms
 ✓ tests/onlineV9.test.ts (8 tests) 170ms
 ✓ tests/measurementV8.test.ts (6 tests) 1744ms
   ✓ v0.8 collection policy measurement > preserves the original v7 first-card trajectory exactly  1356ms
   ✓ v0.8 collection policy measurement > chooses the actual third rare card and records the existing consume policy without species protection  319ms
 ✓ tests/onlineV91.test.ts (10 tests) 489ms
 ✓ tests/hero.test.ts (17 tests) 108ms
 ✓ tests/expedition.test.ts (16 tests) 1605ms
   ✓ A3 — a full roster releases the boss instead of voiding it (H1/H2) > never swallows a capture draw: every full-roster boss draw emits an event  1356ms
 ✓ tests/progressV5.test.ts (12 tests) 103ms
 ✓ tests/heroArtCompatibility.test.ts (2 tests) 68ms
 ✓ tests/share.test.ts (5 tests) 88ms
 ✓ tests/pvpAbuseV91.test.ts (8 tests) 106ms
 ✓ tests/renderer.test.ts (104 tests) 353ms
 ✓ tests/sprites.test.ts (34 tests) 308ms
 ✓ tests/menu.test.ts (63 tests) 430ms
 ✓ tests/formulas.test.ts (21 tests) 65ms
 ✓ tests/v10Critic.test.ts (7 tests) 82ms
 ✓ tests/net.test.ts (45 tests) 134ms
 ✓ tests/server/companionLevelsV7.test.ts (9 tests) 80ms
 ✓ tests/menuV9.test.ts (14 tests) 92ms
 ✓ tests/audio.test.ts (15 tests) 21ms
 ✓ tests/server/opponents.test.ts (10 tests) 108ms
 ✓ tests/v10Review.test.ts (7 tests) 27ms
 ✓ tests/companionLevelsV7.test.ts (33 tests) 26ms
 ✓ tests/runtimeV8.test.ts (9 tests) 21ms
 ✓ tests/progressV7.test.ts (5 tests) 12ms
 ✓ tests/onlineV10.test.ts (7 tests) 58ms
 ✓ tests/shareV9.test.ts (9 tests) 56ms
 ✓ tests/equipmentV10.test.ts (10 tests) 51ms
 ✓ tests/heroEvolutionStudies.test.ts (2 tests) 31ms
 ✓ tests/shareUiV9.test.ts (6 tests) 46ms
 ✓ tests/progressV6.test.ts (15 tests) 26ms
 ✓ tests/equipmentRendering.test.ts (6 tests) 66ms
 ✓ tests/server/pvp.test.ts (14 tests) 22ms
 ✓ tests/server/app.test.ts (18 tests) 35ms
 ✓ tests/server/v09.test.ts (9 tests) 33ms
 ✓ tests/recoveryCaptureV9.test.ts (5 tests) 27ms
 ✓ tests/discoveryV5.test.ts (8 tests) 35ms
 ✓ tests/recoveryV10.test.ts (4 tests) 20ms
 ✓ tests/tray.test.ts (38 tests) 16ms
 ✓ tests/trainingPreview.test.ts (4 tests) 16ms
 ✓ tests/recoveryV9.test.ts (21 tests) 38ms
 ✓ tests/fever.test.ts (4 tests) 11ms
 ✓ tests/ipc.test.ts (61 tests) 20ms
 ✓ tests/save.test.ts (15 tests) 55ms
 ✓ tests/globalInput.test.ts (20 tests) 16ms
 ✓ tests/onlineV8.test.ts (3 tests) 20ms
 ✓ tests/effects.test.ts (7 tests) 18ms
 ✓ tests/equipmentMenuV10.test.ts (3 tests) 11ms
 ✓ tests/goldV91.test.ts (15 tests) 23ms
 ✓ tests/persistence.test.ts (10 tests) 9ms
 ✓ tests/settings.test.ts (4 tests) 12ms
 ✓ tests/equipmentSprites.test.ts (13 tests) 3620ms
   ✓ v0.10 equipment production art > registers 224 structurally distinct icons, not palette swaps  365ms
   ✓ v0.10 equipment production art > proves all eight representative motions and every h00 weapon at all five poses in both directions  329ms
   ✓ v0.10 equipment production art > renders every compatible hero/weapon pairing with visible grips, integer pixels and grounded feet  2010ms
   ✓ v0.10 equipment production art > preserves every visible weapon and contour pixel in fever/KO composites in both directions  467ms
 ✓ tests/server/http.test.ts (9 tests) 6ms
 ✓ tests/identity.test.ts (8 tests) 10ms
 ✓ tests/window.test.ts (29 tests) 5ms
 ✓ tests/packaging.test.ts (16 tests) 31ms
 ✓ tests/server/backendReviewV10.test.ts (5 tests) 10ms
 ✓ tests/ipcV5.test.ts (7 tests) 11ms
 ✓ tests/anim.test.ts (14 tests) 37ms
 ✓ tests/typeChart.test.ts (4 tests) 6ms
 ✓ tests/fsm.test.ts (12 tests) 5ms
 ✓ tests/server/pgTransaction.test.ts (10 tests) 6ms
 ✓ tests/drag.test.ts (7 tests) 4ms
 ✓ tests/server/pgStore.test.ts (22 tests) 6ms
 ✓ tests/rendererInput.test.ts (8 tests) 5ms
 ✓ tests/bignum.test.ts (7 tests) 3ms
 ✓ tests/heroMenuReadiness.test.ts (4 tests) 5ms
 ✓ tests/deploy.test.ts (7 tests) 4ms
 ✓ tests/platformV9.test.ts (3 tests) 5ms
 ✓ tests/thefts.test.ts (5 tests) 5ms
 ✓ tests/input.test.ts (9 tests) 3ms
 ✓ tests/defenseV91.test.ts (1 test) 4ms
 ✓ tests/battle.test.ts (5 tests) 5ms
 ✓ tests/scaffold.test.ts (1 test) 1ms
 ✓ tests/balance.test.ts (3 tests) 6475ms
   ✓ v0.7 deterministic accounting and gold policy regression > checks 20 exploration seeds across active, warm-idle and intermittent play at 5/15/30 minutes  6439ms

 Test Files  87 passed (87)
      Tests  1196 passed (1196)
   Start at  17:20:25
   Duration  6.96s (transform 2.47s, setup 0ms, collect 11.62s, tests 24.27s, environment 16ms, prepare 5.17s)


> desmon@0.10.0 lint
> eslint . --max-warnings 0


/Users/jeongyounglee/work/repo/desktop-monster/.agentdoc/v10-20260917T070144Z/balance/derive.mjs
  56:1  error  'console' is not defined  no-undef

✖ 1 problem (1 error, 0 warnings)

[33mThe CJS build of Vite's Node API is deprecated. See https://vite.dev/guide/troubleshooting.html#vite-cjs-node-api-deprecated for more details.[39m
