{
  "commandId": "harness",
  "command": "node .harness/v7/loop/fun.mjs selftest",
  "exitCode": 0,
  "sourceDigest": "5f4e7f33b90bc57b3afeb0d628be8821e00f0aed1231ff97cff0c56036e09762",
  "endedDigest": "5f4e7f33b90bc57b3afeb0d628be8821e00f0aed1231ff97cff0c56036e09762",
  "evaluationDigest": "5339a9f232ac04f4709ae6fe3078781793d134e4d5d45be5aa4391d805f38ddf",
  "endedEvaluationDigest": "5339a9f232ac04f4709ae6fe3078781793d134e4d5d45be5aa4391d805f38ddf",
  "filesHash": {
    "docs/v0.7/EVALUATION_PROTOCOL.json": "52f4206ceefec593171a7017db41f4ab7eb8c930a0314c5b018999bd81358192",
    "docs/v0.7/DESIGN_DECISIONS.md": "1dcb8e9a821f9b11d8f9ebd04d1c4d26b786a0c8f5f209c2d6bd54ad487e2c00",
    ".harness/v7/loop/config.mjs": "e2d7966d8f967235d2d319a4fb7fc23b441745d8d9c3e0533686549febbb4e53",
    ".harness/v7/loop/config.test.ts": "25a72f0f3401e596852bb170bb0044f0e7acc2ef5363a5e835718742adad7d15",
    ".harness/v7/loop/measure.mjs": "fd8db1feabfa33bf3c1ffcf3f64ce6bdc8e15c3ef52ee3a394f6dfce2e22e09a",
    ".harness/v7/loop/measure.test.ts": "d57dd9d080efba88b34ec84350179a26ea0127d4a8a9ba1742298e2be9f4f02d",
    ".harness/v7/loop/server-check.mjs": "83011d1ab7136c62e6a9a81afa5519c5d904209fd32d87962122ee3b62ebf3b1",
    ".harness/v7/loop/server-check.test.ts": "1fd3626248ed4d7b3e11c6650f769bfa4e1a77c9d273b6bb824a1c9bf1e460b0",
    "src/core/progression.ts": "9828ae64d517982c3ce50d6c45e684f272253cfec97381d4383be44c04e8fdf1",
    "tests/progressionV7.test.ts": "18e06a53aae0c70416d4d0f4032abefc1686ee228e8173bc1f5443c38ab51dbb",
    ".harness/v7/loop/journey.cjs": "d8d31b4d14890b85e2f97a3c28041c416a21a6159a7b67e69c7b9c815a7ab581",
    ".harness/v7/loop/e2e.mjs": "b442c80b180b2c9eab1b18e1f8d82b6c9ea605468427ede74d0f8392e3402d42",
    ".harness/v7/loop/e2e.test.ts": "49a2e677338a669f1dec2c2ec41051d7be9f47094558bfe85f8771a49189c195",
    ".harness/v7/loop/e2e-matrix.test.ts": "da63052d7e91a3d1d1efd62996b1ec27523296e49e36e63238ec4931b6ef32e9"
  },
  "endedFilesHash": {
    "docs/v0.7/EVALUATION_PROTOCOL.json": "52f4206ceefec593171a7017db41f4ab7eb8c930a0314c5b018999bd81358192",
    "docs/v0.7/DESIGN_DECISIONS.md": "1dcb8e9a821f9b11d8f9ebd04d1c4d26b786a0c8f5f209c2d6bd54ad487e2c00",
    ".harness/v7/loop/config.mjs": "e2d7966d8f967235d2d319a4fb7fc23b441745d8d9c3e0533686549febbb4e53",
    ".harness/v7/loop/config.test.ts": "25a72f0f3401e596852bb170bb0044f0e7acc2ef5363a5e835718742adad7d15",
    ".harness/v7/loop/measure.mjs": "fd8db1feabfa33bf3c1ffcf3f64ce6bdc8e15c3ef52ee3a394f6dfce2e22e09a",
    ".harness/v7/loop/measure.test.ts": "d57dd9d080efba88b34ec84350179a26ea0127d4a8a9ba1742298e2be9f4f02d",
    ".harness/v7/loop/server-check.mjs": "83011d1ab7136c62e6a9a81afa5519c5d904209fd32d87962122ee3b62ebf3b1",
    ".harness/v7/loop/server-check.test.ts": "1fd3626248ed4d7b3e11c6650f769bfa4e1a77c9d273b6bb824a1c9bf1e460b0",
    "src/core/progression.ts": "9828ae64d517982c3ce50d6c45e684f272253cfec97381d4383be44c04e8fdf1",
    "tests/progressionV7.test.ts": "18e06a53aae0c70416d4d0f4032abefc1686ee228e8173bc1f5443c38ab51dbb",
    ".harness/v7/loop/journey.cjs": "d8d31b4d14890b85e2f97a3c28041c416a21a6159a7b67e69c7b9c815a7ab581",
    ".harness/v7/loop/e2e.mjs": "b442c80b180b2c9eab1b18e1f8d82b6c9ea605468427ede74d0f8392e3402d42",
    ".harness/v7/loop/e2e.test.ts": "49a2e677338a669f1dec2c2ec41051d7be9f47094558bfe85f8771a49189c195",
    ".harness/v7/loop/e2e-matrix.test.ts": "da63052d7e91a3d1d1efd62996b1ec27523296e49e36e63238ec4931b6ef32e9"
  },
  "artifacts": {},
  "log": "/Users/jeongyounglee/work/repo/desktop-monster/.agentdoc/v07-setup-20260911T122653Z/evidence/V07-01-1789236192992.log",
  "sha256": "156a35ba7c3f090ade638abc38abb19c38a57f74f5ec16cb201ea06db7fc417f",
  "ac": true,
  "at": "2026-09-12T18:03:19.289Z"
}

