
> desmon@0.9.1 test
> vitest run


 RUN  v3.2.7 /Users/jeongyounglee/work/repo/desktop-monster

 ✓ tests/loot.test.ts (11 tests) 310ms
 ✓ tests/performanceV8.test.ts (6 tests) 425ms
   ✓ v0.8 performance evidence validation > binds reports, raw samples, screenshots, app bytes and observer source before accepting a matrix  335ms
 ✓ tests/engine.test.ts (45 tests) 347ms
 ✓ tests/progressionV7.test.ts (45 tests) 520ms
 ✓ tests/onlineV91.test.ts (10 tests) 349ms
 ✓ tests/heroForms.test.ts (8 tests) 659ms
   ✓ v0.5 reincarnated hero art > supplies 70 complete registered 14×14 forms with animated idle and attack poses  567ms
 ✓ tests/heroRendering.test.ts (5 tests) 427ms
 ✓ tests/hud-v09.test.ts (3 tests) 578ms
   ✓ v0.9 HUD readability > keeps the existing normal/critical damage lane clear of counters throughout its rise  333ms
 ✓ tests/sprites.test.ts (34 tests) 188ms
 ✓ tests/renderer.test.ts (104 tests) 203ms
 ✓ tests/expedition.test.ts (16 tests) 659ms
   ✓ A3 — a full roster releases the boss instead of voiding it (H1/H2) > never swallows a capture draw: every full-roster boss draw emits an event  539ms
 ✓ tests/menu.test.ts (63 tests) 176ms
 ✓ tests/replayV91.test.ts (14 tests) 146ms
 ✓ tests/heroJobStudies.test.ts (3 tests) 156ms
 ✓ tests/collection.test.ts (21 tests) 328ms
   ✓ resolvePvp (SPEC F37/F62, Assumption 34) > resolvePvp leaves companions untouched over 10000 seeded wins  315ms
 ✓ tests/measurementV8.test.ts (6 tests) 1197ms
   ✓ v0.8 collection policy measurement > preserves the original v7 first-card trajectory exactly  896ms
 ✓ tests/effects-v09.test.ts (6 tests) 135ms
 ✓ tests/formulas.test.ts (21 tests) 107ms
 ✓ tests/codexV7.test.ts (10 tests) 93ms
 ✓ tests/net.test.ts (45 tests) 188ms
 ✓ tests/onlineV9.test.ts (8 tests) 220ms
 ✓ tests/pvpDirectoryV7.test.ts (20 tests) 72ms
 ✓ tests/progressionV5.test.ts (12 tests) 83ms
 ✓ tests/heroArtCompatibility.test.ts (2 tests) 54ms
 ✓ tests/menuV9.test.ts (14 tests) 47ms
 ✓ tests/server/companionLevelsV7.test.ts (9 tests) 39ms
 ✓ tests/pvpAbuseV91.test.ts (8 tests) 35ms
 ✓ tests/hero.test.ts (17 tests) 60ms
 ✓ tests/server/opponents.test.ts (10 tests) 41ms
 ✓ tests/server/v09.test.ts (9 tests) 28ms
 ✓ tests/heroEvolutionStudies.test.ts (2 tests) 33ms
 ✓ tests/share.test.ts (5 tests) 51ms
 ✓ tests/server/app.test.ts (18 tests) 55ms
 ✓ tests/discoveryV5.test.ts (8 tests) 21ms
 ✓ tests/shareV9.test.ts (9 tests) 37ms
 ✓ tests/progressV5.test.ts (12 tests) 49ms
 ✓ tests/settings.test.ts (4 tests) 9ms
 ✓ tests/recoveryV9.test.ts (21 tests) 21ms
 ✓ tests/save.test.ts (15 tests) 17ms
 ✓ tests/server/pvp.test.ts (14 tests) 21ms
 ✓ tests/companionLevelsV7.test.ts (33 tests) 14ms
 ✓ tests/thefts.test.ts (5 tests) 4ms
 ✓ tests/runtimeV8.test.ts (9 tests) 31ms
 ✓ tests/heroMenuReadiness.test.ts (4 tests) 4ms
 ✓ tests/fever.test.ts (4 tests) 15ms
 ✓ tests/globalInput.test.ts (20 tests) 12ms
 ✓ tests/onlineV8.test.ts (3 tests) 14ms
 ✓ tests/tray.test.ts (38 tests) 16ms
 ✓ tests/shareUiV9.test.ts (6 tests) 12ms
 ✓ tests/ipc.test.ts (61 tests) 11ms
 ✓ tests/persistence.test.ts (10 tests) 11ms
 ✓ tests/progressV6.test.ts (15 tests) 22ms
 ✓ tests/goldV91.test.ts (15 tests) 11ms
 ✓ tests/identity.test.ts (8 tests) 11ms
 ✓ tests/trainingPreview.test.ts (4 tests) 7ms
 ✓ tests/audio.test.ts (15 tests) 44ms
 ✓ tests/recoveryCaptureV9.test.ts (5 tests) 17ms
 ✓ tests/ipcV5.test.ts (7 tests) 10ms
 ✓ tests/packaging.test.ts (16 tests) 8ms
 ✓ tests/deploy.test.ts (7 tests) 7ms
 ✓ tests/progressV7.test.ts (5 tests) 34ms
 ✓ tests/server/pgTransaction.test.ts (9 tests) 10ms
 ✓ tests/platformV9.test.ts (3 tests) 3ms
 ✓ tests/server/http.test.ts (9 tests) 6ms
 ✓ tests/window.test.ts (29 tests) 6ms
 ✓ tests/bignum.test.ts (7 tests) 6ms
 ✓ tests/effects.test.ts (7 tests) 24ms
 ✓ tests/anim.test.ts (14 tests) 17ms
 ✓ tests/typeChart.test.ts (4 tests) 5ms
 ✓ tests/battle.test.ts (5 tests) 6ms
 ✓ tests/defenseV91.test.ts (1 test) 3ms
 ✓ tests/drag.test.ts (7 tests) 4ms
 ✓ tests/server/pgStore.test.ts (22 tests) 5ms
 ✓ tests/input.test.ts (9 tests) 3ms
 ✓ tests/fsm.test.ts (12 tests) 3ms
 ✓ tests/scaffold.test.ts (1 test) 3ms
 ✓ tests/rendererInput.test.ts (8 tests) 3ms
 ✓ tests/balance.test.ts (3 tests) 4193ms
   ✓ v0.7 deterministic accounting and gold policy regression > checks 20 exploration seeds across active, warm-idle and intermittent play at 5/15/30 minutes  4166ms

 Test Files  78 passed (78)
      Tests  1133 passed (1133)
   Start at  12:24:55
   Duration  4.64s (transform 2.24s, setup 0ms, collect 9.04s, tests 12.80s, environment 11ms, prepare 5.03s)


> desmon@0.9.1 lint
> eslint . --max-warnings 0


> desmon@0.9.1 typecheck
> tsc -p tsconfig.main.json --noEmit && tsc -p tsconfig.renderer.json --noEmit && tsc -p tsconfig.test.json

[33mThe CJS build of Vite's Node API is deprecated. See https://vite.dev/guide/troubleshooting.html#vite-cjs-node-api-deprecated for more details.[39m
