TAP version 13
# Subtest: ordered review rejects wrong agents, requests and unsupported evidence
ok 1 - ordered review rejects wrong agents, requests and unsupported evidence
  ---
  duration_ms: 0.929667
  ...
# Subtest: verification rejects missing, failed, stale and modified evidence
ok 2 - verification rejects missing, failed, stale and modified evidence
  ---
  duration_ms: 2.400375
  ...
1..2
# tests 2
# suites 0
# pass 2
# fail 0
# cancelled 0
# skipped 0
# todo 0
# duration_ms 48.611333
