
> desmon@0.9.1 test
> vitest run


 RUN  v3.2.7 /Users/jeongyounglee/work/repo/desktop-monster

 ✓ tests/packaging.test.ts (16 tests) 8ms
 ✓ tests/formulas.test.ts (21 tests) 119ms
 ✓ tests/performanceV8.test.ts (6 tests) 455ms
   ✓ v0.8 performance evidence validation > binds reports, raw samples, screenshots, app bytes and observer source before accepting a matrix  356ms
 ✓ tests/engine.test.ts (45 tests) 415ms
 ✓ tests/progressionV7.test.ts (45 tests) 643ms
 ✓ tests/onlineV91.test.ts (10 tests) 352ms
 ✓ tests/replayV91.test.ts (14 tests) 243ms
 ✓ tests/heroForms.test.ts (8 tests) 754ms
   ✓ v0.5 reincarnated hero art > supplies 70 complete registered 14×14 forms with animated idle and attack poses  576ms
 ✓ tests/pvpDirectoryV7.test.ts (20 tests) 95ms
 ✓ tests/heroRendering.test.ts (5 tests) 550ms
 ✓ tests/codexV7.test.ts (10 tests) 146ms
 ✓ tests/progressionV5.test.ts (12 tests) 90ms
 ✓ tests/collection.test.ts (21 tests) 254ms
 ✓ tests/heroArtCompatibility.test.ts (2 tests) 63ms
 ✓ tests/hud-v09.test.ts (3 tests) 764ms
   ✓ v0.9 HUD readability > fits compact outlined counters below the drag strip with transparent space between rows  322ms
   ✓ v0.9 HUD readability > keeps the existing normal/critical damage lane clear of counters throughout its rise  407ms
 ✓ tests/loot.test.ts (11 tests) 411ms
 ✓ tests/menu.test.ts (63 tests) 282ms
 ✓ tests/expedition.test.ts (16 tests) 889ms
   ✓ A3 — a full roster releases the boss instead of voiding it (H1/H2) > never swallows a capture draw: every full-roster boss draw emits an event  689ms
 ✓ tests/onlineV9.test.ts (8 tests) 182ms
 ✓ tests/menuV9.test.ts (14 tests) 85ms
 ✓ tests/server/opponents.test.ts (10 tests) 54ms
 ✓ tests/heroJobStudies.test.ts (3 tests) 184ms
 ✓ tests/progressV5.test.ts (12 tests) 41ms
 ✓ tests/server/companionLevelsV7.test.ts (9 tests) 59ms
 ✓ tests/measurementV8.test.ts (6 tests) 1606ms
   ✓ v0.8 collection policy measurement > preserves the original v7 first-card trajectory exactly  1177ms
   ✓ v0.8 collection policy measurement > chooses the actual third rare card and records the existing consume policy without species protection  368ms
 ✓ tests/renderer.test.ts (104 tests) 257ms
 ✓ tests/effects-v09.test.ts (6 tests) 183ms
 ✓ tests/pvpAbuseV91.test.ts (8 tests) 58ms
 ✓ tests/sprites.test.ts (34 tests) 284ms
 ✓ tests/heroEvolutionStudies.test.ts (2 tests) 45ms
 ✓ tests/server/v09.test.ts (9 tests) 56ms
 ✓ tests/net.test.ts (45 tests) 164ms
 ✓ tests/hero.test.ts (17 tests) 62ms
 ✓ tests/shareV9.test.ts (9 tests) 44ms
 ✓ tests/server/pvp.test.ts (14 tests) 35ms
 ✓ tests/progressV6.test.ts (15 tests) 14ms
 ✓ tests/save.test.ts (15 tests) 33ms
 ✓ tests/recoveryV9.test.ts (21 tests) 28ms
 ✓ tests/server/app.test.ts (18 tests) 46ms
 ✓ tests/discoveryV5.test.ts (8 tests) 38ms
 ✓ tests/globalInput.test.ts (20 tests) 14ms
 ✓ tests/share.test.ts (5 tests) 52ms
 ✓ tests/tray.test.ts (38 tests) 15ms
 ✓ tests/companionLevelsV7.test.ts (33 tests) 20ms
 ✓ tests/ipc.test.ts (61 tests) 14ms
 ✓ tests/ipcV5.test.ts (7 tests) 11ms
 ✓ tests/runtimeV8.test.ts (9 tests) 22ms
 ✓ tests/audio.test.ts (15 tests) 14ms
 ✓ tests/shareUiV9.test.ts (6 tests) 19ms
 ✓ tests/onlineV8.test.ts (3 tests) 18ms
 ✓ tests/settings.test.ts (4 tests) 23ms
 ✓ tests/persistence.test.ts (10 tests) 11ms
 ✓ tests/identity.test.ts (8 tests) 10ms
 ✓ tests/battle.test.ts (5 tests) 5ms
 ✓ tests/progressV7.test.ts (5 tests) 8ms
 ✓ tests/recoveryCaptureV9.test.ts (5 tests) 9ms
 ✓ tests/goldV91.test.ts (15 tests) 11ms
 ✓ tests/trainingPreview.test.ts (4 tests) 10ms
 ✓ tests/server/http.test.ts (9 tests) 6ms
 ✓ tests/fever.test.ts (4 tests) 20ms
 ✓ tests/anim.test.ts (14 tests) 7ms
 ✓ tests/server/pgTransaction.test.ts (9 tests) 6ms
 ✓ tests/window.test.ts (29 tests) 5ms
 ✓ tests/server/pgStore.test.ts (22 tests) 4ms
 ✓ tests/heroMenuReadiness.test.ts (4 tests) 20ms
 ✓ tests/effects.test.ts (7 tests) 7ms
 ✓ tests/bignum.test.ts (7 tests) 6ms
 ✓ tests/platformV9.test.ts (3 tests) 5ms
 ✓ tests/fsm.test.ts (12 tests) 3ms
 ✓ tests/typeChart.test.ts (4 tests) 4ms
 ✓ tests/deploy.test.ts (7 tests) 7ms
 ✓ tests/thefts.test.ts (5 tests) 20ms
 ✓ tests/rendererInput.test.ts (8 tests) 4ms
 ✓ tests/input.test.ts (9 tests) 4ms
 ✓ tests/drag.test.ts (7 tests) 3ms
 ✓ tests/defenseV91.test.ts (1 test) 3ms
 ✓ tests/scaffold.test.ts (1 test) 1ms
 ✓ tests/balance.test.ts (3 tests) 4605ms
   ✓ v0.7 deterministic accounting and gold policy regression > checks 20 exploration seeds across active, warm-idle and intermittent play at 5/15/30 minutes  4578ms

 Test Files  78 passed (78)
      Tests  1133 passed (1133)
   Start at  12:22:00
   Duration  5.09s (transform 2.70s, setup 0ms, collect 9.65s, tests 15.11s, environment 8ms, prepare 4.77s)


> desmon@0.9.1 lint
> eslint . --max-warnings 0


> desmon@0.9.1 typecheck
> tsc -p tsconfig.main.json --noEmit && tsc -p tsconfig.renderer.json --noEmit && tsc -p tsconfig.test.json

[33mThe CJS build of Vite's Node API is deprecated. See https://vite.dev/guide/troubleshooting.html#vite-cjs-node-api-deprecated for more details.[39m
