
> desmon@0.9.0 test
> vitest run


 RUN  v3.2.7 /Users/jeongyounglee/work/repo/desktop-monster

 ✓ tests/collection.test.ts (21 tests) 245ms
 ✓ tests/performanceV8.test.ts (6 tests) 596ms
   ✓ v0.8 performance evidence validation > binds reports, raw samples, screenshots, app bytes and observer source before accepting a matrix  474ms
 ✓ tests/loot.test.ts (11 tests) 470ms
 ✓ tests/engine.test.ts (45 tests) 654ms
 ✓ tests/sprites.test.ts (34 tests) 237ms
 ✓ tests/heroRendering.test.ts (5 tests) 432ms
 ✓ tests/hud-v09.test.ts (3 tests) 422ms
   ✓ v0.9 HUD readability > keeps the existing normal/critical damage lane clear of counters throughout its rise  396ms
 ✓ tests/heroForms.test.ts (8 tests) 951ms
   ✓ v0.5 reincarnated hero art > supplies 70 complete registered 14×14 forms with animated idle and attack poses  815ms
 ✓ tests/heroJobStudies.test.ts (3 tests) 151ms
 ✓ tests/net.test.ts (44 tests) 164ms
 ✓ tests/codexV7.test.ts (10 tests) 117ms
 ✓ tests/progressionV7.test.ts (45 tests) 518ms
 ✓ tests/expedition.test.ts (16 tests) 797ms
   ✓ A3 — a full roster releases the boss instead of voiding it (H1/H2) > never swallows a capture draw: every full-roster boss draw emits an event  660ms
 ✓ tests/formulas.test.ts (21 tests) 92ms
 ✓ tests/menu.test.ts (63 tests) 256ms
 ✓ tests/progressionV5.test.ts (12 tests) 98ms
 ✓ tests/effects-v09.test.ts (6 tests) 133ms
 ✓ tests/onlineV9.test.ts (8 tests) 160ms
 ✓ tests/heroArtCompatibility.test.ts (2 tests) 69ms
 ✓ tests/hero.test.ts (17 tests) 86ms
 ✓ tests/renderer.test.ts (104 tests) 236ms
 ✓ tests/companionLevelsV7.test.ts (33 tests) 42ms
 ✓ tests/server/companionLevelsV7.test.ts (9 tests) 42ms
 ✓ tests/heroEvolutionStudies.test.ts (2 tests) 33ms
 ✓ tests/measurementV8.test.ts (6 tests) 1554ms
   ✓ v0.8 collection policy measurement > preserves the original v7 first-card trajectory exactly  1173ms
 ✓ tests/pvpDirectoryV7.test.ts (20 tests) 155ms
 ✓ tests/progressV5.test.ts (12 tests) 107ms
 ✓ tests/server/opponents.test.ts (10 tests) 134ms
 ✓ tests/discoveryV5.test.ts (8 tests) 62ms
 ✓ tests/server/app.test.ts (18 tests) 96ms
 ✓ tests/tray.test.ts (38 tests) 17ms
 ✓ tests/server/v09.test.ts (8 tests) 68ms
 ✓ tests/share.test.ts (5 tests) 136ms
 ✓ tests/save.test.ts (15 tests) 46ms
 ✓ tests/shareV9.test.ts (9 tests) 43ms
 ✓ tests/runtimeV8.test.ts (9 tests) 18ms
 ✓ tests/globalInput.test.ts (20 tests) 52ms
 ✓ tests/audio.test.ts (15 tests) 59ms
 ✓ tests/menuV9.test.ts (5 tests) 25ms
 ✓ tests/server/pvp.test.ts (14 tests) 26ms
 ✓ tests/persistence.test.ts (10 tests) 28ms
 ✓ tests/recoveryV9.test.ts (18 tests) 93ms
 ✓ tests/progressV6.test.ts (15 tests) 21ms
 ✓ tests/identity.test.ts (8 tests) 13ms
 ✓ tests/onlineV8.test.ts (3 tests) 18ms
 ✓ tests/ipcV5.test.ts (7 tests) 19ms
 ✓ tests/settings.test.ts (4 tests) 10ms
 ✓ tests/ipc.test.ts (61 tests) 18ms
 ✓ tests/shareUiV9.test.ts (6 tests) 13ms
 ✓ tests/fever.test.ts (4 tests) 13ms
 ✓ tests/recoveryCaptureV9.test.ts (5 tests) 12ms
 ✓ tests/packaging.test.ts (16 tests) 8ms
 ✓ tests/progressV7.test.ts (5 tests) 8ms
 ✓ tests/trainingPreview.test.ts (4 tests) 8ms
 ✓ tests/anim.test.ts (14 tests) 10ms
 ✓ tests/server/pgTransaction.test.ts (9 tests) 7ms
 ✓ tests/server/http.test.ts (9 tests) 6ms
 ✓ tests/server/pgStore.test.ts (22 tests) 6ms
 ✓ tests/effects.test.ts (7 tests) 8ms
 ✓ tests/window.test.ts (29 tests) 6ms
 ✓ tests/battle.test.ts (5 tests) 5ms
 ✓ tests/rendererInput.test.ts (8 tests) 4ms
 ✓ tests/fsm.test.ts (12 tests) 3ms
 ✓ tests/heroMenuReadiness.test.ts (4 tests) 6ms
 ✓ tests/thefts.test.ts (5 tests) 5ms
 ✓ tests/typeChart.test.ts (4 tests) 4ms
 ✓ tests/deploy.test.ts (7 tests) 4ms
 ✓ tests/input.test.ts (9 tests) 5ms
 ✓ tests/drag.test.ts (7 tests) 4ms
 ✓ tests/platformV9.test.ts (3 tests) 4ms
 ✓ tests/bignum.test.ts (7 tests) 3ms
 ✓ tests/scaffold.test.ts (1 test) 1ms
 ✓ tests/balance.test.ts (3 tests) 4664ms
   ✓ v0.7 deterministic accounting and gold policy regression > checks 20 exploration seeds across active, warm-idle and intermittent play at 5/15/30 minutes  4640ms

 Test Files  73 passed (73)
      Tests  1071 passed (1071)
   Start at  19:06:46
   Duration  5.20s (transform 2.98s, setup 0ms, collect 11.06s, tests 14.63s, environment 9ms, prepare 5.65s)


> desmon@0.9.0 lint
> eslint . --max-warnings 0


> desmon@0.9.0 typecheck
> tsc -p tsconfig.main.json --noEmit && tsc -p tsconfig.renderer.json --noEmit && tsc -p tsconfig.test.json

[33mThe CJS build of Vite's Node API is deprecated. See https://vite.dev/guide/troubleshooting.html#vite-cjs-node-api-deprecated for more details.[39m
