
> desmon@0.9.0 package:win
> node scripts/windows.mjs package

  • electron-builder  version=26.15.3 os=25.2.0
  • loaded configuration  file=package.json ("build" field)
  • skipped dependencies rebuild  reason=npmRebuild is set to false
  • packaging       platform=win32 arch=x64 electron=39.8.10 appOutDir=release/win-unpacked
  • downloaded      label=electron progress=100%
  • downloaded electron zip extracted successfully  output=/Users/jeongyounglee/work/repo/desktop-monster/release/win-unpacked
  • searching for node modules  pm=npm searchDir=/Users/jeongyounglee/work/repo/desktop-monster
  • updating asar integrity executable resource  executablePath=release/win-unpacked/DesMon.exe
  • default Electron icon is used  reason=application icon is not set
  • signing with signtool.exe  path=release/win-unpacked/DesMon.exe
  • building        target=nsis file=release/DesMon Setup 0.9.0.exe archs=x64 oneClick=true perMachine=false
  • downloaded      label=nsis-3.0.4.1.7z progress=100%
  • downloaded      label=7zip-darwin-arm64.tar.gz progress=100%
  • signing with signtool.exe  path=release/win-unpacked/resources/elevate.exe
  • downloaded      label=nsis-resources-3.4.1.7z progress=100%
  • signing with signtool.exe  path=release/DesMon Setup 0.9.0.__uninstaller.exe
  • signing with signtool.exe  path=release/DesMon Setup 0.9.0.exe
  • building block map  blockMapFile=release/DesMon Setup 0.9.0.exe.blockmap
