
> desmon@0.5.0 test
> vitest run
RUN v3.2.7
✓ tests/progressionV5.test.ts (12 tests) 77ms
✓ tests/collection.test.ts (21 tests) 139ms
 ✓ tests/engine.test.ts (35 tests) 207ms
 ✓ tests/loot.test.ts (11 tests) 239ms
 ✓ tests/sprites.test.ts (34 tests) 138ms
 ✓ tests/hero.test.ts (12 tests) 101ms
 ✓ tests/renderer.test.ts (104 tests) 201ms
 ✓ tests/menu.test.ts (37 tests) 121ms
 ✓ tests/net.test.ts (24 tests) 77ms
 ✓ tests/heroArtCompatibility.test.ts (2 tests) 79ms
 ✓ tests/heroJobStudies.test.ts (3 tests) 211ms
 ✓ tests/heroRendering.test.ts (5 tests) 474ms
 ✓ tests/progressV5.test.ts (12 tests) 165ms
 ✓ tests/globalInput.test.ts (20 tests) 11ms
 ✓ tests/discoveryV5.test.ts (8 tests) 18ms
 ✓ tests/server/opponents.test.ts (10 tests) 29ms
 ✓ tests/heroEvolutionStudies.test.ts (2 tests) 107ms
 ✓ tests/formulas.test.ts (15 tests) 32ms
 ✓ tests/server/app.test.ts (18 tests) 78ms
 ✓ tests/tray.test.ts (38 tests) 16ms
 ✓ tests/heroForms.test.ts (8 tests) 1061ms
   ✓ v0.5 reincarnated hero art > supplies 70 complete registered 14×14 forms with animated idle and attack poses  973ms
 ✓ tests/server/pvp.test.ts (14 tests) 30ms
 ✓ tests/identity.test.ts (8 tests) 10ms
 ✓ tests/settings.test.ts (4 tests) 8ms
 ✓ tests/persistence.test.ts (10 tests) 10ms
 ✓ tests/save.test.ts (15 tests) 41ms
 ✓ tests/ipc.test.ts (58 tests) 6ms
 ✓ tests/fever.test.ts (4 tests) 11ms
 ✓ tests/packaging.test.ts (16 tests) 8ms
 ✓ tests/audio.test.ts (15 tests) 27ms
 ✓ tests/effects.test.ts (7 tests) 17ms
 ✓ tests/server/http.test.ts (9 tests) 12ms
 ✓ tests/window.test.ts (29 tests) 5ms
 ✓ tests/server/pgStore.test.ts (22 tests) 53ms
 ✓ tests/ipcV5.test.ts (4 tests) 8ms
 ✓ tests/thefts.test.ts (5 tests) 4ms
 ✓ tests/anim.test.ts (14 tests) 11ms
 ✓ tests/typeChart.test.ts (4 tests) 4ms
 ✓ tests/battle.test.ts (5 tests) 4ms
 ✓ tests/fsm.test.ts (12 tests) 5ms
 ✓ tests/server/pgTransaction.test.ts (3 tests) 5ms
 ✓ tests/rendererInput.test.ts (8 tests) 3ms
 ✓ tests/deploy.test.ts (7 tests) 4ms
 ✓ tests/drag.test.ts (7 tests) 3ms
 ✓ tests/bignum.test.ts (7 tests) 2ms
 ✓ tests/scaffold.test.ts (1 test) 2ms
 ✓ tests/input.test.ts (9 tests) 5ms
 ✓ tests/expedition.test.ts (14 tests) 3077ms
   ✓ A3 — a full roster releases the boss instead of voiding it (H1/H2) > never swallows a capture draw: every full-roster boss draw emits an event  807ms
   ✓ A1 — the expedition gauge is display-only and stays out of the way (H2b/H7) > never leaves its declared pixel budget, whatever the depth (H7)  2172ms

✓ tests/balance.test.ts (2 tests) 73434ms
Test Files 49 passed (49)
Tests 744 passed (744)
Duration 73.84s
> desmon@0.5.0 lint
> eslint . --max-warnings 0
> desmon@0.5.0 typecheck
> tsc -p tsconfig.main.json --noEmit && tsc -p tsconfig.renderer.json --noEmit && tsc -p tsconfig.test.json
Exit code: 0

