<?xml version="1.0" encoding="UTF-8"?>
<!DOCTYPE plist PUBLIC "-//Apple//DTD PLIST 1.0//EN" "http://www.apple.com/DTDs/PropertyList-1.0.dtd">
<plist version="1.0">
<dict>
	<key>system-entities</key>
	<array>
		<dict>
			<key>content-hint</key>
			<string>Apple_HFS</string>
			<key>dev-entry</key>
			<string>/dev/disk8s1</string>
			<key>mount-point</key>
			<string>/private/var/folders/lx/2l4_myln77j11v_rskxlc7kr0000gn/T/desmon-v070-dmg-jiappzk8/volume</string>
			<key>potentially-mountable</key>
			<true/>
			<key>unmapped-content-hint</key>
			<string>48465300-0000-11AA-AA11-00306543ECAC</string>
			<key>volume-kind</key>
			<string>hfs</string>
		</dict>
		<dict>
			<key>content-hint</key>
			<string>GUID_partition_scheme</string>
			<key>dev-entry</key>
			<string>/dev/disk8</string>
			<key>potentially-mountable</key>
			<false/>
			<key>unmapped-content-hint</key>
			<string>GUID_partition_scheme</string>
		</dict>
	</array>
</dict>
</plist>
