
> desmon@0.9.0 test
> vitest run


 RUN  v3.2.7 /Users/jeongyounglee/work/repo/desktop-monster

 ✓ tests/heroJobStudies.test.ts (3 tests) 141ms
 ✓ tests/performanceV8.test.ts (6 tests) 405ms
   ✓ v0.8 performance evidence validation > binds reports, raw samples, screenshots, app bytes and observer source before accepting a matrix  302ms
 ✓ tests/engine.test.ts (45 tests) 438ms
 ✓ tests/loot.test.ts (11 tests) 492ms
 ✓ tests/progressionV7.test.ts (45 tests) 627ms
 ✓ tests/progressionV5.test.ts (12 tests) 115ms
 ✓ tests/codexV7.test.ts (10 tests) 185ms
 ✓ tests/menu.test.ts (63 tests) 257ms
 ✓ tests/heroRendering.test.ts (5 tests) 448ms
 ✓ tests/collection.test.ts (21 tests) 257ms
 ✓ tests/heroForms.test.ts (8 tests) 1017ms
   ✓ v0.5 reincarnated hero art > supplies 70 complete registered 14×14 forms with animated idle and attack poses  848ms
 ✓ tests/onlineV9.test.ts (8 tests) 135ms
 ✓ tests/hud-v09.test.ts (3 tests) 664ms
   ✓ v0.9 HUD readability > keeps the existing normal/critical damage lane clear of counters throughout its rise  416ms
 ✓ tests/formulas.test.ts (21 tests) 93ms
 ✓ tests/net.test.ts (44 tests) 141ms
 ✓ tests/expedition.test.ts (16 tests) 816ms
   ✓ A3 — a full roster releases the boss instead of voiding it (H1/H2) > never swallows a capture draw: every full-roster boss draw emits an event  636ms
 ✓ tests/hero.test.ts (17 tests) 100ms
 ✓ tests/pvpDirectoryV7.test.ts (20 tests) 132ms
 ✓ tests/share.test.ts (5 tests) 62ms
 ✓ tests/sprites.test.ts (34 tests) 221ms
 ✓ tests/discoveryV5.test.ts (8 tests) 30ms
 ✓ tests/server/v09.test.ts (8 tests) 40ms
 ✓ tests/server/app.test.ts (18 tests) 45ms
 ✓ tests/effects-v09.test.ts (6 tests) 221ms
 ✓ tests/measurementV8.test.ts (6 tests) 1559ms
   ✓ v0.8 collection policy measurement > preserves the original v7 first-card trajectory exactly  1103ms
   ✓ v0.8 collection policy measurement > chooses the actual third rare card and records the existing consume policy without species protection  432ms
 ✓ tests/server/opponents.test.ts (10 tests) 47ms
 ✓ tests/renderer.test.ts (104 tests) 356ms
 ✓ tests/progressV5.test.ts (12 tests) 73ms
 ✓ tests/heroEvolutionStudies.test.ts (2 tests) 39ms
 ✓ tests/recoveryV9.test.ts (18 tests) 60ms
 ✓ tests/server/companionLevelsV7.test.ts (9 tests) 93ms
 ✓ tests/heroArtCompatibility.test.ts (2 tests) 119ms
 ✓ tests/shareV9.test.ts (9 tests) 140ms
 ✓ tests/save.test.ts (15 tests) 22ms
 ✓ tests/progressV6.test.ts (15 tests) 15ms
 ✓ tests/runtimeV8.test.ts (9 tests) 23ms
 ✓ tests/tray.test.ts (38 tests) 42ms
 ✓ tests/companionLevelsV7.test.ts (33 tests) 34ms
 ✓ tests/globalInput.test.ts (20 tests) 17ms
 ✓ tests/menuV9.test.ts (5 tests) 32ms
 ✓ tests/ipc.test.ts (61 tests) 13ms
 ✓ tests/fever.test.ts (4 tests) 38ms
 ✓ tests/audio.test.ts (15 tests) 27ms
 ✓ tests/identity.test.ts (8 tests) 11ms
 ✓ tests/persistence.test.ts (10 tests) 11ms
 ✓ tests/onlineV8.test.ts (3 tests) 11ms
 ✓ tests/settings.test.ts (4 tests) 11ms
 ✓ tests/recoveryCaptureV9.test.ts (5 tests) 9ms
 ✓ tests/server/pvp.test.ts (14 tests) 22ms
 ✓ tests/progressV7.test.ts (5 tests) 20ms
 ✓ tests/shareUiV9.test.ts (6 tests) 13ms
 ✓ tests/server/pgTransaction.test.ts (9 tests) 6ms
 ✓ tests/battle.test.ts (5 tests) 4ms
 ✓ tests/window.test.ts (29 tests) 8ms
 ✓ tests/input.test.ts (9 tests) 3ms
 ✓ tests/effects.test.ts (7 tests) 9ms
 ✓ tests/packaging.test.ts (16 tests) 7ms
 ✓ tests/fsm.test.ts (12 tests) 3ms
 ✓ tests/ipcV5.test.ts (7 tests) 9ms
 ✓ tests/trainingPreview.test.ts (4 tests) 8ms
 ✓ tests/server/http.test.ts (9 tests) 7ms
 ✓ tests/platformV9.test.ts (3 tests) 4ms
 ✓ tests/bignum.test.ts (7 tests) 3ms
 ✓ tests/anim.test.ts (14 tests) 9ms
 ✓ tests/server/pgStore.test.ts (22 tests) 6ms
 ✓ tests/heroMenuReadiness.test.ts (4 tests) 5ms
 ✓ tests/drag.test.ts (7 tests) 8ms
 ✓ tests/deploy.test.ts (7 tests) 4ms
 ✓ tests/thefts.test.ts (5 tests) 5ms
 ✓ tests/typeChart.test.ts (4 tests) 4ms
 ✓ tests/scaffold.test.ts (1 test) 1ms
 ✓ tests/rendererInput.test.ts (8 tests) 3ms
 ✓ tests/balance.test.ts (3 tests) 4554ms
   ✓ v0.7 deterministic accounting and gold policy regression > checks 20 exploration seeds across active, warm-idle and intermittent play at 5/15/30 minutes  4529ms

 Test Files  73 passed (73)
      Tests  1071 passed (1071)
   Start at  19:48:03
   Duration  5.08s (transform 2.30s, setup 0ms, collect 9.07s, tests 14.61s, environment 15ms, prepare 4.77s)


> desmon@0.9.0 lint
> eslint . --max-warnings 0


> desmon@0.9.0 typecheck
> tsc -p tsconfig.main.json --noEmit && tsc -p tsconfig.renderer.json --noEmit && tsc -p tsconfig.test.json

[33mThe CJS build of Vite's Node API is deprecated. See https://vite.dev/guide/troubleshooting.html#vite-cjs-node-api-deprecated for more details.[39m
