Debugger listening on ws://127.0.0.1:55990/13de5e7a-1205-4cf5-a88f-8640e05c7409
For help, see: https://nodejs.org/en/docs/inspector
Debugger attached.
V08_INSPECTOR_RESUMED
V08_FIELD_LOADED
V08_CONTEXT_READY
V08_FRAME_READY
V08_FIELD_LOADED
V08_CONTEXT_READY
V08_FRAME_READY
V08_FIELD_LOADED
V08_CONTEXT_READY
V08_FRAME_READY
V08_FIELD_LOADED
V08_CONTEXT_READY
V08_FRAME_READY
V08_FIELD_LOADED
V08_CONTEXT_READY
V08_FRAME_READY
V08_FIELD_LOADED
V08_CONTEXT_READY
V08_FRAME_READY
Debugger ending on ws://127.0.0.1:55990/13de5e7a-1205-4cf5-a88f-8640e05c7409
For help, see: https://nodejs.org/en/docs/inspector
