{
  "commandId": "gates",
  "command": "npm test && npm run lint && npm run typecheck",
  "exitCode": 1,
  "sourceDigest": "84e911f949feb04569668a77869ad43913dce1bf45c9afd34c9ff6cd239cc131",
  "endedDigest": "84e911f949feb04569668a77869ad43913dce1bf45c9afd34c9ff6cd239cc131",
  "evaluationDigest": "c27f89371f34647649fd442fffd3b13849b7c20060409210fbe0ca62b90d6d2d",
  "endedEvaluationDigest": "c27f89371f34647649fd442fffd3b13849b7c20060409210fbe0ca62b90d6d2d",
  "filesHash": {
    "README.md": "f046d5ad2866b7b55905564af664b8009dc8d2fc12976843e3c02f11fd3486ef",
    "docs/v0.7/ACCEPTANCE.md": "d4d970c02eef137ae0a8485c4168b85dad2ee840f832cf1c2245cefb7f53d71c",
    "docs/v0.7/HANDOFF.md": "a2f976a3af1d9c316970403345b0355b720777ad217882efcee08df32752d4f3"
  },
  "endedFilesHash": {
    "README.md": "f046d5ad2866b7b55905564af664b8009dc8d2fc12976843e3c02f11fd3486ef",
    "docs/v0.7/ACCEPTANCE.md": "d4d970c02eef137ae0a8485c4168b85dad2ee840f832cf1c2245cefb7f53d71c",
    "docs/v0.7/HANDOFF.md": "a2f976a3af1d9c316970403345b0355b720777ad217882efcee08df32752d4f3"
  },
  "artifacts": {},
  "log": "/Users/jeongyounglee/work/repo/desktop-monster/.agentdoc/v07-setup-20260911T122653Z/evidence/V07-07-1789359215271.log",
  "sha256": "d6d4d0e8fd3a156043d002c7ff749322287324aa2ab18dc7e26ce54934a4c0e6",
  "ac": false,
  "at": "2026-09-14T04:13:44.221Z"
}

