{"profile":"active","minutes":30,"elapsedMinutes":1,"samples":12,"inputs":118,"cpu":1.7804512006905315,"memoryMiB":300.28125}
{"profile":"active","minutes":30,"elapsedMinutes":2,"samples":24,"inputs":237,"cpu":1.8932612318914182,"memoryMiB":300.875}
{"profile":"active","minutes":30,"elapsedMinutes":3,"samples":36,"inputs":355,"cpu":1.5817594497391583,"memoryMiB":281.03125}
{"profile":"active","minutes":30,"elapsedMinutes":4.01,"samples":48,"inputs":474,"cpu":1.8140000499813627,"memoryMiB":282.15625}
{"profile":"active","minutes":30,"elapsedMinutes":5.01,"samples":60,"inputs":593,"cpu":1.6246074883998334,"memoryMiB":257.78125}
{"profile":"active","minutes":30,"elapsedMinutes":6.01,"samples":72,"inputs":711,"cpu":1.6749140942478473,"memoryMiB":237.125}
{"profile":"active","minutes":30,"elapsedMinutes":7.01,"samples":84,"inputs":830,"cpu":1.814571564613981,"memoryMiB":234.9375}
{"profile":"active","minutes":30,"elapsedMinutes":8.01,"samples":96,"inputs":949,"cpu":1.7265732223967627,"memoryMiB":205.953125}
{"profile":"active","minutes":30,"elapsedMinutes":9.01,"samples":108,"inputs":1067,"cpu":1.6523756656714972,"memoryMiB":206.828125}
{"profile":"active","minutes":30,"elapsedMinutes":10.01,"samples":120,"inputs":1186,"cpu":1.709955456528052,"memoryMiB":198.28125}
{"profile":"active","minutes":30,"elapsedMinutes":11.02,"samples":132,"inputs":1304,"cpu":1.971056053792186,"memoryMiB":197.578125}
{"profile":"active","minutes":30,"elapsedMinutes":12.02,"samples":144,"inputs":1423,"cpu":2.070567975374905,"memoryMiB":202.828125}
{"profile":"active","minutes":30,"elapsedMinutes":13.02,"samples":156,"inputs":1542,"cpu":1.1608253905591406,"memoryMiB":193.890625}
{"profile":"active","minutes":30,"elapsedMinutes":14.03,"samples":168,"inputs":1661,"cpu":1.5284875343951307,"memoryMiB":196.03125}
{"profile":"active","minutes":30,"elapsedMinutes":15.03,"samples":180,"inputs":1779,"cpu":2.1646539361603456,"memoryMiB":208.34375}
{"profile":"active","minutes":30,"elapsedMinutes":16.04,"samples":192,"inputs":1899,"cpu":2.1540438228220298,"memoryMiB":205.328125}
{"profile":"active","minutes":30,"elapsedMinutes":17.04,"samples":204,"inputs":2018,"cpu":2.237712293479535,"memoryMiB":217.125}
{"profile":"active","minutes":30,"elapsedMinutes":18.04,"samples":216,"inputs":2137,"cpu":1.7495082865503264,"memoryMiB":196.390625}
{"profile":"active","minutes":30,"elapsedMinutes":19.04,"samples":228,"inputs":2256,"cpu":1.730373233352634,"memoryMiB":195.28125}
{"profile":"active","minutes":30,"elapsedMinutes":20.04,"samples":240,"inputs":2374,"cpu":1.368119035744411,"memoryMiB":200.390625}
{"profile":"active","minutes":30,"elapsedMinutes":21.05,"samples":252,"inputs":2494,"cpu":1.5503773293195042,"memoryMiB":210.625}
{"profile":"active","minutes":30,"elapsedMinutes":22.05,"samples":264,"inputs":2613,"cpu":1.5220193205017494,"memoryMiB":210.53125}
{"profile":"active","minutes":30,"elapsedMinutes":23.06,"samples":276,"inputs":2732,"cpu":1.7363103012241459,"memoryMiB":194.234375}
{"profile":"active","minutes":30,"elapsedMinutes":24.06,"samples":288,"inputs":2851,"cpu":2.25012164700014,"memoryMiB":255.640625}
{"profile":"active","minutes":30,"elapsedMinutes":25.06,"samples":300,"inputs":2970,"cpu":2.523303389226976,"memoryMiB":240.53125}
{"profile":"active","minutes":30,"elapsedMinutes":26.07,"samples":312,"inputs":3090,"cpu":2.522029305140474,"memoryMiB":221.625}
{"profile":"active","minutes":30,"elapsedMinutes":27.07,"samples":324,"inputs":3209,"cpu":2.644685211340126,"memoryMiB":216.484375}
{"profile":"active","minutes":30,"elapsedMinutes":28.07,"samples":336,"inputs":3328,"cpu":2.497616088756329,"memoryMiB":215.671875}
{"profile":"active","minutes":30,"elapsedMinutes":29.07,"samples":348,"inputs":3447,"cpu":2.4107531645820255,"memoryMiB":204.09375}
{"profile":"active","minutes":30,"elapsedMinutes":30,"samples":360,"inputs":3557,"cpu":3.1287582350734384,"memoryMiB":201.859375}
{"output":"/Users/jeongyounglee/work/repo/desktop-monster/.agentdoc/v09-20260915T084032Z/performance-02/baseline-active.json","passed":true,"summary":{"cpuP95":2.642215107002181,"workingSetMiBP95":248.21875,"initialMemoryMedian":207.578125,"finalMemoryMedian":null}}
{"profile":"idle","minutes":30,"elapsedMinutes":1,"samples":12,"inputs":0,"cpu":2.0697817056929444,"memoryMiB":316.765625}
{"profile":"idle","minutes":30,"elapsedMinutes":2,"samples":24,"inputs":0,"cpu":2.0066627448410252,"memoryMiB":281.140625}
{"profile":"idle","minutes":30,"elapsedMinutes":3,"samples":36,"inputs":0,"cpu":2.2378330339682213,"memoryMiB":279.640625}
{"profile":"idle","minutes":30,"elapsedMinutes":4.01,"samples":48,"inputs":0,"cpu":1.8286010544191211,"memoryMiB":267.25}
{"profile":"idle","minutes":30,"elapsedMinutes":5.01,"samples":60,"inputs":0,"cpu":2.105034973080626,"memoryMiB":275.9375}
{"profile":"idle","minutes":30,"elapsedMinutes":6.01,"samples":72,"inputs":0,"cpu":2.0937976409008074,"memoryMiB":262.0625}
{"profile":"idle","minutes":30,"elapsedMinutes":7.01,"samples":84,"inputs":0,"cpu":2.1339730207989582,"memoryMiB":253.609375}
{"profile":"idle","minutes":30,"elapsedMinutes":8.01,"samples":96,"inputs":0,"cpu":2.361078040228557,"memoryMiB":253.296875}
{"profile":"idle","minutes":30,"elapsedMinutes":9.01,"samples":108,"inputs":0,"cpu":2.4355041229461056,"memoryMiB":244.671875}
{"profile":"idle","minutes":30,"elapsedMinutes":10.01,"samples":120,"inputs":0,"cpu":2.2857125448120086,"memoryMiB":256.390625}
{"profile":"idle","minutes":30,"elapsedMinutes":11.02,"samples":132,"inputs":0,"cpu":2.1846191215975352,"memoryMiB":243.125}
{"profile":"idle","minutes":30,"elapsedMinutes":12.02,"samples":144,"inputs":0,"cpu":2.2512495081438306,"memoryMiB":242.125}
{"profile":"idle","minutes":30,"elapsedMinutes":13.02,"samples":156,"inputs":0,"cpu":2.1816777010544293,"memoryMiB":231.9375}
{"profile":"idle","minutes":30,"elapsedMinutes":14.02,"samples":168,"inputs":0,"cpu":2.3330987543872435,"memoryMiB":240.09375}
{"profile":"idle","minutes":30,"elapsedMinutes":15.02,"samples":180,"inputs":0,"cpu":2.249221464027101,"memoryMiB":230.671875}
{"profile":"idle","minutes":30,"elapsedMinutes":16.02,"samples":192,"inputs":0,"cpu":2.2787347367293362,"memoryMiB":223.703125}
{"profile":"idle","minutes":30,"elapsedMinutes":17.02,"samples":204,"inputs":0,"cpu":2.3310227157929675,"memoryMiB":228.125}
{"profile":"idle","minutes":30,"elapsedMinutes":18.03,"samples":216,"inputs":0,"cpu":2.337604331543929,"memoryMiB":234.078125}
{"profile":"idle","minutes":30,"elapsedMinutes":19.03,"samples":228,"inputs":0,"cpu":2.313830119276417,"memoryMiB":200.515625}
{"profile":"idle","minutes":30,"elapsedMinutes":20.03,"samples":240,"inputs":0,"cpu":2.113147360498958,"memoryMiB":206.109375}
{"profile":"idle","minutes":30,"elapsedMinutes":21.03,"samples":252,"inputs":0,"cpu":2.079172329072814,"memoryMiB":204.3125}
{"profile":"idle","minutes":30,"elapsedMinutes":22.03,"samples":264,"inputs":0,"cpu":2.268310751289696,"memoryMiB":206.359375}
{"profile":"idle","minutes":30,"elapsedMinutes":23.03,"samples":276,"inputs":0,"cpu":2.3081223295685365,"memoryMiB":216.140625}
{"profile":"idle","minutes":30,"elapsedMinutes":24.04,"samples":288,"inputs":0,"cpu":2.1353729979960643,"memoryMiB":208.90625}
{"profile":"idle","minutes":30,"elapsedMinutes":25.04,"samples":300,"inputs":0,"cpu":2.0473259702072553,"memoryMiB":210}
{"profile":"idle","minutes":30,"elapsedMinutes":26.04,"samples":312,"inputs":0,"cpu":1.979997032510369,"memoryMiB":210.625}
{"profile":"idle","minutes":30,"elapsedMinutes":27.04,"samples":324,"inputs":0,"cpu":2.186585323946898,"memoryMiB":214.03125}
{"profile":"idle","minutes":30,"elapsedMinutes":28.04,"samples":336,"inputs":0,"cpu":1.8627920095881056,"memoryMiB":211.609375}
{"profile":"idle","minutes":30,"elapsedMinutes":29.04,"samples":348,"inputs":0,"cpu":1.8811025642049586,"memoryMiB":180.078125}
{"profile":"idle","minutes":30,"elapsedMinutes":30,"samples":360,"inputs":0,"cpu":1.815061247928483,"memoryMiB":182.75}
{"output":"/Users/jeongyounglee/work/repo/desktop-monster/.agentdoc/v09-20260915T084032Z/performance-02/baseline-idle.json","passed":true,"summary":{"cpuP95":2.4699722240331714,"workingSetMiBP95":263.4375,"initialMemoryMedian":224.015625,"finalMemoryMedian":null}}
{"profile":"active","minutes":30,"elapsedMinutes":1,"samples":12,"inputs":118,"cpu":2.103976150947256,"memoryMiB":293.875}
{"profile":"active","minutes":30,"elapsedMinutes":2,"samples":24,"inputs":237,"cpu":2.571353144432866,"memoryMiB":293.4375}
{"profile":"active","minutes":30,"elapsedMinutes":3.01,"samples":36,"inputs":355,"cpu":2.425117863068624,"memoryMiB":262.109375}
{"profile":"active","minutes":30,"elapsedMinutes":4.01,"samples":48,"inputs":474,"cpu":2.562329410848681,"memoryMiB":260.40625}
{"profile":"active","minutes":30,"elapsedMinutes":5.01,"samples":60,"inputs":593,"cpu":2.431564669939955,"memoryMiB":255.734375}
{"profile":"active","minutes":30,"elapsedMinutes":6.01,"samples":72,"inputs":711,"cpu":2.677743032877367,"memoryMiB":258.5625}
{"profile":"active","minutes":30,"elapsedMinutes":7.01,"samples":84,"inputs":830,"cpu":2.478657206296046,"memoryMiB":250.015625}
{"profile":"active","minutes":30,"elapsedMinutes":8.01,"samples":96,"inputs":948,"cpu":2.5282027528195004,"memoryMiB":246.15625}
{"profile":"active","minutes":30,"elapsedMinutes":9.01,"samples":108,"inputs":1067,"cpu":2.374215409726208,"memoryMiB":244.640625}
{"profile":"active","minutes":30,"elapsedMinutes":10.01,"samples":120,"inputs":1186,"cpu":2.4605394422398135,"memoryMiB":243.640625}
{"profile":"active","minutes":30,"elapsedMinutes":11.02,"samples":132,"inputs":1304,"cpu":2.4479620715568875,"memoryMiB":245.359375}
{"profile":"active","minutes":30,"elapsedMinutes":12.02,"samples":144,"inputs":1423,"cpu":2.4891146046337593,"memoryMiB":251.9375}
{"profile":"active","minutes":30,"elapsedMinutes":13.02,"samples":156,"inputs":1542,"cpu":2.644057602463395,"memoryMiB":237.734375}
{"profile":"active","minutes":30,"elapsedMinutes":14.02,"samples":168,"inputs":1660,"cpu":2.4526373567315414,"memoryMiB":238.875}
{"profile":"active","minutes":30,"elapsedMinutes":15.02,"samples":180,"inputs":1779,"cpu":2.690561852111466,"memoryMiB":240.640625}
{"profile":"active","minutes":30,"elapsedMinutes":16.02,"samples":192,"inputs":1898,"cpu":2.0762145512266716,"memoryMiB":250.953125}
{"profile":"active","minutes":30,"elapsedMinutes":17.02,"samples":204,"inputs":2016,"cpu":2.5809861920093464,"memoryMiB":240.640625}
{"profile":"active","minutes":30,"elapsedMinutes":18.02,"samples":216,"inputs":2135,"cpu":2.5274013389511634,"memoryMiB":236.28125}
{"profile":"active","minutes":30,"elapsedMinutes":19.03,"samples":228,"inputs":2253,"cpu":2.6027396382698096,"memoryMiB":238.53125}
{"profile":"active","minutes":30,"elapsedMinutes":20.03,"samples":240,"inputs":2372,"cpu":2.347927155258375,"memoryMiB":237.96875}
{"profile":"active","minutes":30,"elapsedMinutes":21.03,"samples":252,"inputs":2490,"cpu":2.362710946949779,"memoryMiB":227.71875}
{"profile":"active","minutes":30,"elapsedMinutes":22.03,"samples":264,"inputs":2609,"cpu":2.564751283517472,"memoryMiB":228.890625}
{"profile":"active","minutes":30,"elapsedMinutes":23.03,"samples":276,"inputs":2728,"cpu":2.4078771403539294,"memoryMiB":241.421875}
{"profile":"active","minutes":30,"elapsedMinutes":24.03,"samples":288,"inputs":2846,"cpu":2.6417375253920965,"memoryMiB":228.65625}
{"profile":"active","minutes":30,"elapsedMinutes":25.03,"samples":300,"inputs":2965,"cpu":2.5890599938419756,"memoryMiB":230.8125}
{"profile":"active","minutes":30,"elapsedMinutes":26.04,"samples":312,"inputs":3083,"cpu":2.399610504645269,"memoryMiB":241.71875}
{"profile":"active","minutes":30,"elapsedMinutes":27.04,"samples":324,"inputs":3202,"cpu":2.5775246782707675,"memoryMiB":230.203125}
{"profile":"active","minutes":30,"elapsedMinutes":28.04,"samples":336,"inputs":3321,"cpu":2.649312252356404,"memoryMiB":232.765625}
{"profile":"active","minutes":30,"elapsedMinutes":29.04,"samples":348,"inputs":3439,"cpu":2.74238046635509,"memoryMiB":229.53125}
{"profile":"active","minutes":30,"elapsedMinutes":30,"samples":360,"inputs":3553,"cpu":2.5549740942928443,"memoryMiB":233.296875}
{"output":"/Users/jeongyounglee/work/repo/desktop-monster/.agentdoc/v09-20260915T084032Z/performance-02/candidate-active.json","passed":true,"summary":{"cpuP95":2.74505162609314,"workingSetMiBP95":254.734375,"initialMemoryMedian":238.8125,"finalMemoryMedian":null}}
{"profile":"idle","minutes":30,"elapsedMinutes":1,"samples":12,"inputs":0,"cpu":2.093189748659887,"memoryMiB":314.359375}
{"profile":"idle","minutes":30,"elapsedMinutes":2,"samples":24,"inputs":0,"cpu":2.0601176402320487,"memoryMiB":304.359375}
{"profile":"idle","minutes":30,"elapsedMinutes":3,"samples":36,"inputs":0,"cpu":2.1433942791177083,"memoryMiB":300.59375}
{"profile":"idle","minutes":30,"elapsedMinutes":4.01,"samples":48,"inputs":0,"cpu":2.2934601740814338,"memoryMiB":282.453125}
{"profile":"idle","minutes":30,"elapsedMinutes":5.01,"samples":60,"inputs":0,"cpu":2.0581987364563448,"memoryMiB":260.046875}
{"profile":"idle","minutes":30,"elapsedMinutes":6.01,"samples":72,"inputs":0,"cpu":2.465383010753552,"memoryMiB":260.140625}
{"profile":"idle","minutes":30,"elapsedMinutes":7.01,"samples":84,"inputs":0,"cpu":2.5736420084603973,"memoryMiB":256.90625}
{"profile":"idle","minutes":30,"elapsedMinutes":8.01,"samples":96,"inputs":0,"cpu":2.496516920883527,"memoryMiB":250.1875}
{"profile":"idle","minutes":30,"elapsedMinutes":9.01,"samples":108,"inputs":0,"cpu":2.3320406724395117,"memoryMiB":244.5625}
{"profile":"idle","minutes":30,"elapsedMinutes":10.02,"samples":120,"inputs":0,"cpu":2.396526401309755,"memoryMiB":239.71875}
{"profile":"idle","minutes":30,"elapsedMinutes":11.02,"samples":132,"inputs":0,"cpu":2.23465142294813,"memoryMiB":241.484375}
{"profile":"idle","minutes":30,"elapsedMinutes":12.02,"samples":144,"inputs":0,"cpu":2.307949593052163,"memoryMiB":215.84375}
{"profile":"idle","minutes":30,"elapsedMinutes":13.02,"samples":156,"inputs":0,"cpu":2.0002219416534803,"memoryMiB":219.640625}
{"profile":"idle","minutes":30,"elapsedMinutes":14.02,"samples":168,"inputs":0,"cpu":2.023011568218367,"memoryMiB":226.375}
{"profile":"idle","minutes":30,"elapsedMinutes":15.02,"samples":180,"inputs":0,"cpu":2.0533687835056624,"memoryMiB":239.078125}
{"profile":"idle","minutes":30,"elapsedMinutes":16.02,"samples":192,"inputs":0,"cpu":2.450757204651823,"memoryMiB":226.765625}
{"profile":"idle","minutes":30,"elapsedMinutes":17.03,"samples":204,"inputs":0,"cpu":2.267267726132409,"memoryMiB":219.34375}
{"profile":"idle","minutes":30,"elapsedMinutes":18.03,"samples":216,"inputs":0,"cpu":2.133791954921043,"memoryMiB":222.046875}
{"profile":"idle","minutes":30,"elapsedMinutes":19.03,"samples":228,"inputs":0,"cpu":2.4295833816180337,"memoryMiB":218.953125}
{"profile":"idle","minutes":30,"elapsedMinutes":20.03,"samples":240,"inputs":0,"cpu":2.424409065611937,"memoryMiB":223.25}
{"profile":"idle","minutes":30,"elapsedMinutes":21.03,"samples":252,"inputs":0,"cpu":2.2334226839793088,"memoryMiB":211.734375}
{"profile":"idle","minutes":30,"elapsedMinutes":22.03,"samples":264,"inputs":0,"cpu":2.3732477439556487,"memoryMiB":212.15625}
{"profile":"idle","minutes":30,"elapsedMinutes":23.03,"samples":276,"inputs":0,"cpu":1.9857164894824433,"memoryMiB":208.21875}
{"profile":"idle","minutes":30,"elapsedMinutes":24.04,"samples":288,"inputs":0,"cpu":2.2812335364818472,"memoryMiB":224.75}
{"profile":"idle","minutes":30,"elapsedMinutes":25.04,"samples":300,"inputs":0,"cpu":2.2424767867533713,"memoryMiB":217.953125}
{"profile":"idle","minutes":30,"elapsedMinutes":26.04,"samples":312,"inputs":0,"cpu":2.235773133231861,"memoryMiB":220.421875}
{"profile":"idle","minutes":30,"elapsedMinutes":27.04,"samples":324,"inputs":0,"cpu":2.2149133314629803,"memoryMiB":214.875}
{"profile":"idle","minutes":30,"elapsedMinutes":28.04,"samples":336,"inputs":0,"cpu":2.391918253045088,"memoryMiB":212.484375}
{"profile":"idle","minutes":30,"elapsedMinutes":29.04,"samples":348,"inputs":0,"cpu":2.2374980038454155,"memoryMiB":205.28125}
{"profile":"idle","minutes":30,"elapsedMinutes":30,"samples":360,"inputs":0,"cpu":2.1704642786845176,"memoryMiB":199.203125}
{"output":"/Users/jeongyounglee/work/repo/desktop-monster/.agentdoc/v09-20260915T084032Z/performance-02/candidate-idle.json","passed":true,"summary":{"cpuP95":2.496516920883527,"workingSetMiBP95":260.8125,"initialMemoryMedian":223.125,"finalMemoryMedian":null}}
{"profile":"mixed","minutes":180,"elapsedMinutes":1,"samples":12,"inputs":118,"cpu":2.2921979418979817,"memoryMiB":326.59375}
{"profile":"mixed","minutes":180,"elapsedMinutes":2,"samples":24,"inputs":237,"cpu":2.3336657943732226,"memoryMiB":315.78125}
{"profile":"mixed","minutes":180,"elapsedMinutes":3,"samples":36,"inputs":355,"cpu":2.2445931395742775,"memoryMiB":309.578125}
{"profile":"mixed","minutes":180,"elapsedMinutes":4.01,"samples":48,"inputs":474,"cpu":2.6548674948162474,"memoryMiB":290.859375}
{"profile":"mixed","minutes":180,"elapsedMinutes":5.01,"samples":60,"inputs":592,"cpu":2.4875913139829553,"memoryMiB":260.65625}
{"profile":"mixed","minutes":180,"elapsedMinutes":6.01,"samples":72,"inputs":592,"cpu":2.0574254641027414,"memoryMiB":254.671875}
{"profile":"mixed","minutes":180,"elapsedMinutes":7.01,"samples":84,"inputs":592,"cpu":2.4731157478422396,"memoryMiB":257.375}
{"profile":"mixed","minutes":180,"elapsedMinutes":8.01,"samples":96,"inputs":592,"cpu":2.316688269686102,"memoryMiB":255.25}
{"profile":"mixed","minutes":180,"elapsedMinutes":9.01,"samples":108,"inputs":592,"cpu":2.282753485323646,"memoryMiB":252.75}
{"profile":"mixed","minutes":180,"elapsedMinutes":10.01,"samples":120,"inputs":594,"cpu":2.289864423816799,"memoryMiB":258.15625}
{"profile":"mixed","minutes":180,"elapsedMinutes":11.04,"samples":132,"inputs":716,"cpu":2.5317528114288415,"memoryMiB":260.65625}
{"profile":"mixed","minutes":180,"elapsedMinutes":12.04,"samples":144,"inputs":830,"cpu":1.7606505523181473,"memoryMiB":245.859375}
{"profile":"mixed","minutes":180,"elapsedMinutes":13.05,"samples":156,"inputs":948,"cpu":2.6807907712916563,"memoryMiB":253.859375}
{"profile":"mixed","minutes":180,"elapsedMinutes":14.05,"samples":168,"inputs":1067,"cpu":2.4712442469850764,"memoryMiB":246.03125}
{"profile":"mixed","minutes":180,"elapsedMinutes":15.05,"samples":180,"inputs":1180,"cpu":2.363333900576726,"memoryMiB":247.765625}
{"profile":"mixed","minutes":180,"elapsedMinutes":16.05,"samples":192,"inputs":1180,"cpu":2.491695353680167,"memoryMiB":243.796875}
{"profile":"mixed","minutes":180,"elapsedMinutes":17.05,"samples":204,"inputs":1180,"cpu":2.4884776386181002,"memoryMiB":241.171875}
{"profile":"mixed","minutes":180,"elapsedMinutes":18.05,"samples":216,"inputs":1180,"cpu":2.4340462380757484,"memoryMiB":242.578125}
{"profile":"mixed","minutes":180,"elapsedMinutes":19.05,"samples":228,"inputs":1180,"cpu":2.483139932750584,"memoryMiB":231.890625}
{"profile":"mixed","minutes":180,"elapsedMinutes":20.05,"samples":240,"inputs":1187,"cpu":2.4284733348024554,"memoryMiB":241.421875}
{"profile":"mixed","minutes":180,"elapsedMinutes":21.08,"samples":252,"inputs":1309,"cpu":2.7284338361944456,"memoryMiB":215.125}
{"profile":"mixed","minutes":180,"elapsedMinutes":22,"samples":263,"inputs":1417,"cpu":2.5190783214901007,"memoryMiB":210.75}
{"profile":"mixed","minutes":180,"elapsedMinutes":23,"samples":275,"inputs":1536,"cpu":2.5546647097107775,"memoryMiB":221.671875}
{"profile":"mixed","minutes":180,"elapsedMinutes":24,"samples":287,"inputs":1655,"cpu":2.2812927628561606,"memoryMiB":220.75}
{"profile":"mixed","minutes":180,"elapsedMinutes":25.01,"samples":299,"inputs":1773,"cpu":2.7261538823357983,"memoryMiB":227.125}
{"profile":"mixed","minutes":180,"elapsedMinutes":26.01,"samples":311,"inputs":1773,"cpu":1.6683134269716131,"memoryMiB":198.703125}
{"profile":"mixed","minutes":180,"elapsedMinutes":27.01,"samples":323,"inputs":1773,"cpu":2.5007512029282917,"memoryMiB":211.359375}
{"profile":"mixed","minutes":180,"elapsedMinutes":28.01,"samples":335,"inputs":1773,"cpu":2.4149346362796207,"memoryMiB":202.046875}
{"profile":"mixed","minutes":180,"elapsedMinutes":29.01,"samples":347,"inputs":1773,"cpu":2.0549790127410534,"memoryMiB":199.203125}
{"profile":"mixed","minutes":180,"elapsedMinutes":30.01,"samples":359,"inputs":1774,"cpu":2.0553013419948907,"memoryMiB":204.6875}
{"profile":"mixed","minutes":180,"elapsedMinutes":31.04,"samples":371,"inputs":1896,"cpu":2.574171460798833,"memoryMiB":210.140625}
{"profile":"mixed","minutes":180,"elapsedMinutes":32.04,"samples":383,"inputs":2014,"cpu":2.4697107093390853,"memoryMiB":208.3125}
{"profile":"mixed","minutes":180,"elapsedMinutes":33.04,"samples":395,"inputs":2133,"cpu":2.4526292897019113,"memoryMiB":223.375}
{"profile":"mixed","minutes":180,"elapsedMinutes":34.04,"samples":407,"inputs":2251,"cpu":2.5941152138845127,"memoryMiB":218.46875}
{"profile":"mixed","minutes":180,"elapsedMinutes":35.05,"samples":419,"inputs":2365,"cpu":2.7188015789634976,"memoryMiB":211.375}
{"profile":"mixed","minutes":180,"elapsedMinutes":36.05,"samples":431,"inputs":2365,"cpu":2.5229162708894703,"memoryMiB":203.765625}
{"profile":"mixed","minutes":180,"elapsedMinutes":37.05,"samples":443,"inputs":2365,"cpu":2.6310309844702915,"memoryMiB":201.5625}
{"profile":"mixed","minutes":180,"elapsedMinutes":38.05,"samples":455,"inputs":2365,"cpu":2.4599474582802596,"memoryMiB":203.359375}
{"profile":"mixed","minutes":180,"elapsedMinutes":39.05,"samples":467,"inputs":2365,"cpu":2.2779799627123003,"memoryMiB":197.234375}
{"profile":"mixed","minutes":180,"elapsedMinutes":40.05,"samples":479,"inputs":2371,"cpu":2.417126849948531,"memoryMiB":207.421875}
{"profile":"mixed","minutes":180,"elapsedMinutes":41.08,"samples":491,"inputs":2493,"cpu":2.5089160142805436,"memoryMiB":211.375}
{"profile":"mixed","minutes":180,"elapsedMinutes":42.08,"samples":503,"inputs":2611,"cpu":2.510799296933841,"memoryMiB":213.34375}
{"profile":"mixed","minutes":180,"elapsedMinutes":43,"samples":514,"inputs":2720,"cpu":2.539206767949253,"memoryMiB":208.546875}
{"profile":"mixed","minutes":180,"elapsedMinutes":44,"samples":526,"inputs":2838,"cpu":2.355689922305567,"memoryMiB":220.65625}
{"profile":"mixed","minutes":180,"elapsedMinutes":45,"samples":538,"inputs":2957,"cpu":2.1397836729976545,"memoryMiB":208.6875}
{"profile":"mixed","minutes":180,"elapsedMinutes":46,"samples":550,"inputs":2957,"cpu":2.3687669637223245,"memoryMiB":205.3125}
{"profile":"mixed","minutes":180,"elapsedMinutes":47.01,"samples":562,"inputs":2957,"cpu":2.2082797445189053,"memoryMiB":205.703125}
{"profile":"mixed","minutes":180,"elapsedMinutes":48.01,"samples":574,"inputs":2957,"cpu":2.145271193109129,"memoryMiB":205.71875}
{"profile":"mixed","minutes":180,"elapsedMinutes":49.01,"samples":586,"inputs":2957,"cpu":2.313872769778086,"memoryMiB":206.03125}
{"profile":"mixed","minutes":180,"elapsedMinutes":50.01,"samples":598,"inputs":2959,"cpu":2.290853385091811,"memoryMiB":205.015625}
{"profile":"mixed","minutes":180,"elapsedMinutes":51.04,"samples":610,"inputs":3081,"cpu":2.3479379940406653,"memoryMiB":193.015625}
{"profile":"mixed","minutes":180,"elapsedMinutes":52.04,"samples":622,"inputs":3200,"cpu":2.3178614397839787,"memoryMiB":198}
{"profile":"mixed","minutes":180,"elapsedMinutes":53.04,"samples":634,"inputs":3318,"cpu":2.251500673933411,"memoryMiB":200.65625}
{"profile":"mixed","minutes":180,"elapsedMinutes":54.04,"samples":646,"inputs":3437,"cpu":2.0960950905221867,"memoryMiB":196.421875}
{"profile":"mixed","minutes":180,"elapsedMinutes":55.05,"samples":658,"inputs":3550,"cpu":2.3416849474214265,"memoryMiB":205.78125}
{"profile":"mixed","minutes":180,"elapsedMinutes":56.05,"samples":670,"inputs":3550,"cpu":2.1752772760057875,"memoryMiB":197.6875}
{"profile":"mixed","minutes":180,"elapsedMinutes":57.05,"samples":682,"inputs":3550,"cpu":2.208248565157573,"memoryMiB":209.828125}
{"profile":"mixed","minutes":180,"elapsedMinutes":58.05,"samples":694,"inputs":3550,"cpu":2.3626141702557506,"memoryMiB":194.703125}
{"profile":"mixed","minutes":180,"elapsedMinutes":59.05,"samples":706,"inputs":3550,"cpu":2.3414319276425566,"memoryMiB":184.546875}
{"profile":"mixed","minutes":180,"elapsedMinutes":60.05,"samples":718,"inputs":3557,"cpu":2.5230822669854662,"memoryMiB":197.328125}
{"profile":"mixed","minutes":180,"elapsedMinutes":61.08,"samples":730,"inputs":3679,"cpu":2.529482810053079,"memoryMiB":195.890625}
{"profile":"mixed","minutes":180,"elapsedMinutes":62,"samples":741,"inputs":3787,"cpu":2.453584647919811,"memoryMiB":198.8125}
{"profile":"mixed","minutes":180,"elapsedMinutes":63,"samples":753,"inputs":3906,"cpu":2.3322964416607213,"memoryMiB":204.53125}
{"profile":"mixed","minutes":180,"elapsedMinutes":64,"samples":765,"inputs":4025,"cpu":2.387598422794191,"memoryMiB":200.515625}
{"profile":"mixed","minutes":180,"elapsedMinutes":65.01,"samples":777,"inputs":4143,"cpu":2.7136231043192276,"memoryMiB":204.296875}
{"profile":"mixed","minutes":180,"elapsedMinutes":66.01,"samples":789,"inputs":4143,"cpu":2.3159219891438583,"memoryMiB":176.90625}
{"profile":"mixed","minutes":180,"elapsedMinutes":67.01,"samples":801,"inputs":4143,"cpu":2.459985074860225,"memoryMiB":195.359375}
{"profile":"mixed","minutes":180,"elapsedMinutes":68.01,"samples":813,"inputs":4143,"cpu":2.435942803705261,"memoryMiB":183.46875}
{"profile":"mixed","minutes":180,"elapsedMinutes":69.01,"samples":825,"inputs":4143,"cpu":2.370713628518208,"memoryMiB":184.234375}
{"profile":"mixed","minutes":180,"elapsedMinutes":70.01,"samples":837,"inputs":4145,"cpu":2.20991534346616,"memoryMiB":193.484375}
{"profile":"mixed","minutes":180,"elapsedMinutes":71.04,"samples":849,"inputs":4267,"cpu":2.2238360162949102,"memoryMiB":204.515625}
{"profile":"mixed","minutes":180,"elapsedMinutes":72.04,"samples":861,"inputs":4385,"cpu":2.4417708519897516,"memoryMiB":207.28125}
{"profile":"mixed","minutes":180,"elapsedMinutes":73.04,"samples":873,"inputs":4504,"cpu":2.4689508669518156,"memoryMiB":205.71875}
{"profile":"mixed","minutes":180,"elapsedMinutes":74.05,"samples":885,"inputs":4622,"cpu":2.4442567660812196,"memoryMiB":207.3125}
{"profile":"mixed","minutes":180,"elapsedMinutes":75.05,"samples":897,"inputs":4735,"cpu":2.3231625506474622,"memoryMiB":208.890625}
{"profile":"mixed","minutes":180,"elapsedMinutes":76.05,"samples":909,"inputs":4735,"cpu":2.3594893806402406,"memoryMiB":196.96875}
{"profile":"mixed","minutes":180,"elapsedMinutes":77.05,"samples":921,"inputs":4735,"cpu":2.3255283725619154,"memoryMiB":211.890625}
{"profile":"mixed","minutes":180,"elapsedMinutes":78.05,"samples":933,"inputs":4735,"cpu":2.220850131352744,"memoryMiB":199.984375}
{"profile":"mixed","minutes":180,"elapsedMinutes":79.05,"samples":945,"inputs":4735,"cpu":2.428932858789741,"memoryMiB":197.84375}
{"profile":"mixed","minutes":180,"elapsedMinutes":80.05,"samples":957,"inputs":4742,"cpu":2.3529580221554447,"memoryMiB":206.4375}
{"profile":"mixed","minutes":180,"elapsedMinutes":81.08,"samples":969,"inputs":4864,"cpu":2.6419316148028447,"memoryMiB":233.4375}
{"profile":"mixed","minutes":180,"elapsedMinutes":82,"samples":980,"inputs":4972,"cpu":2.457098620885001,"memoryMiB":208.421875}
{"profile":"mixed","minutes":180,"elapsedMinutes":83,"samples":992,"inputs":5091,"cpu":2.5822802706996058,"memoryMiB":211.3125}
{"profile":"mixed","minutes":180,"elapsedMinutes":84,"samples":1004,"inputs":5209,"cpu":2.3365027789800905,"memoryMiB":211.71875}
{"profile":"mixed","minutes":180,"elapsedMinutes":85,"samples":1016,"inputs":5328,"cpu":2.423607613392462,"memoryMiB":211.1875}
{"profile":"mixed","minutes":180,"elapsedMinutes":86.01,"samples":1028,"inputs":5328,"cpu":2.1495974442542938,"memoryMiB":214.71875}
{"profile":"mixed","minutes":180,"elapsedMinutes":87.01,"samples":1040,"inputs":5328,"cpu":2.175369038575018,"memoryMiB":202.234375}
{"profile":"mixed","minutes":180,"elapsedMinutes":88.01,"samples":1052,"inputs":5328,"cpu":2.4779472013098,"memoryMiB":198.375}
{"profile":"mixed","minutes":180,"elapsedMinutes":89.01,"samples":1064,"inputs":5328,"cpu":2.4651660243373783,"memoryMiB":195.21875}
{"profile":"mixed","minutes":180,"elapsedMinutes":90.01,"samples":1076,"inputs":5330,"cpu":2.402263784897148,"memoryMiB":193.640625}
{"profile":"mixed","minutes":180,"elapsedMinutes":91.04,"samples":1088,"inputs":5452,"cpu":2.4503515878865794,"memoryMiB":230.875}
{"profile":"mixed","minutes":180,"elapsedMinutes":92.04,"samples":1100,"inputs":5570,"cpu":2.717699463525759,"memoryMiB":210.25}
{"profile":"mixed","minutes":180,"elapsedMinutes":93.04,"samples":1112,"inputs":5689,"cpu":2.2684737161586823,"memoryMiB":217.828125}
{"profile":"mixed","minutes":180,"elapsedMinutes":94.05,"samples":1124,"inputs":5808,"cpu":2.251573854889386,"memoryMiB":218.5}
{"profile":"mixed","minutes":180,"elapsedMinutes":95.05,"samples":1136,"inputs":5921,"cpu":2.309761955015676,"memoryMiB":210.078125}
{"profile":"mixed","minutes":180,"elapsedMinutes":96.05,"samples":1148,"inputs":5921,"cpu":2.3503211876119368,"memoryMiB":204.125}
{"profile":"mixed","minutes":180,"elapsedMinutes":97.05,"samples":1160,"inputs":5921,"cpu":2.4119026649082964,"memoryMiB":202.671875}
{"profile":"mixed","minutes":180,"elapsedMinutes":98.05,"samples":1172,"inputs":5921,"cpu":2.6790002373607766,"memoryMiB":201.375}
{"profile":"mixed","minutes":180,"elapsedMinutes":99.05,"samples":1184,"inputs":5921,"cpu":2.6550001478350627,"memoryMiB":202.984375}
{"profile":"mixed","minutes":180,"elapsedMinutes":100.05,"samples":1196,"inputs":5928,"cpu":2.586981814220568,"memoryMiB":205.578125}
{"profile":"mixed","minutes":180,"elapsedMinutes":101.08,"samples":1208,"inputs":6049,"cpu":2.6295418926296623,"memoryMiB":230.8125}
{"profile":"mixed","minutes":180,"elapsedMinutes":102,"samples":1219,"inputs":6158,"cpu":2.4389189770326007,"memoryMiB":212.328125}
{"profile":"mixed","minutes":180,"elapsedMinutes":103,"samples":1231,"inputs":6277,"cpu":2.7049235813992487,"memoryMiB":200.65625}
{"profile":"mixed","minutes":180,"elapsedMinutes":104,"samples":1243,"inputs":6396,"cpu":2.553792141443056,"memoryMiB":204.515625}
{"profile":"mixed","minutes":180,"elapsedMinutes":105,"samples":1255,"inputs":6514,"cpu":2.2324289099883465,"memoryMiB":201.15625}
{"profile":"mixed","minutes":180,"elapsedMinutes":106.01,"samples":1267,"inputs":6514,"cpu":2.5536249770778454,"memoryMiB":199.546875}
{"profile":"mixed","minutes":180,"elapsedMinutes":107.01,"samples":1279,"inputs":6514,"cpu":2.6708266392633724,"memoryMiB":200.46875}
{"profile":"mixed","minutes":180,"elapsedMinutes":108.01,"samples":1291,"inputs":6514,"cpu":2.3129065595737686,"memoryMiB":184.859375}
{"profile":"mixed","minutes":180,"elapsedMinutes":109.01,"samples":1303,"inputs":6514,"cpu":2.1746277491641446,"memoryMiB":189.96875}
{"profile":"mixed","minutes":180,"elapsedMinutes":110.01,"samples":1315,"inputs":6516,"cpu":2.3925879631095004,"memoryMiB":195.3125}
{"profile":"mixed","minutes":180,"elapsedMinutes":111.04,"samples":1327,"inputs":6638,"cpu":2.3326281283952133,"memoryMiB":242.34375}
{"profile":"mixed","minutes":180,"elapsedMinutes":112.04,"samples":1339,"inputs":6757,"cpu":2.410704391716798,"memoryMiB":219.421875}
{"profile":"mixed","minutes":180,"elapsedMinutes":113.04,"samples":1351,"inputs":6875,"cpu":2.563342712287694,"memoryMiB":215.421875}
{"profile":"mixed","minutes":180,"elapsedMinutes":114.05,"samples":1363,"inputs":6994,"cpu":2.535013426730133,"memoryMiB":213.828125}
{"profile":"mixed","minutes":180,"elapsedMinutes":115.05,"samples":1375,"inputs":7107,"cpu":2.269752434567175,"memoryMiB":222.59375}
{"profile":"mixed","minutes":180,"elapsedMinutes":116.05,"samples":1387,"inputs":7107,"cpu":2.545689180299515,"memoryMiB":207.265625}
{"profile":"mixed","minutes":180,"elapsedMinutes":117.05,"samples":1399,"inputs":7107,"cpu":2.345178189429494,"memoryMiB":205.296875}
{"profile":"mixed","minutes":180,"elapsedMinutes":118.05,"samples":1411,"inputs":7107,"cpu":2.4287639154309693,"memoryMiB":202.734375}
{"profile":"mixed","minutes":180,"elapsedMinutes":119.05,"samples":1423,"inputs":7107,"cpu":2.308324958920599,"memoryMiB":186.515625}
{"profile":"mixed","minutes":180,"elapsedMinutes":120.05,"samples":1435,"inputs":7113,"cpu":2.2390941633228714,"memoryMiB":200.8125}
{"profile":"mixed","minutes":180,"elapsedMinutes":121,"samples":1446,"inputs":7225,"cpu":2.497972957726394,"memoryMiB":245.65625}
{"profile":"mixed","minutes":180,"elapsedMinutes":122,"samples":1458,"inputs":7344,"cpu":2.2790030780177286,"memoryMiB":198.59375}
{"profile":"mixed","minutes":180,"elapsedMinutes":123,"samples":1470,"inputs":7462,"cpu":2.2015806079014086,"memoryMiB":200.875}
{"profile":"mixed","minutes":180,"elapsedMinutes":124,"samples":1482,"inputs":7581,"cpu":2.439356973765708,"memoryMiB":207.4375}
{"profile":"mixed","minutes":180,"elapsedMinutes":125.01,"samples":1494,"inputs":7699,"cpu":2.3383151474402735,"memoryMiB":205.0625}
{"profile":"mixed","minutes":180,"elapsedMinutes":126.01,"samples":1506,"inputs":7699,"cpu":2.385491778162777,"memoryMiB":204.21875}
{"profile":"mixed","minutes":180,"elapsedMinutes":127.01,"samples":1518,"inputs":7699,"cpu":2.396639568890199,"memoryMiB":197.328125}
{"profile":"mixed","minutes":180,"elapsedMinutes":128.01,"samples":1530,"inputs":7699,"cpu":2.5525230140255744,"memoryMiB":199.46875}
{"profile":"mixed","minutes":180,"elapsedMinutes":129.01,"samples":1542,"inputs":7699,"cpu":2.1898736190537162,"memoryMiB":198.5}
{"profile":"mixed","minutes":180,"elapsedMinutes":130.01,"samples":1554,"inputs":7701,"cpu":2.5010967287693098,"memoryMiB":205.90625}
{"profile":"mixed","minutes":180,"elapsedMinutes":131.04,"samples":1566,"inputs":7822,"cpu":2.3760348987428097,"memoryMiB":236.71875}
{"profile":"mixed","minutes":180,"elapsedMinutes":132.04,"samples":1578,"inputs":7941,"cpu":2.396018516976003,"memoryMiB":227.15625}
{"profile":"mixed","minutes":180,"elapsedMinutes":133.04,"samples":1590,"inputs":8060,"cpu":2.4117819802391516,"memoryMiB":213.828125}
{"profile":"mixed","minutes":180,"elapsedMinutes":134.05,"samples":1602,"inputs":8178,"cpu":2.4848511702988016,"memoryMiB":212.328125}
{"profile":"mixed","minutes":180,"elapsedMinutes":135.05,"samples":1614,"inputs":8291,"cpu":2.2857287181642647,"memoryMiB":220.28125}
{"profile":"mixed","minutes":180,"elapsedMinutes":136.05,"samples":1626,"inputs":8291,"cpu":2.384020453401653,"memoryMiB":205.53125}
{"profile":"mixed","minutes":180,"elapsedMinutes":137.05,"samples":1638,"inputs":8291,"cpu":2.568590742753513,"memoryMiB":204.640625}
{"profile":"mixed","minutes":180,"elapsedMinutes":138.05,"samples":1650,"inputs":8291,"cpu":2.487780074379882,"memoryMiB":200.578125}
{"profile":"mixed","minutes":180,"elapsedMinutes":139.05,"samples":1662,"inputs":8291,"cpu":2.6147319555335806,"memoryMiB":207.390625}
{"profile":"mixed","minutes":180,"elapsedMinutes":140.05,"samples":1674,"inputs":8297,"cpu":2.4518244647842864,"memoryMiB":222.453125}
{"profile":"mixed","minutes":180,"elapsedMinutes":141.08,"samples":1686,"inputs":8419,"cpu":2.4485499041808536,"memoryMiB":236.953125}
{"profile":"mixed","minutes":180,"elapsedMinutes":142,"samples":1697,"inputs":8528,"cpu":1.527330331537633,"memoryMiB":202.84375}
{"profile":"mixed","minutes":180,"elapsedMinutes":143,"samples":1709,"inputs":8645,"cpu":2.611304340817809,"memoryMiB":208.90625}
{"profile":"mixed","minutes":180,"elapsedMinutes":144,"samples":1721,"inputs":8763,"cpu":2.378167275125561,"memoryMiB":200.15625}
{"profile":"mixed","minutes":180,"elapsedMinutes":145,"samples":1733,"inputs":8882,"cpu":2.2914612042845732,"memoryMiB":202.203125}
{"profile":"mixed","minutes":180,"elapsedMinutes":146.01,"samples":1745,"inputs":8882,"cpu":2.2833084289951917,"memoryMiB":198.390625}
{"profile":"mixed","minutes":180,"elapsedMinutes":147.01,"samples":1757,"inputs":8882,"cpu":2.117623425213033,"memoryMiB":198.203125}
{"profile":"mixed","minutes":180,"elapsedMinutes":148.01,"samples":1769,"inputs":8882,"cpu":2.167688234627291,"memoryMiB":187.09375}
{"profile":"mixed","minutes":180,"elapsedMinutes":149.01,"samples":1781,"inputs":8882,"cpu":2.1806120991859257,"memoryMiB":181.359375}
{"profile":"mixed","minutes":180,"elapsedMinutes":150.01,"samples":1793,"inputs":8884,"cpu":2.2209398887537057,"memoryMiB":191.484375}
{"profile":"mixed","minutes":180,"elapsedMinutes":151.04,"samples":1805,"inputs":9006,"cpu":2.333101896975298,"memoryMiB":227.53125}
{"profile":"mixed","minutes":180,"elapsedMinutes":152.04,"samples":1817,"inputs":9124,"cpu":2.2938638278383,"memoryMiB":228.734375}
{"profile":"mixed","minutes":180,"elapsedMinutes":153.05,"samples":1829,"inputs":9243,"cpu":2.201567359753416,"memoryMiB":214.09375}
{"profile":"mixed","minutes":180,"elapsedMinutes":154.05,"samples":1841,"inputs":9362,"cpu":2.3253109122961195,"memoryMiB":212.359375}
{"profile":"mixed","minutes":180,"elapsedMinutes":155.05,"samples":1853,"inputs":9475,"cpu":2.313969321713568,"memoryMiB":221.546875}
{"profile":"mixed","minutes":180,"elapsedMinutes":156.05,"samples":1865,"inputs":9475,"cpu":2.228437534557018,"memoryMiB":204}
{"profile":"mixed","minutes":180,"elapsedMinutes":157.05,"samples":1877,"inputs":9475,"cpu":1.983202755358513,"memoryMiB":200.125}
{"profile":"mixed","minutes":180,"elapsedMinutes":158.05,"samples":1889,"inputs":9475,"cpu":2.0568896836165838,"memoryMiB":200.578125}
{"profile":"mixed","minutes":180,"elapsedMinutes":159.05,"samples":1901,"inputs":9475,"cpu":2.218109994195766,"memoryMiB":207.15625}
{"profile":"mixed","minutes":180,"elapsedMinutes":160.06,"samples":1913,"inputs":9482,"cpu":2.451055580828091,"memoryMiB":199.796875}
{"profile":"mixed","minutes":180,"elapsedMinutes":161,"samples":1924,"inputs":9594,"cpu":2.359057071155781,"memoryMiB":233.453125}
{"profile":"mixed","minutes":180,"elapsedMinutes":162,"samples":1936,"inputs":9712,"cpu":2.3551217917309004,"memoryMiB":235.5}
{"profile":"mixed","minutes":180,"elapsedMinutes":163,"samples":1948,"inputs":9831,"cpu":2.441915284367737,"memoryMiB":212.3125}
{"profile":"mixed","minutes":180,"elapsedMinutes":164.01,"samples":1960,"inputs":9950,"cpu":2.3810210076262814,"memoryMiB":212.5625}
{"profile":"mixed","minutes":180,"elapsedMinutes":165.01,"samples":1972,"inputs":10067,"cpu":2.3208874433184,"memoryMiB":214}
{"profile":"mixed","minutes":180,"elapsedMinutes":166.01,"samples":1984,"inputs":10067,"cpu":2.1337487529883528,"memoryMiB":218.953125}
{"profile":"mixed","minutes":180,"elapsedMinutes":167.01,"samples":1996,"inputs":10067,"cpu":2.290739127009877,"memoryMiB":213.34375}
{"profile":"mixed","minutes":180,"elapsedMinutes":168.01,"samples":2008,"inputs":10067,"cpu":2.32305080975584,"memoryMiB":204.8125}
{"profile":"mixed","minutes":180,"elapsedMinutes":169.01,"samples":2020,"inputs":10067,"cpu":2.3849881139834452,"memoryMiB":203.046875}
{"profile":"mixed","minutes":180,"elapsedMinutes":170.01,"samples":2032,"inputs":10069,"cpu":2.3347294432505525,"memoryMiB":203.0625}
{"profile":"mixed","minutes":180,"elapsedMinutes":171.04,"samples":2044,"inputs":10191,"cpu":2.345895151444538,"memoryMiB":235.96875}
{"profile":"mixed","minutes":180,"elapsedMinutes":172.04,"samples":2056,"inputs":10309,"cpu":2.2198780591281784,"memoryMiB":234.21875}
{"profile":"mixed","minutes":180,"elapsedMinutes":173.05,"samples":2068,"inputs":10428,"cpu":2.080621765793754,"memoryMiB":195.53125}
{"profile":"mixed","minutes":180,"elapsedMinutes":174.05,"samples":2080,"inputs":10546,"cpu":2.338522376238111,"memoryMiB":208.9375}
{"profile":"mixed","minutes":180,"elapsedMinutes":175.05,"samples":2092,"inputs":10659,"cpu":2.1461783294528485,"memoryMiB":209.28125}
{"profile":"mixed","minutes":180,"elapsedMinutes":176.05,"samples":2104,"inputs":10659,"cpu":2.221603111790684,"memoryMiB":203.078125}
{"profile":"mixed","minutes":180,"elapsedMinutes":177.05,"samples":2116,"inputs":10659,"cpu":2.308656558572577,"memoryMiB":207.546875}
{"profile":"mixed","minutes":180,"elapsedMinutes":178.05,"samples":2128,"inputs":10659,"cpu":2.537378153676781,"memoryMiB":195.4375}
{"profile":"mixed","minutes":180,"elapsedMinutes":179.05,"samples":2140,"inputs":10659,"cpu":2.49001414787705,"memoryMiB":191.09375}
{"profile":"mixed","minutes":180,"elapsedMinutes":180,"samples":2152,"inputs":10659,"cpu":1.948902715878873,"memoryMiB":185.203125}
{"output":"/Users/jeongyounglee/work/repo/desktop-monster/.agentdoc/v09-20260915T084032Z/performance-02/mixed.json","passed":true,"summary":{"cpuP95":2.6942598635365265,"workingSetMiBP95":251.203125,"initialMemoryMedian":229.015625,"finalMemoryMedian":208.671875}}
Error: mixed: Final input count differs from raw.
