
> desmon@0.9.0 test
> vitest run


 RUN  v3.2.7 /Users/jeongyounglee/work/repo/desktop-monster

 ✓ tests/hero.test.ts (13 tests) 227ms
 ✓ tests/performanceV8.test.ts (6 tests) 446ms
   ✓ v0.8 performance evidence validation > binds reports, raw samples, screenshots, app bytes and observer source before accepting a matrix  349ms
 ✓ tests/engine.test.ts (45 tests) 349ms
 ✓ tests/loot.test.ts (11 tests) 421ms
 ✓ tests/sprites.test.ts (34 tests) 155ms
 ✓ tests/progressionV7.test.ts (45 tests) 465ms
 ✓ tests/collection.test.ts (21 tests) 160ms
 ✓ tests/heroJobStudies.test.ts (3 tests) 145ms
 ✓ tests/heroRendering.test.ts (5 tests) 363ms
 ✓ tests/progressionV5.test.ts (12 tests) 73ms
 ✓ tests/net.test.ts (44 tests) 124ms
 ✓ tests/codexV7.test.ts (10 tests) 114ms
 ✓ tests/heroForms.test.ts (8 tests) 859ms
   ✓ v0.5 reincarnated hero art > supplies 70 complete registered 14×14 forms with animated idle and attack poses  680ms
 ✓ tests/heroEvolutionStudies.test.ts (2 tests) 32ms
 ✓ tests/expedition.test.ts (16 tests) 695ms
   ✓ A3 — a full roster releases the boss instead of voiding it (H1/H2) > never swallows a capture draw: every full-roster boss draw emits an event  594ms
 ✓ tests/hud-v09.test.ts (3 tests) 344ms
   ✓ v0.9 HUD readability > keeps every normal/critical suffix glyph and outline clear of both HUD panels throughout its rise  332ms
 ✓ tests/onlineV9.test.ts (8 tests) 122ms
 ✓ tests/server/opponents.test.ts (10 tests) 34ms
 ✓ tests/formulas.test.ts (21 tests) 83ms
 ✓ tests/heroArtCompatibility.test.ts (2 tests) 56ms
 ✓ tests/renderer.test.ts (104 tests) 163ms
 ✓ tests/menu.test.ts (63 tests) 226ms
 ✓ tests/server/v09.test.ts (8 tests) 24ms
 ✓ tests/progressV5.test.ts (12 tests) 51ms
 ✓ tests/measurementV8.test.ts (6 tests) 1238ms
   ✓ v0.8 collection policy measurement > preserves the original v7 first-card trajectory exactly  980ms
 ✓ tests/effects-v09.test.ts (6 tests) 131ms
 ✓ tests/server/pvp.test.ts (14 tests) 15ms
 ✓ tests/server/app.test.ts (18 tests) 46ms
 ✓ tests/server/companionLevelsV7.test.ts (9 tests) 47ms
 ✓ tests/pvpDirectoryV7.test.ts (20 tests) 115ms
 ✓ tests/save.test.ts (15 tests) 12ms
 ✓ tests/discoveryV5.test.ts (8 tests) 31ms
 ✓ tests/settings.test.ts (4 tests) 10ms
 ✓ tests/progressV6.test.ts (15 tests) 12ms
 ✓ tests/share.test.ts (5 tests) 47ms
 ✓ tests/shareV9.test.ts (9 tests) 72ms
 ✓ tests/runtimeV8.test.ts (9 tests) 20ms
 ✓ tests/companionLevelsV7.test.ts (33 tests) 42ms
 ✓ tests/globalInput.test.ts (20 tests) 16ms
 ✓ tests/persistence.test.ts (10 tests) 12ms
 ✓ tests/menuV9.test.ts (5 tests) 24ms
 ✓ tests/ipc.test.ts (61 tests) 12ms
 ✓ tests/anim.test.ts (14 tests) 8ms
 ✓ tests/tray.test.ts (38 tests) 24ms
 ✓ tests/audio.test.ts (15 tests) 22ms
 ✓ tests/onlineV8.test.ts (3 tests) 12ms
 ✓ tests/identity.test.ts (8 tests) 11ms
 ✓ tests/ipcV5.test.ts (7 tests) 11ms
 ✓ tests/fever.test.ts (4 tests) 9ms
 ✓ tests/effects.test.ts (7 tests) 7ms
 ✓ tests/recoveryCaptureV9.test.ts (5 tests) 9ms
 ✓ tests/packaging.test.ts (16 tests) 8ms
 ✓ tests/recoveryV9.test.ts (15 tests) 12ms
 ✓ tests/trainingPreview.test.ts (4 tests) 7ms
 ✓ tests/battle.test.ts (5 tests) 4ms
 ✓ tests/progressV7.test.ts (5 tests) 9ms
 ✓ tests/shareUiV9.test.ts (6 tests) 13ms
 ✓ tests/server/http.test.ts (9 tests) 7ms
 ✓ tests/server/pgTransaction.test.ts (9 tests) 6ms
 ✓ tests/deploy.test.ts (7 tests) 4ms
 ✓ tests/window.test.ts (29 tests) 4ms
 ✓ tests/server/pgStore.test.ts (22 tests) 6ms
 ✓ tests/typeChart.test.ts (4 tests) 4ms
 ✓ tests/thefts.test.ts (5 tests) 4ms
 ✓ tests/rendererInput.test.ts (8 tests) 5ms
 ✓ tests/heroMenuReadiness.test.ts (3 tests) 5ms
 ✓ tests/platformV9.test.ts (3 tests) 5ms
 ✓ tests/fsm.test.ts (12 tests) 4ms
 ✓ tests/bignum.test.ts (7 tests) 3ms
 ✓ tests/drag.test.ts (7 tests) 2ms
 ✓ tests/scaffold.test.ts (1 test) 1ms
 ✓ tests/input.test.ts (9 tests) 4ms
 ✓ tests/balance.test.ts (3 tests) 4032ms
   ✓ v0.7 deterministic accounting and gold policy regression > checks 20 exploration seeds across active, warm-idle and intermittent play at 5/15/30 minutes  4007ms

 Test Files  73 passed (73)
      Tests  1063 passed (1063)
   Start at  23:43:42
   Duration  4.54s (transform 2.38s, setup 0ms, collect 8.19s, tests 11.89s, environment 8ms, prepare 4.32s)


> desmon@0.9.0 lint
> eslint . --max-warnings 0


> desmon@0.9.0 typecheck
> tsc -p tsconfig.main.json --noEmit && tsc -p tsconfig.renderer.json --noEmit && tsc -p tsconfig.test.json

[33mThe CJS build of Vite's Node API is deprecated. See https://vite.dev/guide/troubleshooting.html#vite-cjs-node-api-deprecated for more details.[39m
