TAP version 13
# Subtest: censored ordinary and stress trajectories must finish their registered exposure
ok 1 - censored ordinary and stress trajectories must finish their registered exposure
  ---
  duration_ms: 1.682167
  ...
# Subtest: ten-cycle continuations may stop at18h only when first three cycles failed
ok 2 - ten-cycle continuations may stop at18h only when first three cycles failed
  ---
  duration_ms: 0.549708
  ...
# Subtest: package identity includes contents and symlink destinations without following cycles
ok 3 - package identity includes contents and symlink destinations without following cycles
  ---
  duration_ms: 4.173708
  ...
# Subtest: same version with a different payload or native file fails installer equivalence
ok 4 - same version with a different payload or native file fails installer equivalence
  ---
  duration_ms: 4.738709
  ...
# Subtest: latest failed gate or altered AC rejects prior success; final task has no circular receipt
ok 5 - latest failed gate or altered AC rejects prior success; final task has no circular receipt
  ---
  duration_ms: 18.609583
  ...
# Subtest: independent scope reviews require actual authors, reviewed source and external limitations
ok 6 - independent scope reviews require actual authors, reviewed source and external limitations
  ---
  duration_ms: 15.843
  ...
# Subtest: latency budgets require all families, paired finite samples and enough observations
ok 7 - latency budgets require all families, paired finite samples and enough observations
  ---
  duration_ms: 8.911833
  ...
# Subtest: latency summaries cannot detach from trusted raw events or duplicate one click
ok 8 - latency summaries cannot detach from trusted raw events or duplicate one click
  ---
  duration_ms: 6.626917
  ...
# Subtest: IPC/apply stages require source-bound events rather than ACK substitution
ok 9 - IPC/apply stages require source-bound events rather than ACK substitution
  ---
  duration_ms: 9.356083
  ...
# Subtest: raw clock calibration brackets actions and exposes unresolved intervals without excusing inversions
ok 10 - raw clock calibration brackets actions and exposes unresolved intervals without excusing inversions
  ---
  duration_ms: 4.895666
  ...
# Subtest: grouped pipeline samples cannot hide duplicate stages or detach from the complete trace
ok 11 - grouped pipeline samples cannot hide duplicate stages or detach from the complete trace
  ---
  duration_ms: 12.206875
  ...
# Subtest: latest release command must pass for current source with its intact log
ok 12 - latest release command must pass for current source with its intact log
  ---
  duration_ms: 1.023917
  ...
# Subtest: native reports bind all scenarios, current app, screenshots, isolation and latency
ok 13 - native reports bind all scenarios, current app, screenshots, isolation and latency
  ---
  duration_ms: 27.248458
  ...
# Subtest: the pinned vendor subset and unmodified upstream hashes verify
ok 14 - the pinned vendor subset and unmodified upstream hashes verify
  ---
  duration_ms: 0.664208
  ...
# Subtest: four fixed full-duration slots use the same unchanged observer and unchanged budgets
ok 15 - four fixed full-duration slots use the same unchanged observer and unchanged budgets
  ---
  duration_ms: 2.861042
  ...
# Subtest: complete native rows pass; short duration, gaps, forged summary and wrong versions fail
ok 16 - complete native rows pass; short duration, gaps, forged summary and wrong versions fail
  ---
  duration_ms: 16.239792
  ...
# Subtest: initial fixture persistence grace cannot hide changed, late or rolled-back saves
ok 17 - initial fixture persistence grace cannot hide changed, late or rolled-back saves
  ---
  duration_ms: 8.483375
  ...
# Subtest: input schedule and raw process totals are independently checked
ok 18 - input schedule and raw process totals are independently checked
  ---
  duration_ms: 12.072625
  ...
# Subtest: only explicit legacy current-monster migration defaults are normalized
ok 19 - only explicit legacy current-monster migration defaults are normalized
  ---
  duration_ms: 0.148875
  ...
# Subtest: paired comparisons require serial unique fixtures, matched machines and frozen apps
ok 20 - paired comparisons require serial unique fixtures, matched machines and frozen apps
  ---
  duration_ms: 67.825083
  ...
# Subtest: a measured CPU regression fails instead of silently broadening the budget
ok 21 - a measured CPU regression fails instead of silently broadening the budget
  ---
  duration_ms: 17.068834
  ...
# Subtest: lifecycle binds exact main PID, save path and completed cleanup
ok 22 - lifecycle binds exact main PID, save path and completed cleanup
  ---
  duration_ms: 1.697458
  ...
# Subtest: serial observations cannot launch another app during prior cleanup
ok 23 - serial observations cannot launch another app during prior cleanup
  ---
  duration_ms: 0.120375
  ...
# Subtest: latest failure, stale source, changed log or artifact rejects earlier success
ok 24 - latest failure, stale source, changed log or artifact rejects earlier success
  ---
  duration_ms: 3.306708
  ...
# Subtest: configuration rejects unknown dependencies, duplicate IDs and cycles
ok 25 - configuration rejects unknown dependencies, duplicate IDs and cycles
  ---
  duration_ms: 0.409875
  ...
# Subtest: invalidation preserves attempts and reopens only affected descendants
ok 26 - invalidation preserves attempts and reopens only affected descendants
  ---
  duration_ms: 7.39775
  ...
# Subtest: ownership prevents parent/child overlaps and required artifact omissions
ok 27 - ownership prevents parent/child overlaps and required artifact omissions
  ---
  duration_ms: 0.134417
  ...
# Subtest: changed AC contracts replace stale journal commands and invalidate dependents without erasing receipts
ok 28 - changed AC contracts replace stale journal commands and invalidate dependents without erasing receipts
  ---
  duration_ms: 0.330834
  ...
# Subtest: live ownership extensions retain work, reject traversal and reject another live owner
ok 29 - live ownership extensions retain work, reject traversal and reject another live owner
  ---
  duration_ms: 0.28175
  ...
# Subtest: source and protocol changes invalidate receipts while generated reports do not
ok 30 - source and protocol changes invalidate receipts while generated reports do not
  ---
  duration_ms: 7.449375
  ...
# Subtest: HUD fixture starts with a surviving boss hit and reaches normal + ready + level-up + fever in one burst
ok 31 - HUD fixture starts with a surviving boss hit and reaches normal + ready + level-up + fever in one burst
  ---
  duration_ms: 11.959542
  ...
# Subtest: menu live-save fixture progresses gold without removing its paginated bag or growth material
ok 32 - menu live-save fixture progresses gold without removing its paginated bag or growth material
  ---
  duration_ms: 14.940625
  ...
# Subtest: full-bag native fixture supports explicit accessory swap, acquisitions, hero reconciliation and a weaker restart
ok 33 - full-bag native fixture supports explicit accessory swap, acquisitions, hero reconciliation and a weaker restart
  ---
  duration_ms: 2.962666
  ...
# Subtest: local latency starts at a trusted click and finishes after two rendered frames
ok 34 - local latency starts at a trusted click and finishes after two rendered frames
  ---
  duration_ms: 1.071708
  ...
# Subtest: applied latency waits for its matching production ACK and painted success
ok 35 - applied latency waits for its matching production ACK and painted success
  ---
  duration_ms: 0.624584
  ...
# Subtest: untrusted clicks and rejected or absent production acknowledgments never count as samples
ok 36 - untrusted clicks and rejected or absent production acknowledgments never count as samples
  ---
  duration_ms: 0.996583
  ...
# Subtest: native raster checks reject the startup-aged invisible boss float and verify actual rise
ok 37 - native raster checks reject the startup-aged invisible boss float and verify actual rise
  ---
  duration_ms: 8.537166
  ...
# Subtest: native raster checks require complete glyph ink, outline and actual flash phase
ok 38 - native raster checks require complete glyph ink, outline and actual flash phase
  ---
  duration_ms: 1.134708
  ...
# Subtest: duplicate-click evidence rejects sequential clicks, extra ACKs and repeated mutations
ok 39 - duplicate-click evidence rejects sequential clicks, extra ACKs and repeated mutations
  ---
  duration_ms: 0.264708
  ...
# Subtest: pipeline recorder snapshots action identity and reports overflow without replacing earlier rows
ok 40 - pipeline recorder snapshots action identity and reports overflow without replacing earlier rows
  ---
  duration_ms: 0.47875
  ...
# Subtest: clock calibration intersects measured bounds and rejects missing phases or drifting clocks
ok 41 - clock calibration intersects measured bounds and rejects missing phases or drifting clocks
  ---
  duration_ms: 0.335709
  ...
# Subtest: public conditional tracepoints bind real source lines, preserve raw rows and clean up without pausing
ok 42 - public conditional tracepoints bind real source lines, preserve raw rows and clean up without pausing
  ---
  duration_ms: 5.8085
  ...
1..42
# tests 42
# suites 0
# pass 42
# fail 0
# cancelled 0
# skipped 0
# todo 0
# duration_ms 829.390916
