
> desmon@0.11.0 test
> vitest run


 RUN  v3.2.7 /Users/jeongyounglee/work/repo/desktop-monster

 ✓ tests/performanceV8.test.ts (6 tests) 668ms
   ✓ v0.8 performance evidence validation > binds reports, raw samples, screenshots, app bytes and observer source before accepting a matrix  548ms
 ✓ tests/heroForms.test.ts (8 tests) 1048ms
   ✓ v0.5 reincarnated hero art > supplies 70 complete registered 14×14 forms with animated idle and attack poses  851ms
 ✓ tests/heroRendering.test.ts (5 tests) 761ms
 ✓ tests/hud-v09.test.ts (3 tests) 951ms
   ✓ v0.9 HUD readability > fits compact outlined counters below the drag strip with transparent space between rows  424ms
   ✓ v0.9 HUD readability > keeps monster-centered normal/critical damage clear of counters throughout its rise  475ms
 ✓ tests/renderer.test.ts (104 tests) 501ms
 ✓ tests/loot.test.ts (11 tests) 580ms
   ✓ mulberry32 deterministic RNG (SPEC F06, Assumption 15) > outputs stay in [0, 1) and are roughly uniform over 10000 draws  381ms
 ✓ tests/engine.test.ts (45 tests) 2054ms
   ✓ attack engine (SPEC F06/F07/F08, Assumption 8) > a boss kill rolls capture after loot and emits bossCaptured with a c-prefixed id at 35 percent  1448ms
 ✓ tests/measurementV8.test.ts (6 tests) 1929ms
   ✓ v0.8 collection policy measurement > preserves the original v7 first-card trajectory exactly  1505ms
   ✓ v0.8 collection policy measurement > chooses the actual third rare card and records the existing consume policy without species protection  346ms
 ✓ tests/expedition.test.ts (16 tests) 1925ms
   ✓ A3 — a full roster releases the boss instead of voiding it (H1/H2) > never swallows a capture draw: every full-roster boss draw emits an event  1620ms
 ✓ tests/menu.test.ts (67 tests) 473ms
 ✓ tests/progressionV7.test.ts (45 tests) 708ms
 ✓ tests/onlineV91.test.ts (10 tests) 598ms
 ✓ tests/onlineV9.test.ts (8 tests) 335ms
 ✓ tests/effects-v09.test.ts (6 tests) 164ms
 ✓ tests/sprites.test.ts (34 tests) 391ms
 ✓ tests/heroJobStudies.test.ts (3 tests) 285ms
 ✓ tests/hero.test.ts (17 tests) 222ms
 ✓ tests/net.test.ts (45 tests) 228ms
 ✓ tests/progressionV5.test.ts (12 tests) 283ms
 ✓ tests/collection.test.ts (21 tests) 251ms
 ✓ tests/hudV11.test.ts (8 tests) 2892ms
   ✓ v0.11 head labels and field damage > stacks every combination above every idle hero without overlaps or cropped outlines  1082ms
   ✓ v0.11 head labels and field damage > keeps the head anchor fixed through every hero attack pose in the complete scene  375ms
   ✓ v0.11 head labels and field damage > anchors every monster and crown above its HP bar and keeps long rising hits inside the field  1203ms
 ✓ tests/codexV7.test.ts (10 tests) 129ms
 ✓ tests/replayV91.test.ts (14 tests) 609ms
 ✓ tests/server/opponents.test.ts (10 tests) 153ms
 ✓ tests/v10Critic.test.ts (7 tests) 114ms
 ✓ tests/progressV5.test.ts (12 tests) 82ms
 ✓ tests/formulas.test.ts (21 tests) 177ms
 ✓ tests/share.test.ts (5 tests) 80ms
 ✓ tests/equipmentRendering.test.ts (6 tests) 71ms
 ✓ tests/pvpDirectoryV7.test.ts (20 tests) 215ms
 ✓ tests/heroArtCompatibility.test.ts (2 tests) 158ms
 ✓ tests/server/companionLevelsV7.test.ts (9 tests) 178ms
 ✓ tests/v10Review.test.ts (7 tests) 30ms
 ✓ tests/shareV9.test.ts (9 tests) 52ms
 ✓ tests/equipmentV10.test.ts (10 tests) 73ms
 ✓ tests/pvpAbuseV91.test.ts (8 tests) 319ms
 ✓ tests/onlineV10.test.ts (7 tests) 38ms
 ✓ tests/progressionV11.test.ts (5 tests) 71ms
 ✓ tests/companionLevelsV7.test.ts (33 tests) 53ms
 ✓ tests/heroEvolutionStudies.test.ts (2 tests) 93ms
 ✓ tests/server/app.test.ts (18 tests) 92ms
 ✓ tests/server/v09.test.ts (9 tests) 35ms
 ✓ tests/settings.test.ts (4 tests) 17ms
 ✓ tests/progressV6.test.ts (15 tests) 52ms
 ✓ tests/recoveryCaptureV9.test.ts (5 tests) 35ms
 ✓ tests/shareUiV9.test.ts (6 tests) 13ms
 ✓ tests/equipmentSprites.test.ts (15 tests) 5154ms
   ✓ v0.10 equipment production art > registers 224 structurally distinct icons, not palette swaps  472ms
   ✓ v0.10 equipment production art > preserves all 71 complete costumes and separate skin-coloured hands  374ms
   ✓ v0.10 equipment production art > proves all eight representative motions and every h00 weapon at all five poses in both directions  355ms
   ✓ v0.10 equipment production art > renders every compatible hero/weapon pairing with visible grips, integer pixels and grounded feet  2524ms
   ✓ v0.10 equipment production art > preserves every visible weapon and contour pixel in fever/KO composites in both directions  423ms
   ✓ v0.10 equipment production art > keeps the complete bobbing head visible with every compatible epic weapon  702ms
 ✓ tests/discoveryV5.test.ts (8 tests) 44ms
 ✓ tests/server/pvp.test.ts (14 tests) 44ms
 ✓ tests/equipmentV11.test.ts (8 tests) 26ms
 ✓ tests/equipmentMenuV10.test.ts (5 tests) 81ms
 ✓ tests/menuV9.test.ts (14 tests) 146ms
 ✓ tests/recoveryV10.test.ts (4 tests) 29ms
 ✓ tests/recoveryV9.test.ts (21 tests) 66ms
 ✓ tests/anim.test.ts (14 tests) 16ms
 ✓ tests/globalInput.test.ts (20 tests) 20ms
 ✓ tests/audio.test.ts (15 tests) 56ms
 ✓ tests/save.test.ts (15 tests) 18ms
 ✓ tests/onlineV8.test.ts (3 tests) 13ms
 ✓ tests/goldV91.test.ts (15 tests) 19ms
 ✓ tests/ipcV5.test.ts (7 tests) 22ms
 ✓ tests/fever.test.ts (4 tests) 15ms
 ✓ tests/runtimeV8.test.ts (9 tests) 33ms
 ✓ tests/ipc.test.ts (62 tests) 17ms
 ✓ tests/progressV7.test.ts (5 tests) 33ms
 ✓ tests/server/backendReviewV10.test.ts (5 tests) 17ms
 ✓ tests/trainingPreview.test.ts (4 tests) 17ms
 ✓ tests/packaging.test.ts (16 tests) 8ms
 ✓ tests/tray.test.ts (38 tests) 22ms
 ✓ tests/persistence.test.ts (10 tests) 14ms
 ✓ tests/identity.test.ts (8 tests) 23ms
 ✓ tests/server/pgTransaction.test.ts (10 tests) 12ms
 ✓ tests/rendererInput.test.ts (8 tests) 4ms
 ✓ tests/server/http.test.ts (9 tests) 9ms
 ✓ tests/drag.test.ts (7 tests) 4ms
 ✓ tests/fsm.test.ts (12 tests) 6ms
 ✓ tests/typeChart.test.ts (4 tests) 7ms
 ✓ tests/server/pgStore.test.ts (22 tests) 5ms
 ✓ tests/platformV9.test.ts (3 tests) 5ms
 ✓ tests/thefts.test.ts (5 tests) 4ms
 ✓ tests/effects.test.ts (7 tests) 7ms
 ✓ tests/battle.test.ts (5 tests) 6ms
 ✓ tests/defenseV91.test.ts (1 test) 4ms
 ✓ tests/heroMenuReadiness.test.ts (4 tests) 4ms
 ✓ tests/window.test.ts (29 tests) 9ms
 ✓ tests/deploy.test.ts (7 tests) 4ms
 ✓ tests/input.test.ts (9 tests) 4ms
 ✓ tests/bignum.test.ts (7 tests) 3ms
 ✓ tests/scaffold.test.ts (1 test) 2ms
 ✓ tests/balance.test.ts (3 tests) 8493ms
   ✓ v0.7 deterministic accounting and gold policy regression > checks 20 exploration seeds across active, warm-idle and intermittent play at 5/15/30 minutes  8446ms
 ✓ tests/equippedHeroCache.test.ts (4 tests) 20480ms
   ✓ bounded equipment rendering caches > preserves the revised final pixels of 57,960 equipped hero views  19353ms
   ✓ bounded equipment rendering caches > preserves the revised final pixels of 3,840 fever/KO composites  1114ms

 Test Files  91 passed (91)
      Tests  1230 passed (1230)
   Start at  13:46:45
   Duration  21.25s (transform 3.20s, setup 0ms, collect 16.80s, tests 55.21s, environment 16ms, prepare 8.48s)


> desmon@0.11.0 lint
> eslint . --max-warnings 0


> desmon@0.11.0 typecheck
> tsc -p tsconfig.main.json --noEmit && tsc -p tsconfig.renderer.json --noEmit && tsc -p tsconfig.test.json

[33mThe CJS build of Vite's Node API is deprecated. See https://vite.dev/guide/troubleshooting.html#vite-cjs-node-api-deprecated for more details.[39m
