TAP version 13
# Subtest: censored ordinary and stress trajectories must finish their registered exposure
ok 1 - censored ordinary and stress trajectories must finish their registered exposure
  ---
  duration_ms: 1.927542
  ...
# Subtest: ten-cycle continuations may stop at18h only when first three cycles failed
ok 2 - ten-cycle continuations may stop at18h only when first three cycles failed
  ---
  duration_ms: 0.543167
  ...
# Subtest: package identity includes contents and symlink destinations without following cycles
ok 3 - package identity includes contents and symlink destinations without following cycles
  ---
  duration_ms: 9.1445
  ...
# Subtest: same version with a different payload or native file fails installer equivalence
ok 4 - same version with a different payload or native file fails installer equivalence
  ---
  duration_ms: 15.588042
  ...
# Subtest: latest failed gate or altered AC rejects prior success; final task has no circular receipt
ok 5 - latest failed gate or altered AC rejects prior success; final task has no circular receipt
  ---
  duration_ms: 57.931167
  ...
# Subtest: independent scope reviews require actual authors, reviewed source and external limitations
ok 6 - independent scope reviews require actual authors, reviewed source and external limitations
  ---
  duration_ms: 26.469
  ...
# Subtest: latency budgets require all families, paired finite samples and enough observations
ok 7 - latency budgets require all families, paired finite samples and enough observations
  ---
  duration_ms: 20.567959
  ...
# Subtest: latency summaries cannot detach from trusted raw events or duplicate one click
ok 8 - latency summaries cannot detach from trusted raw events or duplicate one click
  ---
  duration_ms: 7.730791
  ...
# Subtest: IPC/apply stages require source-bound events rather than ACK substitution
ok 9 - IPC/apply stages require source-bound events rather than ACK substitution
  ---
  duration_ms: 7.824459
  ...
# Subtest: raw clock calibration brackets actions and exposes unresolved intervals without excusing inversions
ok 10 - raw clock calibration brackets actions and exposes unresolved intervals without excusing inversions
  ---
  duration_ms: 3.969584
  ...
# Subtest: grouped pipeline samples cannot hide duplicate stages or detach from the complete trace
ok 11 - grouped pipeline samples cannot hide duplicate stages or detach from the complete trace
  ---
  duration_ms: 12.034375
  ...
# Subtest: latest release command must pass for current source with its intact log
ok 12 - latest release command must pass for current source with its intact log
  ---
  duration_ms: 1.506792
  ...
# Subtest: native reports bind all scenarios, current app, screenshots, isolation and latency
ok 13 - native reports bind all scenarios, current app, screenshots, isolation and latency
  ---
  duration_ms: 38.328
  ...
# Subtest: the pinned vendor subset and unmodified upstream hashes verify
ok 14 - the pinned vendor subset and unmodified upstream hashes verify
  ---
  duration_ms: 0.592625
  ...
# Subtest: four fixed full-duration slots use the same unchanged observer and unchanged budgets
ok 15 - four fixed full-duration slots use the same unchanged observer and unchanged budgets
  ---
  duration_ms: 2.604458
  ...
# Subtest: complete native rows pass; short duration, gaps, forged summary and wrong versions fail
ok 16 - complete native rows pass; short duration, gaps, forged summary and wrong versions fail
  ---
  duration_ms: 21.858083
  ...
# Subtest: initial fixture persistence grace cannot hide changed, late or rolled-back saves
ok 17 - initial fixture persistence grace cannot hide changed, late or rolled-back saves
  ---
  duration_ms: 10.315083
  ...
# Subtest: input schedule and raw process totals are independently checked
ok 18 - input schedule and raw process totals are independently checked
  ---
  duration_ms: 40.244875
  ...
# Subtest: only explicit legacy current-monster migration defaults are normalized
ok 19 - only explicit legacy current-monster migration defaults are normalized
  ---
  duration_ms: 0.232292
  ...
# Subtest: paired comparisons require serial unique fixtures, matched machines and frozen apps
ok 20 - paired comparisons require serial unique fixtures, matched machines and frozen apps
  ---
  duration_ms: 100.728458
  ...
# Subtest: a measured CPU regression fails instead of silently broadening the budget
ok 21 - a measured CPU regression fails instead of silently broadening the budget
  ---
  duration_ms: 26.270416
  ...
# Subtest: lifecycle binds exact main PID, save path and completed cleanup
ok 22 - lifecycle binds exact main PID, save path and completed cleanup
  ---
  duration_ms: 2.094167
  ...
# Subtest: serial observations cannot launch another app during prior cleanup
ok 23 - serial observations cannot launch another app during prior cleanup
  ---
  duration_ms: 0.288416
  ...
# Subtest: latest failure, stale source, changed log or artifact rejects earlier success
ok 24 - latest failure, stale source, changed log or artifact rejects earlier success
  ---
  duration_ms: 11.989916
  ...
# Subtest: configuration rejects unknown dependencies, duplicate IDs and cycles
ok 25 - configuration rejects unknown dependencies, duplicate IDs and cycles
  ---
  duration_ms: 0.319583
  ...
# Subtest: invalidation preserves attempts and reopens only affected descendants
ok 26 - invalidation preserves attempts and reopens only affected descendants
  ---
  duration_ms: 10.83675
  ...
# Subtest: ownership prevents parent/child overlaps and required artifact omissions
ok 27 - ownership prevents parent/child overlaps and required artifact omissions
  ---
  duration_ms: 0.108166
  ...
# Subtest: changed AC contracts replace stale journal commands and invalidate dependents without erasing receipts
ok 28 - changed AC contracts replace stale journal commands and invalidate dependents without erasing receipts
  ---
  duration_ms: 0.3485
  ...
# Subtest: live ownership extensions retain work, reject traversal and reject another live owner
ok 29 - live ownership extensions retain work, reject traversal and reject another live owner
  ---
  duration_ms: 0.289417
  ...
# Subtest: source and protocol changes invalidate receipts while generated reports do not
ok 30 - source and protocol changes invalidate receipts while generated reports do not
  ---
  duration_ms: 5.760375
  ...
# Subtest: HUD fixture starts with a surviving boss hit and reaches normal + ready + level-up + fever in one burst
ok 31 - HUD fixture starts with a surviving boss hit and reaches normal + ready + level-up + fever in one burst
  ---
  duration_ms: 11.708959
  ...
# Subtest: menu live-save fixture progresses gold without removing its paginated bag or growth material
ok 32 - menu live-save fixture progresses gold without removing its paginated bag or growth material
  ---
  duration_ms: 15.210292
  ...
# Subtest: full-bag native fixture supports explicit accessory swap, acquisitions, hero reconciliation and a weaker restart
ok 33 - full-bag native fixture supports explicit accessory swap, acquisitions, hero reconciliation and a weaker restart
  ---
  duration_ms: 2.593375
  ...
# Subtest: local latency starts at a trusted click and finishes after two rendered frames
ok 34 - local latency starts at a trusted click and finishes after two rendered frames
  ---
  duration_ms: 1.013042
  ...
# Subtest: applied latency waits for its matching production ACK and painted success
ok 35 - applied latency waits for its matching production ACK and painted success
  ---
  duration_ms: 0.42525
  ...
# Subtest: native growth completion consumes a material, persists its level gain and remains separate from latency families
ok 36 - native growth completion consumes a material, persists its level gain and remains separate from latency families
  ---
  duration_ms: 1.900959
  ...
# Subtest: untrusted clicks and rejected or absent production acknowledgments never count as samples
ok 37 - untrusted clicks and rejected or absent production acknowledgments never count as samples
  ---
  duration_ms: 1.025625
  ...
# Subtest: native raster checks reject the startup-aged invisible boss float and verify actual rise
ok 38 - native raster checks reject the startup-aged invisible boss float and verify actual rise
  ---
  duration_ms: 4.797292
  ...
# Subtest: native raster checks require complete glyph ink, outline and actual flash phase
ok 39 - native raster checks require complete glyph ink, outline and actual flash phase
  ---
  duration_ms: 1.321291
  ...
# Subtest: duplicate-click evidence rejects sequential clicks, extra ACKs and repeated mutations
ok 40 - duplicate-click evidence rejects sequential clicks, extra ACKs and repeated mutations
  ---
  duration_ms: 0.244458
  ...
# Subtest: pipeline recorder snapshots action identity and reports overflow without replacing earlier rows
ok 41 - pipeline recorder snapshots action identity and reports overflow without replacing earlier rows
  ---
  duration_ms: 0.343917
  ...
# Subtest: clock calibration intersects measured bounds and rejects missing phases or drifting clocks
ok 42 - clock calibration intersects measured bounds and rejects missing phases or drifting clocks
  ---
  duration_ms: 0.175708
  ...
# Subtest: public conditional tracepoints bind real source lines, preserve raw rows and clean up without pausing
ok 43 - public conditional tracepoints bind real source lines, preserve raw rows and clean up without pausing
  ---
  duration_ms: 5.823584
  ...
1..43
# tests 43
# suites 0
# pass 43
# fail 0
# cancelled 0
# skipped 0
# todo 0
# duration_ms 975.419291
