TAP version 13
# Subtest: censored ordinary and stress trajectories must finish their registered exposure
ok 1 - censored ordinary and stress trajectories must finish their registered exposure
  ---
  duration_ms: 1.703375
  ...
# Subtest: ten-cycle continuations may stop at18h only when first three cycles failed
ok 2 - ten-cycle continuations may stop at18h only when first three cycles failed
  ---
  duration_ms: 0.504041
  ...
# Subtest: package identity includes contents and symlink destinations without following cycles
ok 3 - package identity includes contents and symlink destinations without following cycles
  ---
  duration_ms: 3.675
  ...
# Subtest: same version with a different payload or native file fails installer equivalence
ok 4 - same version with a different payload or native file fails installer equivalence
  ---
  duration_ms: 3.594792
  ...
# Subtest: latest failed gate or altered AC rejects prior success; final task has no circular receipt
ok 5 - latest failed gate or altered AC rejects prior success; final task has no circular receipt
  ---
  duration_ms: 17.272708
  ...
# Subtest: independent scope reviews require actual authors, reviewed source and external limitations
ok 6 - independent scope reviews require actual authors, reviewed source and external limitations
  ---
  duration_ms: 16.014167
  ...
# Subtest: latency budgets require all families, paired finite samples and enough observations
ok 7 - latency budgets require all families, paired finite samples and enough observations
  ---
  duration_ms: 2.042625
  ...
# Subtest: latency summaries cannot detach from trusted raw events or duplicate one click
ok 8 - latency summaries cannot detach from trusted raw events or duplicate one click
  ---
  duration_ms: 2.064459
  ...
# Subtest: latest release command must pass for current source with its intact log
ok 9 - latest release command must pass for current source with its intact log
  ---
  duration_ms: 1.293375
  ...
# Subtest: native reports bind all scenarios, current app, screenshots, isolation and latency
ok 10 - native reports bind all scenarios, current app, screenshots, isolation and latency
  ---
  duration_ms: 3.231375
  ...
# Subtest: the pinned vendor subset and unmodified upstream hashes verify
ok 11 - the pinned vendor subset and unmodified upstream hashes verify
  ---
  duration_ms: 0.555625
  ...
# Subtest: four fixed full-duration slots use the same unchanged observer and unchanged budgets
ok 12 - four fixed full-duration slots use the same unchanged observer and unchanged budgets
  ---
  duration_ms: 2.070333
  ...
# Subtest: complete native rows pass; short duration, gaps, forged summary and wrong versions fail
ok 13 - complete native rows pass; short duration, gaps, forged summary and wrong versions fail
  ---
  duration_ms: 18.732084
  ...
# Subtest: initial fixture persistence grace cannot hide changed, late or rolled-back saves
ok 14 - initial fixture persistence grace cannot hide changed, late or rolled-back saves
  ---
  duration_ms: 7.819583
  ...
# Subtest: input schedule and raw process totals are independently checked
ok 15 - input schedule and raw process totals are independently checked
  ---
  duration_ms: 13.854625
  ...
# Subtest: only explicit legacy current-monster migration defaults are normalized
ok 16 - only explicit legacy current-monster migration defaults are normalized
  ---
  duration_ms: 0.14225
  ...
# Subtest: paired comparisons require serial unique fixtures, matched machines and frozen apps
ok 17 - paired comparisons require serial unique fixtures, matched machines and frozen apps
  ---
  duration_ms: 69.394416
  ...
# Subtest: a measured CPU regression fails instead of silently broadening the budget
ok 18 - a measured CPU regression fails instead of silently broadening the budget
  ---
  duration_ms: 15.600625
  ...
# Subtest: lifecycle binds exact main PID, save path and completed cleanup
ok 19 - lifecycle binds exact main PID, save path and completed cleanup
  ---
  duration_ms: 1.975375
  ...
# Subtest: serial observations cannot launch another app during prior cleanup
ok 20 - serial observations cannot launch another app during prior cleanup
  ---
  duration_ms: 0.117958
  ...
# Subtest: latest failure, stale source, changed log or artifact rejects earlier success
ok 21 - latest failure, stale source, changed log or artifact rejects earlier success
  ---
  duration_ms: 4.907625
  ...
# Subtest: configuration rejects unknown dependencies, duplicate IDs and cycles
ok 22 - configuration rejects unknown dependencies, duplicate IDs and cycles
  ---
  duration_ms: 0.459333
  ...
# Subtest: invalidation preserves attempts and reopens only affected descendants
ok 23 - invalidation preserves attempts and reopens only affected descendants
  ---
  duration_ms: 4.354375
  ...
# Subtest: ownership prevents parent/child overlaps and required artifact omissions
ok 24 - ownership prevents parent/child overlaps and required artifact omissions
  ---
  duration_ms: 0.103917
  ...
# Subtest: changed AC contracts replace stale journal commands and invalidate dependents without erasing receipts
ok 25 - changed AC contracts replace stale journal commands and invalidate dependents without erasing receipts
  ---
  duration_ms: 0.4715
  ...
# Subtest: live ownership extensions retain work, reject traversal and reject another live owner
ok 26 - live ownership extensions retain work, reject traversal and reject another live owner
  ---
  duration_ms: 0.302667
  ...
# Subtest: source and protocol changes invalidate receipts while generated reports do not
ok 27 - source and protocol changes invalidate receipts while generated reports do not
  ---
  duration_ms: 9.072709
  ...
# Subtest: HUD fixture starts with a surviving boss hit and reaches normal + ready + level-up + fever in one burst
ok 28 - HUD fixture starts with a surviving boss hit and reaches normal + ready + level-up + fever in one burst
  ---
  duration_ms: 12.5965
  ...
# Subtest: menu live-save fixture progresses gold without removing its paginated bag or growth material
ok 29 - menu live-save fixture progresses gold without removing its paginated bag or growth material
  ---
  duration_ms: 15.641084
  ...
# Subtest: full-bag native fixture supports explicit accessory swap, acquisitions, hero reconciliation and a weaker restart
ok 30 - full-bag native fixture supports explicit accessory swap, acquisitions, hero reconciliation and a weaker restart
  ---
  duration_ms: 2.48025
  ...
# Subtest: local latency starts at a trusted click and finishes after two rendered frames
ok 31 - local latency starts at a trusted click and finishes after two rendered frames
  ---
  duration_ms: 0.895958
  ...
# Subtest: applied latency waits for its matching production ACK and painted success
ok 32 - applied latency waits for its matching production ACK and painted success
  ---
  duration_ms: 0.422208
  ...
# Subtest: untrusted clicks and rejected or absent production acknowledgments never count as samples
ok 33 - untrusted clicks and rejected or absent production acknowledgments never count as samples
  ---
  duration_ms: 0.8845
  ...
# Subtest: native raster checks reject the startup-aged invisible boss float and verify actual rise
ok 34 - native raster checks reject the startup-aged invisible boss float and verify actual rise
  ---
  duration_ms: 4.518542
  ...
# Subtest: native raster checks require complete glyph ink, outline and actual flash phase
ok 35 - native raster checks require complete glyph ink, outline and actual flash phase
  ---
  duration_ms: 1.1405
  ...
# Subtest: duplicate-click evidence rejects sequential clicks, extra ACKs and repeated mutations
ok 36 - duplicate-click evidence rejects sequential clicks, extra ACKs and repeated mutations
  ---
  duration_ms: 0.270834
  ...
1..36
# tests 36
# suites 0
# pass 36
# fail 0
# cancelled 0
# skipped 0
# todo 0
# duration_ms 840.951542
