
> desmon@0.11.0 test
> vitest run


 RUN  v3.2.7 /Users/jeongyounglee/work/repo/desktop-monster

 ✓ tests/performanceV8.test.ts (6 tests) 457ms
   ✓ v0.8 performance evidence validation > binds reports, raw samples, screenshots, app bytes and observer source before accepting a matrix  324ms
 ✓ tests/progressionV7.test.ts (45 tests) 619ms
 ✓ tests/heroRendering.test.ts (5 tests) 599ms
 ✓ tests/heroForms.test.ts (8 tests) 1037ms
   ✓ v0.5 reincarnated hero art > supplies 70 complete registered 14×14 forms with animated idle and attack poses  861ms
 ✓ tests/onlineV91.test.ts (10 tests) 490ms
 ✓ tests/loot.test.ts (11 tests) 446ms
 ✓ tests/heroJobStudies.test.ts (3 tests) 219ms
 ✓ tests/sprites.test.ts (34 tests) 256ms
 ✓ tests/engine.test.ts (45 tests) 1750ms
   ✓ attack engine (SPEC F06/F07/F08, Assumption 8) > a boss kill rolls capture after loot and emits bossCaptured with a c-prefixed id at 35 percent  1292ms
 ✓ tests/collection.test.ts (21 tests) 220ms
 ✓ tests/measurementV8.test.ts (6 tests) 1771ms
   ✓ v0.8 collection policy measurement > preserves the original v7 first-card trajectory exactly  1410ms
 ✓ tests/expedition.test.ts (16 tests) 1586ms
   ✓ A3 — a full roster releases the boss instead of voiding it (H1/H2) > never swallows a capture draw: every full-roster boss draw emits an event  1368ms
 ✓ tests/hud-v09.test.ts (3 tests) 731ms
   ✓ v0.9 HUD readability > fits compact outlined counters below the drag strip with transparent space between rows  359ms
   ✓ v0.9 HUD readability > keeps monster-centered normal/critical damage clear of counters throughout its rise  309ms
 ✓ tests/net.test.ts (45 tests) 197ms
 ✓ tests/onlineV9.test.ts (8 tests) 337ms
 ✓ tests/hudV11.test.ts (8 tests) 2173ms
   ✓ v0.11 head labels and field damage > stacks every combination above every idle hero without overlaps or cropped outlines  805ms
   ✓ v0.11 head labels and field damage > keeps the head anchor fixed through every hero attack pose in the complete scene  462ms
   ✓ v0.11 head labels and field damage > anchors every monster and crown above its HP bar and keeps long rising hits inside the field  782ms
 ✓ tests/replayV91.test.ts (14 tests) 209ms
 ✓ tests/pvpDirectoryV7.test.ts (20 tests) 103ms
 ✓ tests/server/opponents.test.ts (10 tests) 72ms
 ✓ tests/equipmentV11.test.ts (8 tests) 60ms
 ✓ tests/menu.test.ts (67 tests) 383ms
 ✓ tests/renderer.test.ts (104 tests) 336ms
 ✓ tests/hero.test.ts (17 tests) 169ms
 ✓ tests/heroArtCompatibility.test.ts (2 tests) 120ms
 ✓ tests/progressionV5.test.ts (12 tests) 265ms
 ✓ tests/shareUiV9.test.ts (6 tests) 15ms
 ✓ tests/share.test.ts (5 tests) 57ms
 ✓ tests/formulas.test.ts (21 tests) 196ms
 ✓ tests/progressV5.test.ts (12 tests) 184ms
 ✓ tests/recoveryV9.test.ts (21 tests) 52ms
 ✓ tests/equipmentRendering.test.ts (6 tests) 122ms
 ✓ tests/effects-v09.test.ts (6 tests) 386ms
 ✓ tests/v10Critic.test.ts (7 tests) 88ms
 ✓ tests/pvpAbuseV91.test.ts (8 tests) 167ms
 ✓ tests/codexV7.test.ts (10 tests) 219ms
 ✓ tests/onlineV10.test.ts (7 tests) 41ms
 ✓ tests/server/companionLevelsV7.test.ts (9 tests) 53ms
 ✓ tests/companionLevelsV7.test.ts (33 tests) 32ms
 ✓ tests/v10Review.test.ts (7 tests) 30ms
 ✓ tests/shareV9.test.ts (9 tests) 74ms
 ✓ tests/server/app.test.ts (18 tests) 177ms
 ✓ tests/save.test.ts (15 tests) 186ms
 ✓ tests/equipmentSprites.test.ts (15 tests) 4290ms
   ✓ v0.10 equipment production art > registers 224 structurally distinct icons, not palette swaps  561ms
   ✓ v0.10 equipment production art > renders every compatible hero/weapon pairing with visible grips, integer pixels and grounded feet  1613ms
   ✓ v0.10 equipment production art > preserves every visible weapon and contour pixel in fever/KO composites in both directions  703ms
   ✓ v0.10 equipment production art > keeps the complete bobbing head visible with every compatible epic weapon  671ms
 ✓ tests/recoveryCaptureV9.test.ts (5 tests) 51ms
 ✓ tests/server/v09.test.ts (9 tests) 113ms
 ✓ tests/server/pvp.test.ts (14 tests) 89ms
 ✓ tests/equipmentV10.test.ts (10 tests) 122ms
 ✓ tests/discoveryV5.test.ts (8 tests) 34ms
 ✓ tests/heroEvolutionStudies.test.ts (2 tests) 37ms
 ✓ tests/progressV7.test.ts (5 tests) 16ms
 ✓ tests/onlineV8.test.ts (3 tests) 38ms
 ✓ tests/progressV6.test.ts (15 tests) 54ms
 ✓ tests/progressionV11.test.ts (5 tests) 146ms
 ✓ tests/goldV91.test.ts (15 tests) 16ms
 ✓ tests/globalInput.test.ts (20 tests) 16ms
 ✓ tests/recoveryV10.test.ts (4 tests) 30ms
 ✓ tests/audio.test.ts (15 tests) 57ms
 ✓ tests/trainingPreview.test.ts (4 tests) 72ms
 ✓ tests/menuV9.test.ts (14 tests) 154ms
 ✓ tests/equipmentMenuV10.test.ts (5 tests) 25ms
 ✓ tests/runtimeV8.test.ts (9 tests) 17ms
 ✓ tests/settings.test.ts (4 tests) 13ms
 ✓ tests/identity.test.ts (8 tests) 31ms
 ✓ tests/effects.test.ts (7 tests) 11ms
 ✓ tests/ipc.test.ts (62 tests) 17ms
 ✓ tests/tray.test.ts (38 tests) 15ms
 ✓ tests/anim.test.ts (14 tests) 13ms
 ✓ tests/server/backendReviewV10.test.ts (5 tests) 16ms
 ✓ tests/fever.test.ts (4 tests) 29ms
 ✓ tests/persistence.test.ts (10 tests) 12ms
 ✓ tests/ipcV5.test.ts (7 tests) 29ms
 ✓ tests/server/http.test.ts (9 tests) 8ms
 ✓ tests/window.test.ts (29 tests) 7ms
 ✓ tests/packaging.test.ts (16 tests) 16ms
 ✓ tests/battle.test.ts (5 tests) 5ms
 ✓ tests/heroMenuReadiness.test.ts (4 tests) 5ms
 ✓ tests/server/pgStore.test.ts (22 tests) 5ms
 ✓ tests/platformV9.test.ts (3 tests) 6ms
 ✓ tests/thefts.test.ts (5 tests) 6ms
 ✓ tests/server/pgTransaction.test.ts (10 tests) 16ms
 ✓ tests/defenseV91.test.ts (1 test) 3ms
 ✓ tests/typeChart.test.ts (4 tests) 11ms
 ✓ tests/rendererInput.test.ts (8 tests) 4ms
 ✓ tests/fsm.test.ts (12 tests) 6ms
 ✓ tests/deploy.test.ts (7 tests) 4ms
 ✓ tests/input.test.ts (9 tests) 4ms
 ✓ tests/drag.test.ts (7 tests) 2ms
 ✓ tests/scaffold.test.ts (1 test) 1ms
 ✓ tests/bignum.test.ts (7 tests) 3ms
 ✓ tests/balance.test.ts (3 tests) 7446ms
   ✓ v0.7 deterministic accounting and gold policy regression > checks 20 exploration seeds across active, warm-idle and intermittent play at 5/15/30 minutes  7407ms
 ✓ tests/equippedHeroCache.test.ts (4 tests) 20033ms
   ✓ bounded equipment rendering caches > preserves the revised final pixels of 57,960 equipped hero views  18916ms
   ✓ bounded equipment rendering caches > preserves the revised final pixels of 3,840 fever/KO composites  1102ms

 Test Files  91 passed (91)
      Tests  1230 passed (1230)
   Start at  14:43:39
   Duration  20.68s (transform 3.05s, setup 0ms, collect 14.92s, tests 49.83s, environment 11ms, prepare 7.49s)


> desmon@0.11.0 lint
> eslint . --max-warnings 0


> desmon@0.11.0 typecheck
> tsc -p tsconfig.main.json --noEmit && tsc -p tsconfig.renderer.json --noEmit && tsc -p tsconfig.test.json

[33mThe CJS build of Vite's Node API is deprecated. See https://vite.dev/guide/troubleshooting.html#vite-cjs-node-api-deprecated for more details.[39m
