
> desmon@0.11.0 test
> vitest run


 RUN  v3.2.7 /Users/jeongyounglee/work/repo/desktop-monster

 ✓ tests/progressionV7.test.ts (45 tests) 555ms
 ✓ tests/onlineV91.test.ts (10 tests) 524ms
 ✓ tests/heroForms.test.ts (8 tests) 938ms
   ✓ v0.5 reincarnated hero art > supplies 70 complete registered 14×14 forms with animated idle and attack poses  777ms
 ✓ tests/heroRendering.test.ts (5 tests) 610ms
 ✓ tests/performanceV8.test.ts (6 tests) 455ms
 ✓ tests/onlineV9.test.ts (8 tests) 142ms
 ✓ tests/loot.test.ts (11 tests) 378ms
 ✓ tests/engine.test.ts (45 tests) 1468ms
   ✓ attack engine (SPEC F06/F07/F08, Assumption 8) > a boss kill rolls capture after loot and emits bossCaptured with a c-prefixed id at 35 percent  1156ms
 ✓ tests/progressionV5.test.ts (12 tests) 117ms
 ✓ tests/measurementV8.test.ts (6 tests) 1554ms
   ✓ v0.8 collection policy measurement > preserves the original v7 first-card trajectory exactly  1217ms
 ✓ tests/expedition.test.ts (16 tests) 1405ms
   ✓ A3 — a full roster releases the boss instead of voiding it (H1/H2) > never swallows a capture draw: every full-roster boss draw emits an event  1121ms
 ✓ tests/collection.test.ts (21 tests) 202ms
 ✓ tests/codexV7.test.ts (10 tests) 109ms
 ✓ tests/sprites.test.ts (34 tests) 198ms
 ✓ tests/hud-v09.test.ts (3 tests) 628ms
   ✓ v0.9 HUD readability > keeps monster-centered normal/critical damage clear of counters throughout its rise  331ms
 ✓ tests/heroJobStudies.test.ts (3 tests) 149ms
 ✓ tests/save.test.ts (15 tests) 18ms
 ✓ tests/net.test.ts (45 tests) 174ms
 ✓ tests/formulas.test.ts (21 tests) 74ms
 ✓ tests/hudV11.test.ts (8 tests) 1923ms
   ✓ v0.11 head labels and field damage > stacks every combination above every idle hero without overlaps or cropped outlines  774ms
   ✓ v0.11 head labels and field damage > anchors every monster and crown above its HP bar and keeps long rising hits inside the field  703ms
 ✓ tests/replayV91.test.ts (14 tests) 133ms
 ✓ tests/server/app.test.ts (18 tests) 33ms
 ✓ tests/progressV5.test.ts (12 tests) 128ms
 ✓ tests/hero.test.ts (17 tests) 117ms
 ✓ tests/pvpAbuseV91.test.ts (8 tests) 49ms
 ✓ tests/progressionV11.test.ts (5 tests) 32ms
 ✓ tests/equipmentV10.test.ts (10 tests) 44ms
 ✓ tests/server/v09.test.ts (9 tests) 33ms
 ✓ tests/heroArtCompatibility.test.ts (2 tests) 82ms
 ✓ tests/equipmentRendering.test.ts (6 tests) 56ms
 ✓ tests/server/pvp.test.ts (14 tests) 46ms
 ✓ tests/renderer.test.ts (104 tests) 263ms
 ✓ tests/pvpDirectoryV7.test.ts (20 tests) 138ms
 ✓ tests/v10Critic.test.ts (7 tests) 123ms
 ✓ tests/shareV9.test.ts (9 tests) 85ms
 ✓ tests/menu.test.ts (67 tests) 363ms
 ✓ tests/trainingPreview.test.ts (4 tests) 32ms
 ✓ tests/effects-v09.test.ts (6 tests) 144ms
 ✓ tests/equipmentV11.test.ts (8 tests) 23ms
 ✓ tests/server/opponents.test.ts (10 tests) 80ms
 ✓ tests/equipmentSprites.test.ts (15 tests) 3500ms
   ✓ v0.10 equipment production art > registers 224 structurally distinct icons, not palette swaps  362ms
   ✓ v0.10 equipment production art > renders every compatible hero/weapon pairing with visible grips, integer pixels and grounded feet  1472ms
   ✓ v0.10 equipment production art > preserves every visible weapon and contour pixel in fever/KO composites in both directions  338ms
   ✓ v0.10 equipment production art > keeps the complete bobbing head visible with every compatible epic weapon  651ms
 ✓ tests/progressV6.test.ts (15 tests) 29ms
 ✓ tests/recoveryV9.test.ts (21 tests) 30ms
 ✓ tests/share.test.ts (5 tests) 109ms
 ✓ tests/server/companionLevelsV7.test.ts (9 tests) 57ms
 ✓ tests/audio.test.ts (15 tests) 24ms
 ✓ tests/recoveryCaptureV9.test.ts (5 tests) 29ms
 ✓ tests/onlineV8.test.ts (3 tests) 15ms
 ✓ tests/onlineV10.test.ts (7 tests) 34ms
 ✓ tests/discoveryV5.test.ts (8 tests) 24ms
 ✓ tests/heroEvolutionStudies.test.ts (2 tests) 33ms
 ✓ tests/identity.test.ts (8 tests) 10ms
 ✓ tests/companionLevelsV7.test.ts (33 tests) 21ms
 ✓ tests/fever.test.ts (4 tests) 13ms
 ✓ tests/recoveryV10.test.ts (4 tests) 21ms
 ✓ tests/v10Review.test.ts (7 tests) 26ms
 ✓ tests/goldV91.test.ts (15 tests) 15ms
 ✓ tests/ipcV5.test.ts (7 tests) 12ms
 ✓ tests/server/pgTransaction.test.ts (10 tests) 7ms
 ✓ tests/progressV7.test.ts (5 tests) 14ms
 ✓ tests/globalInput.test.ts (20 tests) 11ms
 ✓ tests/runtimeV8.test.ts (9 tests) 26ms
 ✓ tests/server/backendReviewV10.test.ts (5 tests) 10ms
 ✓ tests/menuV9.test.ts (14 tests) 50ms
 ✓ tests/tray.test.ts (38 tests) 16ms
 ✓ tests/persistence.test.ts (10 tests) 9ms
 ✓ tests/settings.test.ts (4 tests) 11ms
 ✓ tests/ipc.test.ts (62 tests) 19ms
 ✓ tests/equipmentMenuV10.test.ts (5 tests) 24ms
 ✓ tests/shareUiV9.test.ts (6 tests) 27ms
 ✓ tests/typeChart.test.ts (4 tests) 5ms
 ✓ tests/server/http.test.ts (9 tests) 7ms
 ✓ tests/effects.test.ts (7 tests) 6ms
 ✓ tests/anim.test.ts (14 tests) 9ms
 ✓ tests/window.test.ts (29 tests) 4ms
 ✓ tests/packaging.test.ts (16 tests) 7ms
 ✓ tests/platformV9.test.ts (3 tests) 4ms
 ✓ tests/fsm.test.ts (12 tests) 6ms
 ✓ tests/thefts.test.ts (5 tests) 7ms
 ✓ tests/server/pgStore.test.ts (22 tests) 11ms
 ✓ tests/battle.test.ts (5 tests) 8ms
 ✓ tests/defenseV91.test.ts (1 test) 3ms
 ✓ tests/rendererInput.test.ts (8 tests) 4ms
 ✓ tests/deploy.test.ts (7 tests) 4ms
 ✓ tests/input.test.ts (9 tests) 6ms
 ✓ tests/bignum.test.ts (7 tests) 5ms
 ✓ tests/heroMenuReadiness.test.ts (4 tests) 4ms
 ✓ tests/drag.test.ts (7 tests) 5ms
 ✓ tests/scaffold.test.ts (1 test) 1ms
 ✓ tests/balance.test.ts (3 tests) 6297ms
   ✓ v0.7 deterministic accounting and gold policy regression > checks 20 exploration seeds across active, warm-idle and intermittent play at 5/15/30 minutes  6261ms
 ✓ tests/equippedHeroCache.test.ts (4 tests) 18220ms
   ✓ bounded equipment rendering caches > preserves the revised final pixels of 57,960 equipped hero views  17110ms
   ✓ bounded equipment rendering caches > preserves the revised final pixels of 3,840 fever/KO composites  1098ms

 Test Files  91 passed (91)
      Tests  1230 passed (1230)
   Start at  14:58:49
   Duration  18.87s (transform 3.11s, setup 0ms, collect 12.66s, tests 42.48s, environment 11ms, prepare 6.09s)


> desmon@0.11.0 lint
> eslint . --max-warnings 0


> desmon@0.11.0 typecheck
> tsc -p tsconfig.main.json --noEmit && tsc -p tsconfig.renderer.json --noEmit && tsc -p tsconfig.test.json

[33mThe CJS build of Vite's Node API is deprecated. See https://vite.dev/guide/troubleshooting.html#vite-cjs-node-api-deprecated for more details.[39m
