TAP version 13
# Subtest: censored ordinary and stress trajectories must finish their registered exposure
ok 1 - censored ordinary and stress trajectories must finish their registered exposure
  ---
  duration_ms: 1.701875
  ...
# Subtest: ten-cycle continuations may stop at18h only when first three cycles failed
ok 2 - ten-cycle continuations may stop at18h only when first three cycles failed
  ---
  duration_ms: 0.624791
  ...
# Subtest: package identity includes contents and symlink destinations without following cycles
ok 3 - package identity includes contents and symlink destinations without following cycles
  ---
  duration_ms: 2.766459
  ...
# Subtest: same version with a different payload or native file fails installer equivalence
ok 4 - same version with a different payload or native file fails installer equivalence
  ---
  duration_ms: 3.619542
  ...
# Subtest: latest failed gate or altered AC rejects prior success; final task has no circular receipt
ok 5 - latest failed gate or altered AC rejects prior success; final task has no circular receipt
  ---
  duration_ms: 7.425333
  ...
# Subtest: independent scope reviews require actual authors, reviewed source and external limitations
ok 6 - independent scope reviews require actual authors, reviewed source and external limitations
  ---
  duration_ms: 15.359042
  ...
# Subtest: latency budgets require all families, paired finite samples and enough observations
ok 7 - latency budgets require all families, paired finite samples and enough observations
  ---
  duration_ms: 19.26425
  ...
# Subtest: latency summaries cannot detach from trusted raw events or duplicate one click
ok 8 - latency summaries cannot detach from trusted raw events or duplicate one click
  ---
  duration_ms: 16.236125
  ...
# Subtest: IPC/apply stages require source-bound events rather than ACK substitution
ok 9 - IPC/apply stages require source-bound events rather than ACK substitution
  ---
  duration_ms: 20.617083
  ...
# Subtest: raw clock calibration brackets actions and exposes unresolved intervals without excusing inversions
ok 10 - raw clock calibration brackets actions and exposes unresolved intervals without excusing inversions
  ---
  duration_ms: 13.974916
  ...
# Subtest: pinned timestamp quantization explains sub-quantum gaps but never excuses larger clock drift
ok 11 - pinned timestamp quantization explains sub-quantum gaps but never excuses larger clock drift
  ---
  duration_ms: 11.2475
  ...
# Subtest: grouped pipeline samples cannot hide duplicate stages or detach from the complete trace
ok 12 - grouped pipeline samples cannot hide duplicate stages or detach from the complete trace
  ---
  duration_ms: 15.606042
  ...
# Subtest: latest release command must pass for current source with its intact log
ok 13 - latest release command must pass for current source with its intact log
  ---
  duration_ms: 1.033666
  ...
# Subtest: native reports bind all scenarios, current app, screenshots, isolation and latency
ok 14 - native reports bind all scenarios, current app, screenshots, isolation and latency
  ---
  duration_ms: 30.230833
  ...
# Subtest: the pinned vendor subset and unmodified upstream hashes verify
ok 15 - the pinned vendor subset and unmodified upstream hashes verify
  ---
  duration_ms: 0.667417
  ...
# Subtest: four fixed full-duration slots use the same unchanged observer and unchanged budgets
ok 16 - four fixed full-duration slots use the same unchanged observer and unchanged budgets
  ---
  duration_ms: 1.380667
  ...
# Subtest: complete native rows pass; short duration, gaps, forged summary and wrong versions fail
ok 17 - complete native rows pass; short duration, gaps, forged summary and wrong versions fail
  ---
  duration_ms: 10.977958
  ...
# Subtest: initial fixture persistence grace cannot hide changed, late or rolled-back saves
ok 18 - initial fixture persistence grace cannot hide changed, late or rolled-back saves
  ---
  duration_ms: 7.142791
  ...
# Subtest: input schedule and raw process totals are independently checked
ok 19 - input schedule and raw process totals are independently checked
  ---
  duration_ms: 11.803208
  ...
# Subtest: only explicit legacy current-monster migration defaults are normalized
ok 20 - only explicit legacy current-monster migration defaults are normalized
  ---
  duration_ms: 0.154792
  ...
# Subtest: paired comparisons require serial unique fixtures, matched machines and frozen apps
ok 21 - paired comparisons require serial unique fixtures, matched machines and frozen apps
  ---
  duration_ms: 61.023042
  ...
# Subtest: a measured CPU regression fails instead of silently broadening the budget
ok 22 - a measured CPU regression fails instead of silently broadening the budget
  ---
  duration_ms: 16.571209
  ...
# Subtest: lifecycle binds exact main PID, save path and completed cleanup
ok 23 - lifecycle binds exact main PID, save path and completed cleanup
  ---
  duration_ms: 2.010291
  ...
# Subtest: serial observations cannot launch another app during prior cleanup
ok 24 - serial observations cannot launch another app during prior cleanup
  ---
  duration_ms: 0.172708
  ...
# Subtest: latest failure, stale source, changed log or artifact rejects earlier success
ok 25 - latest failure, stale source, changed log or artifact rejects earlier success
  ---
  duration_ms: 3.079625
  ...
# Subtest: configuration rejects unknown dependencies, duplicate IDs and cycles
ok 26 - configuration rejects unknown dependencies, duplicate IDs and cycles
  ---
  duration_ms: 0.202125
  ...
# Subtest: invalidation preserves attempts and reopens only affected descendants
ok 27 - invalidation preserves attempts and reopens only affected descendants
  ---
  duration_ms: 1.09475
  ...
# Subtest: ownership prevents parent/child overlaps and required artifact omissions
ok 28 - ownership prevents parent/child overlaps and required artifact omissions
  ---
  duration_ms: 0.134334
  ...
# Subtest: changed AC contracts replace stale journal commands and invalidate dependents without erasing receipts
ok 29 - changed AC contracts replace stale journal commands and invalidate dependents without erasing receipts
  ---
  duration_ms: 0.351916
  ...
# Subtest: live ownership extensions retain work, reject traversal and reject another live owner
ok 30 - live ownership extensions retain work, reject traversal and reject another live owner
  ---
  duration_ms: 0.277291
  ...
# Subtest: source and protocol changes invalidate receipts while generated reports do not
ok 31 - source and protocol changes invalidate receipts while generated reports do not
  ---
  duration_ms: 6.353
  ...
# Subtest: HUD fixture starts with a surviving boss hit and reaches normal + ready + level-up + fever in one burst
ok 32 - HUD fixture starts with a surviving boss hit and reaches normal + ready + level-up + fever in one burst
  ---
  duration_ms: 13.092292
  ...
# Subtest: menu live-save fixture progresses gold without removing its paginated bag or growth material
ok 33 - menu live-save fixture progresses gold without removing its paginated bag or growth material
  ---
  duration_ms: 16.141166
  ...
# Subtest: full-bag native fixture supports explicit accessory swap, acquisitions, hero reconciliation and a weaker restart
ok 34 - full-bag native fixture supports explicit accessory swap, acquisitions, hero reconciliation and a weaker restart
  ---
  duration_ms: 2.780542
  ...
# Subtest: local latency starts at a trusted click and finishes after two rendered frames
ok 35 - local latency starts at a trusted click and finishes after two rendered frames
  ---
  duration_ms: 0.982834
  ...
# Subtest: applied latency waits for its matching production ACK and painted success
ok 36 - applied latency waits for its matching production ACK and painted success
  ---
  duration_ms: 0.457875
  ...
# Subtest: native growth completion consumes a material, persists its level gain and remains separate from latency families
ok 37 - native growth completion consumes a material, persists its level gain and remains separate from latency families
  ---
  duration_ms: 2.217333
  ...
# Subtest: untrusted clicks and rejected or absent production acknowledgments never count as samples
ok 38 - untrusted clicks and rejected or absent production acknowledgments never count as samples
  ---
  duration_ms: 0.988666
  ...
# Subtest: native raster checks reject the startup-aged invisible boss float and verify actual rise
ok 39 - native raster checks reject the startup-aged invisible boss float and verify actual rise
  ---
  duration_ms: 4.295166
  ...
# Subtest: native damage validation follows actual age through a startup dt jump without changing the rise curve
ok 40 - native damage validation follows actual age through a startup dt jump without changing the rise curve
  ---
  duration_ms: 3.666667
  ...
# Subtest: native raster checks require complete glyph ink, outline and actual flash phase
ok 41 - native raster checks require complete glyph ink, outline and actual flash phase
  ---
  duration_ms: 1.101625
  ...
# Subtest: serialized HUD geometry matches actual font drawing, including spaces with no glyph frame
ok 42 - serialized HUD geometry matches actual font drawing, including spaces with no glyph frame
  ---
  duration_ms: 1.188917
  ...
# Subtest: HUD provenance distinguishes native repeats, mouse input and production input IPC without intercepting them
ok 43 - HUD provenance distinguishes native repeats, mouse input and production input IPC without intercepting them
  ---
  duration_ms: 0.908583
  ...
# Subtest: duplicate-click evidence rejects sequential clicks, extra ACKs and repeated mutations
ok 44 - duplicate-click evidence rejects sequential clicks, extra ACKs and repeated mutations
  ---
  duration_ms: 0.207125
  ...
# Subtest: pipeline recorder snapshots action identity and reports overflow without replacing earlier rows
ok 45 - pipeline recorder snapshots action identity and reports overflow without replacing earlier rows
  ---
  duration_ms: 0.101042
  ...
# Subtest: clock calibration intersects resolution-bounded probes and rejects missing phases or drift beyond precision
ok 46 - clock calibration intersects resolution-bounded probes and rejects missing phases or drift beyond precision
  ---
  duration_ms: 0.65775
  ...
# Subtest: dense timer observations retain repeated-read provenance and bounded distinct readings
ok 47 - dense timer observations retain repeated-read provenance and bounded distinct readings
  ---
  duration_ms: 8.328958
  ...
# Subtest: pilot02 quantization gap is represented explicitly while larger drift remains a failure
ok 48 - pilot02 quantization gap is represented explicitly while larger drift remains a failure
  ---
  duration_ms: 0.226
  ...
# Subtest: public conditional tracepoints bind real source lines, preserve raw rows and clean up without pausing
ok 49 - public conditional tracepoints bind real source lines, preserve raw rows and clean up without pausing
  ---
  duration_ms: 7.142667
  ...
1..49
# tests 49
# suites 0
# pass 49
# fail 0
# cancelled 0
# skipped 0
# todo 0
# duration_ms 786.725
