
> desmon@0.11.0 test
> vitest run


 RUN  v3.2.7 /Users/jeongyounglee/work/repo/desktop-monster

 ✓ tests/progressionV7.test.ts (45 tests) 752ms
 ✓ tests/onlineV91.test.ts (10 tests) 730ms
 ✓ tests/heroRendering.test.ts (5 tests) 757ms
 ✓ tests/heroForms.test.ts (8 tests) 1278ms
   ✓ v0.5 reincarnated hero art > supplies 70 complete registered 14×14 forms with animated idle and attack poses  1093ms
 ✓ tests/performanceV8.test.ts (6 tests) 578ms
   ✓ v0.8 performance evidence validation > binds reports, raw samples, screenshots, app bytes and observer source before accepting a matrix  327ms
 ✓ tests/loot.test.ts (11 tests) 397ms
 ✓ tests/engine.test.ts (45 tests) 1703ms
   ✓ attack engine (SPEC F06/F07/F08, Assumption 8) > a boss kill rolls capture after loot and emits bossCaptured with a c-prefixed id at 35 percent  1375ms
 ✓ tests/collection.test.ts (21 tests) 193ms
 ✓ tests/measurementV8.test.ts (6 tests) 1737ms
   ✓ v0.8 collection policy measurement > preserves the original v7 first-card trajectory exactly  1543ms
 ✓ tests/expedition.test.ts (16 tests) 1550ms
   ✓ A3 — a full roster releases the boss instead of voiding it (H1/H2) > never swallows a capture draw: every full-roster boss draw emits an event  1311ms
 ✓ tests/net.test.ts (45 tests) 134ms
 ✓ tests/heroJobStudies.test.ts (3 tests) 159ms
 ✓ tests/sprites.test.ts (34 tests) 266ms
 ✓ tests/onlineV9.test.ts (8 tests) 138ms
 ✓ tests/hud-v09.test.ts (3 tests) 647ms
   ✓ v0.9 HUD readability > keeps monster-centered normal/critical damage clear of counters throughout its rise  348ms
 ✓ tests/menu.test.ts (67 tests) 323ms
 ✓ tests/pvpDirectoryV7.test.ts (20 tests) 131ms
 ✓ tests/v10Critic.test.ts (7 tests) 83ms
 ✓ tests/progressV5.test.ts (12 tests) 137ms
 ✓ tests/progressionV5.test.ts (12 tests) 142ms
 ✓ tests/replayV91.test.ts (14 tests) 222ms
 ✓ tests/hero.test.ts (17 tests) 75ms
 ✓ tests/renderer.test.ts (104 tests) 288ms
 ✓ tests/hudV11.test.ts (8 tests) 2345ms
   ✓ v0.11 head labels and field damage > stacks every combination above every idle hero without overlaps or cropped outlines  927ms
   ✓ v0.11 head labels and field damage > keeps the head anchor fixed through every hero attack pose in the complete scene  341ms
   ✓ v0.11 head labels and field damage > anchors every monster and crown above its HP bar and keeps long rising hits inside the field  968ms
 ✓ tests/shareV9.test.ts (9 tests) 58ms
 ✓ tests/share.test.ts (5 tests) 49ms
 ✓ tests/codexV7.test.ts (10 tests) 119ms
 ✓ tests/heroArtCompatibility.test.ts (2 tests) 79ms
 ✓ tests/server/opponents.test.ts (10 tests) 59ms
 ✓ tests/formulas.test.ts (21 tests) 70ms
 ✓ tests/server/companionLevelsV7.test.ts (9 tests) 65ms
 ✓ tests/menuV9.test.ts (14 tests) 72ms
 ✓ tests/effects-v09.test.ts (6 tests) 209ms
 ✓ tests/server/pvp.test.ts (14 tests) 41ms
 ✓ tests/pvpAbuseV91.test.ts (8 tests) 78ms
 ✓ tests/equipmentRendering.test.ts (6 tests) 47ms
 ✓ tests/equipmentV10.test.ts (10 tests) 52ms
 ✓ tests/onlineV10.test.ts (7 tests) 40ms
 ✓ tests/heroEvolutionStudies.test.ts (2 tests) 33ms
 ✓ tests/progressionV11.test.ts (5 tests) 30ms
 ✓ tests/server/v09.test.ts (9 tests) 64ms
 ✓ tests/server/app.test.ts (18 tests) 45ms
 ✓ tests/recoveryV9.test.ts (21 tests) 26ms
 ✓ tests/trainingPreview.test.ts (4 tests) 26ms
 ✓ tests/recoveryCaptureV9.test.ts (5 tests) 60ms
 ✓ tests/progressV6.test.ts (15 tests) 31ms
 ✓ tests/discoveryV5.test.ts (8 tests) 28ms
 ✓ tests/shareUiV9.test.ts (6 tests) 19ms
 ✓ tests/equipmentV11.test.ts (8 tests) 37ms
 ✓ tests/v10Review.test.ts (7 tests) 25ms
 ✓ tests/companionLevelsV7.test.ts (33 tests) 25ms
 ✓ tests/save.test.ts (15 tests) 35ms
 ✓ tests/recoveryV10.test.ts (4 tests) 26ms
 ✓ tests/audio.test.ts (15 tests) 15ms
 ✓ tests/equipmentSprites.test.ts (15 tests) 4136ms
   ✓ v0.10 equipment production art > registers 224 structurally distinct icons, not palette swaps  734ms
   ✓ v0.10 equipment production art > proves all eight representative motions and every h00 weapon at all five poses in both directions  320ms
   ✓ v0.10 equipment production art > renders every compatible hero/weapon pairing with visible grips, integer pixels and grounded feet  1674ms
   ✓ v0.10 equipment production art > preserves every visible weapon and contour pixel in fever/KO composites in both directions  325ms
   ✓ v0.10 equipment production art > keeps the complete bobbing head visible with every compatible epic weapon  694ms
 ✓ tests/runtimeV8.test.ts (9 tests) 22ms
 ✓ tests/onlineV8.test.ts (3 tests) 36ms
 ✓ tests/goldV91.test.ts (15 tests) 61ms
 ✓ tests/progressV7.test.ts (5 tests) 52ms
 ✓ tests/ipc.test.ts (62 tests) 36ms
 ✓ tests/equipmentMenuV10.test.ts (5 tests) 22ms
 ✓ tests/tray.test.ts (38 tests) 22ms
 ✓ tests/server/pgStore.test.ts (22 tests) 5ms
 ✓ tests/fever.test.ts (4 tests) 16ms
 ✓ tests/ipcV5.test.ts (7 tests) 38ms
 ✓ tests/settings.test.ts (4 tests) 10ms
 ✓ tests/persistence.test.ts (10 tests) 11ms
 ✓ tests/globalInput.test.ts (20 tests) 12ms
 ✓ tests/identity.test.ts (8 tests) 14ms
 ✓ tests/server/backendReviewV10.test.ts (5 tests) 9ms
 ✓ tests/server/http.test.ts (9 tests) 5ms
 ✓ tests/thefts.test.ts (5 tests) 5ms
 ✓ tests/server/pgTransaction.test.ts (10 tests) 6ms
 ✓ tests/packaging.test.ts (16 tests) 7ms
 ✓ tests/battle.test.ts (5 tests) 4ms
 ✓ tests/input.test.ts (9 tests) 5ms
 ✓ tests/anim.test.ts (14 tests) 21ms
 ✓ tests/fsm.test.ts (12 tests) 6ms
 ✓ tests/drag.test.ts (7 tests) 3ms
 ✓ tests/window.test.ts (29 tests) 6ms
 ✓ tests/bignum.test.ts (7 tests) 3ms
 ✓ tests/effects.test.ts (7 tests) 15ms
 ✓ tests/typeChart.test.ts (4 tests) 6ms
 ✓ tests/deploy.test.ts (7 tests) 5ms
 ✓ tests/platformV9.test.ts (3 tests) 5ms
 ✓ tests/heroMenuReadiness.test.ts (4 tests) 6ms
 ✓ tests/rendererInput.test.ts (8 tests) 5ms
 ✓ tests/defenseV91.test.ts (1 test) 3ms
 ✓ tests/scaffold.test.ts (1 test) 2ms
 ✓ tests/balance.test.ts (3 tests) 7270ms
   ✓ v0.7 deterministic accounting and gold policy regression > checks 20 exploration seeds across active, warm-idle and intermittent play at 5/15/30 minutes  7232ms
 ✓ tests/equippedHeroCache.test.ts (4 tests) 18707ms
   ✓ bounded equipment rendering caches > preserves the revised final pixels of 57,960 equipped hero views  17623ms
   ✓ bounded equipment rendering caches > preserves the revised final pixels of 3,840 fever/KO composites  1072ms

 Test Files  91 passed (91)
      Tests  1230 passed (1230)
   Start at  15:23:28
   Duration  19.31s (transform 3.01s, setup 0ms, collect 12.96s, tests 46.92s, environment 11ms, prepare 5.64s)


> desmon@0.11.0 lint
> eslint . --max-warnings 0


> desmon@0.11.0 typecheck
> tsc -p tsconfig.main.json --noEmit && tsc -p tsconfig.renderer.json --noEmit && tsc -p tsconfig.test.json

[33mThe CJS build of Vite's Node API is deprecated. See https://vite.dev/guide/troubleshooting.html#vite-cjs-node-api-deprecated for more details.[39m
