
> desmon@0.6.0 build
> tsc -p tsconfig.main.json && tsc -p tsconfig.renderer.json

PLAYTEST active 0/900s
PLAYTEST active 30/900s
PLAYTEST active 60/900s
PLAYTEST active 90/900s
PLAYTEST active 120/900s
PLAYTEST active 150/900s
PLAYTEST active 180/900s
PLAYTEST active 210/900s
PLAYTEST active 240/900s
PLAYTEST active 270/900s
PLAYTEST active 300/900s
PLAYTEST active 330/900s
PLAYTEST active 360/900s
PLAYTEST active 390/900s
PLAYTEST active 420/900s
PLAYTEST active 450/900s
PLAYTEST active 480/900s
PLAYTEST active 510/900s
PLAYTEST active 540/900s
PLAYTEST active 570/900s
PLAYTEST active 600/900s
PLAYTEST active 630/900s
PLAYTEST active 660/900s
PLAYTEST active 690/900s
PLAYTEST active 720/900s
PLAYTEST active 750/900s
PLAYTEST active 780/900s
PLAYTEST active 810/900s
PLAYTEST active 840/900s
PLAYTEST active 870/900s
E2E_PASSED /Users/jeongyounglee/work/repo/desktop-monster/.agentdoc/v06-20260910T063253Z/evidence/final-matrix-03/15-active-1789025906216.json (38 checks)
[57506:0910/165358.157473:ERROR:base/process/process_mac.cc:98] task_policy_set TASK_SUPPRESSION_POLICY: (os/kern) invalid argument (4)
