
> desmon@0.6.0 build
> tsc -p tsconfig.main.json && tsc -p tsconfig.renderer.json

PLAYTEST active 0/1800s
PLAYTEST active 30/1800s
PLAYTEST active 60/1800s
PLAYTEST active 90/1800s
PLAYTEST active 120/1800s
PLAYTEST active 150/1800s
PLAYTEST active 180/1800s
PLAYTEST active 210/1800s
PLAYTEST active 240/1800s
PLAYTEST active 270/1800s
PLAYTEST active 300/1800s
PLAYTEST active 330/1800s
PLAYTEST active 360/1800s
PLAYTEST active 390/1800s
PLAYTEST active 420/1800s
PLAYTEST active 450/1800s
PLAYTEST active 480/1800s
PLAYTEST active 510/1800s
PLAYTEST active 540/1800s
PLAYTEST active 570/1800s
PLAYTEST active 600/1800s
PLAYTEST active 630/1800s
PLAYTEST active 660/1800s
PLAYTEST active 690/1800s
PLAYTEST active 720/1800s
PLAYTEST active 750/1800s
PLAYTEST active 780/1800s
PLAYTEST active 810/1800s
PLAYTEST active 840/1800s
PLAYTEST active 870/1800s
PLAYTEST active 900/1800s
PLAYTEST active 930/1800s
PLAYTEST active 960/1800s
PLAYTEST active 990/1800s
PLAYTEST active 1020/1800s
PLAYTEST active 1050/1800s
PLAYTEST active 1080/1800s
PLAYTEST active 1110/1800s
PLAYTEST active 1140/1800s
PLAYTEST active 1170/1800s
PLAYTEST active 1200/1800s
PLAYTEST active 1230/1800s
PLAYTEST active 1260/1800s
PLAYTEST active 1290/1800s
PLAYTEST active 1320/1800s
PLAYTEST active 1350/1800s
PLAYTEST active 1380/1800s
PLAYTEST active 1410/1800s
PLAYTEST active 1440/1800s
PLAYTEST active 1470/1800s
PLAYTEST active 1500/1800s
PLAYTEST active 1530/1800s
PLAYTEST active 1560/1800s
PLAYTEST active 1590/1800s
PLAYTEST active 1620/1800s
PLAYTEST active 1650/1800s
PLAYTEST active 1680/1800s
PLAYTEST active 1710/1800s
PLAYTEST active 1740/1800s
PLAYTEST active 1770/1800s
E2E_PASSED /Users/jeongyounglee/work/repo/desktop-monster/.agentdoc/v06-20260910T063253Z/evidence/final-matrix-03/30-active-1789028702441.json (38 checks)
[11948:0910/175534.664853:ERROR:base/process/process_mac.cc:98] task_policy_set TASK_SUPPRESSION_POLICY: (os/kern) invalid argument (4)
